<html>
<body>
<pre>
<h1>µVision Build Log</h1>
<h2>Tool Versions:</h2>
IDE-Version: ¦ÌVision V5.24.2.0
Copyright (C) 2017 ARM Ltd and ARM Germany GmbH. All rights reserved.
License Information: C C, C, LIC=JDAMM-XDEZ6-BVL1G-VPCER-XDRAS-8JKYV
 
Tool Versions:
Toolchain:       MDK-ARM Professional  Version: 5.24.1
Toolchain Path:  D:\Keil_v5\ARM\ARMCC\Bin
C Compiler:      Armcc.exe V5.06 update 5 (build 528)
Assembler:       Armasm.exe V5.06 update 5 (build 528)
Linker/Locator:  ArmLink.exe V5.06 update 5 (build 528)
Library Manager: ArmAr.exe V5.06 update 5 (build 528)
Hex Converter:   FromElf.exe V5.06 update 5 (build 528)
CPU DLL:         SARMCM3.DLL V5.24.1
Dialog DLL:      DCM.DLL V1.16.0.0
Target DLL:      STLink\ST-LINKIII-KEIL_SWO.dll V3.0.1.0
Dialog DLL:      TCM.DLL V1.32.0.0
 
<h2>Project:</h2>
E:\git\LiteOS_Connect_to_3rd_Cloud\liteos_to_onenet\Huawei_LiteOS\targets\STM32F429IGTX_FIRE\MDK-ARM\Huawei_LiteOS.uvprojx
Project File Date:  05/13/2018

<h2>Output:</h2>
*** Using Compiler 'V5.06 update 5 (build 528)', folder: 'D:\Keil_v5\ARM\ARMCC\Bin'
Rebuild target 'HuaweiLiteOS'
assembling los_startup_keil.s...
compiling stm32f4xx_it.c...
compiling system_stm32f4xx.c...
compiling main.c...
compiling dwt.c...
compiling bsp_key.c...
compiling bsp_led.c...
compiling misc.c...
compiling bsp_debug_usart.c...
compiling stm32f4xx_adc.c...
compiling stm32f4xx_cec.c...
compiling stm32f4xx_crc.c...
compiling stm32f4xx_can.c...
compiling stm32f4xx_cryp_des.c...
compiling stm32f4xx_cryp.c...
compiling stm32f4xx_cryp_aes.c...
compiling stm32f4xx_cryp_tdes.c...
compiling stm32f4xx_dac.c...
compiling stm32f4xx_dbgmcu.c...
compiling stm32f4xx_dcmi.c...
compiling stm32f4xx_dma.c...
compiling stm32f4xx_dma2d.c...
compiling stm32f4xx_flash_ramfunc.c...
compiling stm32f4xx_exti.c...
compiling stm32f4xx_flash.c...
compiling stm32f4xx_fmpi2c.c...
compiling stm32f4xx_gpio.c...
compiling stm32f4xx_fmc.c...
compiling stm32f4xx_hash_md5.c...
compiling stm32f4xx_hash.c...
compiling stm32f4xx_hash_sha1.c...
compiling stm32f4xx_iwdg.c...
compiling stm32f4xx_i2c.c...
compiling stm32f4xx_ltdc.c...
compiling stm32f4xx_qspi.c...
compiling stm32f4xx_pwr.c...
compiling stm32f4xx_rcc.c...
compiling stm32f4xx_rng.c...
compiling stm32f4xx_sai.c...
compiling stm32f4xx_rtc.c...
compiling stm32f4xx_spdifrx.c...
compiling stm32f4xx_sdio.c...
compiling stm32f4xx_spi.c...
compiling stm32f4xx_syscfg.c...
compiling stm32f4xx_usart.c...
compiling stm32f4xx_tim.c...
compiling stm32f4xx_wwdg.c...
compiling los_priqueue.c...
compiling cmsis_liteos.c...
compiling los_sys.c...
compiling los_swtmr.c...
compiling los_task.c...
compiling los_timeslice.c...
compiling los_tick.c...
compiling los_event.c...
compiling los_mux.c...
compiling los_queue.c...
compiling los_sem.c...
compiling los_heap.c...
compiling los_membox.c...
compiling los_memcheck.c...
compiling los_memory.c...
compiling los_slab.c...
compiling los_slabmem.c...
compiling los_err.c...
compiling los_init.c...
compiling los_misc.c...
compiling los_hwi.c...
compiling los_hw.c...
compiling los_hw_tick.c...
assembling los_dispatch_keil.s...
compiling data_collect.c...
..\..\..\lwip\App\data_collect.c(22): warning:  #167-D: argument of type "u8 *" is incompatible with parameter of type "char *restrict"
  	strcpy(CollectDataBuf,"POST /devices/30962671/datapoints HTTP/1.1\r\n");
..\..\..\lwip\App\data_collect.c(23): warning:  #167-D: argument of type "u8 *" is incompatible with parameter of type "char *restrict"
  	strcat(CollectDataBuf,"api-key:MxVZE67SCEn0U0MhwvwkBcGbHBQ=\r\n");
..\..\..\lwip\App\data_collect.c(24): warning:  #167-D: argument of type "u8 *" is incompatible with parameter of type "char *restrict"
  	strcat(CollectDataBuf,"Host:api.heclouds.com\r\n");
..\..\..\lwip\App\data_collect.c(26): warning:  #167-D: argument of type "u8 *" is incompatible with parameter of type "char *restrict"
  	strcpy(temp1,"{\"datastreams\":[{\"id\":\"temperature\",\"datapoints\":[{\"value\":");
..\..\..\lwip\App\data_collect.c(27): warning:  #167-D: argument of type "u8 *" is incompatible with parameter of type "char *restrict"
  	sprintf(temp,"%d.%d",(unsigned int)Temperature,(unsigned int)(Temperature-(unsigned int)Temperature)*1000);
..\..\..\lwip\App\data_collect.c(29): warning:  #167-D: argument of type "u8 *" is incompatible with parameter of type "char *restrict"
  	strcat(temp1,temp);
..\..\..\lwip\App\data_collect.c(29): warning:  #167-D: argument of type "u8 *" is incompatible with parameter of type "const char *restrict"
  	strcat(temp1,temp);
..\..\..\lwip\App\data_collect.c(30): warning:  #167-D: argument of type "u8 *" is incompatible with parameter of type "char *restrict"
  	strcat(temp1,"}]}]}");
..\..\..\lwip\App\data_collect.c(32): warning:  #167-D: argument of type "u8 *" is incompatible with parameter of type "const char *"
  	sprintf(temp,"%d",strlen(temp1));
..\..\..\lwip\App\data_collect.c(32): warning:  #167-D: argument of type "u8 *" is incompatible with parameter of type "char *restrict"
  	sprintf(temp,"%d",strlen(temp1));
..\..\..\lwip\App\data_collect.c(33): warning:  #167-D: argument of type "u8 *" is incompatible with parameter of type "char *restrict"
  	strcat(CollectDataBuf,"Content-Length:");
..\..\..\lwip\App\data_collect.c(34): warning:  #167-D: argument of type "u8 *" is incompatible with parameter of type "char *restrict"
  	strcat(CollectDataBuf,temp);
..\..\..\lwip\App\data_collect.c(34): warning:  #167-D: argument of type "u8 *" is incompatible with parameter of type "const char *restrict"
  	strcat(CollectDataBuf,temp);
..\..\..\lwip\App\data_collect.c(35): warning:  #167-D: argument of type "u8 *" is incompatible with parameter of type "char *restrict"
  	strcat(CollectDataBuf,"\r\n\r\n");
..\..\..\lwip\App\data_collect.c(37): warning:  #167-D: argument of type "u8 *" is incompatible with parameter of type "char *restrict"
  	strcat(CollectDataBuf,temp1);
..\..\..\lwip\App\data_collect.c(37): warning:  #167-D: argument of type "u8 *" is incompatible with parameter of type "const char *restrict"
  	strcat(CollectDataBuf,temp1);
..\..\..\lwip\App\data_collect.c(38): warning:  #167-D: argument of type "u8 *" is incompatible with parameter of type "const char *"
  	CollectDataLen=strlen(CollectDataBuf);
..\..\..\lwip\App\data_collect.c(53): warning:  #167-D: argument of type "u8 *" is incompatible with parameter of type "char *restrict"
  	strcpy(CollectDataBuf,"POST /devices/30962671/datapoints HTTP/1.1\r\n");
..\..\..\lwip\App\data_collect.c(54): warning:  #167-D: argument of type "u8 *" is incompatible with parameter of type "char *restrict"
  	strcat(CollectDataBuf,"api-key:MxVZE67SCEn0U0MhwvwkBcGbHBQ=\r\n");
..\..\..\lwip\App\data_collect.c(55): warning:  #167-D: argument of type "u8 *" is incompatible with parameter of type "char *restrict"
  	strcat(CollectDataBuf,"Host:api.heclouds.com\r\n");
..\..\..\lwip\App\data_collect.c(57): warning:  #167-D: argument of type "u8 *" is incompatible with parameter of type "char *restrict"
  	strcpy(temp1,"{\"datastreams\":[{\"id\":\"light\",\"datapoints\":[{\"value\":");
..\..\..\lwip\App\data_collect.c(59): warning:  #167-D: argument of type "u8 *" is incompatible with parameter of type "char *restrict"
  	sprintf(temp,"%d",Ligthness);
..\..\..\lwip\App\data_collect.c(60): warning:  #167-D: argument of type "u8 *" is incompatible with parameter of type "char *restrict"
  	strcat(temp1,temp);
..\..\..\lwip\App\data_collect.c(60): warning:  #167-D: argument of type "u8 *" is incompatible with parameter of type "const char *restrict"
  	strcat(temp1,temp);
..\..\..\lwip\App\data_collect.c(61): warning:  #167-D: argument of type "u8 *" is incompatible with parameter of type "char *restrict"
  	strcat(temp1,"}]}]}");
..\..\..\lwip\App\data_collect.c(63): warning:  #167-D: argument of type "u8 *" is incompatible with parameter of type "const char *"
  	sprintf(temp,"%d",strlen(temp1));
..\..\..\lwip\App\data_collect.c(63): warning:  #167-D: argument of type "u8 *" is incompatible with parameter of type "char *restrict"
  	sprintf(temp,"%d",strlen(temp1));
..\..\..\lwip\App\data_collect.c(64): warning:  #167-D: argument of type "u8 *" is incompatible with parameter of type "char *restrict"
  	strcat(CollectDataBuf,"Content-Length:");
..\..\..\lwip\App\data_collect.c(65): warning:  #167-D: argument of type "u8 *" is incompatible with parameter of type "char *restrict"
  	strcat(CollectDataBuf,temp);
..\..\..\lwip\App\data_collect.c(65): warning:  #167-D: argument of type "u8 *" is incompatible with parameter of type "const char *restrict"
  	strcat(CollectDataBuf,temp);
..\..\..\lwip\App\data_collect.c(66): warning:  #167-D: argument of type "u8 *" is incompatible with parameter of type "char *restrict"
  	strcat(CollectDataBuf,"\r\n\r\n");
..\..\..\lwip\App\data_collect.c(68): warning:  #167-D: argument of type "u8 *" is incompatible with parameter of type "char *restrict"
  	strcat(CollectDataBuf,temp1);
..\..\..\lwip\App\data_collect.c(68): warning:  #167-D: argument of type "u8 *" is incompatible with parameter of type "const char *restrict"
  	strcat(CollectDataBuf,temp1);
..\..\..\lwip\App\data_collect.c(69): warning:  #167-D: argument of type "u8 *" is incompatible with parameter of type "const char *"
  	CollectDataLen=strlen(CollectDataBuf);
..\..\..\lwip\App\data_collect.c: 34 warnings, 0 errors
compiling netconf.c...
compiling tcp_echoclient.c...
..\..\..\lwip\App\tcp_echoclient.c(378): warning:  #177-D: function "tcp_echoclient_poll"  was declared but never referenced
  static err_t tcp_echoclient_poll(void *arg, struct tcp_pcb *tpcb)
..\..\..\lwip\App\tcp_echoclient.c: 1 warning, 0 errors
compiling bsp_adc.c...
compiling stm32f429_eth.c...
compiling stm32f429_phy.c...
compiling api_lib.c...
compiling api_msg.c...
compiling bsp_key.c...
compiling err.c...
compiling netbuf.c...
compiling netdb.c...
compiling netifapi.c...
compiling sockets.c...
compiling tcpip.c...
compiling autoip.c...
compiling bsp_SysTick.c...
compiling igmp.c...
compiling icmp.c...
compiling inet.c...
compiling inet_chksum.c...
compiling ip.c...
compiling ip_addr.c...
compiling ip_frag.c...
compiling def.c...
compiling dns.c...
compiling dhcp.c...
compiling init.c...
compiling mem.c...
compiling memp.c...
compiling netif.c...
compiling pbuf.c...
compiling stats.c...
compiling raw.c...
compiling sys.c...
compiling tcp.c...
compiling tcp_in.c...
compiling tcp_out.c...
..\..\..\lwip\lwip-1.4.1\src\core\tcp_out.c(845): warning:  #550-D: variable "tcphdr"  was set but never used
    struct tcp_hdr *tcphdr;
..\..\..\lwip\lwip-1.4.1\src\core\tcp_out.c(1367): warning:  #550-D: variable "tcphdr"  was set but never used
    struct tcp_hdr *tcphdr;
..\..\..\lwip\lwip-1.4.1\src\core\tcp_out.c: 2 warnings, 0 errors
compiling timers.c...
compiling udp.c...
compiling etharp.c...
compiling ethernetif.c...
linking...
Program Size: Code=42538 RO-data=326 RW-data=1488 ZI-data=183548  
".\Objects\Huawei_LiteOS.axf" - 0 Error(s), 37 Warning(s).

<h2>Software Packages used:</h2>

Package Vendor: ARM
                http://www.keil.com/pack/ARM.CMSIS.5.2.0.pack
                ARM.CMSIS.5.2.0
                CMSIS (Cortex Microcontroller Software Interface Standard)
   * Component: CORE Version: 5.0.2

Package Vendor: Keil
                http://www.keil.com/pack/Keil.STM32F4xx_DFP.2.13.0.pack
                Keil.STM32F4xx_DFP.2.13.0
                STMicroelectronics STM32F4 Series Device Support, Drivers and Examples

<h2>Collection of Component include folders:</h2>
  .\RTE\_HuaweiLiteOS
  D:\Keil_v5\ARM\PACK\ARM\CMSIS\5.2.0\CMSIS\Include
  D:\Keil_v5\ARM\PACK\Keil\STM32F4xx_DFP\2.13.0\Drivers\CMSIS\Device\ST\STM32F4xx\Include

<h2>Collection of Component Files used:</h2>

   * Component: ARM::CMSIS:CORE:5.0.2
Build Time Elapsed:  00:01:02
</pre>
</body>
</html>
