###############################################################################
#
# IAR ELF Linker V7.10.3.6832/W32 for ARM                 24/May/2018  14:02:32
# Copyright 2007-2014 IAR Systems AB.
#
#    Output file  =  
#        D:\Change_20180523_2_3THRD\liteos_alicloud_\targets\STM32F429IGTX_FIRE\user_IAR\Debug\Exe\LiteOS_EWARM_IOT.out
#    Map file     =  
#        D:\Change_20180523_2_3THRD\liteos_alicloud_\targets\STM32F429IGTX_FIRE\user_IAR\Debug\List\LiteOS_EWARM_IOT.map
#    Command line =  
#        D:\Change_20180523_2_3THRD\liteos_alicloud_\targets\STM32F429IGTX_FIRE\user_IAR\Debug\Obj\api_lib.o
#        D:\Change_20180523_2_3THRD\liteos_alicloud_\targets\STM32F429IGTX_FIRE\user_IAR\Debug\Obj\api_msg.o
#        D:\Change_20180523_2_3THRD\liteos_alicloud_\targets\STM32F429IGTX_FIRE\user_IAR\Debug\Obj\asn1_dec.o
#        D:\Change_20180523_2_3THRD\liteos_alicloud_\targets\STM32F429IGTX_FIRE\user_IAR\Debug\Obj\asn1_enc.o
#        D:\Change_20180523_2_3THRD\liteos_alicloud_\targets\STM32F429IGTX_FIRE\user_IAR\Debug\Obj\autoip.o
#        D:\Change_20180523_2_3THRD\liteos_alicloud_\targets\STM32F429IGTX_FIRE\user_IAR\Debug\Obj\bsp_debug_usart.o
#        D:\Change_20180523_2_3THRD\liteos_alicloud_\targets\STM32F429IGTX_FIRE\user_IAR\Debug\Obj\bsp_key.o
#        D:\Change_20180523_2_3THRD\liteos_alicloud_\targets\STM32F429IGTX_FIRE\user_IAR\Debug\Obj\bsp_led.o
#        D:\Change_20180523_2_3THRD\liteos_alicloud_\targets\STM32F429IGTX_FIRE\user_IAR\Debug\Obj\ca.o
#        D:\Change_20180523_2_3THRD\liteos_alicloud_\targets\STM32F429IGTX_FIRE\user_IAR\Debug\Obj\def.o
#        D:\Change_20180523_2_3THRD\liteos_alicloud_\targets\STM32F429IGTX_FIRE\user_IAR\Debug\Obj\device.o
#        D:\Change_20180523_2_3THRD\liteos_alicloud_\targets\STM32F429IGTX_FIRE\user_IAR\Debug\Obj\dhcp.o
#        D:\Change_20180523_2_3THRD\liteos_alicloud_\targets\STM32F429IGTX_FIRE\user_IAR\Debug\Obj\dns.o
#        D:\Change_20180523_2_3THRD\liteos_alicloud_\targets\STM32F429IGTX_FIRE\user_IAR\Debug\Obj\dwt.o
#        D:\Change_20180523_2_3THRD\liteos_alicloud_\targets\STM32F429IGTX_FIRE\user_IAR\Debug\Obj\err.o
#        D:\Change_20180523_2_3THRD\liteos_alicloud_\targets\STM32F429IGTX_FIRE\user_IAR\Debug\Obj\etharp.o
#        D:\Change_20180523_2_3THRD\liteos_alicloud_\targets\STM32F429IGTX_FIRE\user_IAR\Debug\Obj\ethernetif.o
#        D:\Change_20180523_2_3THRD\liteos_alicloud_\targets\STM32F429IGTX_FIRE\user_IAR\Debug\Obj\guider.o
#        D:\Change_20180523_2_3THRD\liteos_alicloud_\targets\STM32F429IGTX_FIRE\user_IAR\Debug\Obj\HAL_OS.o
#        D:\Change_20180523_2_3THRD\liteos_alicloud_\targets\STM32F429IGTX_FIRE\user_IAR\Debug\Obj\HAL_TCP.o
#        D:\Change_20180523_2_3THRD\liteos_alicloud_\targets\STM32F429IGTX_FIRE\user_IAR\Debug\Obj\icmp.o
#        D:\Change_20180523_2_3THRD\liteos_alicloud_\targets\STM32F429IGTX_FIRE\user_IAR\Debug\Obj\igmp.o
#        D:\Change_20180523_2_3THRD\liteos_alicloud_\targets\STM32F429IGTX_FIRE\user_IAR\Debug\Obj\inet.o
#        D:\Change_20180523_2_3THRD\liteos_alicloud_\targets\STM32F429IGTX_FIRE\user_IAR\Debug\Obj\inet_chksum.o
#        D:\Change_20180523_2_3THRD\liteos_alicloud_\targets\STM32F429IGTX_FIRE\user_IAR\Debug\Obj\init.o
#        D:\Change_20180523_2_3THRD\liteos_alicloud_\targets\STM32F429IGTX_FIRE\user_IAR\Debug\Obj\ip.o
#        D:\Change_20180523_2_3THRD\liteos_alicloud_\targets\STM32F429IGTX_FIRE\user_IAR\Debug\Obj\ip_addr.o
#        D:\Change_20180523_2_3THRD\liteos_alicloud_\targets\STM32F429IGTX_FIRE\user_IAR\Debug\Obj\ip_frag.o
#        D:\Change_20180523_2_3THRD\liteos_alicloud_\targets\STM32F429IGTX_FIRE\user_IAR\Debug\Obj\json_parser.o
#        D:\Change_20180523_2_3THRD\liteos_alicloud_\targets\STM32F429IGTX_FIRE\user_IAR\Debug\Obj\json_token.o
#        D:\Change_20180523_2_3THRD\liteos_alicloud_\targets\STM32F429IGTX_FIRE\user_IAR\Debug\Obj\LAN8742A.o
#        D:\Change_20180523_2_3THRD\liteos_alicloud_\targets\STM32F429IGTX_FIRE\user_IAR\Debug\Obj\los_dispatch_iar.o
#        D:\Change_20180523_2_3THRD\liteos_alicloud_\targets\STM32F429IGTX_FIRE\user_IAR\Debug\Obj\los_err.o
#        D:\Change_20180523_2_3THRD\liteos_alicloud_\targets\STM32F429IGTX_FIRE\user_IAR\Debug\Obj\los_event.o
#        D:\Change_20180523_2_3THRD\liteos_alicloud_\targets\STM32F429IGTX_FIRE\user_IAR\Debug\Obj\los_heap.o
#        D:\Change_20180523_2_3THRD\liteos_alicloud_\targets\STM32F429IGTX_FIRE\user_IAR\Debug\Obj\los_hw.o
#        D:\Change_20180523_2_3THRD\liteos_alicloud_\targets\STM32F429IGTX_FIRE\user_IAR\Debug\Obj\los_hw_tick.o
#        D:\Change_20180523_2_3THRD\liteos_alicloud_\targets\STM32F429IGTX_FIRE\user_IAR\Debug\Obj\los_hwi.o
#        D:\Change_20180523_2_3THRD\liteos_alicloud_\targets\STM32F429IGTX_FIRE\user_IAR\Debug\Obj\los_init.o
#        D:\Change_20180523_2_3THRD\liteos_alicloud_\targets\STM32F429IGTX_FIRE\user_IAR\Debug\Obj\los_membox.o
#        D:\Change_20180523_2_3THRD\liteos_alicloud_\targets\STM32F429IGTX_FIRE\user_IAR\Debug\Obj\los_memcheck.o
#        D:\Change_20180523_2_3THRD\liteos_alicloud_\targets\STM32F429IGTX_FIRE\user_IAR\Debug\Obj\los_memory.o
#        D:\Change_20180523_2_3THRD\liteos_alicloud_\targets\STM32F429IGTX_FIRE\user_IAR\Debug\Obj\los_misc.o
#        D:\Change_20180523_2_3THRD\liteos_alicloud_\targets\STM32F429IGTX_FIRE\user_IAR\Debug\Obj\los_mux.o
#        D:\Change_20180523_2_3THRD\liteos_alicloud_\targets\STM32F429IGTX_FIRE\user_IAR\Debug\Obj\los_priqueue.o
#        D:\Change_20180523_2_3THRD\liteos_alicloud_\targets\STM32F429IGTX_FIRE\user_IAR\Debug\Obj\los_queue.o
#        D:\Change_20180523_2_3THRD\liteos_alicloud_\targets\STM32F429IGTX_FIRE\user_IAR\Debug\Obj\los_sem.o
#        D:\Change_20180523_2_3THRD\liteos_alicloud_\targets\STM32F429IGTX_FIRE\user_IAR\Debug\Obj\los_slab.o
#        D:\Change_20180523_2_3THRD\liteos_alicloud_\targets\STM32F429IGTX_FIRE\user_IAR\Debug\Obj\los_slabmem.o
#        D:\Change_20180523_2_3THRD\liteos_alicloud_\targets\STM32F429IGTX_FIRE\user_IAR\Debug\Obj\los_startup_iar.o
#        D:\Change_20180523_2_3THRD\liteos_alicloud_\targets\STM32F429IGTX_FIRE\user_IAR\Debug\Obj\los_swtmr.o
#        D:\Change_20180523_2_3THRD\liteos_alicloud_\targets\STM32F429IGTX_FIRE\user_IAR\Debug\Obj\los_sys.o
#        D:\Change_20180523_2_3THRD\liteos_alicloud_\targets\STM32F429IGTX_FIRE\user_IAR\Debug\Obj\los_task.o
#        D:\Change_20180523_2_3THRD\liteos_alicloud_\targets\STM32F429IGTX_FIRE\user_IAR\Debug\Obj\los_tick.o
#        D:\Change_20180523_2_3THRD\liteos_alicloud_\targets\STM32F429IGTX_FIRE\user_IAR\Debug\Obj\los_timeslice.o
#        D:\Change_20180523_2_3THRD\liteos_alicloud_\targets\STM32F429IGTX_FIRE\user_IAR\Debug\Obj\main.o
#        D:\Change_20180523_2_3THRD\liteos_alicloud_\targets\STM32F429IGTX_FIRE\user_IAR\Debug\Obj\mem.o
#        D:\Change_20180523_2_3THRD\liteos_alicloud_\targets\STM32F429IGTX_FIRE\user_IAR\Debug\Obj\mem_stats.o
#        D:\Change_20180523_2_3THRD\liteos_alicloud_\targets\STM32F429IGTX_FIRE\user_IAR\Debug\Obj\memp.o
#        D:\Change_20180523_2_3THRD\liteos_alicloud_\targets\STM32F429IGTX_FIRE\user_IAR\Debug\Obj\mib2.o
#        D:\Change_20180523_2_3THRD\liteos_alicloud_\targets\STM32F429IGTX_FIRE\user_IAR\Debug\Obj\mib_structs.o
#        D:\Change_20180523_2_3THRD\liteos_alicloud_\targets\STM32F429IGTX_FIRE\user_IAR\Debug\Obj\misc.o
#        D:\Change_20180523_2_3THRD\liteos_alicloud_\targets\STM32F429IGTX_FIRE\user_IAR\Debug\Obj\modbus.o
#        D:\Change_20180523_2_3THRD\liteos_alicloud_\targets\STM32F429IGTX_FIRE\user_IAR\Debug\Obj\mqtt-example.o
#        D:\Change_20180523_2_3THRD\liteos_alicloud_\targets\STM32F429IGTX_FIRE\user_IAR\Debug\Obj\mqtt_client.o
#        D:\Change_20180523_2_3THRD\liteos_alicloud_\targets\STM32F429IGTX_FIRE\user_IAR\Debug\Obj\MQTTConnectClient.o
#        D:\Change_20180523_2_3THRD\liteos_alicloud_\targets\STM32F429IGTX_FIRE\user_IAR\Debug\Obj\MQTTDeserializePublish.o
#        D:\Change_20180523_2_3THRD\liteos_alicloud_\targets\STM32F429IGTX_FIRE\user_IAR\Debug\Obj\MQTTPacket.o
#        D:\Change_20180523_2_3THRD\liteos_alicloud_\targets\STM32F429IGTX_FIRE\user_IAR\Debug\Obj\MQTTSerializePublish.o
#        D:\Change_20180523_2_3THRD\liteos_alicloud_\targets\STM32F429IGTX_FIRE\user_IAR\Debug\Obj\MQTTSubscribeClient.o
#        D:\Change_20180523_2_3THRD\liteos_alicloud_\targets\STM32F429IGTX_FIRE\user_IAR\Debug\Obj\MQTTUnsubscribeClient.o
#        D:\Change_20180523_2_3THRD\liteos_alicloud_\targets\STM32F429IGTX_FIRE\user_IAR\Debug\Obj\msg_in.o
#        D:\Change_20180523_2_3THRD\liteos_alicloud_\targets\STM32F429IGTX_FIRE\user_IAR\Debug\Obj\msg_out.o
#        D:\Change_20180523_2_3THRD\liteos_alicloud_\targets\STM32F429IGTX_FIRE\user_IAR\Debug\Obj\netbuf.o
#        D:\Change_20180523_2_3THRD\liteos_alicloud_\targets\STM32F429IGTX_FIRE\user_IAR\Debug\Obj\netconf.o
#        D:\Change_20180523_2_3THRD\liteos_alicloud_\targets\STM32F429IGTX_FIRE\user_IAR\Debug\Obj\netdb.o
#        D:\Change_20180523_2_3THRD\liteos_alicloud_\targets\STM32F429IGTX_FIRE\user_IAR\Debug\Obj\netif.o
#        D:\Change_20180523_2_3THRD\liteos_alicloud_\targets\STM32F429IGTX_FIRE\user_IAR\Debug\Obj\netifapi.o
#        D:\Change_20180523_2_3THRD\liteos_alicloud_\targets\STM32F429IGTX_FIRE\user_IAR\Debug\Obj\pbuf.o
#        D:\Change_20180523_2_3THRD\liteos_alicloud_\targets\STM32F429IGTX_FIRE\user_IAR\Debug\Obj\raw.o
#        D:\Change_20180523_2_3THRD\liteos_alicloud_\targets\STM32F429IGTX_FIRE\user_IAR\Debug\Obj\sdk-impl.o
#        D:\Change_20180523_2_3THRD\liteos_alicloud_\targets\STM32F429IGTX_FIRE\user_IAR\Debug\Obj\security.o
#        D:\Change_20180523_2_3THRD\liteos_alicloud_\targets\STM32F429IGTX_FIRE\user_IAR\Debug\Obj\slipif.o
#        D:\Change_20180523_2_3THRD\liteos_alicloud_\targets\STM32F429IGTX_FIRE\user_IAR\Debug\Obj\sockets.o
#        D:\Change_20180523_2_3THRD\liteos_alicloud_\targets\STM32F429IGTX_FIRE\user_IAR\Debug\Obj\stats.o
#        D:\Change_20180523_2_3THRD\liteos_alicloud_\targets\STM32F429IGTX_FIRE\user_IAR\Debug\Obj\stm32f429_eth.o
#        D:\Change_20180523_2_3THRD\liteos_alicloud_\targets\STM32F429IGTX_FIRE\user_IAR\Debug\Obj\stm32f4xx_adc.o
#        D:\Change_20180523_2_3THRD\liteos_alicloud_\targets\STM32F429IGTX_FIRE\user_IAR\Debug\Obj\stm32f4xx_can.o
#        D:\Change_20180523_2_3THRD\liteos_alicloud_\targets\STM32F429IGTX_FIRE\user_IAR\Debug\Obj\stm32f4xx_cec.o
#        D:\Change_20180523_2_3THRD\liteos_alicloud_\targets\STM32F429IGTX_FIRE\user_IAR\Debug\Obj\stm32f4xx_crc.o
#        D:\Change_20180523_2_3THRD\liteos_alicloud_\targets\STM32F429IGTX_FIRE\user_IAR\Debug\Obj\stm32f4xx_cryp.o
#        D:\Change_20180523_2_3THRD\liteos_alicloud_\targets\STM32F429IGTX_FIRE\user_IAR\Debug\Obj\stm32f4xx_cryp_aes.o
#        D:\Change_20180523_2_3THRD\liteos_alicloud_\targets\STM32F429IGTX_FIRE\user_IAR\Debug\Obj\stm32f4xx_cryp_des.o
#        D:\Change_20180523_2_3THRD\liteos_alicloud_\targets\STM32F429IGTX_FIRE\user_IAR\Debug\Obj\stm32f4xx_cryp_tdes.o
#        D:\Change_20180523_2_3THRD\liteos_alicloud_\targets\STM32F429IGTX_FIRE\user_IAR\Debug\Obj\stm32f4xx_dac.o
#        D:\Change_20180523_2_3THRD\liteos_alicloud_\targets\STM32F429IGTX_FIRE\user_IAR\Debug\Obj\stm32f4xx_dbgmcu.o
#        D:\Change_20180523_2_3THRD\liteos_alicloud_\targets\STM32F429IGTX_FIRE\user_IAR\Debug\Obj\stm32f4xx_dcmi.o
#        D:\Change_20180523_2_3THRD\liteos_alicloud_\targets\STM32F429IGTX_FIRE\user_IAR\Debug\Obj\stm32f4xx_dma.o
#        D:\Change_20180523_2_3THRD\liteos_alicloud_\targets\STM32F429IGTX_FIRE\user_IAR\Debug\Obj\stm32f4xx_dma2d.o
#        D:\Change_20180523_2_3THRD\liteos_alicloud_\targets\STM32F429IGTX_FIRE\user_IAR\Debug\Obj\stm32f4xx_exti.o
#        D:\Change_20180523_2_3THRD\liteos_alicloud_\targets\STM32F429IGTX_FIRE\user_IAR\Debug\Obj\stm32f4xx_fmc.o
#        D:\Change_20180523_2_3THRD\liteos_alicloud_\targets\STM32F429IGTX_FIRE\user_IAR\Debug\Obj\stm32f4xx_fmpi2c.o
#        D:\Change_20180523_2_3THRD\liteos_alicloud_\targets\STM32F429IGTX_FIRE\user_IAR\Debug\Obj\stm32f4xx_gpio.o
#        D:\Change_20180523_2_3THRD\liteos_alicloud_\targets\STM32F429IGTX_FIRE\user_IAR\Debug\Obj\stm32f4xx_hash.o
#        D:\Change_20180523_2_3THRD\liteos_alicloud_\targets\STM32F429IGTX_FIRE\user_IAR\Debug\Obj\stm32f4xx_hash_md5.o
#        D:\Change_20180523_2_3THRD\liteos_alicloud_\targets\STM32F429IGTX_FIRE\user_IAR\Debug\Obj\stm32f4xx_hash_sha1.o
#        D:\Change_20180523_2_3THRD\liteos_alicloud_\targets\STM32F429IGTX_FIRE\user_IAR\Debug\Obj\stm32f4xx_i2c.o
#        D:\Change_20180523_2_3THRD\liteos_alicloud_\targets\STM32F429IGTX_FIRE\user_IAR\Debug\Obj\stm32f4xx_it.o
#        D:\Change_20180523_2_3THRD\liteos_alicloud_\targets\STM32F429IGTX_FIRE\user_IAR\Debug\Obj\stm32f4xx_iwdg.o
#        D:\Change_20180523_2_3THRD\liteos_alicloud_\targets\STM32F429IGTX_FIRE\user_IAR\Debug\Obj\stm32f4xx_ltdc.o
#        D:\Change_20180523_2_3THRD\liteos_alicloud_\targets\STM32F429IGTX_FIRE\user_IAR\Debug\Obj\stm32f4xx_pwr.o
#        D:\Change_20180523_2_3THRD\liteos_alicloud_\targets\STM32F429IGTX_FIRE\user_IAR\Debug\Obj\stm32f4xx_qspi.o
#        D:\Change_20180523_2_3THRD\liteos_alicloud_\targets\STM32F429IGTX_FIRE\user_IAR\Debug\Obj\stm32f4xx_rcc.o
#        D:\Change_20180523_2_3THRD\liteos_alicloud_\targets\STM32F429IGTX_FIRE\user_IAR\Debug\Obj\stm32f4xx_rng.o
#        D:\Change_20180523_2_3THRD\liteos_alicloud_\targets\STM32F429IGTX_FIRE\user_IAR\Debug\Obj\stm32f4xx_rtc.o
#        D:\Change_20180523_2_3THRD\liteos_alicloud_\targets\STM32F429IGTX_FIRE\user_IAR\Debug\Obj\stm32f4xx_sai.o
#        D:\Change_20180523_2_3THRD\liteos_alicloud_\targets\STM32F429IGTX_FIRE\user_IAR\Debug\Obj\stm32f4xx_sdio.o
#        D:\Change_20180523_2_3THRD\liteos_alicloud_\targets\STM32F429IGTX_FIRE\user_IAR\Debug\Obj\stm32f4xx_spdifrx.o
#        D:\Change_20180523_2_3THRD\liteos_alicloud_\targets\STM32F429IGTX_FIRE\user_IAR\Debug\Obj\stm32f4xx_spi.o
#        D:\Change_20180523_2_3THRD\liteos_alicloud_\targets\STM32F429IGTX_FIRE\user_IAR\Debug\Obj\stm32f4xx_syscfg.o
#        D:\Change_20180523_2_3THRD\liteos_alicloud_\targets\STM32F429IGTX_FIRE\user_IAR\Debug\Obj\stm32f4xx_tim.o
#        D:\Change_20180523_2_3THRD\liteos_alicloud_\targets\STM32F429IGTX_FIRE\user_IAR\Debug\Obj\stm32f4xx_usart.o
#        D:\Change_20180523_2_3THRD\liteos_alicloud_\targets\STM32F429IGTX_FIRE\user_IAR\Debug\Obj\stm32f4xx_wwdg.o
#        D:\Change_20180523_2_3THRD\liteos_alicloud_\targets\STM32F429IGTX_FIRE\user_IAR\Debug\Obj\string_utils.o
#        D:\Change_20180523_2_3THRD\liteos_alicloud_\targets\STM32F429IGTX_FIRE\user_IAR\Debug\Obj\sys.o
#        D:\Change_20180523_2_3THRD\liteos_alicloud_\targets\STM32F429IGTX_FIRE\user_IAR\Debug\Obj\sys_arch.o
#        D:\Change_20180523_2_3THRD\liteos_alicloud_\targets\STM32F429IGTX_FIRE\user_IAR\Debug\Obj\system_stm32f4xx.o
#        D:\Change_20180523_2_3THRD\liteos_alicloud_\targets\STM32F429IGTX_FIRE\user_IAR\Debug\Obj\tcp.o
#        D:\Change_20180523_2_3THRD\liteos_alicloud_\targets\STM32F429IGTX_FIRE\user_IAR\Debug\Obj\tcp_in.o
#        D:\Change_20180523_2_3THRD\liteos_alicloud_\targets\STM32F429IGTX_FIRE\user_IAR\Debug\Obj\tcp_out.o
#        D:\Change_20180523_2_3THRD\liteos_alicloud_\targets\STM32F429IGTX_FIRE\user_IAR\Debug\Obj\tcpip.o
#        D:\Change_20180523_2_3THRD\liteos_alicloud_\targets\STM32F429IGTX_FIRE\user_IAR\Debug\Obj\timers.o
#        D:\Change_20180523_2_3THRD\liteos_alicloud_\targets\STM32F429IGTX_FIRE\user_IAR\Debug\Obj\udp.o
#        D:\Change_20180523_2_3THRD\liteos_alicloud_\targets\STM32F429IGTX_FIRE\user_IAR\Debug\Obj\utils_base64.o
#        D:\Change_20180523_2_3THRD\liteos_alicloud_\targets\STM32F429IGTX_FIRE\user_IAR\Debug\Obj\utils_epoch_time.o
#        D:\Change_20180523_2_3THRD\liteos_alicloud_\targets\STM32F429IGTX_FIRE\user_IAR\Debug\Obj\utils_hmac.o
#        D:\Change_20180523_2_3THRD\liteos_alicloud_\targets\STM32F429IGTX_FIRE\user_IAR\Debug\Obj\utils_httpc.o
#        D:\Change_20180523_2_3THRD\liteos_alicloud_\targets\STM32F429IGTX_FIRE\user_IAR\Debug\Obj\utils_list.o
#        D:\Change_20180523_2_3THRD\liteos_alicloud_\targets\STM32F429IGTX_FIRE\user_IAR\Debug\Obj\utils_md5.o
#        D:\Change_20180523_2_3THRD\liteos_alicloud_\targets\STM32F429IGTX_FIRE\user_IAR\Debug\Obj\utils_net.o
#        D:\Change_20180523_2_3THRD\liteos_alicloud_\targets\STM32F429IGTX_FIRE\user_IAR\Debug\Obj\utils_sha1.o
#        D:\Change_20180523_2_3THRD\liteos_alicloud_\targets\STM32F429IGTX_FIRE\user_IAR\Debug\Obj\utils_timer.o
#        -o
#        D:\Change_20180523_2_3THRD\liteos_alicloud_\targets\STM32F429IGTX_FIRE\user_IAR\Debug\Exe\LiteOS_EWARM_IOT.out
#        --map
#        D:\Change_20180523_2_3THRD\liteos_alicloud_\targets\STM32F429IGTX_FIRE\user_IAR\Debug\List\LiteOS_EWARM_IOT.map
#        --config
#        D:\Change_20180523_2_3THRD\liteos_alicloud_\targets\STM32F429IGTX_FIRE\user_IAR\..\m4\STM32F429I-LiteOS.icf
#        --semihosting --entry __iar_program_start --vfe
#
###############################################################################

*******************************************************************************
*** RUNTIME MODEL ATTRIBUTES
***

CppFlavor                     = *
__Heap_Handler                = DLMalloc
__SystemLibrary               = DLib
__dlib_dynamic_initialization = normal


*******************************************************************************
*** PLACEMENT SUMMARY
***

"A1":  place at 0x08000000 { ro section .intvec };
"P2":  place in [from 0x08000000 to 0x081fffff] { ro };
"P3":  place in [from 0x20000400 to 0x2002ffff] { rw, block CSTACK, block HEAP };

  Section             Kind        Address     Size  Object
  -------             ----        -------     ----  ------
"A1":                                         0x58
  .intvec             ro code  0x08000000     0x58  los_startup_iar.o [1]
                             - 0x08000058     0x58

"P2":                                      0x1a0ae
  .text               ro code  0x08000058   0x24a0  mqtt_client.o [1]
  .text               ro code  0x080024f8     0x24  printf.o [3]
  .text               ro code  0x0800251c     0x36  strlen.o [5]
  .text               ro code  0x08002552     0x14  memset.o [3]
  .text               ro code  0x08002566     0x22  zero_init3.o [5]
  .text               ro code  0x08002588     0x6c  strncpy_unaligned.o [5]
  .text               ro code  0x080025f4     0x4c  strtok.o [3]
  .text               ro code  0x08002640     0xb4  utils_timer.o [1]
  .text               ro code  0x080026f4     0xbe  HAL_OS.o [1]
  .text               ro code  0x080027b2     0x1a  xsnprout.o [3]
  .text               ro code  0x080027cc    0x318  MQTTConnectClient.o [1]
  .text               ro code  0x08002ae4    0x16c  MQTTSerializePublish.o [1]
  .text               ro code  0x08002c50    0x200  utils_list.o [1]
  .text               ro code  0x08002e50     0x68  mem_stats.o [1]
  .text               ro code  0x08002eb8      0xc  memcpy.o [3]
  .text               ro code  0x08002ec4    0x25c  MQTTPacket.o [1]
  .text               ro code  0x08003120    0x128  MQTTDeserializePublish.o [1]
  .text               ro code  0x08003248     0x9c  MQTTSubscribeClient.o [1]
  .text               ro code  0x080032e4     0x3a  MQTTUnsubscribeClient.o [1]
  .text               ro code  0x0800331e     0x2a  strncmp.o [3]
  .text               ro code  0x08003348     0x76  ABImemcpy_unaligned.o [5]
  .text               ro code  0x080033be      0xa  xsprout.o [3]
  .text               ro code  0x080033c8    0x158  utils_net.o [1]
  .text               ro code  0x08003520    0x56c  guider.o [1]
  .text               ro code  0x08003a8c    0xd6e  xprintffull_nomb.o [3]
  .rodata             const    0x080047fa      0x1  guider.o [1]
  .text               ro code  0x080047fc     0x66  ABImemset.o [5]
  .text               ro code  0x08004862      0x2  xtls.o [3]
  .text               ro code  0x08004864     0x22  strspn.o [3]
  .text               ro code  0x08004886     0x22  strcspn.o [3]
  .text               ro code  0x080048a8    0x418  los_mux.o [1]
  .text               ro code  0x08004cc0    0x3a8  mem.o [1]
  .text               ro code  0x08005068    0xa28  los_task.o [1]
  .text               ro code  0x08005a90   0x14c0  dlmalloc.o [3]
  .text               ro code  0x08006f50    0x468  HAL_TCP.o [1]
  .text               ro code  0x080073b8     0xf0  device.o [1]
  .text               ro code  0x080074a8     0x2c  ABIassert.o [6]
  .text               ro code  0x080074d4     0x44  snprintf.o [3]
  .text               ro code  0x08007518     0xf2  utils_hmac.o [1]
  .text               ro code  0x0800760c      0x6  ABImemclr4.o [5]
  .text               ro code  0x08007614     0x44  strcpy_unaligned.o [5]
  .text               ro code  0x08007658     0x3c  vsnprint.o [3]
  .text               ro code  0x08007694     0x10  utils_httpc.o [1]
  .text               ro code  0x080076a4      0x4  ca.o [1]
  .text               ro code  0x080076a8     0x16  strchr.o [5]
  .text               ro code  0x080076c0     0x58  memchr.o [5]
  .text               ro code  0x08007718     0xee  I64DivMod.o [5]
  .text               ro code  0x08007806     0x42  xdnorm.o [4]
  .text               ro code  0x08007848     0x2e  DblCmpLe.o [4]
  .text               ro code  0x08007878     0x2e  DblCmpGe.o [4]
  .text               ro code  0x080078a8    0x114  xdscale.o [4]
  .text               ro code  0x080079bc     0x58  DblToI32.o [4]
  .text               ro code  0x08007a14     0x30  I32ToDbl.o [4]
  .text               ro code  0x08007a44    0x180  DblSub.o [4]
  .text               ro code  0x08007bc4    0x1a2  DblMul.o [4]
  .text               ro code  0x08007d68    0x246  DblDiv.o [4]
  .text               ro code  0x08007fb0     0x6c  localeconv.o [3]
  .text               ro code  0x0800801c      0xe  div.o [3]
  .text               ro code  0x0800802c     0xea  los_memory.o [1]
  .text               ro code  0x08008118     0xec  los_dispatch_iar.o [1]
  .text               ro code  0x08008204     0x48  los_err.o [1]
  .text               ro code  0x0800824c    0x208  los_hw.o [1]
  .text               ro code  0x08008454    0x46a  sys_arch.o [1]
  .text               ro code  0x080088c0    0x104  los_priqueue.o [1]
  .text               ro code  0x080089c4     0x18  los_misc.o [1]
  .text               ro code  0x080089dc      0x6  abort.o [3]
  .text               ro code  0x080089e4     0x2c  xgetmemchunk.o [3]
  .text               ro code  0x08008a10     0x34  sprintf.o [3]
  .text               ro code  0x08008a44    0x130  netdb.o [1]
  .text               ro code  0x08008b74    0xcd0  sockets.o [1]
  .text               ro code  0x08009844   0x192c  utils_sha1.o [1]
  .text               ro code  0x0800b170     0x14  utils_md5.o [1]
  .text               ro code  0x0800b184     0x32  ABImemset48.o [5]
  .text               ro code  0x0800b1b6     0x2c  strstr.o [3]
  .text               ro code  0x0800b1e4      0x2  I64DivZer.o [5]
  .text               ro code  0x0800b1e8     0xd4  DblAdd.o [4]
  .text               ro code  0x0800b2bc    0x33c  los_heap.o [1]
  .text               ro code  0x0800b5f8    0x1d4  los_slabmem.o [1]
  .text               ro code  0x0800b7cc    0x3d0  los_sem.o [1]
  .text               ro code  0x0800bb9c     0x30  los_sys.o [1]
  .text               ro code  0x0800bbcc     0x14  exit.o [6]
  .text               ro code  0x0800bbe0     0xbc  memp.o [1]
  .text               ro code  0x0800bc9c      0x8  atoi.o [3]
  .text               ro code  0x0800bca4    0x4d8  api_lib.o [1]
  .text               ro code  0x0800c17c     0x3e  def.o [1]
  .text               ro code  0x0800c1ba    0x4da  pbuf.o [1]
  .text               ro code  0x0800c694     0x8e  netbuf.o [1]
  .text               ro code  0x0800c722    0x1a2  los_slab.o [1]
  .text               ro code  0x0800c8c4    0x198  xstoul.o [3]
  .text               ro code  0x0800ca5c    0xda4  api_msg.o [1]
  .text               ro code  0x0800d800    0x1f8  tcpip.o [1]
  .text               ro code  0x0800d9f8     0x14  isxxx.o [3]
  .text               ro code  0x0800da0c     0x14  tolower.o [3]
  .text               ro code  0x0800da20      0xc  errno.o [3]
  .text               ro code  0x0800da2c    0xd08  tcp.o [1]
  .text               ro code  0x0800e734    0x1e8  raw.o [1]
  .text               ro code  0x0800e91c    0x53c  udp.o [1]
  .text               ro code  0x0800ee58    0xd9e  tcp_out.o [1]
  .text               ro code  0x0800fbf8     0x42  strcmp_unaligned.o [5]
  .text               ro code  0x0800fc3c    0x6a8  dns.o [1]
  .text               ro code  0x080102e4    0x2a4  timers.o [1]
  .text               ro code  0x08010588    0xa98  etharp.o [1]
  .text               ro code  0x08011020    0x354  ip.o [1]
  .text               ro code  0x08011374     0x28  init.o [1]
  .text               ro code  0x0801139c     0x18  setlocale.o [3]
  .text               ro code  0x080113b4     0x14  xlocale_c.o [3]
  .text               ro code  0x080113c8      0xc  xlocale_c.o [3]
  .text               ro code  0x080113d4    0x258  ip_addr.o [1]
  .text               ro code  0x0801162c    0x214  icmp.o [1]
  .text               ro code  0x08011840   0x10ce  dhcp.o [1]
  .text               ro code  0x08012910      0x6  ABImemclr.o [5]
  .text               ro code  0x08012918     0x62  memcmp_unaligned.o [5]
  .text               ro code  0x0801297c   0x1380  tcp_in.o [1]
  .text               ro code  0x08013cfc    0x1a6  netif.o [1]
  .text               ro code  0x08013ea2     0xdc  inet_chksum.o [1]
  .text               ro code  0x08013f80    0xac0  stm32f429_eth.o [1]
  .text               ro code  0x08014a40    0x1a4  stm32f4xx_rcc.o [1]
  .text               ro code  0x08014be4    0x618  mqtt-example.o [1]
  .text               ro code  0x080151fc    0x118  sdk-impl.o [1]
  .text               ro code  0x08015314    0x560  los_queue.o [1]
  .text               ro code  0x08015874    0x464  modbus.o [1]
  .text               ro code  0x08015cd8    0x10c  stm32f4xx_gpio.o [1]
  .text               ro code  0x08015de4    0x216  stm32f4xx_usart.o [1]
  .text               ro code  0x08015ffc    0x1b4  los_hwi.o [1]
  .text               ro code  0x080161b0     0x7c  misc.o [1]
  .text               ro code  0x0801622c    0x360  LAN8742A.o [1]
  .text               ro code  0x0801658c      0xc  stm32f4xx_syscfg.o [1]
  .text               ro code  0x08016598    0x2fc  ethernetif.o [1]
  .text               ro code  0x08016894    0x278  los_swtmr.o [1]
  .text               ro code  0x08016b0c    0x208  netconf.o [1]
  .rodata             const    0x08016d14    0x200  modbus.o [1]
  .text               ro code  0x08016f14    0x186  main.o [1]
  .text               ro code  0x0801709c     0x8c  bsp_led.o [1]
  .text               ro code  0x08017128     0xcc  bsp_debug_usart.o [1]
  .text               ro code  0x080171f4     0x34  dwt.o [1]
  .text               ro code  0x08017228    0x11c  los_init.o [1]
  .text               ro code  0x08017344     0x60  los_timeslice.o [1]
  .text               ro code  0x080173a4     0xec  los_hw_tick.o [1]
  .text               ro code  0x08017490    0x180  system_stm32f4xx.o [1]
  .text               ro code  0x08017610     0xd4  packbits_init.o [5]
  .rodata             const    0x080176e4     0x68  mqtt_client.o [1]
  .rodata             const    0x0801774c     0x64  mqtt_client.o [1]
  .rodata             const    0x080177b0     0x5c  mqtt_client.o [1]
  .rodata             const    0x0801780c     0x58  mqtt_client.o [1]
  .rodata             const    0x08017864     0x58  mqtt_client.o [1]
  .rodata             const    0x080178bc     0x54  mqtt-example.o [1]
  .rodata             const    0x08017910     0x54  mqtt_client.o [1]
  .rodata             const    0x08017964     0x54  mqtt_client.o [1]
  .rodata             const    0x080179b8     0x54  mqtt_client.o [1]
  .rodata             const    0x08017a0c     0x4c  mqtt_client.o [1]
  .rodata             const    0x08017a58     0x4c  mqtt_client.o [1]
  .rodata             const    0x08017aa4     0x4c  mqtt_client.o [1]
  .text               ro code  0x08017af0     0x4c  los_tick.o [1]
  .rodata             const    0x08017b3c     0x48  guider.o [1]
  .rodata             const    0x08017b84     0x44  mqtt_client.o [1]
  .rodata             const    0x08017bc8     0x40  mqtt_client.o [1]
  .rodata             const    0x08017c08     0x40  mqtt_client.o [1]
  .rodata             const    0x08017c48     0x40  sockets.o [1]
  .rodata             const    0x08017c88     0x40  utils_sha1.o [1]
  .rodata             const    0x08017cc8     0x3c  device.o [1]
  .rodata             const    0x08017d04     0x3c  HAL_TCP.o [1]
  .rodata             const    0x08017d40     0x3c  mqtt-example.o [1]
  .rodata             const    0x08017d7c     0x3c  mqtt_client.o [1]
  .rodata             const    0x08017db8     0x3c  mqtt_client.o [1]
  .rodata             const    0x08017df4     0x3c  mqtt_client.o [1]
  .rodata             const    0x08017e30     0x3c  mqtt_client.o [1]
  .rodata             const    0x08017e6c     0x3c  mqtt_client.o [1]
  .rodata             const    0x08017ea8     0x3c  utils_net.o [1]
  .rodata             const    0x08017ee4     0x38  device.o [1]
  .rodata             const    0x08017f1c     0x38  guider.o [1]
  .rodata             const    0x08017f54     0x38  mem_stats.o [1]
  .rodata             const    0x08017f8c     0x38  mqtt-example.o [1]
  .rodata             const    0x08017fc4     0x38  mqtt-example.o [1]
  .rodata             const    0x08017ffc     0x38  mqtt_client.o [1]
  .rodata             const    0x08018034     0x38  mqtt_client.o [1]
  .rodata             const    0x0801806c     0x38  mqtt_client.o [1]
  .rodata             const    0x080180a4     0x38  mqtt_client.o [1]
  .rodata             const    0x080180dc     0x38  mqtt_client.o [1]
  .rodata             const    0x08018114     0x38  mqtt_client.o [1]
  .rodata             const    0x0801814c     0x38  mqtt_client.o [1]
  .rodata             const    0x08018184     0x38  mqtt_client.o [1]
  .rodata             const    0x080181bc     0x38  mqtt_client.o [1]
  .rodata             const    0x080181f4     0x38  utils_list.o [1]
  .rodata             const    0x0801822c     0x34  device.o [1]
  .rodata             const    0x08018260     0x34  los_task.o [1]
  .rodata             const    0x08018294     0x34  mqtt-example.o [1]
  .rodata             const    0x080182c8     0x34  mqtt_client.o [1]
  .rodata             const    0x080182fc     0x34  mqtt_client.o [1]
  .rodata             const    0x08018330     0x34  mqtt_client.o [1]
  .rodata             const    0x08018364     0x34  mqtt_client.o [1]
  .rodata             const    0x08018398     0x34  mqtt_client.o [1]
  .rodata             const    0x080183cc     0x34  mqtt_client.o [1]
  .rodata             const    0x08018400     0x34  mqtt_client.o [1]
  .rodata             const    0x08018434     0x34  mqtt_client.o [1]
  .rodata             const    0x08018468     0x34  mqtt_client.o [1]
  .rodata             const    0x0801849c     0x34  sdk-impl.o [1]
  .rodata             const    0x080184d0     0x30  device.o [1]
  .rodata             const    0x08018500     0x30  guider.o [1]
  .rodata             const    0x08018530     0x30  guider.o [1]
  .rodata             const    0x08018560     0x30  guider.o [1]
  .rodata             const    0x08018590     0x30  los_heap.o [1]
  .rodata             const    0x080185c0     0x30  mqtt-example.o [1]
  .rodata             const    0x080185f0     0x30  mqtt_client.o [1]
  .rodata             const    0x08018620     0x30  mqtt_client.o [1]
  .rodata             const    0x08018650     0x30  mqtt_client.o [1]
  .rodata             const    0x08018680     0x30  mqtt_client.o [1]
  .rodata             const    0x080186b0     0x30  mqtt_client.o [1]
  .rodata             const    0x080186e0     0x30  mqtt_client.o [1]
  .rodata             const    0x08018710     0x30  mqtt_client.o [1]
  .rodata             const    0x08018740     0x30  mqtt_client.o [1]
  .rodata             const    0x08018770     0x30  mqtt_client.o [1]
  .rodata             const    0x080187a0     0x30  mqtt_client.o [1]
  .rodata             const    0x080187d0     0x30  mqtt_client.o [1]
  .rodata             const    0x08018800     0x30  mqtt_client.o [1]
  .rodata             const    0x08018830     0x30  mqtt_client.o [1]
  .rodata             const    0x08018860     0x30  mqtt_client.o [1]
  .rodata             const    0x08018890     0x30  mqtt_client.o [1]
  .rodata             const    0x080188c0     0x30  mqtt_client.o [1]
  .rodata             const    0x080188f0     0x30  mqtt_client.o [1]
  .rodata             const    0x08018920     0x30  sdk-impl.o [1]
  .rodata             const    0x08018950     0x30  sdk-impl.o [1]
  .rodata             const    0x08018980     0x2c  device.o [1]
  .rodata             const    0x080189ac     0x2c  guider.o [1]
  .rodata             const    0x080189d8     0x2c  guider.o [1]
  .rodata             const    0x08018a04     0x2c  main.o [1]
  .rodata             const    0x08018a30     0x2c  mqtt-example.o [1]
  .rodata             const    0x08018a5c     0x2c  mqtt_client.o [1]
  .rodata             const    0x08018a88     0x2c  mqtt_client.o [1]
  .rodata             const    0x08018ab4     0x2c  mqtt_client.o [1]
  .rodata             const    0x08018ae0     0x2c  mqtt_client.o [1]
  .rodata             const    0x08018b0c     0x2c  mqtt_client.o [1]
  .rodata             const    0x08018b38     0x2c  mqtt_client.o [1]
  .rodata             const    0x08018b64     0x2c  mqtt_client.o [1]
  .rodata             const    0x08018b90     0x2c  mqtt_client.o [1]
  .rodata             const    0x08018bbc     0x28  guider.o [1]
  .rodata             const    0x08018be4     0x28  guider.o [1]
  .rodata             const    0x08018c0c     0x28  guider.o [1]
  .rodata             const    0x08018c34     0x28  guider.o [1]
  .rodata             const    0x08018c5c     0x28  los_swtmr.o [1]
  .rodata             const    0x08018c84     0x28  los_task.o [1]
  .rodata             const    0x08018cac     0x28  main.o [1]
  .rodata             const    0x08018cd4     0x28  mqtt-example.o [1]
  .rodata             const    0x08018cfc     0x28  mqtt_client.o [1]
  .rodata             const    0x08018d24     0x28  mqtt_client.o [1]
  .rodata             const    0x08018d4c     0x28  mqtt_client.o [1]
  .rodata             const    0x08018d74     0x28  mqtt_client.o [1]
  .rodata             const    0x08018d9c     0x28  mqtt_client.o [1]
  .rodata             const    0x08018dc4     0x28  mqtt_client.o [1]
  .rodata             const    0x08018dec     0x28  mqtt_client.o [1]
  .rodata             const    0x08018e14     0x28  utils_timer.o [1]
  .text               ro code  0x08018e3c     0x28  data_init.o [5]
  .rodata             const    0x08018e64     0x24  guider.o [1]
  .rodata             const    0x08018e88     0x24  guider.o [1]
  .rodata             const    0x08018eac     0x24  guider.o [1]
  .rodata             const    0x08018ed0     0x24  HAL_TCP.o [1]
  .rodata             const    0x08018ef4     0x24  los_mux.o [1]
  .rodata             const    0x08018f18     0x24  los_sem.o [1]
  .rodata             const    0x08018f3c     0x24  los_sem.o [1]
  .rodata             const    0x08018f60     0x24  los_slabmem.o [1]
  .rodata             const    0x08018f84     0x24  los_task.o [1]
  .rodata             const    0x08018fa8     0x24  mqtt-example.o [1]
  .rodata             const    0x08018fcc     0x24  mqtt-example.o [1]
  .rodata             const    0x08018ff0     0x24  mqtt-example.o [1]
  .rodata             const    0x08019014     0x24  mqtt_client.o [1]
  .rodata             const    0x08019038     0x24  mqtt_client.o [1]
  .rodata             const    0x0801905c     0x24  mqtt_client.o [1]
  .rodata             const    0x08019080     0x24  mqtt_client.o [1]
  .rodata             const    0x080190a4     0x24  mqtt_client.o [1]
  .rodata             const    0x080190c8     0x24  mqtt_client.o [1]
  .rodata             const    0x080190ec     0x24  utils_net.o [1]
  .iar.init_table     const    0x08019110     0x2c  - Linker created -
  .rodata             const    0x0801913c     0x20  guider.o [1]
  .rodata             const    0x0801915c     0x20  guider.o [1]
  .rodata             const    0x0801917c     0x20  guider.o [1]
  .rodata             const    0x0801919c     0x20  los_queue.o [1]
  .rodata             const    0x080191bc     0x20  mqtt-example.o [1]
  .rodata             const    0x080191dc     0x20  mqtt-example.o [1]
  .rodata             const    0x080191fc     0x20  mqtt-example.o [1]
  .rodata             const    0x0801921c     0x20  mqtt-example.o [1]
  .rodata             const    0x0801923c     0x20  mqtt-example.o [1]
  .rodata             const    0x0801925c     0x20  mqtt_client.o [1]
  .rodata             const    0x0801927c     0x20  mqtt_client.o [1]
  .rodata             const    0x0801929c     0x20  mqtt_client.o [1]
  .rodata             const    0x080192bc     0x20  mqtt_client.o [1]
  .rodata             const    0x080192dc     0x1c  guider.o [1]
  .rodata             const    0x080192f8     0x1c  guider.o [1]
  .rodata             const    0x08019314     0x1c  guider.o [1]
  .rodata             const    0x08019330     0x1c  guider.o [1]
  .rodata             const    0x0801934c     0x1c  guider.o [1]
  .rodata             const    0x08019368     0x1c  HAL_TCP.o [1]
  .rodata             const    0x08019384     0x1c  HAL_TCP.o [1]
  .rodata             const    0x080193a0     0x1c  HAL_TCP.o [1]
  .rodata             const    0x080193bc     0x1c  HAL_TCP.o [1]
  .rodata             const    0x080193d8     0x1c  los_init.o [1]
  .rodata             const    0x080193f4     0x1c  memp.o [1]
  .rodata             const    0x08019410     0x1c  memp.o [1]
  .rodata             const    0x0801942c     0x1c  modbus.o [1]
  .rodata             const    0x08019448     0x1c  mqtt-example.o [1]
  .rodata             const    0x08019464     0x1c  mqtt-example.o [1]
  .rodata             const    0x08019480     0x1c  mqtt_client.o [1]
  .rodata             const    0x0801949c     0x1c  mqtt_client.o [1]
  .rodata             const    0x080194b8     0x1c  mqtt_client.o [1]
  .rodata             const    0x080194d4     0x1c  mqtt_client.o [1]
  .rodata             const    0x080194f0     0x1c  mqtt_client.o [1]
  .rodata             const    0x0801950c     0x1c  mqtt_client.o [1]
  .rodata             const    0x08019528     0x1c  mqtt_client.o [1]
  .rodata             const    0x08019544     0x1c  mqtt_client.o [1]
  .rodata             const    0x08019560     0x1c  netconf.o [1]
  .rodata             const    0x0801957c     0x1c  netconf.o [1]
  .rodata             const    0x08019598     0x1c  netconf.o [1]
  .rodata             const    0x080195b4     0x1c  netconf.o [1]
  .rodata             const    0x080195d0     0x1c  netconf.o [1]
  .rodata             const    0x080195ec     0x1c  utils_list.o [1]
  .text               ro code  0x08019608     0x1a  fpinit_M.o [4]
  .text               ro code  0x08019624     0x1a  cmain.o [5]
  .text               ro code  0x0801963e      0x4  low_level_init.o [3]
  .text               ro code  0x08019642      0x4  exit.o [3]
  .text               ro code  0x08019648      0xa  cexit.o [5]
  .rodata             const    0x08019654     0x18  device.o [1]
  .rodata             const    0x0801966c     0x18  device.o [1]
  .rodata             const    0x08019684     0x18  guider.o [1]
  .rodata             const    0x0801969c     0x18  guider.o [1]
  .rodata             const    0x080196b4     0x18  guider.o [1]
  .rodata             const    0x080196cc     0x18  HAL_TCP.o [1]
  .rodata             const    0x080196e4     0x18  HAL_TCP.o [1]
  .rodata             const    0x080196fc     0x18  HAL_TCP.o [1]
  .rodata             const    0x08019714     0x18  HAL_TCP.o [1]
  .rodata             const    0x0801972c     0x18  HAL_TCP.o [1]
  .rodata             const    0x08019744     0x18  mqtt-example.o [1]
  .rodata             const    0x0801975c     0x18  mqtt-example.o [1]
  .rodata             const    0x08019774     0x18  mqtt-example.o [1]
  .rodata             const    0x0801978c     0x18  mqtt_client.o [1]
  .rodata             const    0x080197a4     0x18  mqtt_client.o [1]
  .rodata             const    0x080197bc     0x18  mqtt_client.o [1]
  .rodata             const    0x080197d4     0x18  mqtt_client.o [1]
  .rodata             const    0x080197ec     0x18  mqtt_client.o [1]
  .rodata             const    0x08019804     0x18  mqtt_client.o [1]
  .rodata             const    0x0801981c     0x18  mqtt_client.o [1]
  .rodata             const    0x08019834     0x18  mqtt_client.o [1]
  .rodata             const    0x0801984c     0x18  mqtt_client.o [1]
  .rodata             const    0x08019864     0x18  netconf.o [1]
  .rodata             const    0x0801987c     0x18  netconf.o [1]
  .rodata             const    0x08019894     0x18  netconf.o [1]
  .rodata             const    0x080198ac     0x18  netconf.o [1]
  .rodata             const    0x080198c4     0x18  netconf.o [1]
  .rodata             const    0x080198dc     0x18  netconf.o [1]
  .rodata             const    0x080198f4     0x18  netconf.o [1]
  .rodata             const    0x0801990c     0x18  netconf.o [1]
  .rodata             const    0x08019924     0x18  utils_list.o [1]
  .text               ro code  0x0801993c     0x16  xprout.o [3]
  .text               ro code  0x08019954      0xc  putchar.o [3]
  .rodata             const    0x08019960     0x14  guider.o [1]
  .rodata             const    0x08019974     0x14  HAL_TCP.o [1]
  .rodata             const    0x08019988     0x14  HAL_TCP.o [1]
  .rodata             const    0x0801999c     0x14  HAL_TCP.o [1]
  .rodata             const    0x080199b0     0x14  HAL_TCP.o [1]
  .rodata             const    0x080199c4     0x14  HAL_TCP.o [1]
  .rodata             const    0x080199d8     0x14  los_heap.o [1]
  .rodata             const    0x080199ec     0x14  los_hwi.o [1]
  .rodata             const    0x08019a00     0x14  los_init.o [1]
  .rodata             const    0x08019a14     0x14  los_init.o [1]
  .rodata             const    0x08019a28     0x14  los_init.o [1]
  .rodata             const    0x08019a3c     0x14  los_init.o [1]
  .rodata             const    0x08019a50     0x14  los_mux.o [1]
  .rodata             const    0x08019a64     0x14  los_sem.o [1]
  .rodata             const    0x08019a78     0x14  main.o [1]
  .rodata             const    0x08019a8c     0x14  mem_stats.o [1]
  .rodata             const    0x08019aa0     0x14  mqtt-example.o [1]
  .rodata             const    0x08019ab4     0x14  mqtt-example.o [1]
  .rodata             const    0x08019ac8     0x14  mqtt-example.o [1]
  .rodata             const    0x08019adc     0x14  mqtt_client.o [1]
  .rodata             const    0x08019af0     0x14  mqtt_client.o [1]
  .rodata             const    0x08019b04     0x14  mqtt_client.o [1]
  .rodata             const    0x08019b18     0x14  mqtt_client.o [1]
  .rodata             const    0x08019b2c     0x14  mqtt_client.o [1]
  .rodata             const    0x08019b40     0x14  mqtt_client.o [1]
  .rodata             const    0x08019b54     0x14  mqtt_client.o [1]
  .rodata             const    0x08019b68     0x14  mqtt_client.o [1]
  .rodata             const    0x08019b7c     0x14  mqtt_client.o [1]
  .rodata             const    0x08019b90     0x14  mqtt_client.o [1]
  .rodata             const    0x08019ba4     0x14  netconf.o [1]
  .rodata             const    0x08019bb8     0x14  netconf.o [1]
  .rodata             const    0x08019bcc     0x14  sdk-impl.o [1]
  .text               ro code  0x08019be0     0x14  stm32f4xx_it.o [1]
  .rodata             const    0x08019bf4     0x10  dns.o [1]
  .rodata             const    0x08019c04     0x10  guider.o [1]
  .rodata             const    0x08019c14     0x10  guider.o [1]
  .rodata             const    0x08019c24     0x10  guider.o [1]
  .rodata             const    0x08019c34     0x10  guider.o [1]
  .rodata             const    0x08019c44     0x10  guider.o [1]
  .rodata             const    0x08019c54     0x10  guider.o [1]
  .rodata             const    0x08019c64     0x10  guider.o [1]
  .rodata             const    0x08019c74     0x10  HAL_TCP.o [1]
  .rodata             const    0x08019c84     0x10  HAL_TCP.o [1]
  .rodata             const    0x08019c94     0x10  los_hwi.o [1]
  .rodata             const    0x08019ca4     0x10  mqtt-example.o [1]
  .rodata             const    0x08019cb4     0x10  mqtt-example.o [1]
  .rodata             const    0x08019cc4     0x10  mqtt_client.o [1]
  .rodata             const    0x08019cd4     0x10  mqtt_client.o [1]
  .rodata             const    0x08019ce4     0x10  mqtt_client.o [1]
  .rodata             const    0x08019cf4     0x10  mqtt_client.o [1]
  .rodata             const    0x08019d04     0x10  mqtt_client.o [1]
  .rodata             const    0x08019d14     0x10  mqtt_client.o [1]
  .rodata             const    0x08019d24     0x10  mqtt_client.o [1]
  .rodata             const    0x08019d34     0x10  mqtt_client.o [1]
  .rodata             const    0x08019d44     0x10  mqtt_client.o [1]
  .rodata             const    0x08019d54     0x10  mqtt_client.o [1]
  .rodata             const    0x08019d64     0x10  mqtt_client.o [1]
  .rodata             const    0x08019d74     0x10  sdk-impl.o [1]
  .rodata             const    0x08019d84     0x10  stm32f4xx_it.o [1]
  .rodata             const    0x08019d94     0x10  tcp.o [1]
  .rodata             const    0x08019da4     0x10  tcp.o [1]
  .rodata             const    0x08019db4     0x10  utils_list.o [1]
  .rodata             const    0x08019dc4     0x10  utils_list.o [1]
  .rodata             const    0x08019dd4     0x10  utils_net.o [1]
  .rodata             const    0x08019de4      0xc  guider.o [1]
  .rodata             const    0x08019df0      0xc  guider.o [1]
  .rodata             const    0x08019dfc      0xc  guider.o [1]
  .rodata             const    0x08019e08      0xc  guider.o [1]
  .rodata             const    0x08019e14      0xc  guider.o [1]
  .rodata             const    0x08019e20      0xc  guider.o [1]
  .rodata             const    0x08019e2c      0xc  guider.o [1]
  .rodata             const    0x08019e38      0xc  guider.o [1]
  .rodata             const    0x08019e44      0xc  guider.o [1]
  .rodata             const    0x08019e50      0xc  guider.o [1]
  .rodata             const    0x08019e5c      0xc  guider.o [1]
  .rodata             const    0x08019e68      0xc  los_swtmr.o [1]
  .rodata             const    0x08019e74      0xc  los_task.o [1]
  .rodata             const    0x08019e80      0xc  main.o [1]
  .rodata             const    0x08019e8c      0xc  main.o [1]
  .rodata             const    0x08019e98      0xc  mqtt-example.o [1]
  .rodata             const    0x08019ea4      0xc  mqtt-example.o [1]
  .rodata             const    0x08019eb0      0xc  mqtt-example.o [1]
  .rodata             const    0x08019ebc      0xc  mqtt-example.o [1]
  .rodata             const    0x08019ec8      0xc  mqtt_client.o [1]
  .rodata             const    0x08019ed4      0xc  mqtt_client.o [1]
  .rodata             const    0x08019ee0      0xc  mqtt_client.o [1]
  .rodata             const    0x08019eec      0xc  mqtt_client.o [1]
  .rodata             const    0x08019ef8      0xc  mqtt_client.o [1]
  .rodata             const    0x08019f04      0xc  mqtt_client.o [1]
  .rodata             const    0x08019f10      0xc  sdk-impl.o [1]
  .rodata             const    0x08019f1c      0xc  sdk-impl.o [1]
  .rodata             const    0x08019f28      0xc  utils_list.o [1]
  .rodata             const    0x08019f34      0xc  utils_list.o [1]
  .rodata             const    0x08019f40      0xc  utils_net.o [1]
  .text               ro code  0x08019f4c      0xc  cstartup_M.o [5]
  .rodata             const    0x08019f58      0x8  device.o [1]
  .rodata             const    0x08019f60      0x8  etharp.o [1]
  .rodata             const    0x08019f68      0x8  etharp.o [1]
  .rodata             const    0x08019f70      0x8  ethernetif.o [1]
  .rodata             const    0x08019f78      0x8  guider.o [1]
  .rodata             const    0x08019f80      0x8  guider.o [1]
  .rodata             const    0x08019f88      0x8  guider.o [1]
  .rodata             const    0x08019f90      0x8  guider.o [1]
  .rodata             const    0x08019f98      0x8  los_heap.o [1]
  .rodata             const    0x08019fa0      0x8  los_hwi.o [1]
  .rodata             const    0x08019fa8      0x8  los_init.o [1]
  .rodata             const    0x08019fb0      0x8  los_mux.o [1]
  .rodata             const    0x08019fb8      0x8  los_queue.o [1]
  .rodata             const    0x08019fc0      0x8  los_sem.o [1]
  .rodata             const    0x08019fc8      0x8  los_slabmem.o [1]
  .rodata             const    0x08019fd0      0x8  los_swtmr.o [1]
  .rodata             const    0x08019fd8      0x8  los_task.o [1]
  .rodata             const    0x08019fe0      0x8  mqtt_client.o [1]
  .rodata             const    0x08019fe8      0x8  mqtt_client.o [1]
  .rodata             const    0x08019ff0      0x8  MQTTConnectClient.o [1]
  .rodata             const    0x08019ff8      0x8  MQTTConnectClient.o [1]
  .rodata             const    0x0801a000      0x8  tcp.o [1]
  .rodata             const    0x0801a008      0x8  tcpip.o [1]
  .rodata             const    0x0801a010      0x8  utils_list.o [1]
  .rodata             const    0x0801a018      0x8  utils_list.o [1]
  .rodata             const    0x0801a020      0x8  utils_list.o [1]
  .rodata             const    0x0801a028      0x4  ip_addr.o [1]
  .rodata             const    0x0801a02c      0x4  ip_addr.o [1]
  .rodata             const    0x0801a030      0x4  mqtt_client.o [1]
  .rodata             const    0x0801a034      0x4  MQTTConnectClient.o [1]
  .rodata             const    0x0801a038      0x4  MQTTConnectClient.o [1]
  .rodata             const    0x0801a03c      0x4  MQTTConnectClient.o [1]
  .rodata             const    0x0801a040      0x4  MQTTConnectClient.o [1]
  .rodata             const    0x0801a044      0x4  MQTTConnectClient.o [1]
  .rodata             const    0x0801a048      0x4  MQTTDeserializePublish.o [1]
  .rodata             const    0x0801a04c      0x4  MQTTDeserializePublish.o [1]
  .rodata             const    0x0801a050      0x4  MQTTSerializePublish.o [1]
  .rodata             const    0x0801a054      0x4  MQTTSerializePublish.o [1]
  .rodata             const    0x0801a058      0x4  MQTTSubscribeClient.o [1]
  .rodata             const    0x0801a05c      0x0  zero_init3.o [5]
  .rodata             const    0x0801a05c      0x0  packbits_init.o [5]
  Initializer bytes   ro data  0x0801a05c     0xaa  <for P3 s0>
                             - 0x0801a106  0x1a0ae

"P3", part 1 of 3:                           0x580
  P3 s0                        0x20000400    0x580  <Init block>
    .data             inited   0x20000400    0x400  los_hwi.o [1]
    __DLIB_PERTHREAD  inited   0x20000800     0x88  localeconv.o [3]
    __DLIB_PERTHREAD  inited   0x20000888     0x74  setlocale.o [3]
    .data             inited   0x200008fc     0x40  xfiles.o [3]
    .data             inited   0x2000093c     0x1c  guider.o [1]
    .data             inited   0x20000958     0x10  stm32f4xx_rcc.o [1]
    .data             inited   0x20000968      0x4  dhcp.o [1]
    .data             inited   0x2000096c      0x4  system_stm32f4xx.o [1]
    .data             inited   0x20000970      0x4  tcp.o [1]
    __DLIB_PERTHREAD  inited   0x20000974      0x4  strtok.o [3]
    __DLIB_PERTHREAD  inited   0x20000978      0x4  errno.o [3]
    .data             inited   0x2000097c      0x2  tcp.o [1]
    .data             inited   0x2000097e      0x2  udp.o [1]
                             - 0x20000980    0x580

"P3", part 2 of 3:                         0x232f8
  .bss                zero     0x20000980  0x19000  los_init.o [1]
  .bss                zero     0x20019980   0x3b8c  memp.o [1]
  .bss                zero     0x2001d50c   0x1dc4  stm32f429_eth.o [1]
  .bss                zero     0x2001f2d0   0x1dc4  stm32f429_eth.o [1]
  .bss                zero     0x20021094   0x1414  mem.o [1]
  .bss                zero     0x200224a8    0x460  dns.o [1]
  .bss                zero     0x20022908    0x400  los_hwi.o [1]
  .bss                zero     0x20022d08    0x28c  device.o [1]
  .bss                zero     0x20022f94    0x204  dns.o [1]
  .bss                zero     0x20023198    0x1d8  dlmalloc.o [3]
  .bss                zero     0x20023370    0x110  modbus.o [1]
  .bss                zero     0x20023480     0xd0  device.o [1]
  .bss                zero     0x20023550     0xc8  etharp.o [1]
  .bss                zero     0x20023618     0xbc  LAN8742A.o [1]
  .bss                zero     0x200236d4     0xa0  stm32f429_eth.o [1]
  .bss                zero     0x20023774     0xa0  stm32f429_eth.o [1]
  .bss                zero     0x20023814     0x80  modbus.o [1]
  .bss                zero     0x20023894     0x80  mqtt-example.o [1]
  .bss                zero     0x20023914     0x60  sockets.o [1]
  .bss                zero     0x20023974     0x50  xfiles.o [3]
  .bss                zero     0x200239c4     0x3c  mqtt-example.o [1]
  .bss                zero     0x20023a00     0x38  netconf.o [1]
  .bss                zero     0x20023a38     0x34  memp.o [1]
  .bss                zero     0x20023a6c     0x28  dhcp.o [1]
  .bss                zero     0x20023a94     0x18  dlmalloc.o [3]
  .bss                zero     0x20023aac     0x14  mqtt-example.o [1]
  .bss                zero     0x20023ac0     0x14  tcp_in.o [1]
  .bss                zero     0x20023ad4      0xc  dhcp.o [1]
  .bss                zero     0x20023ae0      0xc  stm32f429_eth.o [1]
  .bss                zero     0x20023aec      0x8  dns.o [1]
  .bss                zero     0x20023af4      0x8  los_mux.o [1]
  .bss                zero     0x20023afc      0x8  los_queue.o [1]
  .bss                zero     0x20023b04      0x8  los_sem.o [1]
  .bss                zero     0x20023b0c      0x8  los_task.o [1]
  .bss                zero     0x20023b14      0x8  los_task.o [1]
  .bss                zero     0x20023b1c      0x8  los_task.o [1]
  .bss                zero     0x20023b24      0x8  los_task.o [1]
  .bss                zero     0x20023b2c      0x8  los_task.o [1]
  .bss                zero     0x20023b34      0x4  device.o [1]
  .bss                zero     0x20023b38      0x8  los_tick.o [1]
  .bss                zero     0x20023b40      0x8  los_timeslice.o [1]
  .bss                zero     0x20023b48      0x8  modbus.o [1]
  .bss                zero     0x20023b50      0x4  dns.o [1]
  .bss                zero     0x20023b54      0x4  dns.o [1]
  .bss                zero     0x20023b58      0x4  dwt.o [1]
  .bss                zero     0x20023b5c      0x4  ethernetif.o [1]
  .bss                zero     0x20023b60      0x4  HAL_TCP.o [1]
  .bss                zero     0x20023b64      0x4  ip.o [1]
  .bss                zero     0x20023b68      0x4  ip.o [1]
  .bss                zero     0x20023b6c      0x4  ip.o [1]
  .bss                zero     0x20023b70      0x4  ip.o [1]
  .bss                zero     0x20023b74      0x4  LAN8742A.o [1]
  .bss                zero     0x20023b78      0x4  los_err.o [1]
  .bss                zero     0x20023b7c      0x4  los_heap.o [1]
  .bss                zero     0x20023b80      0x4  los_heap.o [1]
  .bss                zero     0x20023b84      0x4  los_hwi.o [1]
  .bss                zero     0x20023b88      0x4  los_mux.o [1]
  .bss                zero     0x20023b8c      0x4  los_priqueue.o [1]
  .bss                zero     0x20023b90      0x4  los_queue.o [1]
  .bss                zero     0x20023b94      0x4  los_sem.o [1]
  .bss                zero     0x20023b98      0x4  los_swtmr.o [1]
  .bss                zero     0x20023b9c      0x4  los_swtmr.o [1]
  .bss                zero     0x20023ba0      0x4  los_swtmr.o [1]
  .bss                zero     0x20023ba4      0x4  los_swtmr.o [1]
  .bss                zero     0x20023ba8      0x4  los_task.o [1]
  .bss                zero     0x20023bac      0x4  los_task.o [1]
  .bss                zero     0x20023bb0      0x4  los_task.o [1]
  .bss                zero     0x20023bb4      0x4  los_task.o [1]
  .bss                zero     0x20023bb8      0x4  los_task.o [1]
  .bss                zero     0x20023bbc      0x4  los_task.o [1]
  .bss                zero     0x20023bc0      0x4  los_task.o [1]
  .bss                zero     0x20023bc4      0x4  los_tick.o [1]
  .bss                zero     0x20023bc8      0x4  main.o [1]
  .bss                zero     0x20023bcc      0x4  mem.o [1]
  .bss                zero     0x20023bd0      0x4  mem.o [1]
  .bss                zero     0x20023bd4      0x4  mem.o [1]
  .bss                zero     0x20023bd8      0x4  mem.o [1]
  .bss                zero     0x20023bdc      0x4  modbus.o [1]
  .bss                zero     0x20023be0      0x4  mqtt-example.o [1]
  .bss                zero     0x20023be4      0x4  mqtt-example.o [1]
  .bss                zero     0x20023be8      0x4  mqtt-example.o [1]
  .bss                zero     0x20023bec      0x4  mqtt-example.o [1]
  .bss                zero     0x20023bf0      0x4  MQTTPacket.o [1]
  .bss                zero     0x20023bf4      0x4  netconf.o [1]
  .bss                zero     0x20023bf8      0x4  netif.o [1]
  .bss                zero     0x20023bfc      0x4  netif.o [1]
  .bss                zero     0x20023c00      0x4  raw.o [1]
  .bss                zero     0x20023c04      0x4  sockets.o [1]
  .bss                zero     0x20023c08      0x4  sockets.o [1]
  .bss                zero     0x20023c0c      0x4  stm32f429_eth.o [1]
  .bss                zero     0x20023c10      0x4  stm32f429_eth.o [1]
  .bss                zero     0x20023c14      0x4  stm32f429_eth.o [1]
  .bss                zero     0x20023c18      0x4  tcp.o [1]
  .bss                zero     0x20023c1c      0x4  tcp.o [1]
  .bss                zero     0x20023c20      0x4  tcp.o [1]
  .bss                zero     0x20023c24      0x4  tcp.o [1]
  .bss                zero     0x20023c28      0x4  tcp.o [1]
  .bss                zero     0x20023c2c      0x4  tcp.o [1]
  .bss                zero     0x20023c30      0x4  tcp_in.o [1]
  .bss                zero     0x20023c34      0x4  tcp_in.o [1]
  .bss                zero     0x20023c38      0x4  tcp_in.o [1]
  .bss                zero     0x20023c3c      0x4  tcp_in.o [1]
  .bss                zero     0x20023c40      0x4  tcp_in.o [1]
  .bss                zero     0x20023c44      0x4  tcp_in.o [1]
  .bss                zero     0x20023c48      0x4  tcpip.o [1]
  .bss                zero     0x20023c4c      0x4  tcpip.o [1]
  .bss                zero     0x20023c50      0x4  tcpip.o [1]
  .bss                zero     0x20023c54      0x4  timers.o [1]
  .bss                zero     0x20023c58      0x4  timers.o [1]
  .bss                zero     0x20023c5c      0x4  udp.o [1]
  .bss                zero     0x20023c60      0x4  xgetmemchunk.o [3]
  .bss                zero     0x20023c64      0x2  ip.o [1]
  .bss                zero     0x20023c66      0x2  los_task.o [1]
  .bss                zero     0x20023c68      0x2  modbus.o [1]
  .bss                zero     0x20023c6a      0x2  tcp_in.o [1]
  .bss                zero     0x20023c6c      0x1  dns.o [1]
  .bss                zero     0x20023c6d      0x1  etharp.o [1]
  .bss                zero     0x20023c6e      0x1  LAN8742A.o [1]
  .bss                zero     0x20023c6f      0x1  main.o [1]
  .bss                zero     0x20023c70      0x1  main.o [1]
  .bss                zero     0x20023c71      0x1  netconf.o [1]
  .bss                zero     0x20023c72      0x1  netif.o [1]
  .bss                zero     0x20023c73      0x1  tcp.o [1]
  .bss                zero     0x20023c74      0x1  tcp.o [1]
  .bss                zero     0x20023c75      0x1  tcp.o [1]
  .bss                zero     0x20023c76      0x1  tcp_in.o [1]
  .bss                zero     0x20023c77      0x1  tcp_in.o [1]
                             - 0x20023c78  0x232f8

"P3", part 3 of 3:                          0x4000
  CSTACK                       0x20023c78   0x2000  <Block>
    CSTACK            uninit   0x20023c78   0x2000  <Block tail>
  HEAP                         0x20025c78   0x2000  <Block>
    HEAP              uninit   0x20025c78   0x2000  <Block tail>
                             - 0x20027c78   0x4000


*******************************************************************************
*** INIT TABLE
***

          Address     Size
          -------     ----
Zero (__iar_zero_init3)
    1 destination range, total size 0x232f8:
          0x20000980  0x232f8

Copy/packbits (__iar_packbits_init3)
    1 source range, total size 0xaa (12% of destination):
          0x0801a05c     0xaa
    1 destination range, total size 0x580:
          0x20000400    0x580



*******************************************************************************
*** MODULE SUMMARY
***

    Module                    ro code  ro data  rw data
    ------                    -------  -------  -------
D:\Change_20180523_2_3THRD\liteos_alicloud_\targets\STM32F429IGTX_FIRE\user_IAR\Debug\Obj: [1]
    HAL_OS.o                      190
    HAL_TCP.o                   1 128      460        4
    LAN8742A.o                    864               193
    MQTTConnectClient.o           792       36
    MQTTDeserializePublish.o      296        8
    MQTTPacket.o                  604                 4
    MQTTSerializePublish.o        364        8
    MQTTSubscribeClient.o         156        4
    MQTTUnsubscribeClient.o        58
    api_lib.o                   1 240
    api_msg.o                   3 492
    bsp_debug_usart.o             204
    bsp_led.o                     140
    ca.o                            4
    def.o                          62
    device.o                      240      316      864
    dhcp.o                      4 302                56
    dns.o                       1 704       16    1 653
    dwt.o                          52                 4
    etharp.o                    2 712       16      201
    ethernetif.o                  764        8        4
    guider.o                    1 388    1 237       28
    icmp.o                        532
    inet_chksum.o                 220
    init.o                         40
    ip.o                          852                18
    ip_addr.o                     600        8
    los_dispatch_iar.o            236
    los_err.o                      72                 4
    los_heap.o                    828       76        8
    los_hw.o                      520
    los_hw_tick.o                 236
    los_hwi.o                     436      167    2 052
    los_init.o                    284      116  102 400
    los_memory.o                  234
    los_misc.o                     24
    los_mux.o                   1 048       64       12
    los_priqueue.o                260                 4
    los_queue.o                 1 376       40       12
    los_sem.o                     976      100       12
    los_slab.o                    418
    los_slabmem.o                 468       44
    los_startup_iar.o              88
    los_swtmr.o                   632       60       16
    los_sys.o                      48
    los_task.o                  2 600      148       70
    los_tick.o                     76                12
    los_timeslice.o                96                 8
    main.o                        390      128        6
    mem.o                         936             5 156
    mem_stats.o                   104       76
    memp.o                        188       56   15 296
    misc.o                        124
    modbus.o                    1 124      540      414
    mqtt-example.o              1 560      976      224
    mqtt_client.o               9 376    5 120
    netbuf.o                      142
    netconf.o                     520      372       61
    netdb.o                       304
    netif.o                       422                 9
    pbuf.o                      1 242
    raw.o                         488                 4
    sdk-impl.o                    280      208
    sockets.o                   3 280       64      104
    stm32f429_eth.o             2 752            15 584
    stm32f4xx_gpio.o              268
    stm32f4xx_it.o                 20       16
    stm32f4xx_rcc.o               420        2       16
    stm32f4xx_syscfg.o             12
    stm32f4xx_usart.o             534
    sys_arch.o                  1 130
    system_stm32f4xx.o            384        1        4
    tcp.o                       3 336       40       33
    tcp_in.o                    4 992                48
    tcp_out.o                   3 486
    tcpip.o                       504        8       12
    timers.o                      676                 8
    udp.o                       1 340        1        6
    utils_hmac.o                  242
    utils_httpc.o                  16
    utils_list.o                  512      188
    utils_md5.o                    20
    utils_net.o                   344      124
    utils_sha1.o                6 444       64
    utils_timer.o                 180       40
    ---------------------------------------------------
    Total:                     82 048   10 956  144 624

command line: [2]
    ---------------------------------------------------
    Total:

dl7M_tlf.a: [3]
    abort.o                         6
    atoi.o                          8
    div.o                          14
    dlmalloc.o                  5 312               496
    errno.o                        12                 4
    exit.o                          4
    isxxx.o                        20
    localeconv.o                  108       17      136
    low_level_init.o                4
    memcpy.o                       12
    memset.o                       20
    printf.o                       36
    putchar.o                      12
    setlocale.o                    24       14      116
    snprintf.o                     68
    sprintf.o                      52
    strcspn.o                      34
    strncmp.o                      42
    strspn.o                       34
    strstr.o                       44
    strtok.o                       76        1        4
    tolower.o                      20
    vsnprint.o                     60
    xfiles.o                                 7      144
    xgetmemchunk.o                 44                 4
    xlocale_c.o                    32
    xprintffull_nomb.o          3 438
    xprout.o                       22
    xsnprout.o                     26
    xsprout.o                      10
    xstoul.o                      408
    xtls.o                          2
    ---------------------------------------------------
    Total:                     10 004       39      904

m7M_tlv.a: [4]
    DblAdd.o                      212
    DblCmpGe.o                     46
    DblCmpLe.o                     46
    DblDiv.o                      582
    DblMul.o                      418
    DblSub.o                      384
    DblToI32.o                     88
    I32ToDbl.o                     48
    fpinit_M.o                     26
    xdnorm.o                       66
    xdscale.o                     276
    ---------------------------------------------------
    Total:                      2 192

rt7M_tl.a: [5]
    ABImemclr.o                     6
    ABImemclr4.o                    6
    ABImemcpy_unaligned.o         118
    ABImemset.o                   102
    ABImemset48.o                  50
    I64DivMod.o                   238
    I64DivZer.o                     2
    cexit.o                        10
    cmain.o                        26
    cstartup_M.o                   12
    data_init.o                    40
    memchr.o                       88
    memcmp_unaligned.o             98
    packbits_init.o               212
    strchr.o                       22
    strcmp_unaligned.o             66
    strcpy_unaligned.o             68
    strlen.o                       54
    strncpy_unaligned.o           108
    zero_init3.o                   34
    ---------------------------------------------------
    Total:                      1 360

shb_l.a: [6]
    ABIassert.o                    44
    exit.o                         20
    ---------------------------------------------------
    Total:                         64

    Gaps                           49        2
    Linker created                          44   16 384
-------------------------------------------------------
    Grand Total:               95 717   11 041  161 912


*******************************************************************************
*** ENTRY LIST
***

Entry                      Address     Size  Type      Object
-----                      -------     ----  ----      ------
?main                   0x08019625           Code  Gb  cmain.o [5]
APBAHBPrescTable        0x20000958     0x10  Data  Lc  stm32f4xx_rcc.o [1]
CSTACK$$Base            0x20023c78            --   Gb  - Linker created -
CSTACK$$Limit           0x20025c78            --   Gb  - Linker created -
DHCP_state              0x20023c71      0x1  Data  Gb  netconf.o [1]
DMARxDescToGet          0x20023c10      0x4  Data  Gb  stm32f429_eth.o [1]
DMARxDscrTab            0x200236d4     0xa0  Data  Gb  stm32f429_eth.o [1]
DMATxDescToSet          0x20023c0c      0x4  Data  Gb  stm32f429_eth.o [1]
DMATxDscrTab            0x20023774     0xa0  Data  Gb  stm32f429_eth.o [1]
DMA_RX_FRAME_infos      0x20023c14      0x4  Data  Gb  stm32f429_eth.o [1]
Debug_USART_Config      0x08017129     0xa2  Code  Gb  bsp_debug_usart.o [1]
DelayInit               0x080171f5     0x24  Code  Gb  dwt.o [1]
ETH_BSP_Config          0x0801622d     0x28  Code  Gb  LAN8742A.o [1]
ETH_DMAReceptionCmd     0x080148e1     0x22  Code  Gb  stm32f429_eth.o [1]
ETH_DMARxDescChainInit  0x08014787     0x58  Code  Gb  stm32f429_eth.o [1]
ETH_DMARxDescReceiveITConfig
                        0x0801482f     0x1a  Code  Gb  stm32f429_eth.o [1]
ETH_DMATransmissionCmd  0x080148b9     0x22  Code  Gb  stm32f429_eth.o [1]
ETH_DMATxDescChainInit  0x080147df     0x48  Code  Gb  stm32f429_eth.o [1]
ETH_DMATxDescChecksumInsertionConfig
                        0x08014827      0x8  Code  Gb  stm32f429_eth.o [1]
ETH_DeInit              0x08013f9f     0x18  Code  Gb  stm32f429_eth.o [1]
ETH_Delay               0x08013f81     0x1e  Code  Gb  stm32f429_eth.o [1]
ETH_FlushTransmitFIFO   0x0801488d     0x28  Code  Gb  stm32f429_eth.o [1]
ETH_GPIO_Config         0x0801632b    0x148  Code  Lc  LAN8742A.o [1]
ETH_GetSoftwareResetStatus
                        0x0801485b     0x1a  Code  Gb  stm32f429_eth.o [1]
ETH_Get_Received_Frame_interrupt
                        0x08014553    0x14a  Code  Gb  stm32f429_eth.o [1]
ETH_Init                0x080140a5    0x3a4  Code  Gb  stm32f429_eth.o [1]
ETH_InitStructure       0x20023618     0xbc  Data  Gb  LAN8742A.o [1]
ETH_MACAddressConfig    0x08014521     0x32  Code  Gb  stm32f429_eth.o [1]
ETH_MACDMA_Config       0x08016255     0xd6  Code  Lc  LAN8742A.o [1]
ETH_MACReceptionCmd     0x080144d5     0x4c  Code  Gb  stm32f429_eth.o [1]
ETH_MACTransmissionCmd  0x08014489     0x4c  Code  Gb  stm32f429_eth.o [1]
ETH_Prepare_Transmit_Descriptors
                        0x0801469d     0xea  Code  Gb  stm32f429_eth.o [1]
ETH_ReadPHYRegister     0x0801490d     0x6e  Code  Gb  stm32f429_eth.o [1]
ETH_SoftwareReset       0x08014849     0x12  Code  Gb  stm32f429_eth.o [1]
ETH_Start               0x08014449     0x20  Code  Gb  stm32f429_eth.o [1]
ETH_Stop                0x08014469     0x20  Code  Gb  stm32f429_eth.o [1]
ETH_StructInit          0x08013fb7     0xee  Code  Gb  stm32f429_eth.o [1]
ETH_WritePHYRegister    0x0801498d     0x70  Code  Gb  stm32f429_eth.o [1]
ETH_link_callback       0x08016473     0xe8  Code  Gb  LAN8742A.o [1]
EthLinkStatus           0x20023c6e      0x1  Data  Gb  LAN8742A.o [1]
EthStatus               0x20023b74      0x4  Data  Gb  LAN8742A.o [1]
GPIO_Init               0x08015cd9     0xaa  Code  Gb  stm32f4xx_gpio.o [1]
GPIO_PinAFConfig        0x08015d8b     0x5a  Code  Gb  stm32f4xx_gpio.o [1]
GPIO_ResetBits          0x08015d87      0x4  Code  Gb  stm32f4xx_gpio.o [1]
GPIO_SetBits            0x08015d83      0x4  Code  Gb  stm32f4xx_gpio.o [1]
HAL_Free                0x0800275d      0xc  Code  Gb  HAL_OS.o [1]
HAL_GetPartnerID        0x080027ad      0x6  Code  Gb  HAL_OS.o [1]
HAL_Malloc              0x08002751      0xc  Code  Gb  HAL_OS.o [1]
HAL_MutexCreate         0x080026f5     0x22  Code  Gb  HAL_OS.o [1]
HAL_MutexDestroy        0x08002717     0x12  Code  Gb  HAL_OS.o [1]
HAL_MutexLock           0x08002729     0x16  Code  Gb  HAL_OS.o [1]
HAL_MutexUnlock         0x0800273f     0x12  Code  Gb  HAL_OS.o [1]
HAL_SleepMs             0x080027a1      0xc  Code  Gb  HAL_OS.o [1]
HAL_TCP_Destroy         0x080070a3     0x3a  Code  Gb  HAL_TCP.o [1]
HAL_TCP_Establish       0x08006fb3     0xf0  Code  Gb  HAL_TCP.o [1]
HAL_TCP_Read            0x08007251    0x118  Code  Gb  HAL_TCP.o [1]
HAL_TCP_Write           0x080070dd    0x170  Code  Gb  HAL_TCP.o [1]
HAL_UptimeMs            0x08002769     0x2e  Code  Gb  HAL_OS.o [1]
HEAP$$Base              0x20025c78            --   Gb  - Linker created -
HEAP$$Limit             0x20027c78            --   Gb  - Linker created -
HardFault_Handler       0x08019be1      0xa  Code  Gb  stm32f4xx_it.o [1]
IOT_MQTT_Construct      0x0800205d    0x234  Code  Gb  mqtt_client.o [1]
IOT_MQTT_Destroy        0x080022a5     0x78  Code  Gb  mqtt_client.o [1]
IOT_MQTT_Publish        0x080023c9     0x6a  Code  Gb  mqtt_client.o [1]
IOT_MQTT_Yield          0x08002321     0x86  Code  Gb  mqtt_client.o [1]
IOT_SetupConnInfo       0x080151fd     0xfa  Code  Gb  sdk-impl.o [1]
IPaddress               0x20023bf4      0x4  Data  Gb  netconf.o [1]
InStream_Read           0x08017611     0x22  Code  Lc  packbits_init.o [5]
LED_GPIO_Config         0x0801709d     0x8c  Code  Gb  bsp_led.o [1]
LITE_free_internal      0x08002e79      0xc  Code  Gb  mem_stats.o [1]
LITE_free_routine       0x08002e85     0x28  Code  Gb  mem_stats.o [1]
LITE_malloc_internal    0x08002e51     0x28  Code  Gb  mem_stats.o [1]
LOS_Align               0x080089c5     0x18  Code  Gb  los_misc.o [1]
LOS_ErrHandle           0x08008205     0x48  Code  Gb  los_err.o [1]
LOS_HeapAlloc           0x0800b319    0x12c  Code  Gb  los_heap.o [1]
LOS_HeapFree            0x0800b445    0x11c  Code  Gb  los_heap.o [1]
LOS_HeapInit            0x0800b2d3     0x46  Code  Gb  los_heap.o [1]
LOS_HwiCreate           0x080160f3     0x72  Code  Gb  los_hwi.o [1]
LOS_IntLock             0x0800816f           Code  Gb  los_dispatch_iar.o [1]
LOS_IntNumGet           0x08008169           Code  Gb  los_dispatch_iar.o [1]
LOS_IntRestore          0x0800817f           Code  Gb  los_dispatch_iar.o [1]
LOS_IntUnLock           0x08008177           Code  Gb  los_dispatch_iar.o [1]
LOS_KernelInit          0x08017331     0x14  Code  Gb  los_init.o [1]
LOS_ListAdd             0x080048af      0xe  Code  Lc  los_mux.o [1]
LOS_ListAdd             0x080088c7      0xe  Code  Lc  los_priqueue.o [1]
LOS_ListAdd             0x0801531b      0xe  Code  Lc  los_queue.o [1]
LOS_ListAdd             0x0800b7d3      0xe  Code  Lc  los_sem.o [1]
LOS_ListAdd             0x0800506f      0xe  Code  Lc  los_task.o [1]
LOS_ListDelete          0x080048cd     0x16  Code  Lc  los_mux.o [1]
LOS_ListDelete          0x080088e5     0x16  Code  Lc  los_priqueue.o [1]
LOS_ListDelete          0x08015339     0x16  Code  Lc  los_queue.o [1]
LOS_ListDelete          0x0800b7f1     0x16  Code  Lc  los_sem.o [1]
LOS_ListDelete          0x0800508d     0x16  Code  Lc  los_task.o [1]
LOS_ListEmpty           0x080048e3     0x10  Code  Lc  los_mux.o [1]
LOS_ListEmpty           0x080088fb     0x10  Code  Lc  los_priqueue.o [1]
LOS_ListEmpty           0x0801534f     0x10  Code  Lc  los_queue.o [1]
LOS_ListEmpty           0x0800b807     0x10  Code  Lc  los_sem.o [1]
LOS_ListEmpty           0x080050a3     0x10  Code  Lc  los_task.o [1]
LOS_ListInit            0x080048a9      0x6  Code  Lc  los_mux.o [1]
LOS_ListInit            0x080088c1      0x6  Code  Lc  los_priqueue.o [1]
LOS_ListInit            0x08015315      0x6  Code  Lc  los_queue.o [1]
LOS_ListInit            0x0800b7cd      0x6  Code  Lc  los_sem.o [1]
LOS_ListInit            0x08005069      0x6  Code  Lc  los_task.o [1]
LOS_ListTailInsert      0x080048bd     0x10  Code  Lc  los_mux.o [1]
LOS_ListTailInsert      0x080088d5     0x10  Code  Lc  los_priqueue.o [1]
LOS_ListTailInsert      0x08015329     0x10  Code  Lc  los_queue.o [1]
LOS_ListTailInsert      0x0800b7e1     0x10  Code  Lc  los_sem.o [1]
LOS_ListTailInsert      0x0800507d     0x10  Code  Lc  los_task.o [1]
LOS_MS2Tick             0x0800bba5     0x24  Code  Gb  los_sys.o [1]
LOS_MemAlloc            0x0800809d     0x30  Code  Gb  los_memory.o [1]
LOS_MemAllocAlign       0x080080cd     0x12  Code  Gb  los_memory.o [1]
LOS_MemFree             0x080080df     0x38  Code  Gb  los_memory.o [1]
LOS_MemInit             0x0800802d     0x58  Code  Gb  los_memory.o [1]
LOS_MuxCreate           0x0800494d     0x7c  Code  Gb  los_mux.o [1]
LOS_MuxDelete           0x080049c9     0x90  Code  Gb  los_mux.o [1]
LOS_MuxPend             0x08004a59    0x146  Code  Gb  los_mux.o [1]
LOS_MuxPost             0x08004b9f     0xd4  Code  Gb  los_mux.o [1]
LOS_QueueCreate         0x080153cd     0xf0  Code  Gb  los_queue.o [1]
LOS_QueueReadCopy       0x08015795     0x3a  Code  Gb  los_queue.o [1]
LOS_QueueWriteCopy      0x080157cf     0x36  Code  Gb  los_queue.o [1]
LOS_Schedule            0x08008255     0x3a  Code  Gb  los_hw.o [1]
LOS_SemCreate           0x0800b903     0x16  Code  Gb  los_sem.o [1]
LOS_SemDelete           0x0800b919     0x88  Code  Gb  los_sem.o [1]
LOS_SemPend             0x0800b9a1    0x10c  Code  Gb  los_sem.o [1]
LOS_SemPost             0x0800baad     0x9a  Code  Gb  los_sem.o [1]
LOS_Start               0x08017241      0xc  Code  Gb  los_init.o [1]
LOS_StartToRun          0x08008119           Code  Gb  los_dispatch_iar.o [1]
LOS_TaskCreate          0x080057d9     0xa6  Code  Gb  los_task.o [1]
LOS_TaskCreateOnly      0x08005631    0x1a8  Code  Gb  los_task.o [1]
LOS_TaskDelay           0x0800587f     0x78  Code  Gb  los_task.o [1]
LOS_TaskYield           0x080059b1     0x7c  Code  Gb  los_task.o [1]
LOS_TickCountGet        0x0800bb9d      0x8  Code  Gb  los_sys.o [1]
LwIP_DHCP_task          0x08016b8d    0x122  Code  Gb  netconf.o [1]
LwIP_Init               0x08016b0d     0x80  Code  Gb  netconf.o [1]
MQTTConnect             0x08000263     0x9a  Code  Gb  mqtt_client.o [1]
MQTTDeserialize_ack     0x080031d7     0x6a  Code  Gb  MQTTDeserializePublish.o [1]
MQTTDeserialize_connack
                        0x080029cf     0x80  Code  Gb  MQTTConnectClient.o [1]
MQTTDeserialize_publish
                        0x08003121     0xb6  Code  Gb  MQTTDeserializePublish.o [1]
MQTTDeserialize_suback  0x08003249     0x98  Code  Gb  MQTTSubscribeClient.o [1]
MQTTDeserialize_unsuback
                        0x080032e5     0x3a  Code  Gb  MQTTUnsubscribeClient.o [1]
MQTTDisconnect          0x080004f5     0x52  Code  Lc  mqtt_client.o [1]
MQTTKeepalive           0x080001cd     0x96  Code  Lc  mqtt_client.o [1]
[...]
netconn_recved          0x0800bf7b     0x2a  Code  Gb  api_lib.o [1]
netconn_send            0x0800bfa5     0x36  Code  Gb  api_lib.o [1]
netconn_shutdown        0x0800c0c3     0x2c  Code  Gb  api_lib.o [1]
netconn_write_partly    0x0800bfdb     0xb0  Code  Gb  api_lib.o [1]
netif_add               0x08013cff     0x74  Code  Gb  netif.o [1]
netif_default           0x20023bfc      0x4  Data  Gb  netif.o [1]
netif_init              0x08013cfd      0x2  Code  Gb  netif.o [1]
netif_list              0x20023bf8      0x4  Data  Gb  netif.o [1]
netif_num               0x20023c72      0x1  Data  Lc  netif.o [1]
netif_set_addr          0x08013d73     0x24  Code  Gb  netif.o [1]
netif_set_default       0x08013e27      0x6  Code  Gb  netif.o [1]
netif_set_down          0x08013e73     0x28  Code  Gb  netif.o [1]
netif_set_gw            0x08013e0b      0xe  Code  Gb  netif.o [1]
netif_set_ipaddr        0x08013d97     0x74  Code  Gb  netif.o [1]
netif_set_link_callback
                        0x08013e9b      0x8  Code  Gb  netif.o [1]
netif_set_netmask       0x08013e19      0xe  Code  Gb  netif.o [1]
netif_set_up            0x08013e41     0x32  Code  Gb  netif.o [1]
next_timeout            0x20023c54      0x4  Data  Lc  timers.o [1]
obuf                    0x20023974     0x50  Data  Lc  xfiles.o [3]
osAlarmHeapInfo         0x0800b561     0x20  Code  Gb  los_heap.o [1]
osAtomicBitsetClearBit  0x0800c777     0x22  Code  Gb  los_slab.o [1]
osAtomicBitsetFindClearAndSet
                        0x0800c799     0x56  Code  Gb  los_slab.o [1]
osAtomicBitsetGetBit    0x0800c757     0x20  Code  Gb  los_slab.o [1]
osAtomicBitsetGetNumBits
                        0x0800c753      0x4  Code  Gb  los_slab.o [1]
osAtomicBitsetInit      0x0800c723     0x30  Code  Gb  los_slab.o [1]
osEnableFPU             0x08017229      0xe  Code  Gb  los_init.o [1]
osHeapPrvGetNext        0x0800b2bd     0x16  Code  Gb  los_heap.o [1]
osHeapStatisticsGet     0x0800b581     0x62  Code  Gb  los_heap.o [1]
osHwiDefaultHandler     0x08016061     0x1a  Code  Gb  los_hwi.o [1]
osHwiInit               0x080160cf     0x24  Code  Gb  los_hwi.o [1]
osIdleTask              0x08017237      0x2  Code  Gb  los_init.o [1]
osIdleTaskCreate        0x080053fd     0x42  Code  Gb  los_task.o [1]
osIntNumGet             0x08016055      0xc  Code  Gb  los_hwi.o [1]
osInterrupt             0x0801607b     0x54  Code  Gb  los_hwi.o [1]
osMain                  0x0801724d     0xc4  Code  Gb  los_init.o [1]
osMemSystemInit         0x08008085     0x14  Code  Gb  los_memory.o [1]
osMuxInit               0x080048f3     0x5a  Code  Gb  los_mux.o [1]
osPendSV                0x0800818d           Code  Gb  los_dispatch_iar.o [1]
osPriqueueDequeue       0x0800895b      0xc  Code  Gb  los_priqueue.o [1]
osPriqueueEnqueue       0x08008945     0x16  Code  Gb  los_priqueue.o [1]
osPriqueueInit          0x0800890b     0x3a  Code  Gb  los_priqueue.o [1]
osPriqueueSize          0x08008997     0x26  Code  Gb  los_priqueue.o [1]
osPriqueueTop           0x08008967     0x30  Code  Gb  los_priqueue.o [1]
osQueueBufferOperate    0x0801553d     0xe6  Code  Lc  los_queue.o [1]
osQueueInit             0x0801535f     0x6e  Code  Gb  los_queue.o [1]
osQueueOperate          0x08015623    0x172  Code  Gb  los_queue.o [1]
osQueueReadParameterCheck
                        0x080154bd     0x42  Code  Lc  los_queue.o [1]
osQueueWriteParameterCheck
                        0x080154ff     0x3e  Code  Lc  los_queue.o [1]
osRegister              0x08017239      0x8  Code  Gb  los_init.o [1]
osSchedule              0x0800824d      0x8  Code  Gb  los_hw.o [1]
osSemCreate             0x0800b86f     0x94  Code  Gb  los_sem.o [1]
osSemInit               0x0800b817     0x58  Code  Gb  los_sem.o [1]
osSlabAllocatorAlloc    0x0800c855     0x20  Code  Gb  los_slab.o [1]
osSlabAllocatorFree     0x0800c875     0x50  Code  Gb  los_slab.o [1]
osSlabAllocatorNew      0x0800c7ef     0x66  Code  Gb  los_slab.o [1]
osSlabBlockHeadFill     0x0800b5fd     0x10  Code  Gb  los_slabmem.o [1]
osSlabCtrlHdrGet        0x0800b5f9      0x4  Code  Gb  los_slabmem.o [1]
osSlabMemAlloc          0x0800b6a1     0xa4  Code  Gb  los_slabmem.o [1]
osSlabMemFree           0x0800b745     0x88  Code  Gb  los_slabmem.o [1]
osSlabMemInit           0x0800b60d     0x8a  Code  Gb  los_slabmem.o [1]
osSwTmrInit             0x08016933     0x94  Code  Gb  los_swtmr.o [1]
osSwTmrStart            0x080169c7     0x50  Code  Gb  los_swtmr.o [1]
osSwTmrTask             0x08016895     0x64  Code  Gb  los_swtmr.o [1]
osSwTmrTaskCreate       0x080168f9     0x3a  Code  Gb  los_swtmr.o [1]
osSwTmrTimeoutHandle    0x08016a2b     0x84  Code  Lc  los_swtmr.o [1]
osSwtmrDelete           0x08016a17     0x14  Code  Lc  los_swtmr.o [1]
osSwtmrScan             0x08016aaf     0x2a  Code  Gb  los_swtmr.o [1]
osTaskAdd2TimerList     0x080050eb     0xc8  Code  Gb  los_task.o [1]
osTaskEntry             0x080055ff     0x32  Code  Gb  los_task.o [1]
osTaskExit              0x0800828f      0x8  Code  Gb  los_hw.o [1]
osTaskInit              0x080052d1    0x12c  Code  Gb  los_task.o [1]
osTaskMonInit           0x080055eb     0x14  Code  Gb  los_task.o [1]
osTaskPriModify         0x080050b3     0x38  Code  Gb  los_task.o [1]
osTaskScan              0x080051f7     0xda  Code  Gb  los_task.o [1]
osTaskSchedule          0x08008185           Code  Gb  los_dispatch_iar.o [1]
osTaskSelfDelete        0x0800543f     0xf4  Code  Gb  los_task.o [1]
osTaskSwitchCheck       0x08005533     0xb8  Code  Gb  los_task.o [1]
osTaskWait              0x08005909     0x50  Code  Gb  los_task.o [1]
osTaskWake              0x0800596d     0x44  Code  Gb  los_task.o [1]
osTickHandler           0x08017af1     0x4c  Code  Gb  los_tick.o [1]
osTickStart             0x080173fb     0x5c  Code  Gb  los_hw_tick.o [1]
osTimerListDelete       0x080051b3     0x44  Code  Gb  los_task.o [1]
osTimesliceCheck        0x08017353     0x44  Code  Gb  los_timeslice.o [1]
osTimesliceInit         0x08017345      0xe  Code  Gb  los_timeslice.o [1]
osTskStackInit          0x08008297    0x130  Code  Gb  los_hw.o [1]
pbuf_alloc              0x0800c1bb    0x190  Code  Gb  pbuf.o [1]
pbuf_cat                0x0800c4e3     0x2e  Code  Gb  pbuf.o [1]
pbuf_chain              0x0800c511     0x16  Code  Gb  pbuf.o [1]
pbuf_clen               0x0800c4c3     0x14  Code  Gb  pbuf.o [1]
pbuf_copy               0x0800c527     0xcc  Code  Gb  pbuf.o [1]
pbuf_copy_partial       0x0800c5f3     0xa2  Code  Gb  pbuf.o [1]
pbuf_free               0x0800c453     0x70  Code  Gb  pbuf.o [1]
pbuf_header             0x0800c3b7     0x9c  Code  Gb  pbuf.o [1]
pbuf_realloc            0x0800c34b     0x6c  Code  Gb  pbuf.o [1]
pbuf_ref                0x0800c4d7      0xc  Code  Gb  pbuf.o [1]
pcb_new                 0x0800cdcd     0xa4  Code  Lc  api_msg.o [1]
pclient                 0x20023be0      0x4  Data  Gb  mqtt-example.o [1]
pconn_info              0x20023be4      0x4  Data  Gb  mqtt-example.o [1]
plug_holes              0x08004cc1     0x86  Code  Lc  mem.o [1]
poll_tcp                0x0800cc23     0x62  Code  Lc  api_msg.o [1]
prepend_alloc           0x08005b11    0x33c  Code  Lc  dlmalloc.o [3]
printf                  0x080024f9     0x24  Code  Gb  printf.o [3]
putchar                 0x08019955      0xc  Code  Gb  putchar.o [3]
ram                     0x20023bcc      0x4  Data  Lc  mem.o [1]
ram_end                 0x20023bd0      0x4  Data  Lc  mem.o [1]
ram_heap                0x20021094   0x1414  Data  Gb  mem.o [1]
raw_connect             0x0800e7c3     0x12  Code  Gb  raw.o [1]
raw_input               0x0800e735     0x8e  Code  Gb  raw.o [1]
raw_new                 0x0800e8e1     0x2e  Code  Gb  raw.o [1]
raw_pcbs                0x20023c00      0x4  Data  Lc  raw.o [1]
raw_recv                0x0800e7d5      0x6  Code  Gb  raw.o [1]
raw_remove              0x0800e8a1     0x40  Code  Gb  raw.o [1]
raw_send                0x0800e88f     0x12  Code  Gb  raw.o [1]
raw_sendto              0x0800e7db     0xb4  Code  Gb  raw.o [1]
readChar                0x08002fbd     0x10  Code  Gb  MQTTPacket.o [1]
readInt                 0x08002fa1     0x1c  Code  Gb  MQTTPacket.o [1]
readMQTTLenString       0x0800306b     0x3c  Code  Gb  MQTTPacket.o [1]
read_tcp                0x080033c9     0x18  Code  Gb  utils_net.o [1]
recv_data               0x20023c40      0x4  Data  Lc  tcp_in.o [1]
recv_flags              0x20023c77      0x1  Data  Lc  tcp_in.o [1]
recv_raw                0x0800ca5d     0xb4  Code  Lc  api_msg.o [1]
recv_tcp                0x0800cb9f     0x84  Code  Lc  api_msg.o [1]
recv_udp                0x0800cb11     0x8e  Code  Lc  api_msg.o [1]
s_pxNetIf               0x20023b5c      0x4  Data  Lc  ethernetif.o [1]
secmode_str             0x2000093c     0x1c  Data  Gb  guider.o [1]
segment_holding         0x08005a91     0x1a  Code  Lc  dlmalloc.o [3]
select_cb_ctr           0x20023c08      0x4  Data  Lc  sockets.o [1]
select_cb_list          0x20023c04      0x4  Data  Lc  sockets.o [1]
sent_tcp                0x0800cc85     0x64  Code  Lc  api_msg.o [1]
seqno                   0x20023c38      0x4  Data  Lc  tcp_in.o [1]
setup_tcp               0x0800cd91     0x3c  Code  Lc  api_msg.o [1]
snprintf                0x080074d5     0x44  Code  Gb  snprintf.o [3]
sockets                 0x20023914     0x60  Data  Lc  sockets.o [1]
software_init           0x08016f15      0xe  Code  Lc  main.o [1]
sprintf                 0x08008a11     0x34  Code  Gb  sprintf.o [3]
stBufModbus             0x20023370    0x110  Data  Gb  modbus.o [1]
stMotor                 0x20023bdc      0x4  Data  Gb  modbus.o [1]
stNowTime               0x20023b48      0x8  Data  Gb  modbus.o [1]
strchr                  0x080076a9           Code  Gb  strchr.o [5]
strcspn                 0x08004887     0x22  Code  Gb  strcspn.o [3]
strlen                  0x0800251d           Code  Gb  strlen.o [5]
strncmp                 0x0800331f     0x2a  Code  Gb  strncmp.o [3]
strspn                  0x08004865     0x22  Code  Gb  strspn.o [3]
strstr                  0x08007695     0x10  Code  Gb  utils_httpc.o [1]
strtok                  0x080025f5     0x4c  Code  Gb  strtok.o [3]
sys_alloc               0x08005e4d    0x384  Code  Lc  dlmalloc.o [3]
sys_arch_mbox_fetch     0x08008771     0x16  Code  Gb  sys_arch.o [1]
sys_arch_mbox_fetch_ext
                        0x08008675     0xfc  Code  Gb  sys_arch.o [1]
sys_arch_sem_wait       0x08008811     0x82  Code  Gb  sys_arch.o [1]
sys_init                0x08008787      0x2  Code  Gb  sys_arch.o [1]
sys_mbox_free           0x08008541     0x52  Code  Gb  sys_arch.o [1]
sys_mbox_new            0x08008455     0xec  Code  Gb  sys_arch.o [1]
sys_mbox_post           0x08008593     0x7a  Code  Gb  sys_arch.o [1]
sys_mbox_trypost        0x0800860d     0x68  Code  Gb  sys_arch.o [1]
sys_sem_free            0x080088ab     0x14  Code  Gb  sys_arch.o [1]
sys_sem_new             0x080087d1     0x3a  Code  Gb  sys_arch.o [1]
sys_sem_signal          0x08008893     0x18  Code  Gb  sys_arch.o [1]
sys_thread_new          0x08008789     0x48  Code  Gb  sys_arch.o [1]
sys_timeout             0x080103c9     0xaa  Code  Gb  timers.o [1]
sys_timeouts_init       0x08010395     0x34  Code  Gb  timers.o [1]
sys_timeouts_mbox_fetch
                        0x080104d1     0x94  Code  Gb  timers.o [1]
sys_untimeout           0x08010473     0x5e  Code  Gb  timers.o [1]
tcp_abandon             0x0800dcc7     0x92  Code  Gb  tcp.o [1]
tcp_abort               0x0800dd59      0xe  Code  Gb  tcp.o [1]
tcp_accept              0x0800e5e5      0x4  Code  Gb  tcp.o [1]
tcp_active_pcbs         0x20023c24      0x4  Data  Gb  tcp.o [1]
tcp_active_pcbs_changed
                        0x20023c73      0x1  Data  Gb  tcp.o [1]
tcp_alloc               0x0800e4fd     0xba  Code  Gb  tcp.o [1]
tcp_arg                 0x0800e5d3      0x4  Code  Gb  tcp.o [1]
tcp_backoff             0x08019d94     0x10  Data  Gb  tcp.o [1]
tcp_bound_pcbs          0x20023c1c      0x4  Data  Gb  tcp.o [1]
tcp_close               0x0800dc47     0x1c  Code  Gb  tcp.o [1]
tcp_close_shutdown      0x0800da4d    0x1fa  Code  Lc  tcp.o [1]
tcp_connect             0x0800de61    0x164  Code  Gb  tcp.o [1]
tcp_create_segment      0x0800ef31     0xce  Code  Lc  tcp_out.o [1]
tcp_eff_send_mss        0x0800e6d1     0x2e  Code  Gb  tcp.o [1]
tcp_enqueue_flags       0x0800f531    0x114  Code  Gb  tcp_out.o [1]
tcp_err                 0x0800e5df      0x6  Code  Gb  tcp.o [1]
tcp_fasttmr             0x0800e2f7     0x76  Code  Gb  tcp.o [1]
tcp_init                0x0800da2d      0x2  Code  Gb  tcp.o [1]
tcp_input               0x0801297d    0x4e2  Code  Gb  tcp_in.o [1]
tcp_input_pcb           0x20023c44      0x4  Data  Gb  tcp_in.o [1]
tcp_keepalive           0x0800fb03     0x3e  Code  Gb  tcp_out.o [1]
tcp_kill_prio           0x0800e45d     0x5c  Code  Lc  tcp.o [1]
tcp_kill_timewait       0x0800e4b9     0x3c  Code  Lc  tcp.o [1]
tcp_listen_input        0x08012e5f    0x12e  Code  Lc  tcp_in.o [1]
tcp_listen_pcbs         0x20023c20      0x4  Data  Gb  tcp.o [1]
tcp_new                 0x0800e5c9      0xa  Code  Gb  tcp.o [1]
tcp_new_port            0x0800ddef     0x72  Code  Lc  tcp.o [1]
tcp_next_iss            0x0800e6bd     0x14  Code  Gb  tcp.o [1]
tcp_output              0x0800f699    0x1f0  Code  Gb  tcp_out.o [1]
tcp_output_alloc_header
                        0x0800ee59     0x8c  Code  Lc  tcp_out.o [1]
tcp_output_segment      0x0800f889     0xd4  Code  Lc  tcp_out.o [1]
tcp_parseopt            0x08013c09     0xd0  Code  Lc  tcp_in.o [1]
tcp_pbuf_prealloc       0x0800efff     0x90  Code  Lc  tcp_out.o [1]
tcp_pcb_lists           0x08019da4     0x10  Data  Gb  tcp.o [1]
tcp_pcb_purge           0x0800e5f3     0x4e  Code  Gb  tcp.o [1]
tcp_pcb_remove          0x0800e641     0x76  Code  Gb  tcp.o [1]
tcp_persist_backoff     0x0801a000      0x8  Data  Gb  tcp.o [1]
tcp_poll                0x0800e5e9      0xa  Code  Gb  tcp.o [1]
tcp_port                0x2000097c      0x2  Data  Lc  tcp.o [1]
tcp_process             0x08013033    0x540  Code  Lc  tcp_in.o [1]
tcp_process_refused_data
                        0x0800e36d     0x8c  Code  Gb  tcp.o [1]
tcp_receive             0x080135b1    0x64e  Code  Lc  tcp_in.o [1]
tcp_recv                0x0800e5d7      0x4  Code  Gb  tcp.o [1]
tcp_recv_null           0x0800e42d     0x30  Code  Gb  tcp.o [1]
tcp_recved              0x0800ddb3     0x3c  Code  Gb  tcp.o [1]
tcp_rexmit              0x0800fa33     0x5e  Code  Gb  tcp_out.o [1]
tcp_rexmit_fast         0x0800fa91     0x72  Code  Gb  tcp_out.o [1]
tcp_rexmit_rto          0x0800f9f9     0x3a  Code  Gb  tcp_out.o [1]
tcp_rst                 0x0800f965     0x94  Code  Gb  tcp_out.o [1]
tcp_seg_free            0x0800e40f     0x1e  Code  Gb  tcp.o [1]
tcp_segs_free           0x0800e3f9     0x16  Code  Gb  tcp.o [1]
tcp_send_empty_ack      0x0800f645     0x54  Code  Gb  tcp_out.o [1]
tcp_send_fin            0x0800eee5     0x4c  Code  Gb  tcp_out.o [1]
tcp_sent                0x0800e5db      0x4  Code  Gb  tcp.o [1]
tcp_shutdown            0x0800dc63     0x64  Code  Gb  tcp.o [1]
tcp_slowtmr             0x0800dfc5    0x332  Code  Gb  tcp.o [1]
tcp_ticks               0x20023c18      0x4  Data  Gb  tcp.o [1]
tcp_timer               0x20023c74      0x1  Data  Lc  tcp.o [1]
tcp_timer_ctr           0x20023c75      0x1  Data  Lc  tcp.o [1]
tcp_timer_needed        0x08010311     0x2c  Code  Gb  timers.o [1]
tcp_timewait_input      0x08012f8d     0xa6  Code  Lc  tcp_in.o [1]
tcp_tmp_pcb             0x20023c2c      0x4  Data  Gb  tcp.o [1]
tcp_tmr                 0x0800da2f     0x1e  Code  Gb  tcp.o [1]
tcp_tw_pcbs             0x20023c28      0x4  Data  Gb  tcp.o [1]
tcp_update_rcv_ann_wnd  0x0800dd67     0x4c  Code  Gb  tcp.o [1]
tcp_write               0x0800f0ff    0x432  Code  Gb  tcp_out.o [1]
tcp_write_checks        0x0800f08f     0x70  Code  Lc  tcp_out.o [1]
tcp_zero_window_probe   0x0800fb41     0xb6  Code  Gb  tcp_out.o [1]
tcphdr                  0x20023c30      0x4  Data  Lc  tcp_in.o [1]
tcpip_apimsg            0x0800d979     0x3c  Code  Gb  tcpip.o [1]
tcpip_callback_with_block
                        0x0800d91b     0x5e  Code  Gb  tcpip.o [1]
tcpip_init              0x0800d9b5     0x30  Code  Gb  tcpip.o [1]
tcpip_init_done         0x20023c48      0x4  Data  Lc  tcpip.o [1]
tcpip_init_done_arg     0x20023c4c      0x4  Data  Lc  tcpip.o [1]
tcpip_input             0x0800d8cf     0x4c  Code  Gb  tcpip.o [1]
tcpip_tcp_timer         0x080102e5     0x2c  Code  Lc  timers.o [1]
tcpip_tcp_timer_active  0x20023c58      0x4  Data  Lc  timers.o [1]
tcpip_thread            0x0800d801     0xce  Code  Lc  tcpip.o [1]
tcplen                  0x20023c6a      0x2  Data  Lc  tcp_in.o [1]
tmalloc_large           0x080061dd    0x38a  Code  Lc  dlmalloc.o [3]
tmalloc_small           0x08006567    0x204  Code  Lc  dlmalloc.o [3]
tolower                 0x0800da0d     0x14  Code  Gb  tolower.o [3]
topic_msg               0x20023aac     0x14  Data  Gb  mqtt-example.o [1]
tryget_socket           0x08008b9f     0x2e  Code  Lc  sockets.o [1]
uBuffRecv               0x20023814     0x80  Data  Gb  modbus.o [1]
uDeviceStateDHCP        0x20023c6f      0x1  Data  Gb  main.o [1]
uDeviceStateDNS         0x20023c70      0x1  Data  Gb  main.o [1]
uRecvLen                0x20023c68      0x2  Data  Gb  modbus.o [1]
udp_bind                0x0800ece5     0x90  Code  Gb  udp.o [1]
udp_connect             0x0800ed75     0x5c  Code  Gb  udp.o [1]
udp_disconnect          0x0800edd1     0x12  Code  Gb  udp.o [1]
udp_init                0x0800e91d      0x2  Code  Gb  udp.o [1]
udp_input               0x0800e97d    0x220  Code  Gb  udp.o [1]
udp_new                 0x0800ee39     0x20  Code  Gb  udp.o [1]
udp_new_port            0x0800e91f     0x5e  Code  Lc  udp.o [1]
udp_pcbs                0x20023c5c      0x4  Data  Gb  udp.o [1]
udp_port                0x2000097e      0x2  Data  Lc  udp.o [1]
udp_recv                0x0800ede3      0x6  Code  Gb  udp.o [1]
udp_remove              0x0800ede9     0x40  Code  Gb  udp.o [1]
udp_send                0x0800eb9d     0x14  Code  Gb  udp.o [1]
udp_sendto              0x0800ebb1     0x38  Code  Gb  udp.o [1]
udp_sendto_if           0x0800ebe9     0xfc  Code  Gb  udp.o [1]
utils_hb2hex            0x0800b171     0x14  Code  Gb  utils_md5.o [1]
utils_hmac_sha1         0x08007519     0xf2  Code  Gb  utils_hmac.o [1]
utils_net_read          0x0800343b     0x22  Code  Gb  utils_net.o [1]
utils_net_write         0x0800345d     0x22  Code  Gb  utils_net.o [1]
utils_sha1_finish       0x0800b06f     0xf4  Code  Gb  utils_sha1.o [1]
utils_sha1_init         0x08009845     0x10  Code  Gb  utils_sha1.o [1]
utils_sha1_process      0x08009889   0x1762  Code  Gb  utils_sha1.o [1]
utils_sha1_starts       0x08009855     0x1e  Code  Gb  utils_sha1.o [1]
utils_sha1_update       0x0800afeb     0x84  Code  Gb  utils_sha1.o [1]
utils_time_countdown_ms
                        0x080026c7     0x2a  Code  Gb  utils_timer.o [1]
utils_time_is_expired   0x08002697     0x26  Code  Gb  utils_timer.o [1]
utils_time_spend        0x08002651     0x1c  Code  Gb  utils_timer.o [1]
vsnprintf               0x08007659     0x3c  Code  Gb  vsnprint.o [3]
writeCString            0x08003003     0x28  Code  Gb  MQTTPacket.o [1]
writeChar               0x08002fcd      0xc  Code  Gb  MQTTPacket.o [1]
writeInt                0x08002fd9     0x2a  Code  Gb  MQTTPacket.o [1]
writeMQTTString         0x0800302b     0x40  Code  Gb  MQTTPacket.o [1]
write_tcp               0x080033e1     0x18  Code  Lc  utils_net.o [1]


[1] = D:\Change_20180523_2_3THRD\liteos_alicloud_\targets\STM32F429IGTX_FIRE\user_IAR\Debug\Obj
[2] = command line
[3] = dl7M_tlf.a
[4] = m7M_tlv.a
[5] = rt7M_tl.a
[6] = shb_l.a

   95 717 bytes of readonly  code memory
   11 041 bytes of readonly  data memory
  161 912 bytes of readwrite data memory

Errors: none
Warnings: none
