Component: ARM Compiler 5.06 update 1 (build 61) Tool: armlink [4d35a8]

==============================================================================

Section Cross References

    los_startup_keil.o(RESET) refers (Special) to los_dispatch_keil.o(.text) for osPendSV
    los_startup_keil.o(RESET) refers to system_stm32f4xx.o(i.SystemInit) for SystemInit
    los_startup_keil.o(RESET) refers to entry.o(.ARM.Collect$$$$00000000) for __main
    main.o(i.Create_DHCPTask) refers to los_task.o(i.LOS_TaskCreate) for LOS_TaskCreate
    main.o(i.Create_DHCPTask) refers to netconf.o(i.LwIP_DHCP_task) for LwIP_DHCP_task
    main.o(i.Create_DHCPTask) refers to main.o(.data) for g_TskHandle
    main.o(i.Create_MQTTBaiduTask) refers to los_task.o(i.LOS_TaskCreate) for LOS_TaskCreate
    main.o(i.Create_MQTTBaiduTask) refers to main.o(i.MQTTBaiduTask) for MQTTBaiduTask
    main.o(i.Create_MQTTBaiduTask) refers to main.o(.data) for g_TskHandle
    main.o(i.Create_ReadMPUTask) refers to los_task.o(i.LOS_TaskCreate) for LOS_TaskCreate
    main.o(i.Create_ReadMPUTask) refers to main.o(i.ReadMPUTask) for ReadMPUTask
    main.o(i.Create_ReadMPUTask) refers to main.o(.data) for g_TskHandle
    main.o(i.MQTTBaiduTask) refers to los_memory.o(i.LOS_MemAlloc) for LOS_MemAlloc
    main.o(i.MQTTBaiduTask) refers to printfa.o(i.__0printf) for __2printf
    main.o(i.MQTTBaiduTask) refers to sdk-impl.o(i.IOT_SetupConnInfo) for IOT_SetupConnInfo
    main.o(i.MQTTBaiduTask) refers to memseta.o(.text) for __aeabi_memclr4
    main.o(i.MQTTBaiduTask) refers to los_task.o(i.LOS_TaskDelay) for LOS_TaskDelay
    main.o(i.MQTTBaiduTask) refers to mqtt_client.o(i.IOT_MQTT_Unsubscribe) for IOT_MQTT_Unsubscribe
    main.o(i.MQTTBaiduTask) refers to mqtt_client.o(i.IOT_MQTT_Destroy) for IOT_MQTT_Destroy
    main.o(i.MQTTBaiduTask) refers to mqtt_client.o(i.IOT_MQTT_Construct) for IOT_MQTT_Construct
    main.o(i.MQTTBaiduTask) refers to f2d.o(.text) for __aeabi_f2d
    main.o(i.MQTTBaiduTask) refers to printfa.o(i.__0sprintf) for __2sprintf
    main.o(i.MQTTBaiduTask) refers to mqtt_client.o(i.MQTTPublish) for MQTTPublish
    main.o(i.MQTTBaiduTask) refers to mqtt_client.o(i.IOT_MQTT_Publish) for IOT_MQTT_Publish
    main.o(i.MQTTBaiduTask) refers to los_memory.o(i.LOS_MemFree) for LOS_MemFree
    main.o(i.MQTTBaiduTask) refers to los_init.o(.bss) for m_aucSysMem0
    main.o(i.MQTTBaiduTask) refers to main.o(.data) for msg_buf
    main.o(i.MQTTBaiduTask) refers to main.o(.bss) for mqtt_params
    main.o(i.MQTTBaiduTask) refers to main.o(i.mqtt_event_handle) for mqtt_event_handle
    main.o(i.ReadMPUTask) refers to los_task.o(i.LOS_TaskDelay) for LOS_TaskDelay
    main.o(i.hardware_init) refers to bsp_led.o(i.LED_GPIO_Config) for LED_GPIO_Config
    main.o(i.hardware_init) refers to bsp_key.o(i.Key1_GPIO_Config) for Key1_GPIO_Config
    main.o(i.hardware_init) refers to bsp_key.o(i.Key2_GPIO_Config) for Key2_GPIO_Config
    main.o(i.hardware_init) refers to bsp_key.o(i.KeyCreate) for KeyCreate
    main.o(i.hardware_init) refers to bsp_debug_usart.o(i.Debug_USART_Config) for Debug_USART_Config
    main.o(i.hardware_init) refers to dwt.o(i.DelayInit) for DelayInit
    main.o(i.hardware_init) refers to modbusrtu.o(i.MODBUSRTU_UART_Init) for MODBUSRTU_UART_Init
    main.o(i.hardware_init) refers to lan8742a.o(i.ETH_BSP_Config) for ETH_BSP_Config
    main.o(i.hardware_init) refers to bsp_key.o(i.GetPinStateOfKey1) for GetPinStateOfKey1
    main.o(i.hardware_init) refers to main.o(.data) for Key1
    main.o(i.hardware_init) refers to bsp_key.o(i.GetPinStateOfKey2) for GetPinStateOfKey2
    main.o(i.hardware_init) refers to system_stm32f4xx.o(.data) for SystemCoreClock
    main.o(i.main) refers to los_init.o(i.LOS_KernelInit) for LOS_KernelInit
    main.o(i.main) refers to main.o(i.hardware_init) for hardware_init
    main.o(i.main) refers to printfa.o(i.__0printf) for __2printf
    main.o(i.main) refers to netconf.o(i.LwIP_Init) for LwIP_Init
    main.o(i.main) refers to main.o(i.Create_ReadMPUTask) for Create_ReadMPUTask
    main.o(i.main) refers to main.o(i.Create_DHCPTask) for Create_DHCPTask
    main.o(i.main) refers to main.o(i.Create_MQTTBaiduTask) for Create_MQTTBaiduTask
    main.o(i.main) refers to los_init.o(i.LOS_Start) for LOS_Start
    main.o(i.mqtt_event_handle) refers to printfa.o(i.__0printf) for __2printf
    main.o(i.mqtt_event_handle) refers to main.o(.data) for DeviceState
    main.o(i.mqtt_event_handle) refers to main.o(.conststring) for .conststring
    main.o(i.mqtt_message_arrive) refers to printfa.o(i.__0printf) for __2printf
    stm32f4xx_it.o(i.HardFault_Handler) refers to printfa.o(i.__0printf) for __2printf
    system_stm32f4xx.o(i.SystemCoreClockUpdate) refers to system_stm32f4xx.o(.data) for SystemCoreClock
    system_stm32f4xx.o(i.SystemInit) refers to system_stm32f4xx.o(i.SetSysClock) for SetSysClock
    netconf.o(i.LwIP_DHCP_task) refers to dhcp.o(i.dhcp_start) for dhcp_start
[...]
    tcp_pcb_purge                            0x08015e4d   Thumb Code    88  tcp.o(i.tcp_pcb_purge)
    tcp_pcb_remove                           0x08015ea5   Thumb Code   184  tcp.o(i.tcp_pcb_remove)
    tcp_poll                                 0x08015fe1   Thumb Code    46  tcp.o(i.tcp_poll)
    tcp_process_refused_data                 0x08016711   Thumb Code   148  tcp.o(i.tcp_process_refused_data)
    tcp_recv                                 0x080170c1   Thumb Code    38  tcp.o(i.tcp_recv)
    tcp_recv_null                            0x0801715d   Thumb Code    46  tcp.o(i.tcp_recv_null)
    tcp_recved                               0x0801718d   Thumb Code   128  tcp.o(i.tcp_recved)
    tcp_rexmit                               0x080172a5   Thumb Code    90  tcp_out.o(i.tcp_rexmit)
    tcp_rexmit_fast                          0x080172ff   Thumb Code   120  tcp_out.o(i.tcp_rexmit_fast)
    tcp_rexmit_rto                           0x08017377   Thumb Code    58  tcp_out.o(i.tcp_rexmit_rto)
    tcp_rst                                  0x080173b1   Thumb Code   156  tcp_out.o(i.tcp_rst)
    tcp_seg_free                             0x080174cd   Thumb Code    26  tcp.o(i.tcp_seg_free)
    tcp_segs_free                            0x080174e7   Thumb Code    24  tcp.o(i.tcp_segs_free)
    tcp_send_empty_ack                       0x080174ff   Thumb Code    86  tcp_out.o(i.tcp_send_empty_ack)
    tcp_send_fin                             0x08017555   Thumb Code    74  tcp_out.o(i.tcp_send_fin)
    tcp_sent                                 0x080175a1   Thumb Code    38  tcp.o(i.tcp_sent)
    tcp_shutdown                             0x0801763d   Thumb Code    98  tcp.o(i.tcp_shutdown)
    tcp_slowtmr                              0x080176a1   Thumb Code  1432  tcp.o(i.tcp_slowtmr)
    tcp_timer_needed                         0x08017c8d   Thumb Code    38  timers.o(i.tcp_timer_needed)
    tcp_tmr                                  0x08017d71   Thumb Code    30  tcp.o(i.tcp_tmr)
    tcp_update_rcv_ann_wnd                   0x08017d95   Thumb Code   102  tcp.o(i.tcp_update_rcv_ann_wnd)
    tcp_write                                0x08017e65   Thumb Code  1684  tcp_out.o(i.tcp_write)
    tcp_zero_window_probe                    0x080186fd   Thumb Code   180  tcp_out.o(i.tcp_zero_window_probe)
    tcpip_apimsg                             0x080187b1   Thumb Code    60  tcpip.o(i.tcpip_apimsg)
    tcpip_callback_with_block                0x080187f1   Thumb Code    90  tcpip.o(i.tcpip_callback_with_block)
    tcpip_init                               0x08018851   Thumb Code    72  tcpip.o(i.tcpip_init)
    tcpip_input                              0x08018921   Thumb Code    72  tcpip.o(i.tcpip_input)
    udp_bind                                 0x08018b35   Thumb Code   170  udp.o(i.udp_bind)
    udp_connect                              0x08018c3d   Thumb Code    98  udp.o(i.udp_connect)
    udp_disconnect                           0x08018ca5   Thumb Code    16  udp.o(i.udp_disconnect)
    udp_init                                 0x08018cb5   Thumb Code     2  udp.o(i.udp_init)
    udp_input                                0x08018cb9   Thumb Code   512  udp.o(i.udp_input)
    udp_new                                  0x08018f39   Thumb Code    28  udp.o(i.udp_new)
    udp_recv                                 0x08018fad   Thumb Code     6  udp.o(i.udp_recv)
    udp_remove                               0x08018fb5   Thumb Code    60  udp.o(i.udp_remove)
    udp_send                                 0x08018ff5   Thumb Code    20  udp.o(i.udp_send)
    udp_sendto                               0x08019009   Thumb Code    54  udp.o(i.udp_sendto)
    udp_sendto_if                            0x08019041   Thumb Code   264  udp.o(i.udp_sendto_if)
    utils_hb2hex                             0x080191c5   Thumb Code    24  utils_md5.o(i.utils_hb2hex)
    utils_hmac_sha1                          0x080191dd   Thumb Code   214  utils_hmac.o(i.utils_hmac_sha1)
    utils_net_read                           0x080192b3   Thumb Code    40  utils_net.o(i.utils_net_read)
    utils_net_write                          0x080192db   Thumb Code    40  utils_net.o(i.utils_net_write)
    utils_sha1_finish                        0x08019305   Thumb Code   228  utils_sha1.o(i.utils_sha1_finish)
    utils_sha1_init                          0x080193ed   Thumb Code    14  utils_sha1.o(i.utils_sha1_init)
    utils_sha1_process                       0x080193fd   Thumb Code  6420  utils_sha1.o(i.utils_sha1_process)
    utils_sha1_starts                        0x0801ad19   Thumb Code    30  utils_sha1.o(i.utils_sha1_starts)
    utils_sha1_update                        0x0801ad45   Thumb Code   124  utils_sha1.o(i.utils_sha1_update)
    utils_time_countdown_ms                  0x0801adc1   Thumb Code    22  utils_timer.o(i.utils_time_countdown_ms)
    utils_time_is_expired                    0x0801add7   Thumb Code    36  utils_timer.o(i.utils_time_is_expired)
    writeCString                             0x0801adfb   Thumb Code    40  mqttpacket.o(i.writeCString)
    writeChar                                0x0801ae23   Thumb Code    12  mqttpacket.o(i.writeChar)
    writeInt                                 0x0801ae2f   Thumb Code    48  mqttpacket.o(i.writeInt)
    writeMQTTString                          0x0801ae5f   Thumb Code    62  mqttpacket.o(i.writeMQTTString)
    tcp_state_str                            0x0801af40   Data          44  tcp.o(.constdata)
    tcp_backoff                              0x0801af6c   Data          13  tcp.o(.constdata)
    tcp_persist_backoff                      0x0801af79   Data           7  tcp.o(.constdata)
    tcp_pcb_lists                            0x0801af80   Data          16  tcp.o(.constdata)
    ip_addr_any                              0x0801af90   Data           4  ip_addr.o(.constdata)
    ip_addr_broadcast                        0x0801af94   Data           4  ip_addr.o(.constdata)
    ethbroadcast                             0x0801af98   Data           6  etharp.o(.constdata)
    ethzero                                  0x0801af9e   Data           6  etharp.o(.constdata)
    __ctype_table                            0x0801b4e3   Data         129  ctype_o.o(.constdata)
    Region$$Table$$Base                      0x0801be40   Number         0  anon$$obj.o(Region$$Table)
    Region$$Table$$Limit                     0x0801be70   Number         0  anon$$obj.o(Region$$Table)
    m_pstHwiForm                             0x20000000   Data        1024  los_hwi.o(.vector.bss)
    Image$$ARM_LIB_STACKHEAP$$ZI$$Base       0x20000400   Number         0  anon$$obj.o ABSOLUTE
    Image$$ARM_LIB_STACKHEAP$$ZI$$Limit      0x20000800   Number         0  anon$$obj.o ABSOLUTE
    Key1                                     0x20000800   Data           8  main.o(.data)
    Key2                                     0x20000808   Data           8  main.o(.data)
    g_TskHandle                              0x20000810   Data           4  main.o(.data)
    SendCount                                0x20000814   Data           4  main.o(.data)
    pclient                                  0x20000818   Data           4  main.o(.data)
    pconn_info                               0x2000081c   Data           4  main.o(.data)
    msg_buf                                  0x20000820   Data           4  main.o(.data)
    msg_readbuf                              0x20000824   Data           4  main.o(.data)
    DeviceState                              0x20000828   Data           1  main.o(.data)
    g_X                                      0x2000082c   Data           4  main.o(.data)
    g_Y                                      0x20000830   Data           4  main.o(.data)
    g_Z                                      0x20000834   Data           4  main.o(.data)
    SystemCoreClock                          0x20000838   Data           4  system_stm32f4xx.o(.data)
    AHBPrescTable                            0x2000083c   Data          16  system_stm32f4xx.o(.data)
    IPaddress                                0x2000084c   Data           4  netconf.o(.data)
    DHCP_state                               0x20000850   Data           1  netconf.o(.data)
    MODBUSRTU_UART_BytesToRead               0x20000852   Data           2  modbusrtu.o(.data)
    EthStatus                                0x20000858   Data           4  lan8742a.o(.data)
    EthLinkStatus                            0x2000085c   Data           1  lan8742a.o(.data)
    DMATxDescToSet                           0x20000860   Data           4  stm32f429_eth.o(.data)
    DMARxDescToGet                           0x20000864   Data           4  stm32f429_eth.o(.data)
    DMA_RX_FRAME_infos                       0x20000868   Data           4  stm32f429_eth.o(.data)
    Frame_Rx_index                           0x2000086c   Data           4  stm32f429_eth.o(.data)
    g_pstLosPriorityQueueList                0x20000880   Data           4  los_priqueue.o(.data)
    m_uwSwTmrHandlerQueue                    0x20000884   Data           4  los_swtmr.o(.data)
    m_pstSwtmrCBArray                        0x20000888   Data           4  los_swtmr.o(.data)
    m_pstSwtmrFreeList                       0x2000088c   Data           4  los_swtmr.o(.data)
    m_pstSwtmrSortList                       0x20000890   Data           4  los_swtmr.o(.data)
    g_pstTaskCBArray                         0x20000894   Data           4  los_task.o(.data)
    g_stLosTask                              0x20000898   Data           8  los_task.o(.data)
    g_usLosTaskLock                          0x200008a0   Data           2  los_task.o(.data)
    g_uwTskMaxNum                            0x200008a4   Data           4  los_task.o(.data)
    g_uwIdleTaskID                           0x200008a8   Data           4  los_task.o(.data)
    g_uwSwtmrTaskID                          0x200008ac   Data           4  los_task.o(.data)
    g_stTaskTimerList                        0x200008b0   Data           8  los_task.o(.data)
    g_stLosFreeTask                          0x200008b8   Data           8  los_task.o(.data)
    g_stTskRecyleList                        0x200008c0   Data           8  los_task.o(.data)
    g_stTskSortLink                          0x200008c8   Data           8  los_task.o(.data)
    g_bTaskScheduled                         0x200008d0   Data           4  los_task.o(.data)
    g_pfnTskSwitchHook                       0x200008d4   Data           4  los_task.o(.data)
    g_pfnUsrTskSwitchHook                    0x200008d8   Data           4  los_task.o(.data)
    g_ullTickCount                           0x200008e0   Data           8  los_tick.o(.data)
    g_uwTicksPerSec                          0x200008e8   Data           4  los_tick.o(.data)
    g_uwCyclePerSec                          0x200008ec   Data           4  los_tick.o(.data)
    g_uwCyclesPerTick                        0x200008f0   Data           4  los_tick.o(.data)
    g_stTaskTimeSlice                        0x200008f4   Data           8  los_timeslice.o(.data)
    g_pstAllMux                              0x200008fc   Data           4  los_mux.o(.data)
    g_stUnusedMuxList                        0x20000900   Data           8  los_mux.o(.data)
    g_pstAllQueue                            0x20000908   Data           4  los_queue.o(.data)
    g_stFreeQueueList                        0x2000090c   Data           8  los_queue.o(.data)
    g_stUnusedSemList                        0x20000914   Data           8  los_sem.o(.data)
    g_pstAllSem                              0x2000091c   Data           4  los_sem.o(.data)
    g_stUserErrFunc                          0x20000928   Data           4  los_err.o(.data)
    g_vuwIntCount                            0x2000092c   Data           4  los_hwi.o(.data)
    netif_list                               0x2000096c   Data           4  netif.o(.data)
    netif_default                            0x20000970   Data           4  netif.o(.data)
    tcp_ticks                                0x20000980   Data           4  tcp.o(.data)
    tcp_bound_pcbs                           0x20000984   Data           4  tcp.o(.data)
    tcp_listen_pcbs                          0x20000988   Data           4  tcp.o(.data)
    tcp_active_pcbs                          0x2000098c   Data           4  tcp.o(.data)
    tcp_tw_pcbs                              0x20000990   Data           4  tcp.o(.data)
    tcp_tmp_pcb                              0x20000994   Data           4  tcp.o(.data)
    tcp_active_pcbs_changed                  0x20000998   Data           1  tcp.o(.data)
    tcp_input_pcb                            0x200009bc   Data           4  tcp_in.o(.data)
    udp_pcbs                                 0x200009cc   Data           4  udp.o(.data)
    current_netif                            0x200009d0   Data           4  ip.o(.data)
    current_header                           0x200009d4   Data           4  ip.o(.data)
    current_iphdr_src                        0x200009d8   Data           4  ip.o(.data)
    current_iphdr_dest                       0x200009dc   Data           4  ip.o(.data)
    secmode_str                              0x200009f0   Data          28  guider.o(.data)
    errno                                    0x20000a0c   Data           4  hal_os_liteos.o(.data)
    __stdout                                 0x20000a30   Data           4  stdout.o(.data)
    __stderr                                 0x20000a38   Data           4  stderr.o(.data)
    __microlib_freelist                      0x20000a3c   Data           4  mvars.o(.data)
    __microlib_freelist_initialised          0x20000a40   Data           4  mvars.o(.data)
    mqtt_params                              0x20000a48   Data          60  main.o(.bss)
    topic_msg                                0x20000a84   Data          20  main.o(.bss)
    msg_pub                                  0x20000a98   Data         512  main.o(.bss)
    param                                    0x20000c98   Data         256  main.o(.bss)
    gnetif                                   0x20000d98   Data          56  netconf.o(.bss)
    MODBUSRTU_UART_BUFF                      0x20000dd0   Data         512  modbusrtu.o(.bss)
    ETH_InitStructure                        0x20000fd0   Data         188  lan8742a.o(.bss)
    DMARxDscrTab                             0x2000108c   Data         160  stm32f429_eth.o(.bss)
    DMATxDscrTab                             0x2000112c   Data         160  stm32f429_eth.o(.bss)
    Rx_Buff                                  0x200011cc   Data        7620  stm32f429_eth.o(.bss)
    Tx_Buff                                  0x20002f90   Data        7620  stm32f429_eth.o(.bss)
    RX_Frame_Descriptor                      0x20004d54   Data          12  stm32f429_eth.o(.bss)
    m_aucSysMem0                             0x20004d60   Data       147456  los_init.o(.bss)
    m_pstHwiSlaveForm                        0x20028d60   Data        1024  los_hwi.o(.bss)
    dhcp_rx_options_val                      0x200291c0   Data          40  dhcp.o(.bss)
    dhcp_rx_options_given                    0x200291e8   Data          10  dhcp.o(.bss)
    ram_heap                                 0x20029857   Data        5140  mem.o(.bss)



==============================================================================

Memory Map of the image

  Image Entry point : 0x0800002d

  Load Region LR_IROM1 (Base: 0x08000000, Size: 0x0001c4b8, Max: 0x00200000, ABSOLUTE, COMPRESSED[0x0001bee4])

    Execution Region ER_IROM1 (Base: 0x08000000, Size: 0x0001be70, Max: 0x00100000, ABSOLUTE)

    Base Addr    Size         Type   Attr      Idx    E Section Name        Object

    0x08000000   0x0000002c   Code   RO            2    RESET               los_startup_keil.o
    0x0800002c   0x00000000   Code   RO        12809  * .ARM.Collect$$$$00000000  mc_w.l(entry.o)
    0x0800002c   0x00000004   Code   RO        13148    .ARM.Collect$$$$00000002  mc_w.l(entry3.o)
    0x08000030   0x00000004   Code   RO        13151    .ARM.Collect$$$$00000004  mc_w.l(entry5.o)
    0x08000034   0x00000000   Code   RO        13153    .ARM.Collect$$$$00000008  mc_w.l(entry7b.o)
    0x08000034   0x00000000   Code   RO        13155    .ARM.Collect$$$$0000000A  mc_w.l(entry8b.o)
    0x08000034   0x00000008   Code   RO        13156    .ARM.Collect$$$$0000000B  mc_w.l(entry9a.o)
    0x0800003c   0x00000000   Code   RO        13158    .ARM.Collect$$$$0000000D  mc_w.l(entry10a.o)
    0x0800003c   0x00000000   Code   RO        13160    .ARM.Collect$$$$0000000F  mc_w.l(entry11a.o)
    0x0800003c   0x00000004   Code   RO        13149    .ARM.Collect$$$$00002713  mc_w.l(entry3.o)
    0x08000040   0x000000e8   Code   RO         8594    .text               los_dispatch_keil.o
    0x08000128   0x00000062   Code   RO        12817    .text               mc_w.l(uldiv.o)
    0x0800018a   0x00000024   Code   RO        12819    .text               mc_w.l(memcpya.o)
    0x080001ae   0x00000024   Code   RO        12821    .text               mc_w.l(memseta.o)
    0x080001d2   0x00000024   Code   RO        12823    .text               mc_w.l(strstr.o)
    0x080001f6   0x00000018   Code   RO        12825    .text               mc_w.l(strncpy.o)
    0x0800020e   0x0000000e   Code   RO        12829    .text               mc_w.l(strlen.o)
    0x0800021c   0x0000001c   Code   RO        12831    .text               mc_w.l(strcmp.o)
    0x08000238   0x0000001a   Code   RO        12833    .text               mc_w.l(memcmp.o)
    0x08000252   0x00000002   PAD
    0x08000254   0x00000044   Code   RO        12839    .text               mc_w.l(strtok.o)
    0x08000298   0x0000001a   Code   RO        13136    .text               mc_w.l(atoi.o)
    0x080002b2   0x000000de   Code   RO        13138    .text               mf_w.l(ddiv.o)
    0x08000390   0x00000030   Code   RO        13144    .text               mf_w.l(dfixul.o)
    0x080003c0   0x00000026   Code   RO        13146    .text               mf_w.l(f2d.o)
    0x080003e6   0x0000002c   Code   RO        13167    .text               mc_w.l(uidiv.o)
    0x08000412   0x0000001e   Code   RO        13169    .text               mc_w.l(llshl.o)
    0x08000430   0x00000020   Code   RO        13171    .text               mc_w.l(llushr.o)
    0x08000450   0x000000e4   Code   RO        13173    .text               mc_w.l(strerror.o)
    0x08000534   0x00000070   Code   RO        13184    .text               mc_w.l(strtol.o)
    0x080005a4   0x00000000   Code   RO        13186    .text               mc_w.l(iusefp.o)
    0x080005a4   0x000000ba   Code   RO        13187    .text               mf_w.l(depilogue.o)
    0x0800065e   0x0000014e   Code   RO        13189    .text               mf_w.l(dadd.o)
    0x080007ac   0x000000e4   Code   RO        13191    .text               mf_w.l(dmul.o)
    0x08000890   0x00000030   Code   RO        13193    .text               mf_w.l(cdrcmple.o)
    0x080008c0   0x00000024   Code   RO        13195    .text               mc_w.l(init.o)
    0x080008e4   0x00000024   Code   RO        13197    .text               mc_w.l(llsshr.o)
    0x08000908   0x00000008   Code   RO        13199    .text               mc_w.l(ctype_o.o)
    0x08000910   0x0000009e   Code   RO        13227    .text               mc_w.l(_strtoul.o)
    0x080009ae   0x0000001c   Code   RO        13229    .text               mc_w.l(_chval.o)
    0x080009ca   0x00000056   Code   RO        13239    .text               mc_w.l(__dczerorl2.o)
    0x08000a20   0x00000040   Code   RO           10    i.Create_DHCPTask   main.o
    0x08000a60   0x00000048   Code   RO           11    i.Create_MQTTBaiduTask  main.o
    0x08000aa8   0x00000044   Code   RO           12    i.Create_ReadMPUTask  main.o
    0x08000aec   0x000000a0   Code   RO          838    i.Debug_USART_Config  bsp_debug_usart.o
    0x08000b8c   0x00000030   Code   RO          690    i.DelayInit         dwt.o
    0x08000bbc   0x0000002c   Code   RO          878    i.ETH_BSP_Config    lan8742a.o
    0x08000be8   0x00000020   Code   RO          947    i.ETH_DMAITConfig   stm32f429_eth.o
    0x08000c08   0x00000024   Code   RO          948    i.ETH_DMAReceptionCmd  stm32f429_eth.o
    0x08000c2c   0x00000064   Code   RO          949    i.ETH_DMARxDescChainInit  stm32f429_eth.o
    0x08000c90   0x00000016   Code   RO          950    i.ETH_DMARxDescReceiveITConfig  stm32f429_eth.o
    0x08000ca6   0x00000002   PAD
    0x08000ca8   0x00000024   Code   RO          951    i.ETH_DMATransmissionCmd  stm32f429_eth.o
    0x08000ccc   0x00000050   Code   RO          954    i.ETH_DMATxDescChainInit  stm32f429_eth.o
    0x08000d1c   0x00000008   Code   RO          955    i.ETH_DMATxDescChecksumInsertionConfig  stm32f429_eth.o
    0x08000d24   0x00000016   Code   RO          960    i.ETH_DeInit        stm32f429_eth.o
    0x08000d3a   0x0000001c   Code   RO          961    i.ETH_Delay         stm32f429_eth.o
    0x08000d56   0x00000002   PAD
    0x08000d58   0x0000002c   Code   RO          963    i.ETH_FlushTransmitFIFO  stm32f429_eth.o
    0x08000d84   0x00000154   Code   RO          881    i.ETH_GPIO_Config   lan8742a.o
    0x08000ed8   0x00000018   Code   RO          989    i.ETH_GetSoftwareResetStatus  stm32f429_eth.o
    0x08000ef0   0x00000118   Code   RO          992    i.ETH_Get_Received_Frame_interrupt  stm32f429_eth.o
    0x08001008   0x00000328   Code   RO          994    i.ETH_Init          stm32f429_eth.o
    0x08001330   0x00000034   Code   RO          996    i.ETH_MACAddressConfig  stm32f429_eth.o
    0x08001364   0x000000ac   Code   RO          882    i.ETH_MACDMA_Config  lan8742a.o
    0x08001410   0x00000040   Code   RO         1001    i.ETH_MACReceptionCmd  stm32f429_eth.o
    0x08001450   0x00000040   Code   RO         1002    i.ETH_MACTransmissionCmd  stm32f429_eth.o
    0x08001490   0x000000cc   Code   RO         1013    i.ETH_Prepare_Transmit_Descriptors  stm32f429_eth.o
    0x0800155c   0x0000006c   Code   RO         1014    i.ETH_ReadPHYRegister  stm32f429_eth.o
    0x080015c8   0x00000014   Code   RO         1022    i.ETH_SoftwareReset  stm32f429_eth.o
    0x080015dc   0x00000020   Code   RO         1023    i.ETH_Start         stm32f429_eth.o
    0x080015fc   0x00000020   Code   RO         1024    i.ETH_Stop          stm32f429_eth.o
    0x0800161c   0x000000b2   Code   RO         1025    i.ETH_StructInit    stm32f429_eth.o
    0x080016ce   0x00000002   PAD
    0x080016d0   0x00000068   Code   RO         1027    i.ETH_WritePHYRegister  stm32f429_eth.o
    0x08001738   0x00000100   Code   RO          883    i.ETH_link_callback  lan8742a.o
    0x08001838   0x00000090   Code   RO         3353    i.GPIO_Init         stm32f4xx_gpio.o
    0x080018c8   0x00000046   Code   RO         3354    i.GPIO_PinAFConfig  stm32f4xx_gpio.o
    0x0800190e   0x00000012   Code   RO         3357    i.GPIO_ReadInputDataBit  stm32f4xx_gpio.o
    0x08001920   0x00000004   Code   RO         3360    i.GPIO_ResetBits    stm32f4xx_gpio.o
    0x08001924   0x00000004   Code   RO         3361    i.GPIO_SetBits      stm32f4xx_gpio.o
    0x08001928   0x00000018   Code   RO          748    i.GetPinStateOfKey1  bsp_key.o
    0x08001940   0x0000001c   Code   RO          749    i.GetPinStateOfKey2  bsp_key.o
    0x0800195c   0x00000006   Code   RO        11818    i.HAL_GetPartnerID  hal_os_liteos.o
    0x08001962   0x00000016   Code   RO        11820    i.HAL_MutexCreate   hal_os_liteos.o
    0x08001978   0x0000000e   Code   RO        11821    i.HAL_MutexDestroy  hal_os_liteos.o
    0x08001986   0x00000012   Code   RO        11822    i.HAL_MutexLock     hal_os_liteos.o
    0x08001998   0x0000000e   Code   RO        11823    i.HAL_MutexUnlock   hal_os_liteos.o
    0x080019a6   0x0000000c   Code   RO        11826    i.HAL_SleepMs       hal_os_liteos.o
    0x080019b2   0x00000026   Code   RO        11827    i.HAL_Snprintf      hal_os_liteos.o
    0x080019d8   0x00000002   Code   RO        11828    i.HAL_Srandom       hal_os_liteos.o
    0x080019da   0x00000002   PAD
    0x080019dc   0x00000060   Code   RO        11924    i.HAL_TCP_Destroy   hal_tcp_liteos.o
    0x08001a3c   0x0000029c   Code   RO        11925    i.HAL_TCP_Establish  hal_tcp_liteos.o
    0x08001cd8   0x00000198   Code   RO        11926    i.HAL_TCP_Read      hal_tcp_liteos.o
    0x08001e70   0x000002d4   Code   RO        11927    i.HAL_TCP_Write     hal_tcp_liteos.o
    0x08002144   0x00000012   Code   RO        11829    i.HAL_UptimeMs      hal_os_liteos.o
    0x08002156   0x00000002   PAD
    0x08002158   0x00000330   Code   RO        12381    i.IOT_MQTT_Construct  mqtt_client.o
    0x08002488   0x000000e0   Code   RO        12382    i.IOT_MQTT_Destroy  mqtt_client.o
    0x08002568   0x000000c8   Code   RO        12383    i.IOT_MQTT_Publish  mqtt_client.o
    0x08002630   0x000000c8   Code   RO        12385    i.IOT_MQTT_Unsubscribe  mqtt_client.o
    0x080026f8   0x00000190   Code   RO        11490    i.IOT_SetupConnInfo  sdk-impl.o
    0x08002888   0x0000002c   Code   RO          750    i.Key1_GPIO_Config  bsp_key.o
    0x080028b4   0x0000002c   Code   RO          751    i.Key2_GPIO_Config  bsp_key.o
    0x080028e0   0x00000012   Code   RO          752    i.KeyCreate         bsp_key.o
    0x080028f2   0x00000002   PAD
    0x080028f4   0x00000080   Code   RO          814    i.LED_GPIO_Config   bsp_led.o
    0x08002974   0x0000000c   Code   RO        12127    i.LITE_free_internal  mem_stats.o
    0x08002980   0x00000058   Code   RO        12128    i.LITE_free_routine  mem_stats.o
    0x080029d8   0x0000000c   Code   RO        12737    i.LITE_get_loglevel  lite-log.o
    0x080029e4   0x00000008   Code   RO        12738    i.LITE_get_logname  lite-log.o
    0x080029ec   0x00000028   Code   RO        12129    i.LITE_malloc_internal  mem_stats.o
    0x08002a14   0x000000cc   Code   RO        12744    i.LITE_syslog       lite-log.o
    0x08002ae0   0x0000001c   Code   RO         8329    i.LOS_Align         los_misc.o
    0x08002afc   0x00000044   Code   RO         8359    i.LOS_ErrHandle     los_err.o
    0x08002b40   0x00000140   Code   RO         7919    i.LOS_HeapAlloc     los_heap.o
    0x08002c80   0x00000108   Code   RO         7920    i.LOS_HeapFree      los_heap.o
    0x08002d88   0x00000044   Code   RO         7921    i.LOS_HeapInit      los_heap.o
    0x08002dcc   0x000000bc   Code   RO         8529    i.LOS_HwiCreate     los_hwi.o
    0x08002e88   0x00000012   Code   RO         8392    i.LOS_KernelInit    los_init.o
    0x08002e9a   0x0000000e   Code   RO         7168    i.LOS_ListAdd       los_task.o
    0x08002ea8   0x0000000e   Code   RO         7600    i.LOS_ListAdd       los_mux.o
    0x08002eb6   0x0000000e   Code   RO         7689    i.LOS_ListAdd       los_queue.o
    0x08002ec4   0x0000000e   Code   RO         7836    i.LOS_ListAdd       los_sem.o
    0x08002ed2   0x00000014   Code   RO         7169    i.LOS_ListDelete    los_task.o
    0x08002ee6   0x00000010   Code   RO         7170    i.LOS_ListEmpty     los_task.o
    0x08002ef6   0x00000010   Code   RO         7601    i.LOS_ListEmpty     los_mux.o
    0x08002f06   0x00000010   Code   RO         7690    i.LOS_ListEmpty     los_queue.o
    0x08002f16   0x00000010   Code   RO         7837    i.LOS_ListEmpty     los_sem.o
    0x08002f26   0x00000006   Code   RO         7171    i.LOS_ListInit      los_task.o
    0x08002f2c   0x00000006   Code   RO         7602    i.LOS_ListInit      los_mux.o
    0x08002f32   0x00000006   Code   RO         7691    i.LOS_ListInit      los_queue.o
    0x08002f38   0x00000006   Code   RO         7838    i.LOS_ListInit      los_sem.o
    0x08002f3e   0x00000010   Code   RO         7172    i.LOS_ListTailInsert  los_task.o
    0x08002f4e   0x00000028   Code   RO         7109    i.LOS_MS2Tick       los_sys.o
    0x08002f76   0x0000002a   Code   RO         8057    i.LOS_MemAlloc      los_memory.o
    0x08002fa0   0x00000012   Code   RO         8058    i.LOS_MemAllocAlign  los_memory.o
    0x08002fb2   0x00000034   Code   RO         8059    i.LOS_MemFree       los_memory.o
    0x08002fe6   0x00000056   Code   RO         8061    i.LOS_MemInit       los_memory.o
    0x0800303c   0x00000030   Code   RO         8330    i.LOS_Msleep        los_misc.o
    0x0800306c   0x000000a4   Code   RO         7603    i.LOS_MuxCreate     los_mux.o
    0x08003110   0x000000a8   Code   RO         7604    i.LOS_MuxDelete     los_mux.o
    0x080031b8   0x00000190   Code   RO         7605    i.LOS_MuxPend       los_mux.o
    0x08003348   0x000000f0   Code   RO         7606    i.LOS_MuxPost       los_mux.o
    0x08003438   0x000000dc   Code   RO         7692    i.LOS_QueueCreate   los_queue.o
    0x08003514   0x000000b4   Code   RO         7693    i.LOS_QueueDelete   los_queue.o
    0x080035c8   0x00000018   Code   RO         7695    i.LOS_QueueRead     los_queue.o
    0x080035e0   0x00000036   Code   RO         7696    i.LOS_QueueReadCopy  los_queue.o
    0x08003616   0x00000002   PAD
    0x08003618   0x00000028   Code   RO         7697    i.LOS_QueueWrite    los_queue.o
    0x08003640   0x00000036   Code   RO         7698    i.LOS_QueueWriteCopy  los_queue.o
    0x08003676   0x00000002   PAD
    0x08003678   0x00000040   Code   RO         8453    i.LOS_Schedule      los_hw.o
    0x080036b8   0x00000014   Code   RO         7839    i.LOS_SemCreate     los_sem.o
    0x080036cc   0x000000a0   Code   RO         7840    i.LOS_SemDelete     los_sem.o
    0x0800376c   0x00000180   Code   RO         7841    i.LOS_SemPend       los_sem.o
    0x080038ec   0x000000bc   Code   RO         7842    i.LOS_SemPost       los_sem.o
    0x080039a8   0x0000000c   Code   RO         8393    i.LOS_Start         los_init.o
    0x080039b4   0x0000009c   Code   RO         7175    i.LOS_TaskCreate    los_task.o
    0x08003a50   0x00000194   Code   RO         7176    i.LOS_TaskCreateOnly  los_task.o
    0x08003be4   0x00000080   Code   RO         7177    i.LOS_TaskDelay     los_task.o
    0x08003c64   0x00000094   Code   RO         7190    i.LOS_TaskYield     los_task.o
    0x08003cf8   0x0000001c   Code   RO         7110    i.LOS_Tick2MS       los_sys.o
    0x08003d14   0x0000000c   Code   RO         7111    i.LOS_TickCountGet  los_sys.o
    0x08003d20   0x00000238   Code   RO          527    i.LwIP_DHCP_task    netconf.o
    0x08003f58   0x000000c4   Code   RO          528    i.LwIP_Init         netconf.o
    0x0800401c   0x000000e0   Code   RO          624    i.MODBUSRTU_UART_Init  modbusrtu.o
    0x080040fc   0x0000003c   Code   RO          626    i.MODBUSRTU_USART_IRQHandler  modbusrtu.o
    0x08004138   0x00000438   Code   RO           13    i.MQTTBaiduTask     main.o
    0x08004570   0x000000d0   Code   RO        12387    i.MQTTConnect       mqtt_client.o
    0x08004640   0x00000076   Code   RO        11221    i.MQTTDeserialize_connack  mqttconnectclient.o
    0x080046b6   0x0000004c   Code   RO        12388    i.MQTTDisconnect    mqtt_client.o
    0x08004702   0x00000058   Code   RO        11281    i.MQTTPacket_decode  mqttpacket.o
    0x0800475a   0x00000002   PAD
    0x0800475c   0x0000001c   Code   RO        11282    i.MQTTPacket_decodeBuf  mqttpacket.o
    0x08004778   0x00000036   Code   RO        11284    i.MQTTPacket_encode  mqttpacket.o
    0x080047ae   0x00000002   PAD
    0x080047b0   0x00000028   Code   RO        11286    i.MQTTPacket_len    mqttpacket.o
    0x080047d8   0x00000134   Code   RO        12392    i.MQTTPublish       mqtt_client.o
    0x0800490c   0x00000168   Code   RO        11222    i.MQTTSerialize_connect  mqttconnectclient.o
    0x08004a74   0x00000076   Code   RO        11223    i.MQTTSerialize_connectLength  mqttconnectclient.o
    0x08004aea   0x00000012   Code   RO        11224    i.MQTTSerialize_disconnect  mqttconnectclient.o
    0x08004afc   0x000000b0   Code   RO        11399    i.MQTTSerialize_publish  mqttserializepublish.o
    0x08004bac   0x00000022   Code   RO        11400    i.MQTTSerialize_publishLength  mqttserializepublish.o
    0x08004bce   0x000000a6   Code   RO        11463    i.MQTTSerialize_unsubscribe  mqttunsubscribeclient.o
    0x08004c74   0x0000002e   Code   RO        11464    i.MQTTSerialize_unsubscribeLength  mqttunsubscribeclient.o
    0x08004ca2   0x0000004c   Code   RO        11226    i.MQTTSerialize_zero  mqttconnectclient.o
    0x08004cee   0x00000002   PAD
    0x08004cf0   0x0000010c   Code   RO        12396    i.MQTTUnsubscribe   mqtt_client.o
    0x08004dfc   0x00000018   Code   RO        11289    i.MQTTstrlen        mqttpacket.o
    0x08004e14   0x00000078   Code   RO         1475    i.NVIC_Init         misc.o
    0x08004e8c   0x00000014   Code   RO         1476    i.NVIC_PriorityGroupConfig  misc.o
    0x08004ea0   0x00000020   Code   RO         4267    i.RCC_AHB1PeriphClockCmd  stm32f4xx_rcc.o
    0x08004ec0   0x00000020   Code   RO         4269    i.RCC_AHB1PeriphResetCmd  stm32f4xx_rcc.o
    0x08004ee0   0x00000020   Code   RO         4276    i.RCC_APB1PeriphClockCmd  stm32f4xx_rcc.o
    0x08004f00   0x00000020   Code   RO         4279    i.RCC_APB2PeriphClockCmd  stm32f4xx_rcc.o
    0x08004f20   0x000000e8   Code   RO         4288    i.RCC_GetClocksFreq  stm32f4xx_rcc.o
    0x08005008   0x0000000e   Code   RO           14    i.ReadMPUTask       main.o
    0x08005016   0x00000002   PAD
    0x08005018   0x0000000c   Code   RO         5586    i.SYSCFG_ETH_MediaInterfaceConfig  stm32f4xx_syscfg.o
    0x08005024   0x00000120   Code   RO          486    i.SetSysClock       system_stm32f4xx.o
    0x08005144   0x00000068   Code   RO          488    i.SystemInit        system_stm32f4xx.o
    0x080051ac   0x00000012   Code   RO         6210    i.USART_ClearFlag   stm32f4xx_usart.o
    0x080051be   0x00000018   Code   RO         6214    i.USART_Cmd         stm32f4xx_usart.o
    0x080051d6   0x0000001a   Code   RO         6217    i.USART_GetFlagStatus  stm32f4xx_usart.o
    0x080051f0   0x00000054   Code   RO         6218    i.USART_GetITStatus  stm32f4xx_usart.o
    0x08005244   0x0000004a   Code   RO         6220    i.USART_ITConfig    stm32f4xx_usart.o
    0x0800528e   0x00000002   PAD
    0x08005290   0x000000d4   Code   RO         6221    i.USART_Init        stm32f4xx_usart.o
    0x08005364   0x0000000a   Code   RO         6228    i.USART_ReceiveData  stm32f4xx_usart.o
    0x0800536e   0x00000008   Code   RO         6231    i.USART_SendData    stm32f4xx_usart.o
    0x08005376   0x00000002   PAD
    0x08005378   0x00000020   Code   RO        13080    i.__0printf         mc_w.l(printfa.o)
    0x08005398   0x00000028   Code   RO        13081    i.__0snprintf       mc_w.l(printfa.o)
    0x080053c0   0x00000028   Code   RO        13082    i.__0sprintf        mc_w.l(printfa.o)
    0x080053e8   0x00000024   Code   RO        13085    i.__0vsnprintf      mc_w.l(printfa.o)
    0x0800540c   0x00000004   Code   RO        11830    i.__aeabi_assert    hal_os_liteos.o
    0x08005410   0x00000008   Code   RO        13177    i.__aeabi_errno_addr  mc_w.l(errno.o)
    0x08005418   0x0000005c   Code   RO        13112    i.__free$realloc$1region  mc_w.l(mallocr1.o)
    0x08005474   0x00000050   Code   RO        13113    i.__malloc$realloc$1region  mc_w.l(mallocr1.o)
    0x080054c4   0x0000000e   Code   RO        13233    i.__scatterload_copy  mc_w.l(handlers.o)
    0x080054d2   0x00000002   Code   RO        13234    i.__scatterload_null  mc_w.l(handlers.o)
    0x080054d4   0x0000000e   Code   RO        13235    i.__scatterload_zeroinit  mc_w.l(handlers.o)
    0x080054e2   0x00000002   PAD
    0x080054e4   0x0000001c   Code   RO        11548    i._authenticate_http_url  guider.o
    0x08005500   0x000001e0   Code   RO        11549    i._calc_hmac_signature  guider.o
    0x080056e0   0x00000090   Code   RO        11550    i._fill_conn_string  guider.o
    0x08005770   0x00000164   Code   RO        13087    i._fp_digits        mc_w.l(printfa.o)
    0x080058d4   0x00000054   Code   RO        11551    i._ident_partner    guider.o
    0x08005928   0x000006dc   Code   RO        13088    i._printf_core      mc_w.l(printfa.o)
    0x08006004   0x00000024   Code   RO        13089    i._printf_post_padding  mc_w.l(printfa.o)
    0x08006028   0x0000002e   Code   RO        13090    i._printf_pre_padding  mc_w.l(printfa.o)
    0x08006056   0x00000008   Code   RO        11552    i._secure_mode_num  guider.o
    0x0800605e   0x00000002   PAD
    0x08006060   0x00000034   Code   RO        11553    i._secure_mode_str  guider.o
    0x08006094   0x00000016   Code   RO        13091    i._snputc           mc_w.l(printfa.o)
    0x080060aa   0x0000000a   Code   RO        13092    i._sputc            mc_w.l(printfa.o)
    0x080060b4   0x00000028   Code   RO        11554    i._timestamp_string  guider.o
    0x080060dc   0x0000001c   Code   RO        11928    i.aliot_platform_time_left  hal_tcp_liteos.o
    0x080060f8   0x00000094   Code   RO         9087    i.alloc_socket      sockets.o
    0x0800618c   0x00000020   Code   RO        10562    i.arp_timer         timers.o
    0x080061ac   0x0000001c   Code   RO        11018    i.arp_timer         ethernetif.o
    0x080061c8   0x00000028   Code   RO        11290    i.bufchar           mqttpacket.o
    0x080061f0   0x00000044   Code   RO        12322    i.connect_tcp       utils_net.o
    0x08006234   0x000000ac   Code   RO         9425    i.dhcp_arp_reply    dhcp.o
    0x080062e0   0x000001b0   Code   RO         9426    i.dhcp_bind         dhcp.o
    0x08006490   0x00000046   Code   RO         9427    i.dhcp_check        dhcp.o
    0x080064d6   0x00000002   PAD
    0x080064d8   0x00000050   Code   RO         9429    i.dhcp_coarse_tmr   dhcp.o
    0x08006528   0x000002e0   Code   RO         9430    i.dhcp_create_msg   dhcp.o
    0x08006808   0x00000094   Code   RO         9431    i.dhcp_decline      dhcp.o
    0x0800689c   0x0000012c   Code   RO         9432    i.dhcp_delete_msg   dhcp.o
    0x080069c8   0x000000e4   Code   RO         9433    i.dhcp_discover     dhcp.o
    0x08006aac   0x00000048   Code   RO         9434    i.dhcp_fine_tmr     dhcp.o
    0x08006af4   0x000000a8   Code   RO         9435    i.dhcp_handle_ack   dhcp.o
    0x08006b9c   0x0000003c   Code   RO         9436    i.dhcp_handle_nak   dhcp.o
    0x08006bd8   0x00000040   Code   RO         9437    i.dhcp_handle_offer  dhcp.o
    0x08006c18   0x00000094   Code   RO         9440    i.dhcp_option       dhcp.o
    0x08006cac   0x000000b8   Code   RO         9441    i.dhcp_option_byte  dhcp.o
    0x08006d64   0x000000ec   Code   RO         9442    i.dhcp_option_long  dhcp.o
    0x08006e50   0x00000090   Code   RO         9443    i.dhcp_option_short  dhcp.o
    0x08006ee0   0x0000016c   Code   RO         9444    i.dhcp_option_trailer  dhcp.o
    0x0800704c   0x0000052a   Code   RO         9445    i.dhcp_parse_reply  dhcp.o
    0x08007576   0x00000002   PAD
    0x08007578   0x00000098   Code   RO         9446    i.dhcp_rebind       dhcp.o
    0x08007610   0x000000b8   Code   RO         9447    i.dhcp_reboot       dhcp.o
    0x080076c8   0x000001a8   Code   RO         9448    i.dhcp_recv         dhcp.o
    0x08007870   0x000000b8   Code   RO         9449    i.dhcp_release      dhcp.o
    0x08007928   0x00000096   Code   RO         9450    i.dhcp_renew        dhcp.o
    0x080079be   0x00000002   PAD
    0x080079c0   0x00000104   Code   RO         9451    i.dhcp_select       dhcp.o
    0x08007ac4   0x00000010   Code   RO         9452    i.dhcp_set_state    dhcp.o
    0x08007ad4   0x000001c0   Code   RO         9454    i.dhcp_start        dhcp.o
    0x08007c94   0x000000e8   Code   RO         9455    i.dhcp_stop         dhcp.o
    0x08007d7c   0x00000028   Code   RO         9456    i.dhcp_t1_timeout   dhcp.o
    0x08007da4   0x00000028   Code   RO         9457    i.dhcp_t2_timeout   dhcp.o
    0x08007dcc   0x000000c4   Code   RO         9458    i.dhcp_timeout      dhcp.o
    0x08007e90   0x00000020   Code   RO        10563    i.dhcp_timer_coarse  timers.o
    0x08007eb0   0x00000020   Code   RO        10564    i.dhcp_timer_fine   timers.o
    0x08007ed0   0x0000001c   Code   RO        12323    i.disconnect_tcp    utils_net.o
    0x08007eec   0x00000016   Code   RO         9623    i.dns_check_entries  dns.o
    0x08007f02   0x00000002   PAD
    0x08007f04   0x000001b0   Code   RO         9624    i.dns_check_entry   dns.o
    0x080080b4   0x0000003c   Code   RO         9625    i.dns_compare_name  dns.o
    0x080080f0   0x000000ec   Code   RO         9626    i.dns_enqueue       dns.o
    0x080081dc   0x0000005c   Code   RO         9627    i.dns_gethostbyname  dns.o
    0x08008238   0x00000078   Code   RO         9629    i.dns_init          dns.o
    0x080082b0   0x00000068   Code   RO         9630    i.dns_lookup        dns.o
    0x08008318   0x0000002a   Code   RO         9631    i.dns_parse_name    dns.o
    0x08008342   0x00000002   PAD
    0x08008344   0x00000188   Code   RO         9632    i.dns_recv          dns.o
    0x080084cc   0x000001e8   Code   RO         9633    i.dns_send          dns.o
    0x080086b4   0x00000024   Code   RO         9634    i.dns_setserver     dns.o
    0x080086d8   0x00000020   Code   RO        10565    i.dns_timer         timers.o
    0x080086f8   0x00000018   Code   RO         9635    i.dns_tmr           dns.o
    0x08008710   0x0000013c   Code   RO         8765    i.do_close          api_msg.o
    0x0800884c   0x000002b0   Code   RO         8766    i.do_close_internal  api_msg.o
    0x08008afc   0x00000148   Code   RO         8767    i.do_connect        api_msg.o
    0x08008c44   0x00000168   Code   RO         8768    i.do_connected      api_msg.o
    0x08008dac   0x000001d0   Code   RO         8769    i.do_delconn        api_msg.o
    0x08008f7c   0x0000002e   Code   RO         8770    i.do_disconnect     api_msg.o
    0x08008faa   0x00000002   PAD
    0x08008fac   0x000000c4   Code   RO         8771    i.do_dns_found      api_msg.o
    0x08009070   0x0000012c   Code   RO         8772    i.do_getaddr        api_msg.o
    0x0800919c   0x0000002c   Code   RO         8773    i.do_gethostbyname  api_msg.o
    0x080091c8   0x00000020   Code   RO         8775    i.do_newconn        api_msg.o
    0x080091e8   0x00000048   Code   RO         8776    i.do_recv           api_msg.o
    0x08009230   0x000000a6   Code   RO         8777    i.do_send           api_msg.o
    0x080092d6   0x00000002   PAD
    0x080092d8   0x00000120   Code   RO         8778    i.do_write          api_msg.o
    0x080093f8   0x000002dc   Code   RO         8779    i.do_writemore      api_msg.o
    0x080096d4   0x00000184   Code   RO         8780    i.err_tcp           api_msg.o
    0x08009858   0x000001c4   Code   RO        10923    i.etharp_arp_input  etharp.o
    0x08009a1c   0x00000038   Code   RO        10924    i.etharp_cleanup_netif  etharp.o
    0x08009a54   0x000002ec   Code   RO        10926    i.etharp_find_entry  etharp.o
    0x08009d40   0x00000078   Code   RO        10927    i.etharp_free_entry  etharp.o
    0x08009db8   0x00000204   Code   RO        10928    i.etharp_output     etharp.o
    0x08009fbc   0x00000110   Code   RO        10929    i.etharp_output_to_arp_index  etharp.o
    0x0800a0cc   0x00000274   Code   RO        10930    i.etharp_query      etharp.o
    0x0800a340   0x00000198   Code   RO        10931    i.etharp_raw        etharp.o
    0x0800a4d8   0x00000030   Code   RO        10932    i.etharp_request    etharp.o
    0x0800a508   0x000000ac   Code   RO        10933    i.etharp_send_ip    etharp.o
    0x0800a5b4   0x00000094   Code   RO        10934    i.etharp_tmr        etharp.o
    0x0800a648   0x00000154   Code   RO        10935    i.etharp_update_arp_entry  etharp.o
    0x0800a79c   0x00000140   Code   RO        10936    i.ethernet_input    etharp.o
    0x0800a8dc   0x000000bc   Code   RO        11019    i.ethernetif_init   ethernetif.o
    0x0800a998   0x0000003c   Code   RO        11020    i.ethernetif_input  ethernetif.o
    0x0800a9d4   0x000001b0   Code   RO         9088    i.event_callback    sockets.o
    0x0800ab84   0x00000024   Code   RO          840    i.fputc             bsp_debug_usart.o
    0x0800aba8   0x00000018   Code   RO        13162    i.fputs             mc_w.l(fputs.o)
    0x0800abc0   0x00000026   Code   RO         9089    i.free_socket       sockets.o
    0x0800abe6   0x00000040   Code   RO        11070    i.get_prio          sys_arch.o
    0x0800ac26   0x00000002   PAD
    0x0800ac28   0x00000030   Code   RO         9090    i.get_socket        sockets.o
    0x0800ac58   0x00000048   Code   RO           15    i.hardware_init     main.o
    0x0800aca0   0x00000012   Code   RO        10758    i.icmp_dest_unreach  icmp.o
    0x0800acb2   0x00000002   PAD
    0x0800acb4   0x00000334   Code   RO        10759    i.icmp_input        icmp.o
    0x0800afe8   0x00000120   Code   RO        10760    i.icmp_send_response  icmp.o
    0x0800b108   0x00000014   Code   RO        10793    i.inet_chksum       inet_chksum.o
    0x0800b11c   0x00000056   Code   RO        10794    i.inet_chksum_pbuf  inet_chksum.o
    0x0800b172   0x00000002   PAD
    0x0800b174   0x00000050   Code   RO        13115    i.internal_alloc    mc_w.l(mallocr1.o)
    0x0800b1c4   0x0000000c   Code   RO        11966    i.iotx_ca_get       ca.o
    0x0800b1d0   0x00000008   Code   RO        11981    i.iotx_conn_info_get  device.o
    0x0800b1d8   0x00000008   Code   RO        11982    i.iotx_device_info_get  device.o
    0x0800b1e0   0x0000009c   Code   RO        11983    i.iotx_device_info_init  device.o
    0x0800b27c   0x000000e0   Code   RO        11984    i.iotx_device_info_set  device.o
    0x0800b35c   0x000004f8   Code   RO        11555    i.iotx_guider_authenticate  guider.o
    0x0800b854   0x0000001a   Code   RO        12398    i.iotx_mc_calc_random_init  mqtt_client.o
    0x0800b86e   0x00000002   PAD
    0x0800b870   0x00000128   Code   RO        12399    i.iotx_mc_calc_seed  mqtt_client.o
    0x0800b998   0x000000e0   Code   RO        12401    i.iotx_mc_check_rule  mqtt_client.o
    0x0800ba78   0x0000001c   Code   RO        12402    i.iotx_mc_check_state_normal  mqtt_client.o
    0x0800ba94   0x00000124   Code   RO        12403    i.iotx_mc_check_topic  mqtt_client.o
    0x0800bbb8   0x000001a4   Code   RO        12404    i.iotx_mc_connect   mqtt_client.o
    0x0800bd5c   0x00000078   Code   RO        12406    i.iotx_mc_decode_packet  mqtt_client.o
    0x0800bdd4   0x00000084   Code   RO        12408    i.iotx_mc_disconnect  mqtt_client.o
    0x0800be58   0x00000018   Code   RO        12410    i.iotx_mc_get_client_state  mqtt_client.o
    0x0800be70   0x00000032   Code   RO        12411    i.iotx_mc_get_next_packetid  mqtt_client.o
    0x0800bea2   0x00000002   PAD
    0x0800bea4   0x00000094   Code   RO        12413    i.iotx_mc_handle_recv_CONNACK  mqtt_client.o
    0x0800bf38   0x00000320   Code   RO        12418    i.iotx_mc_init      mqtt_client.o
    0x0800c258   0x0000018c   Code   RO        12424    i.iotx_mc_publish   mqtt_client.o
    0x0800c3e4   0x000001b8   Code   RO        12425    i.iotx_mc_push_pubInfo_to  mqtt_client.o
    0x0800c59c   0x00000164   Code   RO        12426    i.iotx_mc_push_subInfo_to  mqtt_client.o
    0x0800c700   0x000002e4   Code   RO        12427    i.iotx_mc_read_packet  mqtt_client.o
    0x0800c9e4   0x000000e8   Code   RO        12429    i.iotx_mc_release   mqtt_client.o
    0x0800cacc   0x0000006a   Code   RO        12431    i.iotx_mc_send_packet  mqtt_client.o
    0x0800cb36   0x00000018   Code   RO        12432    i.iotx_mc_set_client_state  mqtt_client.o
    0x0800cb4e   0x00000002   PAD
    0x0800cb50   0x000001c0   Code   RO        12433    i.iotx_mc_set_connect_params  mqtt_client.o
    0x0800cd10   0x0000013c   Code   RO        12435    i.iotx_mc_unsubscribe  mqtt_client.o
    0x0800ce4c   0x000000f8   Code   RO        12436    i.iotx_mc_wait_CONNACK  mqtt_client.o
    0x0800cf44   0x00000016   Code   RO        12324    i.iotx_net_connect  utils_net.o
    0x0800cf5a   0x00000016   Code   RO        12325    i.iotx_net_disconnect  utils_net.o
    0x0800cf70   0x00000094   Code   RO        12326    i.iotx_net_init     utils_net.o
    0x0800d004   0x0000000c   Code   RO        12688    i.iotx_time_init    utils_timer.o
    0x0800d010   0x00000024   Code   RO        12689    i.iotx_time_left    utils_timer.o
    0x0800d034   0x00000012   Code   RO        12690    i.iotx_time_start   utils_timer.o
    0x0800d046   0x0000004e   Code   RO        10864    i.ip4_addr_isbroadcast  ip_addr.o
    0x0800d094   0x000001f4   Code   RO        10828    i.ip_input          ip.o
    0x0800d288   0x000000b0   Code   RO        10829    i.ip_output         ip.o
    0x0800d338   0x00000178   Code   RO        10830    i.ip_output_if      ip.o
    0x0800d4b0   0x00000058   Code   RO        10831    i.ip_route          ip.o
    0x0800d508   0x00000018   Code   RO        10866    i.ipaddr_addr       ip_addr.o
    0x0800d520   0x000001cc   Code   RO        10867    i.ipaddr_aton       ip_addr.o
    0x0800d6ec   0x000000ac   Code   RO        12229    i.list_destroy      utils_list.o
    0x0800d798   0x00000028   Code   RO        12237    i.list_new          utils_list.o
    0x0800d7c0   0x00000028   Code   RO        12238    i.list_node_new     utils_list.o
    0x0800d7e8   0x00000090   Code   RO        12239    i.list_remove       utils_list.o
    0x0800d878   0x00000030   Code   RO        12241    i.list_rpush        utils_list.o
    0x0800d8a8   0x000000b8   Code   RO        11021    i.low_level_init    ethernetif.o
    0x0800d960   0x000000f0   Code   RO        11022    i.low_level_input   ethernetif.o
    0x0800da50   0x000000b0   Code   RO        11023    i.low_level_output  ethernetif.o
    0x0800db00   0x000000c4   Code   RO         9093    i.lwip_close        sockets.o
    0x0800dbc4   0x00000140   Code   RO         9094    i.lwip_connect      sockets.o
    0x0800dd04   0x00000018   Code   RO         9023    i.lwip_freeaddrinfo  netdb.o
    0x0800dd1c   0x000001c4   Code   RO         9024    i.lwip_getaddrinfo  netdb.o
    0x0800dee0   0x0000001a   Code   RO         9395    i.lwip_htonl        def.o
    0x0800defa   0x0000000c   Code   RO         9396    i.lwip_htons        def.o
    0x0800df06   0x00000028   Code   RO         9713    i.lwip_init         init.o
    0x0800df2e   0x0000000c   Code   RO         9397    i.lwip_ntohl        def.o
    0x0800df3a   0x0000000c   Code   RO         9398    i.lwip_ntohs        def.o
    0x0800df46   0x00000022   Code   RO         9104    i.lwip_recv         sockets.o
    0x0800df68   0x00000310   Code   RO         9105    i.lwip_recvfrom     sockets.o
    0x0800e278   0x000003ec   Code   RO         9106    i.lwip_select       sockets.o
    0x0800e664   0x000001c4   Code   RO         9107    i.lwip_selscan      sockets.o
    0x0800e828   0x000000a0   Code   RO         9108    i.lwip_send         sockets.o
    0x0800e8c8   0x000001a8   Code   RO         9109    i.lwip_sendto       sockets.o
    0x0800ea70   0x000000a0   Code   RO         9112    i.lwip_shutdown     sockets.o
    0x0800eb10   0x000000a8   Code   RO         9113    i.lwip_socket       sockets.o
    0x0800ebb8   0x00000002   Code   RO         9114    i.lwip_socket_init  sockets.o
    0x0800ebba   0x0000005e   Code   RO        10797    i.lwip_standard_chksum  inet_chksum.o
    0x0800ec18   0x00000094   Code   RO           16    i.main              main.o
    0x0800ecac   0x00000158   Code   RO         9760    i.mem_free          mem.o
    0x0800ee04   0x000000ec   Code   RO         9761    i.mem_init          mem.o
    0x0800eef0   0x00000284   Code   RO         9762    i.mem_malloc        mem.o
    0x0800f174   0x000001dc   Code   RO         9763    i.mem_trim          mem.o
    0x0800f350   0x000000ac   Code   RO         9816    i.memp_free         memp.o
    0x0800f3fc   0x00000064   Code   RO         9817    i.memp_init         memp.o
    0x0800f460   0x000000f4   Code   RO         9818    i.memp_malloc       memp.o
    0x0800f554   0x00000284   Code   RO           17    i.mqtt_event_handle  main.o
    0x0800f7d8   0x00000020   Code   RO         8956    i.netbuf_delete     netbuf.o
    0x0800f7f8   0x000000a0   Code   RO         8958    i.netbuf_free       netbuf.o
    0x0800f898   0x000000c8   Code   RO         8961    i.netbuf_ref        netbuf.o
    0x0800f960   0x00000120   Code   RO         8781    i.netconn_alloc     api_msg.o
    0x0800fa80   0x000000c4   Code   RO         8603    i.netconn_close_shutdown  api_lib.o
    0x0800fb44   0x000000c8   Code   RO         8604    i.netconn_connect   api_lib.o
    0x0800fc0c   0x00000028   Code   RO         8605    i.netconn_delete    api_lib.o
    0x0800fc34   0x000000c4   Code   RO         8606    i.netconn_disconnect  api_lib.o
    0x0800fcf8   0x00000148   Code   RO         8782    i.netconn_drain     api_msg.o
    0x0800fe40   0x00000178   Code   RO         8783    i.netconn_free      api_msg.o
    0x0800ffb8   0x00000150   Code   RO         8607    i.netconn_getaddr   api_lib.o
    0x08010108   0x0000012c   Code   RO         8608    i.netconn_gethostbyname  api_lib.o
    0x08010234   0x00000194   Code   RO         8610    i.netconn_new_with_proto_and_callback  api_lib.o
    0x080103c8   0x000001b0   Code   RO         8611    i.netconn_recv      api_lib.o
    0x08010578   0x000001f4   Code   RO         8612    i.netconn_recv_data  api_lib.o
    0x0801076c   0x000000a4   Code   RO         8613    i.netconn_recv_tcp_pbuf  api_lib.o
    0x08010810   0x00000030   Code   RO         8614    i.netconn_recved    api_lib.o
    0x08010840   0x000000c4   Code   RO         8615    i.netconn_send      api_lib.o
    0x08010904   0x00000024   Code   RO         8617    i.netconn_shutdown  api_lib.o
    0x08010928   0x00000158   Code   RO         8618    i.netconn_write_partly  api_lib.o
    0x08010a80   0x00000108   Code   RO         9869    i.netif_add         netif.o
    0x08010b88   0x00000002   Code   RO         9871    i.netif_init        netif.o
    0x08010b8a   0x00000028   Code   RO         9873    i.netif_set_addr    netif.o
    0x08010bb2   0x00000002   PAD
    0x08010bb4   0x00000010   Code   RO         9874    i.netif_set_default  netif.o
    0x08010bc4   0x0000002a   Code   RO         9875    i.netif_set_down    netif.o
    0x08010bee   0x00000010   Code   RO         9876    i.netif_set_gw      netif.o
    0x08010bfe   0x00000002   PAD
    0x08010c00   0x00000084   Code   RO         9877    i.netif_set_ipaddr  netif.o
    0x08010c84   0x00000006   Code   RO         9878    i.netif_set_link_callback  netif.o
    0x08010c8a   0x00000010   Code   RO         9881    i.netif_set_netmask  netif.o
    0x08010c9a   0x00000036   Code   RO         9882    i.netif_set_up      netif.o
    0x08010cd0   0x00000024   Code   RO         7922    i.osAlarmHeapInfo   los_heap.o
    0x08010cf4   0x00000024   Code   RO         8123    i.osAtomicBitsetClearBit  los_slab.o
    0x08010d18   0x00000050   Code   RO         8124    i.osAtomicBitsetFindClearAndSet  los_slab.o
    0x08010d68   0x0000002a   Code   RO         8125    i.osAtomicBitsetGetBit  los_slab.o
    0x08010d92   0x00000006   Code   RO         8243    i.osAtomicBitsetGetNumBits  los_slab.o
    0x08010d98   0x0000002e   Code   RO         8126    i.osAtomicBitsetInit  los_slab.o
    0x08010dc6   0x0000001a   Code   RO         7924    i.osHeapPrvGetNext  los_heap.o
    0x08010de0   0x00000060   Code   RO         7925    i.osHeapStatisticsGet  los_heap.o
    0x08010e40   0x0000003c   Code   RO         8531    i.osHwiDefaultHandler  los_hwi.o
    0x08010e7c   0x0000004c   Code   RO         8532    i.osHwiInit         los_hwi.o
    0x08010ec8   0x00000004   Code   RO         8395    i.osIdleTask        los_init.o
    0x08010ecc   0x0000004c   Code   RO         7194    i.osIdleTaskCreate  los_task.o
    0x08010f18   0x0000000c   Code   RO         8533    i.osIntNumGet       los_hwi.o
    0x08010f24   0x00000060   Code   RO         8534    i.osInterrupt       los_hwi.o
    0x08010f84   0x0000000c   Code   RO         6480    i.osKernelSysTick   cmsis_liteos.o
    0x08010f90   0x0000013c   Code   RO         8396    i.osMain            los_init.o
    0x080110cc   0x00000018   Code   RO         8064    i.osMemSystemInit   los_memory.o
    0x080110e4   0x00000040   Code   RO         6489    i.osMessageCreate   cmsis_liteos.o
    0x08011124   0x00000036   Code   RO         6490    i.osMessageDelete   cmsis_liteos.o
    0x0801115a   0x00000002   PAD
    0x0801115c   0x00000070   Code   RO         6491    i.osMessageGet      cmsis_liteos.o
    0x080111cc   0x00000058   Code   RO         6492    i.osMessagePut      cmsis_liteos.o
    0x08011224   0x00000060   Code   RO         7607    i.osMuxInit         los_mux.o
    0x08011284   0x00000018   Code   RO         6869    i.osPriqueueDequeue  los_priqueue.o
    0x0801129c   0x00000024   Code   RO         6870    i.osPriqueueEnqueue  los_priqueue.o
    0x080112c0   0x00000048   Code   RO         6871    i.osPriqueueInit    los_priqueue.o
    0x08011308   0x00000028   Code   RO         6872    i.osPriqueueSize    los_priqueue.o
    0x08011330   0x0000003c   Code   RO         6873    i.osPriqueueTop     los_priqueue.o
    0x0801136c   0x000000f0   Code   RO         7701    i.osQueueBufferOperate  los_queue.o
    0x0801145c   0x00000070   Code   RO         7702    i.osQueueInit       los_queue.o
    0x080114cc   0x00000188   Code   RO         7705    i.osQueueOperate    los_queue.o
    0x08011654   0x0000003c   Code   RO         7706    i.osQueueReadParameterCheck  los_queue.o
    0x08011690   0x00000038   Code   RO         7707    i.osQueueWriteParameterCheck  los_queue.o
    0x080116c8   0x0000000c   Code   RO         8397    i.osRegister        los_init.o
    0x080116d4   0x00000008   Code   RO         8454    i.osSchedule        los_hw.o
    0x080116dc   0x000000bc   Code   RO         7843    i.osSemCreate       los_sem.o
    0x08011798   0x00000060   Code   RO         7844    i.osSemInit         los_sem.o
    0x080117f8   0x00000020   Code   RO         8129    i.osSlabAllocatorAlloc  los_slab.o
    0x08011818   0x0000004e   Code   RO         8133    i.osSlabAllocatorFree  los_slab.o
    0x08011866   0x0000005a   Code   RO         8140    i.osSlabAllocatorNew  los_slab.o
    0x080118c0   0x00000012   Code   RO         8257    i.osSlabBlockHeadFill  los_slabmem.o
    0x080118d2   0x00000008   Code   RO         8258    i.osSlabCtrlHdrGet  los_slabmem.o
    0x080118da   0x00000090   Code   RO         8260    i.osSlabMemAlloc    los_slabmem.o
    0x0801196a   0x00000076   Code   RO         8263    i.osSlabMemFree     los_slabmem.o
    0x080119e0   0x000000ac   Code   RO         8264    i.osSlabMemInit     los_slabmem.o
    0x08011a8c   0x00000090   Code   RO         6966    i.osSwTmrInit       los_swtmr.o
    0x08011b1c   0x0000004c   Code   RO         6967    i.osSwTmrStart      los_swtmr.o
    0x08011b68   0x00000094   Code   RO         6968    i.osSwTmrTask       los_swtmr.o
    0x08011bfc   0x00000044   Code   RO         6969    i.osSwTmrTaskCreate  los_swtmr.o
    0x08011c40   0x00000080   Code   RO         6970    i.osSwTmrTimeoutHandle  los_swtmr.o
    0x08011cc0   0x00000014   Code   RO         6972    i.osSwtmrDelete     los_swtmr.o
    0x08011cd4   0x00000024   Code   RO         6973    i.osSwtmrScan       los_swtmr.o
    0x08011cf8   0x000000c0   Code   RO         7195    i.osTaskAdd2TimerList  los_task.o
    0x08011db8   0x00000038   Code   RO         7196    i.osTaskEntry       los_task.o
    0x08011df0   0x00000008   Code   RO         8455    i.osTaskExit        los_hw.o
    0x08011df8   0x00000124   Code   RO         7197    i.osTaskInit        los_task.o
    0x08011f1c   0x0000001c   Code   RO         7198    i.osTaskMonInit     los_task.o
    0x08011f38   0x00000038   Code   RO         7199    i.osTaskPriModify   los_task.o
    0x08011f70   0x000000dc   Code   RO         7200    i.osTaskScan        los_task.o
    0x0801204c   0x000000fc   Code   RO         7201    i.osTaskSelfDelete  los_task.o
    0x08012148   0x0000012c   Code   RO         7202    i.osTaskSwitchCheck  los_task.o
    0x08012274   0x0000004c   Code   RO         7203    i.osTaskWait        los_task.o
    0x080122c0   0x00000046   Code   RO         7204    i.osTaskWake        los_task.o
    0x08012306   0x00000002   PAD
    0x08012308   0x00000074   Code   RO         6509    i.osThreadCreate    cmsis_liteos.o
    0x0801237c   0x00000028   Code   RO         7454    i.osTickHandler     los_tick.o
    0x080123a4   0x000000c4   Code   RO         8496    i.osTickStart       los_hw_tick.o
    0x08012468   0x00000048   Code   RO         7205    i.osTimerListDelete  los_task.o
    0x080124b0   0x0000004c   Code   RO         7490    i.osTimesliceCheck  los_timeslice.o
    0x080124fc   0x00000010   Code   RO         7491    i.osTimesliceInit   los_timeslice.o
    0x0801250c   0x00000140   Code   RO         8456    i.osTskStackInit    los_hw.o
    0x0801264c   0x00000418   Code   RO         9972    i.pbuf_alloc        pbuf.o
    0x08012a64   0x00000144   Code   RO         9973    i.pbuf_cat          pbuf.o
    0x08012ba8   0x0000001a   Code   RO         9974    i.pbuf_chain        pbuf.o
    0x08012bc2   0x00000012   Code   RO         9975    i.pbuf_clen         pbuf.o
    0x08012bd4   0x0000023c   Code   RO         9977    i.pbuf_copy         pbuf.o
    0x08012e10   0x0000014c   Code   RO         9978    i.pbuf_copy_partial  pbuf.o
    0x08012f5c   0x0000015c   Code   RO         9980    i.pbuf_free         pbuf.o
    0x080130b8   0x00000154   Code   RO         9982    i.pbuf_header       pbuf.o
    0x0801320c   0x000001c0   Code   RO         9985    i.pbuf_realloc      pbuf.o
    0x080133cc   0x0000000a   Code   RO         9986    i.pbuf_ref          pbuf.o
    0x080133d6   0x00000002   PAD
    0x080133d8   0x00000128   Code   RO         8784    i.pcb_new           api_msg.o
    0x08013500   0x00000040   Code   RO        12812    i.perror            mc_w.l(perror.o)
    0x08013540   0x000001b0   Code   RO         9764    i.plug_holes        mem.o
    0x080136f0   0x000000d8   Code   RO         8785    i.poll_tcp          api_msg.o
    0x080137c8   0x00000010   Code   RO        10093    i.raw_connect       raw.o
    0x080137d8   0x00000074   Code   RO        10094    i.raw_input         raw.o
    0x0801384c   0x00000034   Code   RO        10095    i.raw_new           raw.o
    0x08013880   0x00000006   Code   RO        10096    i.raw_recv          raw.o
    0x08013886   0x00000002   PAD
    0x08013888   0x00000040   Code   RO        10097    i.raw_remove        raw.o
    0x080138c8   0x00000012   Code   RO        10098    i.raw_send          raw.o
    0x080138da   0x00000002   PAD
    0x080138dc   0x00000134   Code   RO        10099    i.raw_sendto        raw.o
    0x08013a10   0x0000000e   Code   RO        11292    i.readChar          mqttpacket.o
    0x08013a1e   0x0000001c   Code   RO        12327    i.read_tcp          utils_net.o
    0x08013a3a   0x00000002   PAD
    0x08013a3c   0x0000009c   Code   RO         8786    i.recv_raw          api_msg.o
    0x08013ad8   0x00000178   Code   RO         8787    i.recv_tcp          api_msg.o
    0x08013c50   0x0000017c   Code   RO         8788    i.recv_udp          api_msg.o
    0x08013dcc   0x000000d8   Code   RO         8789    i.sent_tcp          api_msg.o
    0x08013ea4   0x00000044   Code   RO         8790    i.setup_tcp         api_msg.o
    0x08013ee8   0x00000094   Code   RO        11071    i.sys_arch_mbox_fetch  sys_arch.o
    0x08013f7c   0x00000034   Code   RO        11072    i.sys_arch_mbox_tryfetch  sys_arch.o
    0x08013fb0   0x00000058   Code   RO        11074    i.sys_arch_sem_wait  sys_arch.o
    0x08014008   0x0000000c   Code   RO        11077    i.sys_init          sys_arch.o
    0x08014014   0x0000000c   Code   RO        11078    i.sys_mbox_free     sys_arch.o
    0x08014020   0x0000002a   Code   RO        11079    i.sys_mbox_new      sys_arch.o
    0x0801404a   0x0000001a   Code   RO        11080    i.sys_mbox_post     sys_arch.o
    0x08014064   0x00000006   Code   RO        11081    i.sys_mbox_set_invalid  sys_arch.o
    0x0801406a   0x00000024   Code   RO        11082    i.sys_mbox_trypost  sys_arch.o
    0x0801408e   0x0000000e   Code   RO        11083    i.sys_mbox_valid    sys_arch.o
    0x0801409c   0x0000000c   Code   RO        11085    i.sys_sem_free      sys_arch.o
    0x080140a8   0x00000028   Code   RO        11086    i.sys_sem_new       sys_arch.o
    0x080140d0   0x00000006   Code   RO        11087    i.sys_sem_set_invalid  sys_arch.o
    0x080140d6   0x0000000c   Code   RO        11088    i.sys_sem_signal    sys_arch.o
    0x080140e2   0x0000000e   Code   RO        11089    i.sys_sem_valid     sys_arch.o
    0x080140f0   0x0000004c   Code   RO        11090    i.sys_thread_new    sys_arch.o
    0x0801413c   0x00000144   Code   RO        10566    i.sys_timeout       timers.o
    0x08014280   0x00000044   Code   RO        10567    i.sys_timeouts_init  timers.o
    0x080142c4   0x00000088   Code   RO        10568    i.sys_timeouts_mbox_fetch  timers.o
    0x0801434c   0x00000060   Code   RO        10569    i.sys_untimeout     timers.o
    0x080143ac   0x00000130   Code   RO        10178    i.tcp_abandon       tcp.o
    0x080144dc   0x0000000e   Code   RO        10179    i.tcp_abort         tcp.o
    0x080144ea   0x00000004   Code   RO        10180    i.tcp_accept        tcp.o
    0x080144ee   0x00000002   PAD
    0x080144f0   0x000000c4   Code   RO        10182    i.tcp_alloc         tcp.o
    0x080145b4   0x00000004   Code   RO        10183    i.tcp_arg           tcp.o
    0x080145b8   0x0000001c   Code   RO        10185    i.tcp_close         tcp.o
    0x080145d4   0x00000248   Code   RO        10186    i.tcp_close_shutdown  tcp.o
    0x0801481c   0x000001ec   Code   RO        10187    i.tcp_connect       tcp.o
    0x08014a08   0x000000b8   Code   RO        10461    i.tcp_create_segment  tcp_out.o
    0x08014ac0   0x0000002e   Code   RO        10189    i.tcp_eff_send_mss  tcp.o
    0x08014aee   0x00000002   PAD
    0x08014af0   0x000002a0   Code   RO        10462    i.tcp_enqueue_flags  tcp_out.o
    0x08014d90   0x0000009c   Code   RO        10190    i.tcp_err           tcp.o
    0x08014e2c   0x00000080   Code   RO        10191    i.tcp_fasttmr       tcp.o
    0x08014eac   0x00000002   Code   RO        10192    i.tcp_init          tcp.o
    0x08014eae   0x00000002   PAD
    0x08014eb0   0x000006b4   Code   RO        10410    i.tcp_input         tcp_in.o
    0x08015564   0x00000054   Code   RO        10463    i.tcp_keepalive     tcp_out.o
    0x080155b8   0x00000058   Code   RO        10193    i.tcp_kill_prio     tcp.o
    0x08015610   0x00000040   Code   RO        10194    i.tcp_kill_timewait  tcp.o
    0x08015650   0x0000013c   Code   RO        10411    i.tcp_listen_input  tcp_in.o
    0x0801578c   0x0000000a   Code   RO        10196    i.tcp_new           tcp.o
    0x08015796   0x00000002   PAD
    0x08015798   0x00000068   Code   RO        10197    i.tcp_new_port      tcp.o
    0x08015800   0x0000001c   Code   RO        10198    i.tcp_next_iss      tcp.o
    0x0801581c   0x00000280   Code   RO        10464    i.tcp_output        tcp_out.o
    0x08015a9c   0x00000114   Code   RO        10465    i.tcp_output_alloc_header  tcp_out.o
    0x08015bb0   0x000000d8   Code   RO        10466    i.tcp_output_segment  tcp_out.o
    0x08015c88   0x000000d0   Code   RO        10412    i.tcp_parseopt      tcp_in.o
    0x08015d58   0x000000f4   Code   RO        10467    i.tcp_pbuf_prealloc  tcp_out.o
    0x08015e4c   0x00000058   Code   RO        10199    i.tcp_pcb_purge     tcp.o
    0x08015ea4   0x0000013c   Code   RO        10200    i.tcp_pcb_remove    tcp.o
    0x08015fe0   0x0000009c   Code   RO        10201    i.tcp_poll          tcp.o
    0x0801607c   0x00000694   Code   RO        10413    i.tcp_process       tcp_in.o
    0x08016710   0x00000094   Code   RO        10202    i.tcp_process_refused_data  tcp.o
    0x080167a4   0x0000091c   Code   RO        10414    i.tcp_receive       tcp_in.o
    0x080170c0   0x0000009c   Code   RO        10203    i.tcp_recv          tcp.o
    0x0801715c   0x0000002e   Code   RO        10204    i.tcp_recv_null     tcp.o
    0x0801718a   0x00000002   PAD
    0x0801718c   0x00000118   Code   RO        10205    i.tcp_recved        tcp.o
    0x080172a4   0x0000005a   Code   RO        10468    i.tcp_rexmit        tcp_out.o
    0x080172fe   0x00000078   Code   RO        10469    i.tcp_rexmit_fast   tcp_out.o
    0x08017376   0x0000003a   Code   RO        10470    i.tcp_rexmit_rto    tcp_out.o
    0x080173b0   0x0000011c   Code   RO        10471    i.tcp_rst           tcp_out.o
    0x080174cc   0x0000001a   Code   RO        10206    i.tcp_seg_free      tcp.o
    0x080174e6   0x00000018   Code   RO        10207    i.tcp_segs_free     tcp.o
    0x080174fe   0x00000056   Code   RO        10472    i.tcp_send_empty_ack  tcp_out.o
    0x08017554   0x0000004a   Code   RO        10473    i.tcp_send_fin      tcp_out.o
    0x0801759e   0x00000002   PAD
    0x080175a0   0x0000009c   Code   RO        10208    i.tcp_sent          tcp.o
    0x0801763c   0x00000062   Code   RO        10210    i.tcp_shutdown      tcp.o
    0x0801769e   0x00000002   PAD
    0x080176a0   0x000005ec   Code   RO        10211    i.tcp_slowtmr       tcp.o
    0x08017c8c   0x00000038   Code   RO        10570    i.tcp_timer_needed  timers.o
    0x08017cc4   0x000000ac   Code   RO        10415    i.tcp_timewait_input  tcp_in.o
    0x08017d70   0x00000024   Code   RO        10212    i.tcp_tmr           tcp.o
    0x08017d94   0x000000d0   Code   RO        10213    i.tcp_update_rcv_ann_wnd  tcp.o
    0x08017e64   0x00000718   Code   RO        10474    i.tcp_write         tcp_out.o
    0x0801857c   0x00000180   Code   RO        10475    i.tcp_write_checks  tcp_out.o
    0x080186fc   0x000000b4   Code   RO        10476    i.tcp_zero_window_probe  tcp_out.o
    0x080187b0   0x00000040   Code   RO         9283    i.tcpip_apimsg      tcpip.o
    0x080187f0   0x00000060   Code   RO         9284    i.tcpip_callback_with_block  tcpip.o
    0x08018850   0x000000d0   Code   RO         9287    i.tcpip_init        tcpip.o
    0x08018920   0x0000004c   Code   RO         9288    i.tcpip_input       tcpip.o
    0x0801896c   0x00000038   Code   RO        10571    i.tcpip_tcp_timer   timers.o
    0x080189a4   0x00000160   Code   RO         9289    i.tcpip_thread      tcpip.o
    0x08018b04   0x00000030   Code   RO         9116    i.tryget_socket     sockets.o
    0x08018b34   0x00000108   Code   RO        10658    i.udp_bind          udp.o
    0x08018c3c   0x00000068   Code   RO        10659    i.udp_connect       udp.o
    0x08018ca4   0x00000010   Code   RO        10660    i.udp_disconnect    udp.o
    0x08018cb4   0x00000002   Code   RO        10661    i.udp_init          udp.o
    0x08018cb6   0x00000002   PAD
    0x08018cb8   0x00000280   Code   RO        10662    i.udp_input         udp.o
    0x08018f38   0x0000001c   Code   RO        10663    i.udp_new           udp.o
    0x08018f54   0x00000058   Code   RO        10664    i.udp_new_port      udp.o
    0x08018fac   0x00000006   Code   RO        10665    i.udp_recv          udp.o
    0x08018fb2   0x00000002   PAD
    0x08018fb4   0x00000040   Code   RO        10666    i.udp_remove        udp.o
    0x08018ff4   0x00000014   Code   RO        10667    i.udp_send          udp.o
    0x08019008   0x00000036   Code   RO        10668    i.udp_sendto        udp.o
    0x0801903e   0x00000002   PAD
    0x08019040   0x00000184   Code   RO        10669    i.udp_sendto_if     udp.o
    0x080191c4   0x00000018   Code   RO        11685    i.utils_hb2hex      utils_md5.o
    0x080191dc   0x000000d6   Code   RO        11658    i.utils_hmac_sha1   utils_hmac.o
    0x080192b2   0x00000028   Code   RO        12328    i.utils_net_read    utils_net.o
    0x080192da   0x00000028   Code   RO        12329    i.utils_net_write   utils_net.o
    0x08019302   0x00000002   PAD
    0x08019304   0x000000e8   Code   RO        11754    i.utils_sha1_finish  utils_sha1.o
    0x080193ec   0x0000000e   Code   RO        11756    i.utils_sha1_init   utils_sha1.o
    0x080193fa   0x00000002   PAD
    0x080193fc   0x0000191c   Code   RO        11757    i.utils_sha1_process  utils_sha1.o
    0x0801ad18   0x0000002c   Code   RO        11758    i.utils_sha1_starts  utils_sha1.o
    0x0801ad44   0x0000007c   Code   RO        11759    i.utils_sha1_update  utils_sha1.o
    0x0801adc0   0x00000016   Code   RO        12691    i.utils_time_countdown_ms  utils_timer.o
    0x0801add6   0x00000024   Code   RO        12693    i.utils_time_is_expired  utils_timer.o
    0x0801adfa   0x00000028   Code   RO        11295    i.writeCString      mqttpacket.o
    0x0801ae22   0x0000000c   Code   RO        11296    i.writeChar         mqttpacket.o
    0x0801ae2e   0x00000030   Code   RO        11297    i.writeInt          mqttpacket.o
    0x0801ae5e   0x0000003e   Code   RO        11298    i.writeMQTTString   mqttpacket.o
    0x0801ae9c   0x0000001c   Code   RO        12330    i.write_tcp         utils_net.o
    0x0801aeb8   0x00000014   Data   RO         8536    .constdata          los_hwi.o
    0x0801aecc   0x00000040   Data   RO         9118    .constdata          sockets.o
    0x0801af0c   0x00000034   Data   RO         9820    .constdata          memp.o
    0x0801af40   0x00000050   Data   RO        10214    .constdata          tcp.o
    0x0801af90   0x00000008   Data   RO        10871    .constdata          ip_addr.o
    0x0801af98   0x0000000c   Data   RO        10938    .constdata          etharp.o
    0x0801afa4   0x00000036   Data   RO        11491    .constdata          sdk-impl.o
    0x0801afda   0x0000002e   Data   RO        11556    .constdata          guider.o
    0x0801b008   0x00000040   Data   RO        11761    .constdata          utils_sha1.o
    0x0801b048   0x0000002d   Data   RO        11929    .constdata          hal_tcp_liteos.o
    0x0801b075   0x0000002b   Data   RO        11986    .constdata          device.o
    0x0801b0a0   0x00000042   Data   RO        12132    .constdata          mem_stats.o
    0x0801b0e2   0x00000062   Data   RO        12242    .constdata          utils_list.o
    0x0801b144   0x0000001a   Data   RO        12331    .constdata          utils_net.o
    0x0801b15e   0x00000002   PAD
    0x0801b160   0x00000383   Data   RO        12437    .constdata          mqtt_client.o
    0x0801b4e3   0x00000081   Data   RO        13200    .constdata          mc_w.l(ctype_o.o)
    0x0801b564   0x00000004   Data   RO        13201    .constdata          mc_w.l(ctype_o.o)
    0x0801b568   0x00000053   Data   RO           20    .conststring        main.o
    0x0801b5bb   0x00000001   PAD
    0x0801b5bc   0x0000008c   Data   RO         9460    .conststring        dhcp.o
    0x0801b648   0x00000075   Data   RO        10215    .conststring        tcp.o
    0x0801b6bd   0x00000003   PAD
    0x0801b6c0   0x00000055   Data   RO        10477    .conststring        tcp_out.o
    0x0801b715   0x00000003   PAD
    0x0801b718   0x00000044   Data   RO        10939    .conststring        etharp.o
    0x0801b75c   0x00000099   Data   RO        11557    .conststring        guider.o
    0x0801b7f5   0x00000003   PAD
    0x0801b7f8   0x0000004d   Data   RO        11930    .conststring        hal_tcp_liteos.o
    0x0801b845   0x00000003   PAD
    0x0801b848   0x00000501   Data   RO        11967    .conststring        ca.o
    0x0801bd49   0x00000003   PAD
    0x0801bd4c   0x000000db   Data   RO        12438    .conststring        mqtt_client.o
    0x0801be27   0x00000001   PAD
    0x0801be28   0x00000018   Data   RO        12747    .conststring        lite-log.o
    0x0801be40   0x00000030   Data   RO        13231    Region$$Table       anon$$obj.o


    Execution Region VECTOR (Base: 0x20000000, Size: 0x00000400, Max: 0x00000400, ABSOLUTE, COMPRESSED[0x00000018])

    Base Addr    Size         Type   Attr      Idx    E Section Name        Object

    0x20000000   0x00000400   Data   RW         8538    .vector.bss         los_hwi.o


    Execution Region ARM_LIB_STACKHEAP (Base: 0x20000400, Size: 0x00000400, Max: 0x00000400, ABSOLUTE)

    Base Addr    Size         Type   Attr      Idx    E Section Name        Object

    0x20000400   0x00000400   Zero   RW            1    ARM_LIB_STACKHEAP.bss  anon$$obj.o


    Execution Region RW_IRAM1 (Base: 0x20000800, Size: 0x0002e77c, Max: 0x0002f800, ABSOLUTE, COMPRESSED[0x0000005c])

    Base Addr    Size         Type   Attr      Idx    E Section Name        Object

    0x20000800   0x00000038   Data   RW           21    .data               main.o
    0x20000838   0x00000014   Data   RW          489    .data               system_stm32f4xx.o
    0x2000084c   0x00000005   Data   RW          530    .data               netconf.o
    0x20000851   0x00000001   PAD
    0x20000852   0x00000002   Data   RW          630    .data               modbusrtu.o
    0x20000854   0x00000004   Data   RW          692    .data               dwt.o
    0x20000858   0x00000006   Data   RW          885    .data               lan8742a.o
    0x2000085e   0x00000002   PAD
    0x20000860   0x00000010   Data   RW         1029    .data               stm32f429_eth.o
    0x20000870   0x00000010   Data   RW         4320    .data               stm32f4xx_rcc.o
    0x20000880   0x00000004   Data   RW         6875    .data               los_priqueue.o
    0x20000884   0x00000010   Data   RW         6976    .data               los_swtmr.o
    0x20000894   0x00000048   Data   RW         7207    .data               los_task.o
    0x200008dc   0x00000004   PAD
    0x200008e0   0x00000014   Data   RW         7455    .data               los_tick.o
    0x200008f4   0x00000008   Data   RW         7492    .data               los_timeslice.o
    0x200008fc   0x0000000c   Data   RW         7608    .data               los_mux.o
    0x20000908   0x0000000c   Data   RW         7708    .data               los_queue.o
    0x20000914   0x0000000c   Data   RW         7845    .data               los_sem.o
    0x20000920   0x00000008   Data   RW         7926    .data               los_heap.o
    0x20000928   0x00000004   Data   RW         8360    .data               los_err.o
    0x2000092c   0x00000004   Data   RW         8537    .data               los_hwi.o
    0x20000930   0x00000008   Data   RW         9119    .data               sockets.o
    0x20000938   0x0000000c   Data   RW         9293    .data               tcpip.o
    0x20000944   0x00000004   Data   RW         9461    .data               dhcp.o
    0x20000948   0x00000014   Data   RW         9637    .data               dns.o
    0x2000095c   0x00000010   Data   RW         9766    .data               mem.o
    0x2000096c   0x00000009   Data   RW         9883    .data               netif.o
    0x20000975   0x00000003   PAD
    0x20000978   0x00000004   Data   RW        10100    .data               raw.o
    0x2000097c   0x00000024   Data   RW        10216    .data               tcp.o
    0x200009a0   0x00000020   Data   RW        10417    .data               tcp_in.o
    0x200009c0   0x00000008   Data   RW        10572    .data               timers.o
    0x200009c8   0x00000008   Data   RW        10670    .data               udp.o
    0x200009d0   0x00000012   Data   RW        10832    .data               ip.o
    0x200009e2   0x00000001   Data   RW        10940    .data               etharp.o
    0x200009e3   0x00000001   PAD
    0x200009e4   0x00000004   Data   RW        11024    .data               ethernetif.o
    0x200009e8   0x00000002   Data   RW        11091    .data               sys_arch.o
    0x200009ea   0x00000002   PAD
    0x200009ec   0x00000004   Data   RW        11299    .data               mqttpacket.o
    0x200009f0   0x0000001c   Data   RW        11558    .data               guider.o
    0x20000a0c   0x00000004   Data   RW        11831    .data               hal_os_liteos.o
    0x20000a10   0x00000004   Data   RW        11968    .data               ca.o
    0x20000a14   0x00000004   Data   RW        11987    .data               device.o
    0x20000a18   0x00000018   Data   RW        12748    .data               lite-log.o
    0x20000a30   0x00000004   Data   RW        12816    .data               mc_w.l(stdout.o)
    0x20000a34   0x00000004   Data   RW        12840    .data               mc_w.l(strtok.o)
    0x20000a38   0x00000004   Data   RW        13166    .data               mc_w.l(stderr.o)
    0x20000a3c   0x00000004   Data   RW        13175    .data               mc_w.l(mvars.o)
    0x20000a40   0x00000004   Data   RW        13176    .data               mc_w.l(mvars.o)
    0x20000a44   0x00000004   Data   RW        13180    .data               mc_w.l(errno.o)
    0x20000a48   0x00000350   Zero   RW           19    .bss                main.o
    0x20000d98   0x00000038   Zero   RW          529    .bss                netconf.o
    0x20000dd0   0x00000200   Zero   RW          629    .bss                modbusrtu.o
    0x20000fd0   0x000000bc   Zero   RW          884    .bss                lan8742a.o
    0x2000108c   0x00003cd4   Zero   RW         1028    .bss                stm32f429_eth.o
    0x20004d60   0x00024000   Zero   RW         8398    .bss                los_init.o
    0x20028d60   0x00000400   Zero   RW         8535    .bss                los_hwi.o
    0x20029160   0x00000060   Zero   RW         9117    .bss                sockets.o
    0x200291c0   0x00000032   Zero   RW         9459    .bss                dhcp.o
    0x200291f2   0x00000002   PAD
    0x200291f4   0x00000663   Zero   RW         9636    .bss                dns.o
    0x20029857   0x00001414   Zero   RW         9765    .bss                mem.o
    0x2002ac6b   0x00000001   PAD
    0x2002ac6c   0x00003bbf   Zero   RW         9819    .bss                memp.o
    0x2002e82b   0x00000001   PAD
    0x2002e82c   0x00000014   Zero   RW        10416    .bss                tcp_in.o
    0x2002e840   0x000000c8   Zero   RW        10937    .bss                etharp.o
    0x2002e908   0x00000565   Zero   RW        11985    .bss                device.o
    0x2002ee6d   0x00000003   PAD
    0x2002ee70   0x0000010c   Zero   RW        12746    .bss                lite-log.o


==============================================================================

Image component sizes


      Code (inc. data)   RO Data    RW Data    ZI Data      Debug   Object Name

      3392       1662          0          0          0      27983   api_lib.o
      7120       2832          0          0          0      21416   api_msg.o
       196         12          0          0          0       2753   bsp_debug_usart.o
       158         20          0          0          0       3718   bsp_key.o
       128         10          0          0          0        710   bsp_led.o
        12          6       1281          4          0        858   ca.o
       446         26          0          0          0      20872   cmsis_liteos.o
        62          0          0          0          0       2420   def.o
       396        202         43          4       1381       3195   device.o
      7254       2024        140          4         50      25000   dhcp.o
      2048        404          0         20       1635      15620   dns.o
        48         14          0          4          0       3688   dwt.o
      4228       1284         80          1        200      15028   etharp.o
       876        174          0          4          0       6099   ethernetif.o
      2108        900        199         28          0       8453   guider.o
       148          0          0          4          0       7085   hal_os_liteos.o
      1924        754        122          0          0       6814   hal_tcp_liteos.o
      1126        456          0          0          0       3497   icmp.o
       200          0          0          0          0       2925   inet_chksum.o
        40          0          0          0          0      10281   init.o
      1140        268          0         18          0       7965   ip.o
       562        102          8          0          0       9362   ip_addr.o
       812         62          0          6        188       6658   lan8742a.o
       224         50         24         24        268       3977   lite-log.o
       232         24          0          0          0        404   los_dispatch_keil.o
        68         10          0          4          0       2554   los_err.o
       810        102          0          8          0       6545   los_heap.o
       400         20          0          0          0       3202   los_hw.o
       196         40          0          0          0      27569   los_hw_tick.o
       432         90         20       1028       1024      34047   los_hwi.o
       362        120          0          0     147456       3723   los_init.o
       222          4          0          0          0       3905   los_memory.o
        76          6          0          0          0       1349   los_misc.o
      1104        210          0         12          0      16668   los_mux.o
       232         24          0          4          0       8526   los_priqueue.o
      1468        132          0         12          0      23447   los_queue.o
      1072        244          0         12          0       8826   los_sem.o
       410          0          0          0          0       7106   los_slab.o
       460         46          0          0          0       4938   los_slabmem.o
        44         22          0          0          0        316   los_startup_keil.o
       620        118          0         16          0       8885   los_swtmr.o
        80          6          0          0          0       1867   los_sys.o
      2598        342          0         72          0      27144   los_task.o
        40          6          0         20          0       1003   los_tick.o
        92         16          0          8          0       1441   los_timeslice.o
      2162       1118         83         56        848     352165   main.o
      2132        918          0         16       5140       5693   mem.o
       140         44         66          0          0       3448   mem_stats.o
       516        282         52          0      15295       3702   memp.o
       140         24          0          0          0       1963   misc.o
       284         26          0          2        512       2212   modbusrtu.o
      8166       2586       1118          0          0      50172   mqtt_client.o
       690         18          0          0          0       4760   mqttconnectclient.o
       450         18          0          4          0       7726   mqttpacket.o
       210          0          0          0          0       1922   mqttserializepublish.o
       212          0          0          0          0       2318   mqttunsubscribeclient.o
       392        214          0          0          0       7463   netbuf.o
       764        346          0          5         56      13609   netconf.o
       476        152          0          0          0      10055   netdb.o
       588        128          0          9          0       9549   netif.o
      3466       1452          0          0          0       8801   pbuf.o
       580        142          0          4          0       5948   raw.o
       400        132         54          0          0       3716   sdk-impl.o
      4418        954         64          8         96      17853   sockets.o
      2378        162          0         16      15572      19383   stm32f429_eth.o
       240          0          0          0          0       4331   stm32f4xx_gpio.o
         0          0          0          0          0       1768   stm32f4xx_it.o
       360         42          0         16          0       6096   stm32f4xx_rcc.o
        12          6          0          0          0        706   stm32f4xx_syscfg.o
       456          8          0          0          0       7247   stm32f4xx_usart.o
       660          8          0          2          0      14385   sys_arch.o
       392         32          0         20          0       1985   system_stm32f4xx.o
      5506       1806        197         36          0      33494   tcp.o
      6428       1166          0         32         20      17507   tcp_in.o
      5408       1484         85          0          0      16647   tcp_out.o
       796        278          0         12          0      10018   tcpip.o
       864        234          0          8          0       7743   timers.o
      1674        364          0          8          0      19245   udp.o
       214          0          0          0          0       1630   utils_hmac.o
       444        116         98          0          0       6447   utils_list.o
        24          0          0          0          0        647   utils_md5.o
       424         84         26          0          0       7007   utils_net.o
      6842         40         64          0          0       6759   utils_sha1.o
       124          0          0          0          0       3958   utils_timer.o

    ----------------------------------------------------------------------
    105194      27228       3891       1584     190772    1109920   Object Totals
         0          0         48          0       1024          0   (incl. Generated)
        96          0         19         13          7          0   (incl. Padding)

    ----------------------------------------------------------------------

      Code (inc. data)   RO Data    RW Data    ZI Data      Debug   Library Member Name

        86          0          0          0          0          0   __dczerorl2.o
        28          0          0          0          0         68   _chval.o
       158          0          0          0          0         92   _strtoul.o
        26          0          0          0          0         80   atoi.o
         8          4        133          0          0         68   ctype_o.o
         0          0          0          0          0          0   entry.o
         0          0          0          0          0          0   entry10a.o
         0          0          0          0          0          0   entry11a.o
         8          4          0          0          0          0   entry3.o
         4          0          0          0          0          0   entry5.o
         0          0          0          0          0          0   entry7b.o
         0          0          0          0          0          0   entry8b.o
         8          4          0          0          0          0   entry9a.o
         8          4          0          4          0         68   errno.o
        24          0          0          0          0         80   fputs.o
        30          0          0          0          0          0   handlers.o
        36          8          0          0          0         68   init.o
         0          0          0          0          0          0   iusefp.o
        30          0          0          0          0         68   llshl.o
        36          0          0          0          0         68   llsshr.o
        32          0          0          0          0         68   llushr.o
       252         24          0          0          0        252   mallocr1.o
        26          0          0          0          0         80   memcmp.o
        36          0          0          0          0         68   memcpya.o
        36          0          0          0          0        108   memseta.o
         0          0          0          8          0          0   mvars.o
        64         14          0          0          0         80   perror.o
      2374        104          0          0          0        828   printfa.o
         0          0          0          4          0          0   stderr.o
         0          0          0          4          0          0   stdout.o
        28          0          0          0          0         76   strcmp.o
       228        196          0          0          0         68   strerror.o
        14          0          0          0          0         68   strlen.o
        24          0          0          0          0         76   strncpy.o
        36          0          0          0          0         80   strstr.o
        68          6          0          4          0         80   strtok.o
       112          0          0          0          0         88   strtol.o
        44          0          0          0          0         80   uidiv.o
        98          0          0          0          0         92   uldiv.o
        48          0          0          0          0         68   cdrcmple.o
       334          0          0          0          0        148   dadd.o
       222          0          0          0          0        100   ddiv.o
       186          0          0          0          0        176   depilogue.o
        48          0          0          0          0         68   dfixul.o
       228          0          0          0          0         96   dmul.o
        38          0          0          0          0         68   f2d.o

    ----------------------------------------------------------------------
      5070        368        133         24          0       3576   Library Totals
         4          0          0          0          0          0   (incl. Padding)

    ----------------------------------------------------------------------

      Code (inc. data)   RO Data    RW Data    ZI Data      Debug   Library Name

      3962        368        133         24          0       2852   mc_w.l
      1104          0          0          0          0        724   mf_w.l

    ----------------------------------------------------------------------
      5070        368        133         24          0       3576   Library Totals

    ----------------------------------------------------------------------

==============================================================================


      Code (inc. data)   RO Data    RW Data    ZI Data      Debug   

    110264      27596       4024       1608     190772    1055404   Grand Totals
    110264      27596       4024        116     190772    1055404   ELF Image Totals (compressed)
    110264      27596       4024        116          0          0   ROM Totals

==============================================================================

    Total RO  Size (Code + RO Data)               114288 ( 111.61kB)
    Total RW  Size (RW Data + ZI Data)            192380 ( 187.87kB)
    Total ROM Size (Code + RO Data + RW Data)     114404 ( 111.72kB)

==============================================================================

