Component: ARM Compiler 5.06 update 5 (build 528) Tool: armlink [4d35e2]

==============================================================================

Section Cross References

    los_startup_keil.o(RESET) refers (Special) to los_dispatch_keil.o(.text) for osPendSV
    los_startup_keil.o(RESET) refers to system_stm32f4xx.o(i.SystemInit) for SystemInit
    los_startup_keil.o(RESET) refers to entry.o(.ARM.Collect$$$$00000000) for __main
    main.o(i.TIM3_Config) refers to stm32f4xx_rcc.o(i.RCC_APB1PeriphClockCmd) for RCC_APB1PeriphClockCmd
    main.o(i.TIM3_Config) refers to stm32f4xx_tim.o(i.TIM_TimeBaseInit) for TIM_TimeBaseInit
    main.o(i.TIM3_Config) refers to stm32f4xx_tim.o(i.TIM_ITConfig) for TIM_ITConfig
    main.o(i.TIM3_Config) refers to stm32f4xx_tim.o(i.TIM_Cmd) for TIM_Cmd
    main.o(i.TIM3_Config) refers to misc.o(i.NVIC_Init) for NVIC_Init
    main.o(i.TIM3_IRQHandler) refers to stm32f4xx_tim.o(i.TIM_GetITStatus) for TIM_GetITStatus
    main.o(i.TIM3_IRQHandler) refers to stm32f4xx_tim.o(i.TIM_ClearITPendingBit) for TIM_ClearITPendingBit
    main.o(i.TIM3_IRQHandler) refers to main.o(.data) for LocalTime
    main.o(i.creat_task1) refers to los_task.o(i.LOS_TaskCreate) for LOS_TaskCreate
    main.o(i.creat_task1) refers to main.o(i.oneNetTask) for oneNetTask
    main.o(i.creat_task1) refers to main.o(.data) for g_TskHandle
    main.o(i.creat_task2) refers to los_task.o(i.LOS_TaskCreate) for LOS_TaskCreate
    main.o(i.creat_task2) refers to main.o(i.task2) for task2
    main.o(i.creat_task2) refers to main.o(.data) for g_TskHandle
    main.o(i.hardware_init) refers to bsp_led.o(i.LED_GPIO_Config) for LED_GPIO_Config
    main.o(i.hardware_init) refers to bsp_key.o(i.Key1_GPIO_Config) for Key1_GPIO_Config
    main.o(i.hardware_init) refers to bsp_key.o(i.Key2_GPIO_Config) for Key2_GPIO_Config
    main.o(i.hardware_init) refers to bsp_key.o(i.KeyCreate) for KeyCreate
    main.o(i.hardware_init) refers to bsp_debug_usart.o(i.Debug_USART_Config) for Debug_USART_Config
    main.o(i.hardware_init) refers to dwt.o(i.DelayInit) for DelayInit
    main.o(i.hardware_init) refers to los_hwi.o(i.LOS_HwiCreate) for LOS_HwiCreate
    main.o(i.hardware_init) refers to main.o(i.TIM3_Config) for TIM3_Config
    main.o(i.hardware_init) refers to printf8.o(i.__0printf$8) for __2printf
    main.o(i.hardware_init) refers to bsp_key.o(i.GetPinStateOfKey1) for GetPinStateOfKey1
    main.o(i.hardware_init) refers to main.o(.data) for Key1
    main.o(i.hardware_init) refers to bsp_key.o(i.GetPinStateOfKey2) for GetPinStateOfKey2
    main.o(i.hardware_init) refers to system_stm32f4xx.o(.data) for SystemCoreClock
    main.o(i.hardware_init) refers to main.o(i.TIM3_IRQHandler) for TIM3_IRQHandler
    main.o(i.main) refers to los_init.o(i.LOS_KernelInit) for LOS_KernelInit
    main.o(i.main) refers to main.o(i.hardware_init) for hardware_init
    main.o(i.main) refers to main.o(i.creat_task1) for creat_task1
    main.o(i.main) refers to main.o(i.creat_task2) for creat_task2
    main.o(i.main) refers to los_init.o(i.LOS_Start) for LOS_Start
    main.o(i.oneNetTask) refers to bsp_led.o(i.LED_GPIO_Config) for LED_GPIO_Config
    main.o(i.oneNetTask) refers to bsp_debug_usart.o(i.Debug_USART_Config) for Debug_USART_Config
    main.o(i.oneNetTask) refers to printf8.o(i.__0printf$8) for __2printf
    main.o(i.oneNetTask) refers to stm32f429_phy.o(i.ETH_BSP_Config) for ETH_BSP_Config
    main.o(i.oneNetTask) refers to netconf.o(i.LwIP_Init) for LwIP_Init
    main.o(i.oneNetTask) refers to bsp_adc.o(i.Rheostat_Init) for Rheostat_Init
    main.o(i.oneNetTask) refers to tcp_echoclient.o(i.tcp_echoclient_connect) for tcp_echoclient_connect
    main.o(i.oneNetTask) refers to stm32f429_eth.o(i.ETH_CheckFrameReceived) for ETH_CheckFrameReceived
    main.o(i.oneNetTask) refers to netconf.o(i.LwIP_Pkt_Handle) for LwIP_Pkt_Handle
    main.o(i.oneNetTask) refers to netconf.o(i.LwIP_Periodic_Handle) for LwIP_Periodic_Handle
    main.o(i.oneNetTask) refers to stm32f429_phy.o(.data) for EthLinkStatus
    main.o(i.oneNetTask) refers to main.o(.data) for LocalTime
    main.o(i.task2) refers to printf8.o(i.__0printf$8) for __2printf
    main.o(i.task2) refers to los_task.o(i.LOS_TaskDelay) for LOS_TaskDelay
    stm32f4xx_it.o(i.HardFault_Handler) refers to printf8.o(i.__0printf$8) for __2printf
    stm32f4xx_it.o(i.SysTick_Handler) refers to bsp_systick.o(i.TimingDelay_Decrement) for TimingDelay_Decrement
    system_stm32f4xx.o(i.SystemCoreClockUpdate) refers to system_stm32f4xx.o(.data) for SystemCoreClock
    system_stm32f4xx.o(i.SystemInit) refers to system_stm32f4xx.o(i.SetSysClock) for SetSysClock
    dwt.o(i.Delay10ms) refers to dwt.o(i.Delayus) for Delayus
    dwt.o(i.DelayInit) refers to dwt.o(.data) for cpuclkfeq
    dwt.o(i.Delayus) refers to los_dispatch_keil.o(.text) for LOS_IntLock
    dwt.o(i.Delayus) refers to dwt.o(.data) for cpuclkfeq
[...]
    __rt_final_exit                          0x0800003d   Thumb Code     0  entry11a.o(.ARM.Collect$$$$0000000F)
    LOS_StartToRun                           0x08000041   Thumb Code     0  los_dispatch_keil.o(.text)
    LOS_IntNumGet                            0x08000091   Thumb Code     0  los_dispatch_keil.o(.text)
    LOS_IntLock                              0x08000097   Thumb Code     0  los_dispatch_keil.o(.text)
    LOS_IntUnLock                            0x0800009f   Thumb Code     0  los_dispatch_keil.o(.text)
    LOS_IntRestore                           0x080000a7   Thumb Code     0  los_dispatch_keil.o(.text)
    osTaskSchedule                           0x080000ad   Thumb Code     0  los_dispatch_keil.o(.text)
    osPendSV                                 0x080000b7   Thumb Code     0  los_dispatch_keil.o(.text)
    __aeabi_uldivmod                         0x08000129   Thumb Code    98  uldiv.o(.text)
    __aeabi_memcpy                           0x0800018b   Thumb Code    36  memcpya.o(.text)
    __aeabi_memcpy4                          0x0800018b   Thumb Code     0  memcpya.o(.text)
    __aeabi_memcpy8                          0x0800018b   Thumb Code     0  memcpya.o(.text)
    __aeabi_memset                           0x080001af   Thumb Code    14  memseta.o(.text)
    __aeabi_memset4                          0x080001af   Thumb Code     0  memseta.o(.text)
    __aeabi_memset8                          0x080001af   Thumb Code     0  memseta.o(.text)
    __aeabi_memclr                           0x080001bd   Thumb Code     4  memseta.o(.text)
    __aeabi_memclr4                          0x080001bd   Thumb Code     0  memseta.o(.text)
    __aeabi_memclr8                          0x080001bd   Thumb Code     0  memseta.o(.text)
    _memset$wrapper                          0x080001c1   Thumb Code    18  memseta.o(.text)
    strcat                                   0x080001d3   Thumb Code    24  strcat.o(.text)
    strlen                                   0x080001eb   Thumb Code    14  strlen.o(.text)
    memcmp                                   0x080001f9   Thumb Code    26  memcmp.o(.text)
    strcpy                                   0x08000213   Thumb Code    18  strcpy.o(.text)
    __aeabi_llsl                             0x08000225   Thumb Code    30  llshl.o(.text)
    _ll_shift_l                              0x08000225   Thumb Code     0  llshl.o(.text)
    __aeabi_llsr                             0x08000243   Thumb Code    32  llushr.o(.text)
    _ll_ushift_r                             0x08000243   Thumb Code     0  llushr.o(.text)
    __scatterload                            0x08000265   Thumb Code    28  init.o(.text)
    __scatterload_rt2                        0x08000265   Thumb Code     0  init.o(.text)
    __decompress                             0x08000289   Thumb Code     0  __dczerorl2.o(.text)
    __decompress1                            0x08000289   Thumb Code    86  __dczerorl2.o(.text)
    ADC_Cmd                                  0x080002df   Thumb Code    22  stm32f4xx_adc.o(i.ADC_Cmd)
    ADC_CommonInit                           0x080002f5   Thumb Code    34  stm32f4xx_adc.o(i.ADC_CommonInit)
    ADC_DMACmd                               0x08000325   Thumb Code    22  stm32f4xx_adc.o(i.ADC_DMACmd)
    ADC_DMARequestAfterLastTransferCmd       0x0800033b   Thumb Code    22  stm32f4xx_adc.o(i.ADC_DMARequestAfterLastTransferCmd)
    ADC_Init                                 0x08000351   Thumb Code    74  stm32f4xx_adc.o(i.ADC_Init)
    ADC_RegularChannelConfig                 0x080003a5   Thumb Code   184  stm32f4xx_adc.o(i.ADC_RegularChannelConfig)
    ADC_SoftwareStartConv                    0x0800045d   Thumb Code    10  stm32f4xx_adc.o(i.ADC_SoftwareStartConv)
    ADC_StructInit                           0x08000467   Thumb Code    20  stm32f4xx_adc.o(i.ADC_StructInit)
    DMA_Cmd                                  0x0800047b   Thumb Code    22  stm32f4xx_dma.o(i.DMA_Cmd)
    DMA_Init                                 0x08000491   Thumb Code    82  stm32f4xx_dma.o(i.DMA_Init)
    Debug_USART_Config                       0x080004e9   Thumb Code   152  bsp_debug_usart.o(i.Debug_USART_Config)
    DelayInit                                0x08000589   Thumb Code    34  dwt.o(i.DelayInit)
    Delay_10ms                               0x080005b9   Thumb Code    10  bsp_systick.o(i.Delay_10ms)
    ETH_BSP_Config                           0x080005c5   Thumb Code    38  stm32f429_phy.o(i.ETH_BSP_Config)
    ETH_CheckFrameReceived                   0x080005f1   Thumb Code   210  stm32f429_eth.o(i.ETH_CheckFrameReceived)
    ETH_CheckLinkStatus                      0x080006cd   Thumb Code    64  stm32f429_phy.o(i.ETH_CheckLinkStatus)
    ETH_DMAReceptionCmd                      0x08000719   Thumb Code    30  stm32f429_eth.o(i.ETH_DMAReceptionCmd)
    ETH_DMARxDescChainInit                   0x0800073d   Thumb Code    82  stm32f429_eth.o(i.ETH_DMARxDescChainInit)
    ETH_DMATransmissionCmd                   0x080007a1   Thumb Code    30  stm32f429_eth.o(i.ETH_DMATransmissionCmd)
    ETH_DMATxDescChainInit                   0x080007c5   Thumb Code    70  stm32f429_eth.o(i.ETH_DMATxDescChainInit)
    ETH_DMATxDescChecksumInsertionConfig     0x08000815   Thumb Code     8  stm32f429_eth.o(i.ETH_DMATxDescChecksumInsertionConfig)
    ETH_DeInit                               0x0800081d   Thumb Code    22  stm32f429_eth.o(i.ETH_DeInit)
    ETH_FlushTransmitFIFO                    0x08000835   Thumb Code    38  stm32f429_eth.o(i.ETH_FlushTransmitFIFO)
    ETH_GetSoftwareResetStatus               0x080009b1   Thumb Code    20  stm32f429_eth.o(i.ETH_GetSoftwareResetStatus)
    ETH_Get_Received_Frame                   0x080009c9   Thumb Code    64  stm32f429_eth.o(i.ETH_Get_Received_Frame)
    ETH_Init                                 0x08000a11   Thumb Code   748  stm32f429_eth.o(i.ETH_Init)
    ETH_MACAddressConfig                     0x08000d25   Thumb Code    46  stm32f429_eth.o(i.ETH_MACAddressConfig)
    ETH_MACReceptionCmd                      0x08000df9   Thumb Code    56  stm32f429_eth.o(i.ETH_MACReceptionCmd)
    ETH_MACTransmissionCmd                   0x08000e35   Thumb Code    56  stm32f429_eth.o(i.ETH_MACTransmissionCmd)
    ETH_Prepare_Transmit_Descriptors         0x08000e71   Thumb Code   194  stm32f429_eth.o(i.ETH_Prepare_Transmit_Descriptors)
    ETH_ReadPHYRegister                      0x08000f3d   Thumb Code    98  stm32f429_eth.o(i.ETH_ReadPHYRegister)
    ETH_SoftwareReset                        0x08000fa9   Thumb Code    14  stm32f429_eth.o(i.ETH_SoftwareReset)
    ETH_Start                                0x08000fbd   Thumb Code    32  stm32f429_eth.o(i.ETH_Start)
    ETH_Stop                                 0x08000fdd   Thumb Code    32  stm32f429_eth.o(i.ETH_Stop)
    ETH_StructInit                           0x08000ffd   Thumb Code   178  stm32f429_eth.o(i.ETH_StructInit)
    ETH_WritePHYRegister                     0x080010b1   Thumb Code    96  stm32f429_eth.o(i.ETH_WritePHYRegister)
    ETH_link_callback                        0x08001119   Thumb Code   218  stm32f429_phy.o(i.ETH_link_callback)
    GPIO_Init                                0x08001211   Thumb Code   144  stm32f4xx_gpio.o(i.GPIO_Init)
    GPIO_PinAFConfig                         0x080012a1   Thumb Code    70  stm32f4xx_gpio.o(i.GPIO_PinAFConfig)
    GPIO_ReadInputDataBit                    0x080012e7   Thumb Code    18  stm32f4xx_gpio.o(i.GPIO_ReadInputDataBit)
    GPIO_ResetBits                           0x080012f9   Thumb Code     4  stm32f4xx_gpio.o(i.GPIO_ResetBits)
    GPIO_SetBits                             0x080012fd   Thumb Code     4  stm32f4xx_gpio.o(i.GPIO_SetBits)
    GetPinStateOfKey1                        0x08001301   Thumb Code    20  bsp_key.o(i.GetPinStateOfKey1)
    GetPinStateOfKey2                        0x08001319   Thumb Code    22  bsp_key.o(i.GetPinStateOfKey2)
    Key1_GPIO_Config                         0x08001335   Thumb Code    38  bsp_key.o(i.Key1_GPIO_Config)
    Key2_GPIO_Config                         0x08001361   Thumb Code    40  bsp_key.o(i.Key2_GPIO_Config)
    KeyCreate                                0x0800138d   Thumb Code    18  bsp_key.o(i.KeyCreate)
    LED_GPIO_Config                          0x080013a1   Thumb Code   118  bsp_led.o(i.LED_GPIO_Config)
    LOS_Align                                0x08001421   Thumb Code    28  los_misc.o(i.LOS_Align)
    LOS_HeapAlloc                            0x0800143d   Thumb Code   258  los_heap.o(i.LOS_HeapAlloc)
    LOS_HeapFree                             0x0800157d   Thumb Code   232  los_heap.o(i.LOS_HeapFree)
    LOS_HeapInit                             0x08001685   Thumb Code    68  los_heap.o(i.LOS_HeapInit)
    LOS_HwiCreate                            0x080016c9   Thumb Code   164  los_hwi.o(i.LOS_HwiCreate)
    LOS_KernelInit                           0x08001789   Thumb Code    18  los_init.o(i.LOS_KernelInit)
    LOS_MemAlloc                             0x0800182f   Thumb Code    42  los_memory.o(i.LOS_MemAlloc)
    LOS_MemAllocAlign                        0x08001859   Thumb Code    18  los_memory.o(i.LOS_MemAllocAlign)
    LOS_MemFree                              0x0800186b   Thumb Code    52  los_memory.o(i.LOS_MemFree)
    LOS_MemInit                              0x0800189f   Thumb Code    86  los_memory.o(i.LOS_MemInit)
    LOS_QueueCreate                          0x080018f5   Thumb Code   206  los_queue.o(i.LOS_QueueCreate)
    LOS_QueueReadCopy                        0x080019d1   Thumb Code    54  los_queue.o(i.LOS_QueueReadCopy)
    LOS_QueueWriteCopy                       0x08001a07   Thumb Code    54  los_queue.o(i.LOS_QueueWriteCopy)
    LOS_Schedule                             0x08001a3d   Thumb Code    56  los_hw.o(i.LOS_Schedule)
    LOS_Start                                0x08001a7d   Thumb Code    12  los_init.o(i.LOS_Start)
    LOS_SwtmrCreate                          0x08001a89   Thumb Code   130  los_swtmr.o(i.LOS_SwtmrCreate)
    LOS_SwtmrStart                           0x08001b15   Thumb Code   126  los_swtmr.o(i.LOS_SwtmrStart)
    LOS_TaskCreate                           0x08001b9d   Thumb Code   140  los_task.o(i.LOS_TaskCreate)
    LOS_TaskCreateOnly                       0x08001c39   Thumb Code   358  los_task.o(i.LOS_TaskCreateOnly)
    LOS_TaskDelay                            0x08001db9   Thumb Code   106  los_task.o(i.LOS_TaskDelay)
    LOS_TaskYield                            0x08001e39   Thumb Code   134  los_task.o(i.LOS_TaskYield)
    LOS_TickCountGet                         0x08001ecd   Thumb Code     6  los_sys.o(i.LOS_TickCountGet)
    LwIP_Init                                0x08001ed9   Thumb Code   172  netconf.o(i.LwIP_Init)
    LwIP_Periodic_Handle                     0x08002031   Thumb Code    78  netconf.o(i.LwIP_Periodic_Handle)
    LwIP_Pkt_Handle                          0x0800208d   Thumb Code    10  netconf.o(i.LwIP_Pkt_Handle)
    NVIC_Init                                0x0800209d   Thumb Code   106  misc.o(i.NVIC_Init)
    RCC_AHB1PeriphClockCmd                   0x08002115   Thumb Code    26  stm32f4xx_rcc.o(i.RCC_AHB1PeriphClockCmd)
    RCC_AHB1PeriphResetCmd                   0x08002135   Thumb Code    26  stm32f4xx_rcc.o(i.RCC_AHB1PeriphResetCmd)
    RCC_APB1PeriphClockCmd                   0x08002155   Thumb Code    26  stm32f4xx_rcc.o(i.RCC_APB1PeriphClockCmd)
    RCC_APB2PeriphClockCmd                   0x08002175   Thumb Code    26  stm32f4xx_rcc.o(i.RCC_APB2PeriphClockCmd)
    RCC_GetClocksFreq                        0x08002195   Thumb Code   214  stm32f4xx_rcc.o(i.RCC_GetClocksFreq)
    Rheostat_Init                            0x08002381   Thumb Code    12  bsp_adc.o(i.Rheostat_Init)
    SYSCFG_ETH_MediaInterfaceConfig          0x0800238d   Thumb Code     6  stm32f4xx_syscfg.o(i.SYSCFG_ETH_MediaInterfaceConfig)
    SystemInit                               0x080024b9   Thumb Code    88  system_stm32f4xx.o(i.SystemInit)
    TIM3_IRQHandler                          0x0800257d   Thumb Code    34  main.o(i.TIM3_IRQHandler)
    TIM_ClearITPendingBit                    0x080025a9   Thumb Code     6  stm32f4xx_tim.o(i.TIM_ClearITPendingBit)
    TIM_Cmd                                  0x080025af   Thumb Code    24  stm32f4xx_tim.o(i.TIM_Cmd)
    TIM_GetITStatus                          0x080025c7   Thumb Code    34  stm32f4xx_tim.o(i.TIM_GetITStatus)
    TIM_ITConfig                             0x080025e9   Thumb Code    18  stm32f4xx_tim.o(i.TIM_ITConfig)
    TIM_TimeBaseInit                         0x080025fd   Thumb Code   104  stm32f4xx_tim.o(i.TIM_TimeBaseInit)
    USART_ClearFlag                          0x08002681   Thumb Code    18  stm32f4xx_usart.o(i.USART_ClearFlag)
    USART_Cmd                                0x08002693   Thumb Code    24  stm32f4xx_usart.o(i.USART_Cmd)
    USART_GetFlagStatus                      0x080026ab   Thumb Code    26  stm32f4xx_usart.o(i.USART_GetFlagStatus)
    USART_Init                               0x080026c5   Thumb Code   204  stm32f4xx_usart.o(i.USART_Init)
    USART_SendData                           0x08002799   Thumb Code     8  stm32f4xx_usart.o(i.USART_SendData)
    UploadData                               0x080027a1   Thumb Code   136  tcp_echoclient.o(i.UploadData)
    __0printf$8                              0x08002849   Thumb Code    22  printf8.o(i.__0printf$8)
    __1printf$8                              0x08002849   Thumb Code     0  printf8.o(i.__0printf$8)
    __2printf                                0x08002849   Thumb Code     0  printf8.o(i.__0printf$8)
    __0sprintf$8                             0x08002869   Thumb Code    34  printf8.o(i.__0sprintf$8)
    __1sprintf$8                             0x08002869   Thumb Code     0  printf8.o(i.__0sprintf$8)
    __2sprintf                               0x08002869   Thumb Code     0  printf8.o(i.__0sprintf$8)
    free                                     0x08002891   Thumb Code    76  malloc1.o(i.__free$1region)
    malloc                                   0x080028e1   Thumb Code    92  malloc1.o(i.__malloc$1region)
    __scatterload_copy                       0x0800294d   Thumb Code    14  handlers.o(i.__scatterload_copy)
    __scatterload_null                       0x0800295b   Thumb Code     2  handlers.o(i.__scatterload_null)
    __scatterload_zeroinit                   0x0800295d   Thumb Code    14  handlers.o(i.__scatterload_zeroinit)
    creat_task1                              0x08002dd9   Thumb Code    48  main.o(i.creat_task1)
    creat_task2                              0x08002e1d   Thumb Code    48  main.o(i.creat_task2)
    dhcp_arp_reply                           0x08002e5d   Thumb Code    46  dhcp.o(i.dhcp_arp_reply)
    dhcp_network_changed                     0x08003145   Thumb Code    80  dhcp.o(i.dhcp_network_changed)
    etharp_cleanup_netif                     0x08003435   Thumb Code    52  etharp.o(i.etharp_cleanup_netif)
    etharp_output                            0x0800360d   Thumb Code   314  etharp.o(i.etharp_output)
    etharp_query                             0x080037c1   Thumb Code   338  etharp.o(i.etharp_query)
    etharp_request                           0x080039d1   Thumb Code    36  etharp.o(i.etharp_request)
    etharp_tmr                               0x08003a35   Thumb Code   136  etharp.o(i.etharp_tmr)
    ethernet_input                           0x08003b79   Thumb Code   178  etharp.o(i.ethernet_input)
    ethernetif_init                          0x08003c31   Thumb Code    38  ethernetif.o(i.ethernetif_init)
    ethernetif_input                         0x08003c61   Thumb Code    42  ethernetif.o(i.ethernetif_input)
    fputc                                    0x08003c8d   Thumb Code    32  bsp_debug_usart.o(i.fputc)
    getLightData                             0x08003cb1   Thumb Code   158  data_collect.o(i.getLightData)
    getTempHttpData                          0x08003e31   Thumb Code   198  data_collect.o(i.getTempHttpData)
    hardware_init                            0x08003fe1   Thumb Code    82  main.o(i.hardware_init)
    icmp_dest_unreach                        0x08004061   Thumb Code    18  icmp.o(i.icmp_dest_unreach)
    icmp_input                               0x08004075   Thumb Code   340  icmp.o(i.icmp_input)
    icmp_time_exceeded                       0x08004241   Thumb Code    18  icmp.o(i.icmp_time_exceeded)
    inet_chksum                              0x08004253   Thumb Code    20  inet_chksum.o(i.inet_chksum)
    inet_chksum_pbuf                         0x08004267   Thumb Code    86  inet_chksum.o(i.inet_chksum_pbuf)
    ip4_addr_isbroadcast                     0x080042bd   Thumb Code    78  ip_addr.o(i.ip4_addr_isbroadcast)
    ip_frag                                  0x0800430d   Thumb Code   424  ip_frag.o(i.ip_frag)
    ip_input                                 0x080044d5   Thumb Code   420  ip.o(i.ip_input)
    ip_output                                0x0800468d   Thumb Code    56  ip.o(i.ip_output)
    ip_output_if                             0x080046c5   Thumb Code   192  ip.o(i.ip_output_if)
    ip_reass                                 0x08004789   Thumb Code   386  ip_frag.o(i.ip_reass)
    ip_route                                 0x08004c15   Thumb Code    76  ip.o(i.ip_route)
    lwip_htonl                               0x08004ec9   Thumb Code    26  def.o(i.lwip_htonl)
    lwip_htons                               0x08004ee3   Thumb Code    12  def.o(i.lwip_htons)
    lwip_ntohl                               0x08004eef   Thumb Code    12  def.o(i.lwip_ntohl)
    lwip_ntohs                               0x08004efb   Thumb Code    12  def.o(i.lwip_ntohs)
    main                                     0x08004f65   Thumb Code    44  main.o(i.main)
    mem_free                                 0x08004f91   Thumb Code    68  mem.o(i.mem_free)
    mem_init                                 0x08004fe1   Thumb Code    74  mem.o(i.mem_init)
    mem_malloc                               0x0800503d   Thumb Code   222  mem.o(i.mem_malloc)
    mem_trim                                 0x08005129   Thumb Code   288  mem.o(i.mem_trim)
    memp_free                                0x08005255   Thumb Code    28  memp.o(i.memp_free)
    memp_init                                0x08005275   Thumb Code    82  memp.o(i.memp_init)
    memp_malloc                              0x080052d9   Thumb Code    40  memp.o(i.memp_malloc)
    netif_add                                0x08005305   Thumb Code   104  netif.o(i.netif_add)
    netif_set_addr                           0x08005375   Thumb Code    40  netif.o(i.netif_set_addr)
    netif_set_default                        0x0800539d   Thumb Code     6  netif.o(i.netif_set_default)
    netif_set_down                           0x080053a9   Thumb Code    42  netif.o(i.netif_set_down)
    netif_set_gw                             0x080053d3   Thumb Code    12  netif.o(i.netif_set_gw)
    netif_set_ipaddr                         0x080053e1   Thumb Code   110  netif.o(i.netif_set_ipaddr)
    netif_set_link_callback                  0x08005459   Thumb Code     6  netif.o(i.netif_set_link_callback)
    netif_set_link_down                      0x0800545f   Thumb Code    42  netif.o(i.netif_set_link_down)
    netif_set_link_up                        0x08005489   Thumb Code    80  netif.o(i.netif_set_link_up)
    netif_set_netmask                        0x080054d9   Thumb Code    12  netif.o(i.netif_set_netmask)
    netif_set_up                             0x080054e5   Thumb Code    54  netif.o(i.netif_set_up)
    oneNetTask                               0x0800551d   Thumb Code   134  main.o(i.oneNetTask)
    osAlarmHeapInfo                          0x08005655   Thumb Code    36  los_heap.o(i.osAlarmHeapInfo)
    osAtomicBitsetClearBit                   0x08005679   Thumb Code    36  los_slab.o(i.osAtomicBitsetClearBit)
    osAtomicBitsetFindClearAndSet            0x0800569d   Thumb Code    80  los_slab.o(i.osAtomicBitsetFindClearAndSet)
    osAtomicBitsetGetBit                     0x080056ed   Thumb Code    42  los_slab.o(i.osAtomicBitsetGetBit)
    osAtomicBitsetGetNumBits                 0x08005717   Thumb Code     6  los_slab.o(i.osAtomicBitsetGetNumBits)
    osAtomicBitsetInit                       0x0800571d   Thumb Code    46  los_slab.o(i.osAtomicBitsetInit)
    osHeapPrvGetNext                         0x0800574b   Thumb Code    26  los_heap.o(i.osHeapPrvGetNext)
    osHeapStatisticsGet                      0x08005765   Thumb Code    88  los_heap.o(i.osHeapStatisticsGet)
    osHwiDefaultHandler                      0x080057c5   Thumb Code    30  los_hwi.o(i.osHwiDefaultHandler)
    osHwiInit                                0x08005801   Thumb Code    58  los_hwi.o(i.osHwiInit)
    osIdleTask                               0x0800584d   Thumb Code     4  los_init.o(i.osIdleTask)
    osIdleTaskCreate                         0x08005851   Thumb Code    54  los_task.o(i.osIdleTaskCreate)
    osIntNumGet                              0x0800589d   Thumb Code    12  los_hwi.o(i.osIntNumGet)
    osInterrupt                              0x080058a9   Thumb Code    82  los_hwi.o(i.osInterrupt)
    osMain                                   0x08005909   Thumb Code   200  los_init.o(i.osMain)
    osMemSystemInit                          0x08005a45   Thumb Code    20  los_memory.o(i.osMemSystemInit)
    osMuxInit                                0x08005a5d   Thumb Code    80  los_mux.o(i.osMuxInit)
    osPriqueueDequeue                        0x08005abd   Thumb Code    24  los_priqueue.o(i.osPriqueueDequeue)
    osPriqueueEnqueue                        0x08005ad5   Thumb Code    32  los_priqueue.o(i.osPriqueueEnqueue)
    osPriqueueInit                           0x08005af9   Thumb Code    62  los_priqueue.o(i.osPriqueueInit)
    osPriqueueSize                           0x08005b41   Thumb Code    36  los_priqueue.o(i.osPriqueueSize)
    osPriqueueTop                            0x08005b69   Thumb Code    54  los_priqueue.o(i.osPriqueueTop)
    osQueueInit                              0x08005c95   Thumb Code    94  los_queue.o(i.osQueueInit)
    osQueueOperate                           0x08005d05   Thumb Code   374  los_queue.o(i.osQueueOperate)
    osRegister                               0x08005f01   Thumb Code     8  los_init.o(i.osRegister)
    osSchedule                               0x08005f0d   Thumb Code     8  los_hw.o(i.osSchedule)
    osSemInit                                0x08005f15   Thumb Code    78  los_sem.o(i.osSemInit)
    osSlabAllocatorAlloc                     0x08005f75   Thumb Code    32  los_slab.o(i.osSlabAllocatorAlloc)
    osSlabAllocatorFree                      0x08005f95   Thumb Code    78  los_slab.o(i.osSlabAllocatorFree)
    osSlabAllocatorNew                       0x08005fe3   Thumb Code    90  los_slab.o(i.osSlabAllocatorNew)
    osSlabBlockHeadFill                      0x0800603d   Thumb Code    18  los_slabmem.o(i.osSlabBlockHeadFill)
    osSlabCtrlHdrGet                         0x0800604f   Thumb Code     8  los_slabmem.o(i.osSlabCtrlHdrGet)
    osSlabMemAlloc                           0x08006057   Thumb Code   144  los_slabmem.o(i.osSlabMemAlloc)
    osSlabMemFree                            0x080060e7   Thumb Code   118  los_slabmem.o(i.osSlabMemFree)
    osSlabMemInit                            0x0800615d   Thumb Code   126  los_slabmem.o(i.osSlabMemInit)
    osSwTmrInit                              0x08006209   Thumb Code   120  los_swtmr.o(i.osSwTmrInit)
    osSwTmrStart                             0x08006299   Thumb Code    72  los_swtmr.o(i.osSwTmrStart)
    osSwTmrTask                              0x080062e5   Thumb Code    94  los_swtmr.o(i.osSwTmrTask)
    osSwTmrTaskCreate                        0x08006379   Thumb Code    48  los_swtmr.o(i.osSwTmrTaskCreate)
    osSwtmrScan                              0x08006451   Thumb Code    32  los_swtmr.o(i.osSwtmrScan)
    osSwtmrStop                              0x08006475   Thumb Code    72  los_swtmr.o(i.osSwtmrStop)
    osTaskAdd2TimerList                      0x080064c1   Thumb Code   188  los_task.o(i.osTaskAdd2TimerList)
    osTaskEntry                              0x08006581   Thumb Code    48  los_task.o(i.osTaskEntry)
    osTaskExit                               0x080065b9   Thumb Code     8  los_hw.o(i.osTaskExit)
    osTaskInit                               0x080065c1   Thumb Code   254  los_task.o(i.osTaskInit)
    osTaskMonInit                            0x080066e5   Thumb Code    14  los_task.o(i.osTaskMonInit)
    osTaskScan                               0x08006701   Thumb Code   214  los_task.o(i.osTaskScan)
    osTaskSelfDelete                         0x080067dd   Thumb Code   236  los_task.o(i.osTaskSelfDelete)
    osTaskSwitchCheck                        0x080068d9   Thumb Code   154  los_task.o(i.osTaskSwitchCheck)
    osTaskWait                               0x08006a05   Thumb Code    72  los_task.o(i.osTaskWait)
    osTaskWake                               0x08006a51   Thumb Code    70  los_task.o(i.osTaskWake)
    osTickHandler                            0x08006a99   Thumb Code    34  los_tick.o(i.osTickHandler)
    osTickStart                              0x08006ac1   Thumb Code   156  los_hw_tick.o(i.osTickStart)
    osTimerListDelete                        0x08006b85   Thumb Code    66  los_task.o(i.osTimerListDelete)
    osTimesliceCheck                         0x08006bcd   Thumb Code    64  los_timeslice.o(i.osTimesliceCheck)
    osTimesliceInit                          0x08006c19   Thumb Code    12  los_timeslice.o(i.osTimesliceInit)
    osTskStackInit                           0x08006c29   Thumb Code   308  los_hw.o(i.osTskStackInit)
    pbuf_alloc                               0x08006d69   Thumb Code   402  pbuf.o(i.pbuf_alloc)
    pbuf_alloced_custom                      0x08006efb   Thumb Code   108  pbuf.o(i.pbuf_alloced_custom)
    pbuf_cat                                 0x08006f67   Thumb Code    56  pbuf.o(i.pbuf_cat)
    pbuf_chain                               0x08006f9f   Thumb Code    22  pbuf.o(i.pbuf_chain)
    pbuf_clen                                0x08006fb5   Thumb Code    18  pbuf.o(i.pbuf_clen)
    pbuf_copy                                0x08006fc7   Thumb Code   192  pbuf.o(i.pbuf_copy)
    pbuf_copy_partial                        0x08007087   Thumb Code   146  pbuf.o(i.pbuf_copy_partial)
    pbuf_free                                0x08007119   Thumb Code   134  pbuf.o(i.pbuf_free)
    pbuf_header                              0x0800719f   Thumb Code   126  pbuf.o(i.pbuf_header)
    pbuf_realloc                             0x0800721d   Thumb Code   120  pbuf.o(i.pbuf_realloc)
    pbuf_ref                                 0x08007295   Thumb Code    10  pbuf.o(i.pbuf_ref)
    pbuf_take                                0x0800729f   Thumb Code   116  pbuf.o(i.pbuf_take)
    raw_input                                0x0800739d   Thumb Code   102  raw.o(i.raw_input)
    task2                                    0x08007411   Thumb Code    24  main.o(i.task2)
    tcp_abandon                              0x0800744d   Thumb Code   136  tcp.o(i.tcp_abandon)
    tcp_abort                                0x080074e1   Thumb Code    14  tcp.o(i.tcp_abort)
    tcp_alloc                                0x080074f1   Thumb Code   172  tcp.o(i.tcp_alloc)
    tcp_arg                                  0x080075ad   Thumb Code     4  tcp.o(i.tcp_arg)
    tcp_close                                0x080075b1   Thumb Code    28  tcp.o(i.tcp_close)
    tcp_connect                              0x08007795   Thumb Code   324  tcp.o(i.tcp_connect)
    tcp_echoclient_connect                   0x08007995   Thumb Code   100  tcp_echoclient.o(i.tcp_echoclient_connect)
    tcp_echoclient_send                      0x08007c51   Thumb Code    80  tcp_echoclient.o(i.tcp_echoclient_send)
    tcp_eff_send_mss                         0x08007cbf   Thumb Code    46  tcp.o(i.tcp_eff_send_mss)
    tcp_enqueue_flags                        0x08007ced   Thumb Code   272  tcp_out.o(i.tcp_enqueue_flags)
    tcp_fasttmr                              0x08007dfd   Thumb Code   110  tcp.o(i.tcp_fasttmr)
    tcp_input                                0x08007e79   Thumb Code  1132  tcp_in.o(i.tcp_input)
    tcp_keepalive                            0x080082f5   Thumb Code    68  tcp_out.o(i.tcp_keepalive)
    tcp_new                                  0x080084f9   Thumb Code    10  tcp.o(i.tcp_new)
    tcp_next_iss                             0x0800856d   Thumb Code    20  tcp.o(i.tcp_next_iss)
    tcp_output                               0x08008589   Thumb Code   444  tcp_out.o(i.tcp_output)
    tcp_pcb_purge                            0x080089c1   Thumb Code    64  tcp.o(i.tcp_pcb_purge)
    tcp_pcb_remove                           0x08008a01   Thumb Code   140  tcp.o(i.tcp_pcb_remove)
    tcp_poll                                 0x08008a91   Thumb Code    14  tcp.o(i.tcp_poll)
    tcp_process_refused_data                 0x0800902d   Thumb Code   140  tcp.o(i.tcp_process_refused_data)
    tcp_recv                                 0x080096f5   Thumb Code     8  tcp.o(i.tcp_recv)
    tcp_recv_null                            0x080096fd   Thumb Code    46  tcp.o(i.tcp_recv_null)
    tcp_recved                               0x0800972b   Thumb Code    70  tcp.o(i.tcp_recved)
    tcp_rexmit                               0x08009771   Thumb Code    90  tcp_out.o(i.tcp_rexmit)
    tcp_rexmit_fast                          0x080097cb   Thumb Code   112  tcp_out.o(i.tcp_rexmit_fast)
    tcp_rexmit_rto                           0x0800983b   Thumb Code    58  tcp_out.o(i.tcp_rexmit_rto)
    tcp_rst                                  0x08009875   Thumb Code   124  tcp_out.o(i.tcp_rst)
    tcp_seg_free                             0x080098f1   Thumb Code    26  tcp.o(i.tcp_seg_free)
    tcp_segs_free                            0x0800990b   Thumb Code    24  tcp.o(i.tcp_segs_free)
    tcp_send_empty_ack                       0x08009923   Thumb Code    78  tcp_out.o(i.tcp_send_empty_ack)
    tcp_send_fin                             0x08009971   Thumb Code    74  tcp_out.o(i.tcp_send_fin)
    tcp_sent                                 0x080099bb   Thumb Code     8  tcp.o(i.tcp_sent)
    tcp_slowtmr                              0x080099c5   Thumb Code   786  tcp.o(i.tcp_slowtmr)
    tcp_timer_needed                         0x08009cf9   Thumb Code     2  timers.o(i.tcp_timer_needed)
    tcp_tmr                                  0x08009da9   Thumb Code    30  tcp.o(i.tcp_tmr)
    tcp_update_rcv_ann_wnd                   0x08009dcd   Thumb Code    78  tcp.o(i.tcp_update_rcv_ann_wnd)
    tcp_write                                0x08009e1b   Thumb Code   900  tcp_out.o(i.tcp_write)
    tcp_zero_window_probe                    0x0800a20f   Thumb Code   164  tcp_out.o(i.tcp_zero_window_probe)
    udp_bind                                 0x0800a2b5   Thumb Code   122  udp.o(i.udp_bind)
    udp_input                                0x0800a335   Thumb Code   450  udp.o(i.udp_input)
    udp_sendto_if                            0x0800a55d   Thumb Code   206  udp.o(i.udp_sendto_if)
    ip_addr_any                              0x0800a640   Data           4  ip_addr.o(.constdata)
    ip_addr_broadcast                        0x0800a644   Data           4  ip_addr.o(.constdata)
    tcp_state_str                            0x0800a66c   Data          44  tcp.o(.constdata)
    tcp_backoff                              0x0800a698   Data          13  tcp.o(.constdata)
    tcp_persist_backoff                      0x0800a6a5   Data           7  tcp.o(.constdata)
    tcp_pcb_lists                            0x0800a6ac   Data          16  tcp.o(.constdata)
    ethbroadcast                             0x0800a6bc   Data           6  etharp.o(.constdata)
    ethzero                                  0x0800a6c2   Data           6  etharp.o(.constdata)
    Region$$Table$$Base                      0x0800a740   Number         0  anon$$obj.o(Region$$Table)
    Region$$Table$$Limit                     0x0800a770   Number         0  anon$$obj.o(Region$$Table)
    m_pstHwiForm                             0x20000000   Data        1024  los_hwi.o(.vector.bss)
    Image$$ARM_LIB_STACKHEAP$$ZI$$Base       0x20000400   Number         0  anon$$obj.o ABSOLUTE
    Image$$ARM_LIB_STACKHEAP$$ZI$$Limit      0x20000800   Number         0  anon$$obj.o ABSOLUTE
    Key1                                     0x20000800   Data           8  main.o(.data)
    Key2                                     0x20000808   Data           8  main.o(.data)
    g_TskHandle                              0x20000810   Data           4  main.o(.data)
    LocalTime                                0x20000814   Data           4  main.o(.data)
    SystemCoreClock                          0x20000818   Data           4  system_stm32f4xx.o(.data)
    AHBPrescTable                            0x2000081c   Data          16  system_stm32f4xx.o(.data)
    g_pstLosPriorityQueueList                0x20000840   Data           4  los_priqueue.o(.data)
    m_uwSwTmrHandlerQueue                    0x20000844   Data           4  los_swtmr.o(.data)
    m_pstSwtmrCBArray                        0x20000848   Data           4  los_swtmr.o(.data)
    m_pstSwtmrFreeList                       0x2000084c   Data           4  los_swtmr.o(.data)
    m_pstSwtmrSortList                       0x20000850   Data           4  los_swtmr.o(.data)
    g_pstTaskCBArray                         0x20000854   Data           4  los_task.o(.data)
    g_stLosTask                              0x20000858   Data           8  los_task.o(.data)
    g_usLosTaskLock                          0x20000860   Data           2  los_task.o(.data)
    g_uwTskMaxNum                            0x20000864   Data           4  los_task.o(.data)
    g_uwIdleTaskID                           0x20000868   Data           4  los_task.o(.data)
    g_uwSwtmrTaskID                          0x2000086c   Data           4  los_task.o(.data)
    g_stTaskTimerList                        0x20000870   Data           8  los_task.o(.data)
    g_stLosFreeTask                          0x20000878   Data           8  los_task.o(.data)
    g_stTskRecyleList                        0x20000880   Data           8  los_task.o(.data)
    g_stTskSortLink                          0x20000888   Data           8  los_task.o(.data)
    g_bTaskScheduled                         0x20000890   Data           4  los_task.o(.data)
    g_pfnTskSwitchHook                       0x20000894   Data           4  los_task.o(.data)
    g_pfnUsrTskSwitchHook                    0x20000898   Data           4  los_task.o(.data)
    g_ullTickCount                           0x200008a0   Data           8  los_tick.o(.data)
    g_uwTicksPerSec                          0x200008a8   Data           4  los_tick.o(.data)
    g_uwCyclePerSec                          0x200008ac   Data           4  los_tick.o(.data)
    g_uwCyclesPerTick                        0x200008b0   Data           4  los_tick.o(.data)
    g_stTaskTimeSlice                        0x200008b4   Data           8  los_timeslice.o(.data)
    g_pstAllMux                              0x200008bc   Data           4  los_mux.o(.data)
    g_stUnusedMuxList                        0x200008c0   Data           8  los_mux.o(.data)
    g_pstAllQueue                            0x200008c8   Data           4  los_queue.o(.data)
    g_stFreeQueueList                        0x200008cc   Data           8  los_queue.o(.data)
    g_stUnusedSemList                        0x200008d4   Data           8  los_sem.o(.data)
    g_pstAllSem                              0x200008dc   Data           4  los_sem.o(.data)
    g_vuwIntCount                            0x200008e8   Data           4  los_hwi.o(.data)
    TCPTimer                                 0x200008ec   Data           4  netconf.o(.data)
    ARPTimer                                 0x200008f0   Data           4  netconf.o(.data)
    LinkTimer                                0x200008f4   Data           4  netconf.o(.data)
    IPaddress                                0x200008f8   Data           4  netconf.o(.data)
    message_count                            0x200008fc   Data           4  tcp_echoclient.o(.data)
    echoclient_pcb                           0x20000900   Data           4  tcp_echoclient.o(.data)
    echoclient_es                            0x20000904   Data           4  tcp_echoclient.o(.data)
    ConnectFlag                              0x20000908   Data           1  tcp_echoclient.o(.data)
    CollectDataLen                           0x20000910   Data           1  data_collect.o(.data)
    CollectDataSendFlag                      0x20000911   Data           1  data_collect.o(.data)
    Temperature                              0x20000914   Data           4  data_collect.o(.data)
    Ligthness                                0x20000918   Data           4  data_collect.o(.data)
    ADC_ConvertedValue                       0x2000091c   Data           2  bsp_adc.o(.data)
    DMATxDescToSet                           0x20000920   Data           4  stm32f429_eth.o(.data)
    DMARxDescToGet                           0x20000924   Data           4  stm32f429_eth.o(.data)
    DMA_RX_FRAME_infos                       0x20000928   Data           4  stm32f429_eth.o(.data)
    Frame_Rx_index                           0x2000092c   Data           4  stm32f429_eth.o(.data)
    EthStatus                                0x20000930   Data           4  stm32f429_phy.o(.data)
    EthLinkStatus                            0x20000934   Data           1  stm32f429_phy.o(.data)
    current_netif                            0x20000938   Data           4  ip.o(.data)
    current_header                           0x2000093c   Data           4  ip.o(.data)
    current_iphdr_src                        0x20000940   Data           4  ip.o(.data)
    current_iphdr_dest                       0x20000944   Data           4  ip.o(.data)
    netif_list                               0x20000964   Data           4  netif.o(.data)
    netif_default                            0x20000968   Data           4  netif.o(.data)
    tcp_ticks                                0x20000978   Data           4  tcp.o(.data)
    tcp_bound_pcbs                           0x2000097c   Data           4  tcp.o(.data)
    tcp_listen_pcbs                          0x20000980   Data           4  tcp.o(.data)
    tcp_active_pcbs                          0x20000984   Data           4  tcp.o(.data)
    tcp_tw_pcbs                              0x20000988   Data           4  tcp.o(.data)
    tcp_tmp_pcb                              0x2000098c   Data           4  tcp.o(.data)
    tcp_active_pcbs_changed                  0x20000990   Data           1  tcp.o(.data)
    tcp_input_pcb                            0x200009b4   Data           4  tcp_in.o(.data)
    udp_pcbs                                 0x200009bc   Data           4  udp.o(.data)
    __stdout                                 0x200009c4   Data           4  stdout.o(.data)
    __microlib_freelist                      0x200009c8   Data           4  mvars.o(.data)
    __microlib_freelist_initialised          0x200009cc   Data           4  mvars.o(.data)
    m_aucSysMem0                             0x200009d0   Data       147456  los_init.o(.bss)
    m_pstHwiSlaveForm                        0x200249d0   Data        1024  los_hwi.o(.bss)
    gnetif                                   0x20024dd0   Data          56  netconf.o(.bss)
    recev_buf                                0x20024e08   Data          50  tcp_echoclient.o(.bss)
    data                                     0x20024e3a   Data         100  tcp_echoclient.o(.bss)
    CollectDataBuf                           0x20024e9e   Data        2048  data_collect.o(.bss)
    DMARxDscrTab                             0x200256a0   Data         128  stm32f429_eth.o(.bss)
    DMATxDscrTab                             0x20025720   Data         128  stm32f429_eth.o(.bss)
    Rx_Buff                                  0x200257a0   Data        6096  stm32f429_eth.o(.bss)
    Tx_Buff                                  0x20026f70   Data        6096  stm32f429_eth.o(.bss)
    RX_Frame_Descriptor                      0x20028740   Data          12  stm32f429_eth.o(.bss)
    ETH_InitStructure                        0x2002874c   Data         188  stm32f429_phy.o(.bss)
    ram_heap                                 0x20028808   Data       10260  mem.o(.bss)



==============================================================================

Memory Map of the image

  Image Entry point : 0x0800002d

  Load Region LR_IROM1 (Base: 0x08000000, Size: 0x0000ad40, Max: 0x00200000, ABSOLUTE, COMPRESSED[0x0000a7b0])

    Execution Region ER_IROM1 (Exec base: 0x08000000, Load base: 0x08000000, Size: 0x0000a770, Max: 0x00100000, ABSOLUTE)

    Exec Addr    Load Addr    Size         Type   Attr      Idx    E Section Name        Object

    0x08000000   0x08000000   0x0000002c   Code   RO            2    RESET               los_startup_keil.o
    0x0800002c   0x0800002c   0x00000000   Code   RO        10337  * .ARM.Collect$$$$00000000  mc_w.l(entry.o)
    0x0800002c   0x0800002c   0x00000004   Code   RO        10655    .ARM.Collect$$$$00000002  mc_w.l(entry3.o)
    0x08000030   0x08000030   0x00000004   Code   RO        10658    .ARM.Collect$$$$00000004  mc_w.l(entry5.o)
    0x08000034   0x08000034   0x00000000   Code   RO        10660    .ARM.Collect$$$$00000008  mc_w.l(entry7b.o)
    0x08000034   0x08000034   0x00000000   Code   RO        10662    .ARM.Collect$$$$0000000A  mc_w.l(entry8b.o)
    0x08000034   0x08000034   0x00000008   Code   RO        10663    .ARM.Collect$$$$0000000B  mc_w.l(entry9a.o)
    0x0800003c   0x0800003c   0x00000000   Code   RO        10665    .ARM.Collect$$$$0000000D  mc_w.l(entry10a.o)
    0x0800003c   0x0800003c   0x00000000   Code   RO        10667    .ARM.Collect$$$$0000000F  mc_w.l(entry11a.o)
    0x0800003c   0x0800003c   0x00000004   Code   RO        10656    .ARM.Collect$$$$00002713  mc_w.l(entry3.o)
    0x08000040   0x08000040   0x000000e8   Code   RO         7861    .text               los_dispatch_keil.o
    0x08000128   0x08000128   0x00000062   Code   RO        10340    .text               mc_w.l(uldiv.o)
    0x0800018a   0x0800018a   0x00000024   Code   RO        10342    .text               mc_w.l(memcpya.o)
    0x080001ae   0x080001ae   0x00000024   Code   RO        10344    .text               mc_w.l(memseta.o)
    0x080001d2   0x080001d2   0x00000018   Code   RO        10346    .text               mc_w.l(strcat.o)
    0x080001ea   0x080001ea   0x0000000e   Code   RO        10350    .text               mc_w.l(strlen.o)
    0x080001f8   0x080001f8   0x0000001a   Code   RO        10352    .text               mc_w.l(memcmp.o)
    0x08000212   0x08000212   0x00000012   Code   RO        10354    .text               mc_w.l(strcpy.o)
    0x08000224   0x08000224   0x0000001e   Code   RO        10672    .text               mc_w.l(llshl.o)
    0x08000242   0x08000242   0x00000020   Code   RO        10674    .text               mc_w.l(llushr.o)
    0x08000262   0x08000262   0x00000002   PAD
    0x08000264   0x08000264   0x00000024   Code   RO        10687    .text               mc_w.l(init.o)
    0x08000288   0x08000288   0x00000056   Code   RO        10699    .text               mc_w.l(__dczerorl2.o)
    0x080002de   0x080002de   0x00000016   Code   RO          744    i.ADC_Cmd           stm32f4xx_adc.o
    0x080002f4   0x080002f4   0x00000030   Code   RO          745    i.ADC_CommonInit    stm32f4xx_adc.o
    0x08000324   0x08000324   0x00000016   Code   RO          748    i.ADC_DMACmd        stm32f4xx_adc.o
    0x0800033a   0x0800033a   0x00000016   Code   RO          749    i.ADC_DMARequestAfterLastTransferCmd  stm32f4xx_adc.o
    0x08000350   0x08000350   0x00000054   Code   RO          764    i.ADC_Init          stm32f4xx_adc.o
    0x080003a4   0x080003a4   0x000000b8   Code   RO          769    i.ADC_RegularChannelConfig  stm32f4xx_adc.o
    0x0800045c   0x0800045c   0x0000000a   Code   RO          771    i.ADC_SoftwareStartConv  stm32f4xx_adc.o
    0x08000466   0x08000466   0x00000014   Code   RO          773    i.ADC_StructInit    stm32f4xx_adc.o
    0x0800047a   0x0800047a   0x00000016   Code   RO         1744    i.DMA_Cmd           stm32f4xx_dma.o
    0x08000490   0x08000490   0x00000058   Code   RO         1756    i.DMA_Init          stm32f4xx_dma.o
    0x080004e8   0x080004e8   0x000000a0   Code   RO          650    i.Debug_USART_Config  bsp_debug_usart.o
    0x08000588   0x08000588   0x00000030   Code   RO          502    i.DelayInit         dwt.o
    0x080005b8   0x080005b8   0x0000000a   Code   RO         8728    i.Delay_10ms        bsp_systick.o
    0x080005c2   0x080005c2   0x00000002   PAD
    0x080005c4   0x080005c4   0x0000002c   Code   RO         8636    i.ETH_BSP_Config    stm32f429_phy.o
    0x080005f0   0x080005f0   0x000000dc   Code   RO         8111    i.ETH_CheckFrameReceived  stm32f429_eth.o
    0x080006cc   0x080006cc   0x0000004c   Code   RO         8637    i.ETH_CheckLinkStatus  stm32f429_phy.o
    0x08000718   0x08000718   0x00000024   Code   RO         8115    i.ETH_DMAReceptionCmd  stm32f429_eth.o
    0x0800073c   0x0800073c   0x00000064   Code   RO         8116    i.ETH_DMARxDescChainInit  stm32f429_eth.o
    0x080007a0   0x080007a0   0x00000024   Code   RO         8118    i.ETH_DMATransmissionCmd  stm32f429_eth.o
    0x080007c4   0x080007c4   0x00000050   Code   RO         8121    i.ETH_DMATxDescChainInit  stm32f429_eth.o
    0x08000814   0x08000814   0x00000008   Code   RO         8122    i.ETH_DMATxDescChecksumInsertionConfig  stm32f429_eth.o
    0x0800081c   0x0800081c   0x00000016   Code   RO         8127    i.ETH_DeInit        stm32f429_eth.o
    0x08000832   0x08000832   0x00000002   PAD
    0x08000834   0x08000834   0x0000002c   Code   RO         8129    i.ETH_FlushTransmitFIFO  stm32f429_eth.o
    0x08000860   0x08000860   0x00000150   Code   RO         8638    i.ETH_GPIO_Config   stm32f429_phy.o
    0x080009b0   0x080009b0   0x00000018   Code   RO         8155    i.ETH_GetSoftwareResetStatus  stm32f429_eth.o
    0x080009c8   0x080009c8   0x00000048   Code   RO         8157    i.ETH_Get_Received_Frame  stm32f429_eth.o
    0x08000a10   0x08000a10   0x00000314   Code   RO         8160    i.ETH_Init          stm32f429_eth.o
    0x08000d24   0x08000d24   0x00000034   Code   RO         8162    i.ETH_MACAddressConfig  stm32f429_eth.o
    0x08000d58   0x08000d58   0x000000a0   Code   RO         8639    i.ETH_MACDMA_Config  stm32f429_phy.o
    0x08000df8   0x08000df8   0x0000003c   Code   RO         8167    i.ETH_MACReceptionCmd  stm32f429_eth.o
    0x08000e34   0x08000e34   0x0000003c   Code   RO         8168    i.ETH_MACTransmissionCmd  stm32f429_eth.o
    0x08000e70   0x08000e70   0x000000cc   Code   RO         8179    i.ETH_Prepare_Transmit_Descriptors  stm32f429_eth.o
    0x08000f3c   0x08000f3c   0x0000006c   Code   RO         8180    i.ETH_ReadPHYRegister  stm32f429_eth.o
    0x08000fa8   0x08000fa8   0x00000014   Code   RO         8188    i.ETH_SoftwareReset  stm32f429_eth.o
    0x08000fbc   0x08000fbc   0x00000020   Code   RO         8189    i.ETH_Start         stm32f429_eth.o
    0x08000fdc   0x08000fdc   0x00000020   Code   RO         8190    i.ETH_Stop          stm32f429_eth.o
    0x08000ffc   0x08000ffc   0x000000b2   Code   RO         8191    i.ETH_StructInit    stm32f429_eth.o
    0x080010ae   0x080010ae   0x00000002   PAD
    0x080010b0   0x080010b0   0x00000068   Code   RO         8193    i.ETH_WritePHYRegister  stm32f429_eth.o
    0x08001118   0x08001118   0x000000f8   Code   RO         8640    i.ETH_link_callback  stm32f429_phy.o
    0x08001210   0x08001210   0x00000090   Code   RO         2568    i.GPIO_Init         stm32f4xx_gpio.o
    0x080012a0   0x080012a0   0x00000046   Code   RO         2569    i.GPIO_PinAFConfig  stm32f4xx_gpio.o
    0x080012e6   0x080012e6   0x00000012   Code   RO         2572    i.GPIO_ReadInputDataBit  stm32f4xx_gpio.o
    0x080012f8   0x080012f8   0x00000004   Code   RO         2575    i.GPIO_ResetBits    stm32f4xx_gpio.o
    0x080012fc   0x080012fc   0x00000004   Code   RO         2576    i.GPIO_SetBits      stm32f4xx_gpio.o
    0x08001300   0x08001300   0x00000018   Code   RO          560    i.GetPinStateOfKey1  bsp_key.o
    0x08001318   0x08001318   0x0000001c   Code   RO          561    i.GetPinStateOfKey2  bsp_key.o
    0x08001334   0x08001334   0x0000002c   Code   RO          562    i.Key1_GPIO_Config  bsp_key.o
    0x08001360   0x08001360   0x0000002c   Code   RO          563    i.Key2_GPIO_Config  bsp_key.o
    0x0800138c   0x0800138c   0x00000012   Code   RO          564    i.KeyCreate         bsp_key.o
    0x0800139e   0x0800139e   0x00000002   PAD
    0x080013a0   0x080013a0   0x00000080   Code   RO          626    i.LED_GPIO_Config   bsp_led.o
    0x08001420   0x08001420   0x0000001c   Code   RO         7596    i.LOS_Align         los_misc.o
    0x0800143c   0x0800143c   0x00000140   Code   RO         7186    i.LOS_HeapAlloc     los_heap.o
    0x0800157c   0x0800157c   0x00000108   Code   RO         7187    i.LOS_HeapFree      los_heap.o
    0x08001684   0x08001684   0x00000044   Code   RO         7188    i.LOS_HeapInit      los_heap.o
    0x080016c8   0x080016c8   0x000000c0   Code   RO         7796    i.LOS_HwiCreate     los_hwi.o
    0x08001788   0x08001788   0x00000012   Code   RO         7659    i.LOS_KernelInit    los_init.o
    0x0800179a   0x0800179a   0x0000000e   Code   RO         6435    i.LOS_ListAdd       los_task.o
    0x080017a8   0x080017a8   0x0000000e   Code   RO         6867    i.LOS_ListAdd       los_mux.o
    0x080017b6   0x080017b6   0x0000000e   Code   RO         6956    i.LOS_ListAdd       los_queue.o
    0x080017c4   0x080017c4   0x0000000e   Code   RO         7103    i.LOS_ListAdd       los_sem.o
    0x080017d2   0x080017d2   0x00000014   Code   RO         6436    i.LOS_ListDelete    los_task.o
    0x080017e6   0x080017e6   0x00000010   Code   RO         6437    i.LOS_ListEmpty     los_task.o
    0x080017f6   0x080017f6   0x00000010   Code   RO         6957    i.LOS_ListEmpty     los_queue.o
    0x08001806   0x08001806   0x00000006   Code   RO         6438    i.LOS_ListInit      los_task.o
    0x0800180c   0x0800180c   0x00000006   Code   RO         6869    i.LOS_ListInit      los_mux.o
    0x08001812   0x08001812   0x00000006   Code   RO         6958    i.LOS_ListInit      los_queue.o
    0x08001818   0x08001818   0x00000006   Code   RO         7105    i.LOS_ListInit      los_sem.o
    0x0800181e   0x0800181e   0x00000010   Code   RO         6439    i.LOS_ListTailInsert  los_task.o
    0x0800182e   0x0800182e   0x0000002a   Code   RO         7324    i.LOS_MemAlloc      los_memory.o
    0x08001858   0x08001858   0x00000012   Code   RO         7325    i.LOS_MemAllocAlign  los_memory.o
    0x0800186a   0x0800186a   0x00000034   Code   RO         7326    i.LOS_MemFree       los_memory.o
    0x0800189e   0x0800189e   0x00000056   Code   RO         7328    i.LOS_MemInit       los_memory.o
    0x080018f4   0x080018f4   0x000000dc   Code   RO         6959    i.LOS_QueueCreate   los_queue.o
    0x080019d0   0x080019d0   0x00000036   Code   RO         6963    i.LOS_QueueReadCopy  los_queue.o
    0x08001a06   0x08001a06   0x00000036   Code   RO         6965    i.LOS_QueueWriteCopy  los_queue.o
    0x08001a3c   0x08001a3c   0x00000040   Code   RO         7720    i.LOS_Schedule      los_hw.o
    0x08001a7c   0x08001a7c   0x0000000c   Code   RO         7660    i.LOS_Start         los_init.o
    0x08001a88   0x08001a88   0x0000008c   Code   RO         6226    i.LOS_SwtmrCreate   los_swtmr.o
    0x08001b14   0x08001b14   0x00000088   Code   RO         6228    i.LOS_SwtmrStart    los_swtmr.o
    0x08001b9c   0x08001b9c   0x0000009c   Code   RO         6442    i.LOS_TaskCreate    los_task.o
    0x08001c38   0x08001c38   0x00000180   Code   RO         6443    i.LOS_TaskCreateOnly  los_task.o
    0x08001db8   0x08001db8   0x00000080   Code   RO         6444    i.LOS_TaskDelay     los_task.o
    0x08001e38   0x08001e38   0x00000094   Code   RO         6457    i.LOS_TaskYield     los_task.o
    0x08001ecc   0x08001ecc   0x0000000c   Code   RO         6378    i.LOS_TickCountGet  los_sys.o
    0x08001ed8   0x08001ed8   0x00000158   Code   RO         7867    i.LwIP_Init         netconf.o
    0x08002030   0x08002030   0x0000005c   Code   RO         7868    i.LwIP_Periodic_Handle  netconf.o
    0x0800208c   0x0800208c   0x00000010   Code   RO         7869    i.LwIP_Pkt_Handle   netconf.o
    0x0800209c   0x0800209c   0x00000078   Code   RO          690    i.NVIC_Init         misc.o
    0x08002114   0x08002114   0x00000020   Code   RO         3482    i.RCC_AHB1PeriphClockCmd  stm32f4xx_rcc.o
    0x08002134   0x08002134   0x00000020   Code   RO         3484    i.RCC_AHB1PeriphResetCmd  stm32f4xx_rcc.o
    0x08002154   0x08002154   0x00000020   Code   RO         3491    i.RCC_APB1PeriphClockCmd  stm32f4xx_rcc.o
    0x08002174   0x08002174   0x00000020   Code   RO         3494    i.RCC_APB2PeriphClockCmd  stm32f4xx_rcc.o
    0x08002194   0x08002194   0x000000e8   Code   RO         3503    i.RCC_GetClocksFreq  stm32f4xx_rcc.o
    0x0800227c   0x0800227c   0x00000028   Code   RO         8070    i.Rheostat_ADC_GPIO_Config  bsp_adc.o
    0x080022a4   0x080022a4   0x000000dc   Code   RO         8071    i.Rheostat_ADC_Mode_Config  bsp_adc.o
    0x08002380   0x08002380   0x0000000c   Code   RO         8072    i.Rheostat_Init     bsp_adc.o
    0x0800238c   0x0800238c   0x0000000c   Code   RO         4801    i.SYSCFG_ETH_MediaInterfaceConfig  stm32f4xx_syscfg.o
    0x08002398   0x08002398   0x00000120   Code   RO          460    i.SetSysClock       system_stm32f4xx.o
    0x080024b8   0x080024b8   0x00000068   Code   RO          462    i.SystemInit        system_stm32f4xx.o
    0x08002520   0x08002520   0x0000005c   Code   RO           10    i.TIM3_Config       main.o
    0x0800257c   0x0800257c   0x0000002c   Code   RO           11    i.TIM3_IRQHandler   main.o
    0x080025a8   0x080025a8   0x00000006   Code   RO         4870    i.TIM_ClearITPendingBit  stm32f4xx_tim.o
    0x080025ae   0x080025ae   0x00000018   Code   RO         4875    i.TIM_Cmd           stm32f4xx_tim.o
    0x080025c6   0x080025c6   0x00000022   Code   RO         4896    i.TIM_GetITStatus   stm32f4xx_tim.o
    0x080025e8   0x080025e8   0x00000012   Code   RO         4900    i.TIM_ITConfig      stm32f4xx_tim.o
    0x080025fa   0x080025fa   0x00000002   PAD
    0x080025fc   0x080025fc   0x00000084   Code   RO         4947    i.TIM_TimeBaseInit  stm32f4xx_tim.o
    0x08002680   0x08002680   0x00000012   Code   RO         5425    i.USART_ClearFlag   stm32f4xx_usart.o
    0x08002692   0x08002692   0x00000018   Code   RO         5429    i.USART_Cmd         stm32f4xx_usart.o
    0x080026aa   0x080026aa   0x0000001a   Code   RO         5432    i.USART_GetFlagStatus  stm32f4xx_usart.o
    0x080026c4   0x080026c4   0x000000d4   Code   RO         5436    i.USART_Init        stm32f4xx_usart.o
    0x08002798   0x08002798   0x00000008   Code   RO         5446    i.USART_SendData    stm32f4xx_usart.o
    0x080027a0   0x080027a0   0x000000a8   Code   RO         7946    i.UploadData        tcp_echoclient.o
    0x08002848   0x08002848   0x00000020   Code   RO        10565    i.__0printf$8       mc_w.l(printf8.o)
    0x08002868   0x08002868   0x00000028   Code   RO        10567    i.__0sprintf$8      mc_w.l(printf8.o)
    0x08002890   0x08002890   0x00000050   Code   RO        10619    i.__free$1region    mc_w.l(malloc1.o)
    0x080028e0   0x080028e0   0x0000006c   Code   RO        10620    i.__malloc$1region  mc_w.l(malloc1.o)
    0x0800294c   0x0800294c   0x0000000e   Code   RO        10693    i.__scatterload_copy  mc_w.l(handlers.o)
    0x0800295a   0x0800295a   0x00000002   Code   RO        10694    i.__scatterload_null  mc_w.l(handlers.o)
    0x0800295c   0x0800295c   0x0000000e   Code   RO        10695    i.__scatterload_zeroinit  mc_w.l(handlers.o)
    0x0800296a   0x0800296a   0x00000002   PAD
    0x0800296c   0x0800296c   0x00000410   Code   RO        10572    i._printf_core      mc_w.l(printf8.o)
    0x08002d7c   0x08002d7c   0x00000024   Code   RO        10573    i._printf_post_padding  mc_w.l(printf8.o)
    0x08002da0   0x08002da0   0x0000002e   Code   RO        10574    i._printf_pre_padding  mc_w.l(printf8.o)
    0x08002dce   0x08002dce   0x0000000a   Code   RO        10576    i._sputc            mc_w.l(printf8.o)
    0x08002dd8   0x08002dd8   0x00000044   Code   RO           12    i.creat_task1       main.o
    0x08002e1c   0x08002e1c   0x00000040   Code   RO           13    i.creat_task2       main.o
    0x08002e5c   0x08002e5c   0x0000002e   Code   RO         9121    i.dhcp_arp_reply    dhcp.o
    0x08002e8a   0x08002e8a   0x00000002   PAD
    0x08002e8c   0x08002e8c   0x00000148   Code   RO         9126    i.dhcp_create_msg   dhcp.o
    0x08002fd4   0x08002fd4   0x00000084   Code   RO         9127    i.dhcp_decline      dhcp.o
    0x08003058   0x08003058   0x00000028   Code   RO         9128    i.dhcp_delete_msg   dhcp.o
    0x08003080   0x08003080   0x000000c4   Code   RO         9129    i.dhcp_discover     dhcp.o
    0x08003144   0x08003144   0x00000050   Code   RO         9135    i.dhcp_network_changed  dhcp.o
    0x08003194   0x08003194   0x00000020   Code   RO         9136    i.dhcp_option       dhcp.o
    0x080031b4   0x080031b4   0x00000012   Code   RO         9137    i.dhcp_option_byte  dhcp.o
    0x080031c6   0x080031c6   0x00000042   Code   RO         9138    i.dhcp_option_long  dhcp.o
    0x08003208   0x08003208   0x00000022   Code   RO         9139    i.dhcp_option_short  dhcp.o
    0x0800322a   0x0800322a   0x00000046   Code   RO         9140    i.dhcp_option_trailer  dhcp.o
    0x08003270   0x08003270   0x000000a8   Code   RO         9143    i.dhcp_reboot       dhcp.o
    0x08003318   0x08003318   0x00000010   Code   RO         9148    i.dhcp_set_state    dhcp.o
    0x08003328   0x08003328   0x0000010c   Code   RO        10200    i.etharp_arp_input  etharp.o
    0x08003434   0x08003434   0x00000038   Code   RO        10201    i.etharp_cleanup_netif  etharp.o
    0x0800346c   0x0800346c   0x00000160   Code   RO        10203    i.etharp_find_entry  etharp.o
    0x080035cc   0x080035cc   0x00000040   Code   RO        10204    i.etharp_free_entry  etharp.o
    0x0800360c   0x0800360c   0x00000148   Code   RO        10205    i.etharp_output     etharp.o
    0x08003754   0x08003754   0x0000006c   Code   RO        10206    i.etharp_output_to_arp_index  etharp.o
    0x080037c0   0x080037c0   0x0000015c   Code   RO        10207    i.etharp_query      etharp.o
    0x0800391c   0x0800391c   0x000000b2   Code   RO        10208    i.etharp_raw        etharp.o
    0x080039ce   0x080039ce   0x00000002   PAD
    0x080039d0   0x080039d0   0x0000002c   Code   RO        10209    i.etharp_request    etharp.o
    0x080039fc   0x080039fc   0x00000038   Code   RO        10210    i.etharp_send_ip    etharp.o
    0x08003a34   0x08003a34   0x0000008c   Code   RO        10211    i.etharp_tmr        etharp.o
    0x08003ac0   0x08003ac0   0x000000b8   Code   RO        10212    i.etharp_update_arp_entry  etharp.o
    0x08003b78   0x08003b78   0x000000b8   Code   RO        10213    i.ethernet_input    etharp.o
    0x08003c30   0x08003c30   0x00000030   Code   RO        10294    i.ethernetif_init   ethernetif.o
    0x08003c60   0x08003c60   0x0000002a   Code   RO        10295    i.ethernetif_input  ethernetif.o
    0x08003c8a   0x08003c8a   0x00000002   PAD
    0x08003c8c   0x08003c8c   0x00000024   Code   RO          652    i.fputc             bsp_debug_usart.o
    0x08003cb0   0x08003cb0   0x00000180   Code   RO         8033    i.getLightData      data_collect.o
    0x08003e30   0x08003e30   0x000001b0   Code   RO         8034    i.getTempHttpData   data_collect.o
    0x08003fe0   0x08003fe0   0x00000080   Code   RO           14    i.hardware_init     main.o
    0x08004060   0x08004060   0x00000012   Code   RO         8820    i.icmp_dest_unreach  icmp.o
    0x08004072   0x08004072   0x00000002   PAD
    0x08004074   0x08004074   0x0000015c   Code   RO         8821    i.icmp_input        icmp.o
    0x080041d0   0x080041d0   0x00000070   Code   RO         8822    i.icmp_send_response  icmp.o
    0x08004240   0x08004240   0x00000012   Code   RO         8823    i.icmp_time_exceeded  icmp.o
    0x08004252   0x08004252   0x00000014   Code   RO         8874    i.inet_chksum       inet_chksum.o
    0x08004266   0x08004266   0x00000056   Code   RO         8875    i.inet_chksum_pbuf  inet_chksum.o
    0x080042bc   0x080042bc   0x0000004e   Code   RO         8969    i.ip4_addr_isbroadcast  ip_addr.o
    0x0800430a   0x0800430a   0x00000002   PAD
    0x0800430c   0x0800430c   0x000001ac   Code   RO         9022    i.ip_frag           ip_frag.o
    0x080044b8   0x080044b8   0x0000000a   Code   RO         9023    i.ip_frag_alloc_pbuf_custom_ref  ip_frag.o
    0x080044c2   0x080044c2   0x00000012   Code   RO         9024    i.ip_frag_free_pbuf_custom_ref  ip_frag.o
    0x080044d4   0x080044d4   0x000001b8   Code   RO         8915    i.ip_input          ip.o
    0x0800468c   0x0800468c   0x00000038   Code   RO         8916    i.ip_output         ip.o
    0x080046c4   0x080046c4   0x000000c4   Code   RO         8917    i.ip_output_if      ip.o
    0x08004788   0x08004788   0x0000018c   Code   RO         9025    i.ip_reass          ip_frag.o
    0x08004914   0x08004914   0x00000164   Code   RO         9026    i.ip_reass_chain_frag_into_datagram_and_validate  ip_frag.o
    0x08004a78   0x08004a78   0x0000002c   Code   RO         9027    i.ip_reass_dequeue_datagram  ip_frag.o
    0x08004aa4   0x08004aa4   0x00000054   Code   RO         9028    i.ip_reass_enqueue_new_datagram  ip_frag.o
    0x08004af8   0x08004af8   0x000000a0   Code   RO         9029    i.ip_reass_free_complete_datagram  ip_frag.o
    0x08004b98   0x08004b98   0x0000007c   Code   RO         9030    i.ip_reass_remove_oldest_datagram  ip_frag.o
    0x08004c14   0x08004c14   0x00000054   Code   RO         8918    i.ip_route          ip.o
    0x08004c68   0x08004c68   0x00000020   Code   RO         9032    i.ipfrag_free_pbuf_custom  ip_frag.o
    0x08004c88   0x08004c88   0x00000080   Code   RO        10296    i.low_level_init    ethernetif.o
    0x08004d08   0x08004d08   0x000000e0   Code   RO        10297    i.low_level_input   ethernetif.o
    0x08004de8   0x08004de8   0x000000e0   Code   RO        10298    i.low_level_output  ethernetif.o
    0x08004ec8   0x08004ec8   0x0000001a   Code   RO         9091    i.lwip_htonl        def.o
    0x08004ee2   0x08004ee2   0x0000000c   Code   RO         9092    i.lwip_htons        def.o
    0x08004eee   0x08004eee   0x0000000c   Code   RO         9093    i.lwip_ntohl        def.o
    0x08004efa   0x08004efa   0x0000000c   Code   RO         9094    i.lwip_ntohs        def.o
    0x08004f06   0x08004f06   0x0000005e   Code   RO         8878    i.lwip_standard_chksum  inet_chksum.o
    0x08004f64   0x08004f64   0x0000002c   Code   RO           15    i.main              main.o
    0x08004f90   0x08004f90   0x00000050   Code   RO         9355    i.mem_free          mem.o
    0x08004fe0   0x08004fe0   0x0000005c   Code   RO         9356    i.mem_init          mem.o
    0x0800503c   0x0800503c   0x000000ec   Code   RO         9357    i.mem_malloc        mem.o
    0x08005128   0x08005128   0x0000012c   Code   RO         9358    i.mem_trim          mem.o
    0x08005254   0x08005254   0x00000020   Code   RO         9399    i.memp_free         memp.o
    0x08005274   0x08005274   0x00000064   Code   RO         9400    i.memp_init         memp.o
    0x080052d8   0x080052d8   0x0000002c   Code   RO         9401    i.memp_malloc       memp.o
    0x08005304   0x08005304   0x00000070   Code   RO         9438    i.netif_add         netif.o
    0x08005374   0x08005374   0x00000028   Code   RO         9442    i.netif_set_addr    netif.o
    0x0800539c   0x0800539c   0x0000000c   Code   RO         9443    i.netif_set_default  netif.o
    0x080053a8   0x080053a8   0x0000002a   Code   RO         9444    i.netif_set_down    netif.o
    0x080053d2   0x080053d2   0x0000000c   Code   RO         9445    i.netif_set_gw      netif.o
    0x080053de   0x080053de   0x00000002   PAD
    0x080053e0   0x080053e0   0x00000078   Code   RO         9446    i.netif_set_ipaddr  netif.o
    0x08005458   0x08005458   0x00000006   Code   RO         9447    i.netif_set_link_callback  netif.o
    0x0800545e   0x0800545e   0x0000002a   Code   RO         9448    i.netif_set_link_down  netif.o
    0x08005488   0x08005488   0x00000050   Code   RO         9449    i.netif_set_link_up  netif.o
    0x080054d8   0x080054d8   0x0000000c   Code   RO         9450    i.netif_set_netmask  netif.o
    0x080054e4   0x080054e4   0x00000036   Code   RO         9451    i.netif_set_up      netif.o
    0x0800551a   0x0800551a   0x00000002   PAD
    0x0800551c   0x0800551c   0x00000138   Code   RO           16    i.oneNetTask        main.o
    0x08005654   0x08005654   0x00000024   Code   RO         7189    i.osAlarmHeapInfo   los_heap.o
    0x08005678   0x08005678   0x00000024   Code   RO         7390    i.osAtomicBitsetClearBit  los_slab.o
    0x0800569c   0x0800569c   0x00000050   Code   RO         7391    i.osAtomicBitsetFindClearAndSet  los_slab.o
    0x080056ec   0x080056ec   0x0000002a   Code   RO         7392    i.osAtomicBitsetGetBit  los_slab.o
    0x08005716   0x08005716   0x00000006   Code   RO         7510    i.osAtomicBitsetGetNumBits  los_slab.o
    0x0800571c   0x0800571c   0x0000002e   Code   RO         7393    i.osAtomicBitsetInit  los_slab.o
    0x0800574a   0x0800574a   0x0000001a   Code   RO         7191    i.osHeapPrvGetNext  los_heap.o
    0x08005764   0x08005764   0x00000060   Code   RO         7192    i.osHeapStatisticsGet  los_heap.o
    0x080057c4   0x080057c4   0x0000003c   Code   RO         7798    i.osHwiDefaultHandler  los_hwi.o
    0x08005800   0x08005800   0x0000004c   Code   RO         7799    i.osHwiInit         los_hwi.o
    0x0800584c   0x0800584c   0x00000004   Code   RO         7662    i.osIdleTask        los_init.o
    0x08005850   0x08005850   0x0000004c   Code   RO         6461    i.osIdleTaskCreate  los_task.o
    0x0800589c   0x0800589c   0x0000000c   Code   RO         7800    i.osIntNumGet       los_hwi.o
    0x080058a8   0x080058a8   0x00000060   Code   RO         7801    i.osInterrupt       los_hwi.o
    0x08005908   0x08005908   0x0000013c   Code   RO         7663    i.osMain            los_init.o
    0x08005a44   0x08005a44   0x00000018   Code   RO         7331    i.osMemSystemInit   los_memory.o
    0x08005a5c   0x08005a5c   0x00000060   Code   RO         6874    i.osMuxInit         los_mux.o
    0x08005abc   0x08005abc   0x00000018   Code   RO         6149    i.osPriqueueDequeue  los_priqueue.o
    0x08005ad4   0x08005ad4   0x00000024   Code   RO         6150    i.osPriqueueEnqueue  los_priqueue.o
    0x08005af8   0x08005af8   0x00000048   Code   RO         6151    i.osPriqueueInit    los_priqueue.o
    0x08005b40   0x08005b40   0x00000028   Code   RO         6152    i.osPriqueueSize    los_priqueue.o
    0x08005b68   0x08005b68   0x0000003c   Code   RO         6153    i.osPriqueueTop     los_priqueue.o
    0x08005ba4   0x08005ba4   0x000000f0   Code   RO         6968    i.osQueueBufferOperate  los_queue.o
    0x08005c94   0x08005c94   0x00000070   Code   RO         6969    i.osQueueInit       los_queue.o
    0x08005d04   0x08005d04   0x00000188   Code   RO         6972    i.osQueueOperate    los_queue.o
    0x08005e8c   0x08005e8c   0x0000003c   Code   RO         6973    i.osQueueReadParameterCheck  los_queue.o
    0x08005ec8   0x08005ec8   0x00000038   Code   RO         6974    i.osQueueWriteParameterCheck  los_queue.o
    0x08005f00   0x08005f00   0x0000000c   Code   RO         7664    i.osRegister        los_init.o
    0x08005f0c   0x08005f0c   0x00000008   Code   RO         7721    i.osSchedule        los_hw.o
    0x08005f14   0x08005f14   0x00000060   Code   RO         7111    i.osSemInit         los_sem.o
    0x08005f74   0x08005f74   0x00000020   Code   RO         7396    i.osSlabAllocatorAlloc  los_slab.o
    0x08005f94   0x08005f94   0x0000004e   Code   RO         7400    i.osSlabAllocatorFree  los_slab.o
    0x08005fe2   0x08005fe2   0x0000005a   Code   RO         7407    i.osSlabAllocatorNew  los_slab.o
    0x0800603c   0x0800603c   0x00000012   Code   RO         7524    i.osSlabBlockHeadFill  los_slabmem.o
    0x0800604e   0x0800604e   0x00000008   Code   RO         7525    i.osSlabCtrlHdrGet  los_slabmem.o
    0x08006056   0x08006056   0x00000090   Code   RO         7527    i.osSlabMemAlloc    los_slabmem.o
    0x080060e6   0x080060e6   0x00000076   Code   RO         7530    i.osSlabMemFree     los_slabmem.o
    0x0800615c   0x0800615c   0x000000ac   Code   RO         7531    i.osSlabMemInit     los_slabmem.o
    0x08006208   0x08006208   0x00000090   Code   RO         6233    i.osSwTmrInit       los_swtmr.o
    0x08006298   0x08006298   0x0000004c   Code   RO         6234    i.osSwTmrStart      los_swtmr.o
    0x080062e4   0x080062e4   0x00000094   Code   RO         6235    i.osSwTmrTask       los_swtmr.o
    0x08006378   0x08006378   0x00000044   Code   RO         6236    i.osSwTmrTaskCreate  los_swtmr.o
    0x080063bc   0x080063bc   0x00000080   Code   RO         6237    i.osSwTmrTimeoutHandle  los_swtmr.o
    0x0800643c   0x0800643c   0x00000014   Code   RO         6239    i.osSwtmrDelete     los_swtmr.o
    0x08006450   0x08006450   0x00000024   Code   RO         6240    i.osSwtmrScan       los_swtmr.o
    0x08006474   0x08006474   0x0000004c   Code   RO         6241    i.osSwtmrStop       los_swtmr.o
    0x080064c0   0x080064c0   0x000000c0   Code   RO         6462    i.osTaskAdd2TimerList  los_task.o
    0x08006580   0x08006580   0x00000038   Code   RO         6463    i.osTaskEntry       los_task.o
    0x080065b8   0x080065b8   0x00000008   Code   RO         7722    i.osTaskExit        los_hw.o
    0x080065c0   0x080065c0   0x00000124   Code   RO         6464    i.osTaskInit        los_task.o
    0x080066e4   0x080066e4   0x0000001c   Code   RO         6465    i.osTaskMonInit     los_task.o
    0x08006700   0x08006700   0x000000dc   Code   RO         6467    i.osTaskScan        los_task.o
    0x080067dc   0x080067dc   0x000000fc   Code   RO         6468    i.osTaskSelfDelete  los_task.o
    0x080068d8   0x080068d8   0x0000012c   Code   RO         6469    i.osTaskSwitchCheck  los_task.o
    0x08006a04   0x08006a04   0x0000004c   Code   RO         6470    i.osTaskWait        los_task.o
    0x08006a50   0x08006a50   0x00000046   Code   RO         6471    i.osTaskWake        los_task.o
    0x08006a96   0x08006a96   0x00000002   PAD
    0x08006a98   0x08006a98   0x00000028   Code   RO         6721    i.osTickHandler     los_tick.o
    0x08006ac0   0x08006ac0   0x000000c4   Code   RO         7763    i.osTickStart       los_hw_tick.o
    0x08006b84   0x08006b84   0x00000048   Code   RO         6472    i.osTimerListDelete  los_task.o
    0x08006bcc   0x08006bcc   0x0000004c   Code   RO         6757    i.osTimesliceCheck  los_timeslice.o
    0x08006c18   0x08006c18   0x00000010   Code   RO         6758    i.osTimesliceInit   los_timeslice.o
    0x08006c28   0x08006c28   0x00000140   Code   RO         7723    i.osTskStackInit    los_hw.o
    0x08006d68   0x08006d68   0x00000192   Code   RO         9538    i.pbuf_alloc        pbuf.o
    0x08006efa   0x08006efa   0x0000006c   Code   RO         9539    i.pbuf_alloced_custom  pbuf.o
    0x08006f66   0x08006f66   0x00000038   Code   RO         9540    i.pbuf_cat          pbuf.o
    0x08006f9e   0x08006f9e   0x00000016   Code   RO         9541    i.pbuf_chain        pbuf.o
    0x08006fb4   0x08006fb4   0x00000012   Code   RO         9542    i.pbuf_clen         pbuf.o
    0x08006fc6   0x08006fc6   0x000000c0   Code   RO         9544    i.pbuf_copy         pbuf.o
    0x08007086   0x08007086   0x00000092   Code   RO         9545    i.pbuf_copy_partial  pbuf.o
    0x08007118   0x08007118   0x00000086   Code   RO         9547    i.pbuf_free         pbuf.o
    0x0800719e   0x0800719e   0x0000007e   Code   RO         9549    i.pbuf_header       pbuf.o
    0x0800721c   0x0800721c   0x00000078   Code   RO         9552    i.pbuf_realloc      pbuf.o
    0x08007294   0x08007294   0x0000000a   Code   RO         9553    i.pbuf_ref          pbuf.o
    0x0800729e   0x0800729e   0x00000074   Code   RO         9555    i.pbuf_take         pbuf.o
    0x08007312   0x08007312   0x00000002   PAD
    0x08007314   0x08007314   0x00000088   Code   RO         9359    i.plug_holes        mem.o
    0x0800739c   0x0800739c   0x00000074   Code   RO         9654    i.raw_input         raw.o
    0x08007410   0x08007410   0x0000003c   Code   RO           17    i.task2             main.o
    0x0800744c   0x0800744c   0x00000094   Code   RO         9720    i.tcp_abandon       tcp.o
    0x080074e0   0x080074e0   0x0000000e   Code   RO         9721    i.tcp_abort         tcp.o
    0x080074ee   0x080074ee   0x00000002   PAD
    0x080074f0   0x080074f0   0x000000bc   Code   RO         9724    i.tcp_alloc         tcp.o
    0x080075ac   0x080075ac   0x00000004   Code   RO         9725    i.tcp_arg           tcp.o
    0x080075b0   0x080075b0   0x0000001c   Code   RO         9727    i.tcp_close         tcp.o
    0x080075cc   0x080075cc   0x000001c8   Code   RO         9728    i.tcp_close_shutdown  tcp.o
    0x08007794   0x08007794   0x00000154   Code   RO         9729    i.tcp_connect       tcp.o
    0x080078e8   0x080078e8   0x000000ac   Code   RO         9997    i.tcp_create_segment  tcp_out.o
    0x08007994   0x08007994   0x000000c0   Code   RO         7947    i.tcp_echoclient_connect  tcp_echoclient.o
    0x08007a54   0x08007a54   0x0000011c   Code   RO         7948    i.tcp_echoclient_connected  tcp_echoclient.o
    0x08007b70   0x08007b70   0x00000030   Code   RO         7949    i.tcp_echoclient_connection_close  tcp_echoclient.o
    0x08007ba0   0x08007ba0   0x000000b0   Code   RO         7952    i.tcp_echoclient_recv  tcp_echoclient.o
    0x08007c50   0x08007c50   0x00000050   Code   RO         7953    i.tcp_echoclient_send  tcp_echoclient.o
    0x08007ca0   0x08007ca0   0x0000001e   Code   RO         7954    i.tcp_echoclient_sent  tcp_echoclient.o
    0x08007cbe   0x08007cbe   0x0000002e   Code   RO         9731    i.tcp_eff_send_mss  tcp.o
    0x08007cec   0x08007cec   0x00000110   Code   RO         9998    i.tcp_enqueue_flags  tcp_out.o
    0x08007dfc   0x08007dfc   0x0000007c   Code   RO         9733    i.tcp_fasttmr       tcp.o
    0x08007e78   0x08007e78   0x0000047c   Code   RO         9949    i.tcp_input         tcp_in.o
    0x080082f4   0x080082f4   0x00000044   Code   RO         9999    i.tcp_keepalive     tcp_out.o
    0x08008338   0x08008338   0x00000054   Code   RO         9735    i.tcp_kill_prio     tcp.o
    0x0800838c   0x0800838c   0x0000003c   Code   RO         9736    i.tcp_kill_timewait  tcp.o
    0x080083c8   0x080083c8   0x00000130   Code   RO         9950    i.tcp_listen_input  tcp_in.o
    0x080084f8   0x080084f8   0x0000000a   Code   RO         9738    i.tcp_new           tcp.o
    0x08008502   0x08008502   0x00000002   PAD
    0x08008504   0x08008504   0x00000068   Code   RO         9739    i.tcp_new_port      tcp.o
    0x0800856c   0x0800856c   0x0000001c   Code   RO         9740    i.tcp_next_iss      tcp.o
    0x08008588   0x08008588   0x000001c0   Code   RO        10000    i.tcp_output        tcp_out.o
    0x08008748   0x08008748   0x00000078   Code   RO        10001    i.tcp_output_alloc_header  tcp_out.o
    0x080087c0   0x080087c0   0x000000d0   Code   RO        10002    i.tcp_output_segment  tcp_out.o
    0x08008890   0x08008890   0x000000b8   Code   RO         9951    i.tcp_parseopt      tcp_in.o
    0x08008948   0x08008948   0x00000078   Code   RO        10003    i.tcp_pbuf_prealloc  tcp_out.o
    0x080089c0   0x080089c0   0x00000040   Code   RO         9741    i.tcp_pcb_purge     tcp.o
    0x08008a00   0x08008a00   0x00000090   Code   RO         9742    i.tcp_pcb_remove    tcp.o
    0x08008a90   0x08008a90   0x0000000e   Code   RO         9743    i.tcp_poll          tcp.o
    0x08008a9e   0x08008a9e   0x00000002   PAD
    0x08008aa0   0x08008aa0   0x0000058c   Code   RO         9952    i.tcp_process       tcp_in.o
    0x0800902c   0x0800902c   0x0000008c   Code   RO         9744    i.tcp_process_refused_data  tcp.o
    0x080090b8   0x080090b8   0x0000063c   Code   RO         9953    i.tcp_receive       tcp_in.o
    0x080096f4   0x080096f4   0x00000008   Code   RO         9745    i.tcp_recv          tcp.o
    0x080096fc   0x080096fc   0x0000002e   Code   RO         9746    i.tcp_recv_null     tcp.o
    0x0800972a   0x0800972a   0x00000046   Code   RO         9747    i.tcp_recved        tcp.o
    0x08009770   0x08009770   0x0000005a   Code   RO        10004    i.tcp_rexmit        tcp_out.o
    0x080097ca   0x080097ca   0x00000070   Code   RO        10005    i.tcp_rexmit_fast   tcp_out.o
    0x0800983a   0x0800983a   0x0000003a   Code   RO        10006    i.tcp_rexmit_rto    tcp_out.o
    0x08009874   0x08009874   0x0000007c   Code   RO        10007    i.tcp_rst           tcp_out.o
    0x080098f0   0x080098f0   0x0000001a   Code   RO         9748    i.tcp_seg_free      tcp.o
    0x0800990a   0x0800990a   0x00000018   Code   RO         9749    i.tcp_segs_free     tcp.o
    0x08009922   0x08009922   0x0000004e   Code   RO        10008    i.tcp_send_empty_ack  tcp_out.o
    0x08009970   0x08009970   0x0000004a   Code   RO        10009    i.tcp_send_fin      tcp_out.o
    0x080099ba   0x080099ba   0x00000008   Code   RO         9750    i.tcp_sent          tcp.o
    0x080099c2   0x080099c2   0x00000002   PAD
    0x080099c4   0x080099c4   0x00000334   Code   RO         9753    i.tcp_slowtmr       tcp.o
    0x08009cf8   0x08009cf8   0x00000002   Code   RO        10094    i.tcp_timer_needed  timers.o
    0x08009cfa   0x08009cfa   0x00000002   PAD
    0x08009cfc   0x08009cfc   0x000000ac   Code   RO         9954    i.tcp_timewait_input  tcp_in.o
    0x08009da8   0x08009da8   0x00000024   Code   RO         9754    i.tcp_tmr           tcp.o
    0x08009dcc   0x08009dcc   0x0000004e   Code   RO         9755    i.tcp_update_rcv_ann_wnd  tcp.o
    0x08009e1a   0x08009e1a   0x00000384   Code   RO        10010    i.tcp_write         tcp_out.o
    0x0800a19e   0x0800a19e   0x00000070   Code   RO        10011    i.tcp_write_checks  tcp_out.o
    0x0800a20e   0x0800a20e   0x000000a4   Code   RO        10012    i.tcp_zero_window_probe  tcp_out.o
    0x0800a2b2   0x0800a2b2   0x00000002   PAD
    0x0800a2b4   0x0800a2b4   0x00000080   Code   RO        10106    i.udp_bind          udp.o
    0x0800a334   0x0800a334   0x000001d0   Code   RO        10110    i.udp_input         udp.o
    0x0800a504   0x0800a504   0x00000058   Code   RO        10112    i.udp_new_port      udp.o
    0x0800a55c   0x0800a55c   0x000000ce   Code   RO        10117    i.udp_sendto_if     udp.o
    0x0800a62a   0x0800a62a   0x00000014   Data   RO         7803    .constdata          los_hwi.o
    0x0800a63e   0x0800a63e   0x00000002   PAD
    0x0800a640   0x0800a640   0x00000008   Data   RO         8976    .constdata          ip_addr.o
    0x0800a648   0x0800a648   0x00000024   Data   RO         9403    .constdata          memp.o
    0x0800a66c   0x0800a66c   0x00000050   Data   RO         9756    .constdata          tcp.o
    0x0800a6bc   0x0800a6bc   0x0000000c   Data   RO        10215    .constdata          etharp.o
    0x0800a6c8   0x0800a6c8   0x00000075   Data   RO         9757    .conststring        tcp.o
    0x0800a73d   0x0800a73d   0x00000003   PAD
    0x0800a740   0x0800a740   0x00000030   Data   RO        10691    Region$$Table       anon$$obj.o


    Execution Region VECTOR (Exec base: 0x20000000, Load base: 0x0800a770, Size: 0x00000400, Max: 0x00000400, ABSOLUTE, COMPRESSED[0x00000018])

    Exec Addr    Load Addr    Size         Type   Attr      Idx    E Section Name        Object

    0x20000000   COMPRESSED   0x00000400   Data   RW         7805    .vector.bss         los_hwi.o


    Execution Region ARM_LIB_STACKHEAP (Exec base: 0x20000400, Load base: 0x0800a788, Size: 0x00000400, Max: 0x00000400, ABSOLUTE)

    Exec Addr    Load Addr    Size         Type   Attr      Idx    E Section Name        Object

    0x20000400        -       0x00000400   Zero   RW            1    ARM_LIB_STACKHEAP.bss  anon$$obj.o


    Execution Region RW_IRAM1 (Exec base: 0x20000800, Load base: 0x0800a788, Size: 0x0002cacc, Max: 0x0002f800, ABSOLUTE, COMPRESSED[0x00000028])

    Exec Addr    Load Addr    Size         Type   Attr      Idx    E Section Name        Object

    0x20000800   COMPRESSED   0x00000018   Data   RW           18    .data               main.o
    0x20000818   COMPRESSED   0x00000014   Data   RW          463    .data               system_stm32f4xx.o
    0x2000082c   COMPRESSED   0x00000004   Data   RW          504    .data               dwt.o
    0x20000830   COMPRESSED   0x00000010   Data   RW         3535    .data               stm32f4xx_rcc.o
    0x20000840   COMPRESSED   0x00000004   Data   RW         6155    .data               los_priqueue.o
    0x20000844   COMPRESSED   0x00000010   Data   RW         6243    .data               los_swtmr.o
    0x20000854   COMPRESSED   0x00000048   Data   RW         6474    .data               los_task.o
    0x2000089c   COMPRESSED   0x00000004   PAD
    0x200008a0   COMPRESSED   0x00000014   Data   RW         6722    .data               los_tick.o
    0x200008b4   COMPRESSED   0x00000008   Data   RW         6759    .data               los_timeslice.o
    0x200008bc   COMPRESSED   0x0000000c   Data   RW         6875    .data               los_mux.o
    0x200008c8   COMPRESSED   0x0000000c   Data   RW         6975    .data               los_queue.o
    0x200008d4   COMPRESSED   0x0000000c   Data   RW         7112    .data               los_sem.o
    0x200008e0   COMPRESSED   0x00000008   Data   RW         7193    .data               los_heap.o
    0x200008e8   COMPRESSED   0x00000004   Data   RW         7804    .data               los_hwi.o
    0x200008ec   COMPRESSED   0x00000010   Data   RW         7871    .data               netconf.o
    0x200008fc   COMPRESSED   0x00000014   Data   RW         7956    .data               tcp_echoclient.o
    0x20000910   COMPRESSED   0x0000000c   Data   RW         8036    .data               data_collect.o
    0x2000091c   COMPRESSED   0x00000002   Data   RW         8073    .data               bsp_adc.o
    0x2000091e   COMPRESSED   0x00000002   PAD
    0x20000920   COMPRESSED   0x00000010   Data   RW         8195    .data               stm32f429_eth.o
    0x20000930   COMPRESSED   0x00000006   Data   RW         8642    .data               stm32f429_phy.o
    0x20000936   COMPRESSED   0x00000002   PAD
    0x20000938   COMPRESSED   0x00000012   Data   RW         8919    .data               ip.o
    0x2000094a   COMPRESSED   0x00000002   PAD
    0x2000094c   COMPRESSED   0x00000006   Data   RW         9033    .data               ip_frag.o
    0x20000952   COMPRESSED   0x00000002   PAD
    0x20000954   COMPRESSED   0x00000004   Data   RW         9156    .data               dhcp.o
    0x20000958   COMPRESSED   0x0000000c   Data   RW         9361    .data               mem.o
    0x20000964   COMPRESSED   0x00000009   Data   RW         9452    .data               netif.o
    0x2000096d   COMPRESSED   0x00000003   PAD
    0x20000970   COMPRESSED   0x00000004   Data   RW         9660    .data               raw.o
    0x20000974   COMPRESSED   0x00000024   Data   RW         9758    .data               tcp.o
    0x20000998   COMPRESSED   0x00000020   Data   RW         9956    .data               tcp_in.o
    0x200009b8   COMPRESSED   0x00000008   Data   RW        10118    .data               udp.o
    0x200009c0   COMPRESSED   0x00000001   Data   RW        10216    .data               etharp.o
    0x200009c1   COMPRESSED   0x00000003   PAD
    0x200009c4   COMPRESSED   0x00000004   Data   RW        10669    .data               mc_w.l(stdout.o)
    0x200009c8   COMPRESSED   0x00000004   Data   RW        10676    .data               mc_w.l(mvars.o)
    0x200009cc   COMPRESSED   0x00000004   Data   RW        10677    .data               mc_w.l(mvars.o)
    0x200009d0        -       0x00024000   Zero   RW         7665    .bss                los_init.o
    0x200249d0        -       0x00000400   Zero   RW         7802    .bss                los_hwi.o
    0x20024dd0        -       0x00000038   Zero   RW         7870    .bss                netconf.o
    0x20024e08        -       0x00000096   Zero   RW         7955    .bss                tcp_echoclient.o
    0x20024e9e        -       0x00000800   Zero   RW         8035    .bss                data_collect.o
    0x2002569e   COMPRESSED   0x00000002   PAD
    0x200256a0        -       0x000030ac   Zero   RW         8194    .bss                stm32f429_eth.o
    0x2002874c        -       0x000000bc   Zero   RW         8641    .bss                stm32f429_phy.o
    0x20028808        -       0x00002814   Zero   RW         9360    .bss                mem.o
    0x2002b01c        -       0x000021d7   Zero   RW         9402    .bss                memp.o
    0x2002d1f3   COMPRESSED   0x00000001   PAD
    0x2002d1f4        -       0x00000010   Zero   RW         9955    .bss                tcp_in.o
    0x2002d204        -       0x000000c8   Zero   RW        10214    .bss                etharp.o


==============================================================================

Image component sizes


      Code (inc. data)   RO Data    RW Data    ZI Data      Debug   Object Name

       272         16          0          2          0       2409   bsp_adc.o
       196         12          0          0          0       2721   bsp_debug_usart.o
       158         20          0          0          0       3606   bsp_key.o
       128         10          0          0          0        690   bsp_led.o
        10          0          0          0          0        957   bsp_systick.o
         0          0          0          0          0      10108   cmsis_liteos.o
       816        460          0         12       2048       2323   data_collect.o
        62          0          0          0          0       2388   def.o
      1226         26          0          4          0      10264   dhcp.o
        48         14          0          4          0       3616   dwt.o
      2310         66         12          1        200      14720   etharp.o
       666         46          0          0          0       5142   ethernetif.o
       496          8          0          0          0       3998   icmp.o
         0          0          0          0          0       3868   inet.o
       200          0          0          0          0       2905   inet_chksum.o
       776         32          0         18          0       8593   ip.o
        78          0          8          0          0       7402   ip_addr.o
      1652         36          0          6          0      11149   ip_frag.o
       232         24          0          0          0        392   los_dispatch_keil.o
       810        102          0          8          0       6397   los_heap.o
       400         20          0          0          0       3110   los_hw.o
       196         40          0          0          0      30681   los_hw_tick.o
       436         90         20       1028       1024      37031   los_hwi.o
       362        120          0          0     147456       3603   los_init.o
       222          4          0          0          0       3821   los_memory.o
        28          0          0          0          0        656   los_misc.o
       116         16          0         12          0      11844   los_mux.o
       232         24          0          4          0       6262   los_priqueue.o
      1224        110          0         12          0      20512   los_queue.o
       116         18          0         12          0       3376   los_sem.o
       410          0          0          0          0       6922   los_slab.o
       460         46          0          0          0       4834   los_slabmem.o
        44         22          0          0          0        304   los_startup_keil.o
       972        142          0         16          0      11310   los_swtmr.o
        12          6          0          0          0        551   los_sys.o
      2522        342          0         72          0      25898   los_task.o
        40          6          0         20          0        971   los_tick.o
        92         16          0          8          0       1389   los_timeslice.o
       812        310          0         24          0     392565   main.o
       844         68          0         12      10260       5397   mem.o
       176         26         36          0       8663       3474   memp.o
       120         14          0          0          0       1272   misc.o
       452        192          0         16         56      18291   netconf.o
       532         24          0          9          0      10166   netif.o
      1450          0          0          0          0      11219   pbuf.o
       116         14          0          4          0       1680   raw.o
      2280        156          0         16      12460      16073   stm32f429_eth.o
       864         76          0          6        188       6259   stm32f429_phy.o
       412         24          0          0          0       7064   stm32f4xx_adc.o
       110          6          0          0          0       2729   stm32f4xx_dma.o
       240          0          0          0          0       4219   stm32f4xx_gpio.o
       360         42          0         16          0       5976   stm32f4xx_rcc.o
        12          6          0          0          0        690   stm32f4xx_syscfg.o
       214         28          0          0          0       4370   stm32f4xx_tim.o
       288          8          0          0          0       4546   stm32f4xx_usart.o
       392         32          0         20          0       1917   system_stm32f4xx.o
      3112        168        197         36          0      30229   tcp.o
       978        244          0         20        150       6952   tcp_echoclient.o
      4824        288          0         32         16      17107   tcp_in.o
      3120         10          0          0          0      16183   tcp_out.o
         2          0          0          0          0        527   timers.o
       886         28          0          8          0      13665   udp.o

    ----------------------------------------------------------------------
     40656       3658        326       1476     183548     859293   Object Totals
         0          0         48          0       1024          0   (incl. Generated)
        40          0          5         18          3          0   (incl. Padding)

    ----------------------------------------------------------------------

      Code (inc. data)   RO Data    RW Data    ZI Data      Debug   Library Member Name

        86          0          0          0          0          0   __dczerorl2.o
         0          0          0          0          0          0   entry.o
         0          0          0          0          0          0   entry10a.o
         0          0          0          0          0          0   entry11a.o
         8          4          0          0          0          0   entry3.o
         4          0          0          0          0          0   entry5.o
         0          0          0          0          0          0   entry7b.o
         0          0          0          0          0          0   entry8b.o
         8          4          0          0          0          0   entry9a.o
        30          0          0          0          0          0   handlers.o
        36          8          0          0          0         68   init.o
        30          0          0          0          0         68   llshl.o
        32          0          0          0          0         68   llushr.o
       188         20          0          0          0        160   malloc1.o
        26          0          0          0          0         80   memcmp.o
        36          0          0          0          0         68   memcpya.o
        36          0          0          0          0        108   memseta.o
         0          0          0          8          0          0   mvars.o
      1204         60          0          0          0        504   printf8.o
         0          0          0          4          0          0   stdout.o
        24          0          0          0          0         68   strcat.o
        18          0          0          0          0         68   strcpy.o
        14          0          0          0          0         68   strlen.o
        98          0          0          0          0         92   uldiv.o

    ----------------------------------------------------------------------
      1882         96          0         12          0       1420   Library Totals
         4          0          0          0          0          0   (incl. Padding)

    ----------------------------------------------------------------------

      Code (inc. data)   RO Data    RW Data    ZI Data      Debug   Library Name

      1878         96          0         12          0       1420   mc_w.l

    ----------------------------------------------------------------------
      1882         96          0         12          0       1420   Library Totals

    ----------------------------------------------------------------------

==============================================================================


      Code (inc. data)   RO Data    RW Data    ZI Data      Debug   

     42538       3754        326       1488     183548     827569   Grand Totals
     42538       3754        326         64     183548     827569   ELF Image Totals (compressed)
     42538       3754        326         64          0          0   ROM Totals

==============================================================================

    Total RO  Size (Code + RO Data)                42864 (  41.86kB)
    Total RW  Size (RW Data + ZI Data)            185036 ( 180.70kB)
    Total ROM Size (Code + RO Data + RW Data)      42928 (  41.92kB)

==============================================================================

