<html>
<body>
<pre>
<h1>礦ision Build Log</h1>
<h2>Tool Versions:</h2>
IDE-Version: μVision V5.22.0.0
Copyright (C) 2016 ARM Ltd and ARM Germany GmbH. All rights reserved.
License Information: lim lim, lim, LIC=47GSB-2WJYG-TFLI4-FI50I-5YIST-RIV3D
 
Tool Versions:
Toolchain:       MDK-ARM Plus  Version: 5.22
Toolchain Path:  C:\Keil_v5\ARM\ARMCC\Bin
C Compiler:      Armcc.exe V5.06 update 4 (build 422)
Assembler:       Armasm.exe V5.06 update 4 (build 422)
Linker/Locator:  ArmLink.exe V5.06 update 4 (build 422)
Library Manager: ArmAr.exe V5.06 update 4 (build 422)
Hex Converter:   FromElf.exe V5.06 update 4 (build 422)
CPU DLL:         SARMCM3.DLL V5.22
Dialog DLL:      DCM.DLL V1.13.9.0
Target DLL:      Segger\JL2CM3.dll V2.99.23.0
Dialog DLL:      TCM.DLL V1.21.0.0
 
<h2>Project:</h2>
E:\林宏华\1oneNET\Huawei_LiteOSLwipclient22.4\Huawei_LiteOSLwipclient22.3\targets\STM32F429IGTX_FIRE\MDK-ARM\Huawei_LiteOS.uvprojx
Project File Date:  05/11/2018

<h2>Output:</h2>
*** Using Compiler 'V5.06 update 4 (build 422)', folder: 'C:\Keil_v5\ARM\ARMCC\Bin'
Build target 'HuaweiLiteOS'
compiling ethernetif.c...
compiling mqtt_loop.c...
mqtt_loop.c(67): warning:  #177-D: function "MqttSample_RecvPkt"  was declared but never referenced
  static int MqttSample_RecvPkt(unsigned char *buf)
mqtt_loop.c: 1 warning, 0 errors
compiling main.c...
compiling netconf.c...
compiling LAN8742A.c...
compiling tcp_echoclient.c...
..\USER\App\tcp_echoclient.c(448): warning:  #177-D: function "tcp_echoclient_poll"  was declared but never referenced
  static err_t tcp_echoclient_poll(void *arg, struct tcp_pcb *tpcb)
..\USER\App\tcp_echoclient.c(489): warning:  #177-D: function "tcp_echoclient_sent"  was declared but never referenced
  static err_t tcp_echoclient_sent(void *arg, struct tcp_pcb *tpcb, u16_t len)
..\USER\App\tcp_echoclient.c(283): warning:  #177-D: function "tcp_echoclient_recv11"  was declared but never referenced
  static err_t tcp_echoclient_recv11(void *arg, struct tcp_pcb *tpcb, struct pbuf *p, err_t err)
..\USER\App\tcp_echoclient.c: 3 warnings, 0 errors
linking...
Program Size: Code=50458 RO-data=830 RW-data=1684 ZI-data=194692  
".\Objects\Huawei_LiteOS.axf" - 0 Error(s), 4 Warning(s).

<h2>Software Packages used:</h2>

Package Vendor: ARM
                http://www.keil.com/pack/ARM.CMSIS.5.0.0.pack
                ARM::CMSIS:CORE:5.0.0
                CMSIS (Cortex Microcontroller Software Interface Standard)
   * Component: CORE Version: 5.0.0

<h2>Collection of Component include folders:</h2>
  E:\林宏华\1oneNET\Huawei_LiteOSLwipclient22.4\Huawei_LiteOSLwipclient22.3\targets\STM32F429IGTX_FIRE\MDK-ARM\RTE\_HuaweiLiteOS
  C:\Keil_v5\ARM\PACK\ARM\CMSIS\5.0.0\CMSIS\Include
  C:\Keil_v5\ARM\PACK\Keil\STM32F4xx_DFP\2.11.0\Drivers\CMSIS\Device\ST\STM32F4xx\Include

<h2>Collection of Component Files used:</h2>

   * Component: ARM::CMSIS:CORE:5.0.0
Build Time Elapsed:  00:00:18
</pre>
</body>
</html>
