###############################################################################
#
# IAR ELF Linker V8.20.2.14835/W32 for ARM                13/May/2018  16:52:59
# Copyright 2007-2017 IAR Systems AB.
#
#    Output file  =  
#        F:\LiteOS\yun\LiteOS-Tencent
#        Cloud-Hongye\targets\STM32F419IGTX_FIRE\Application\Exe\HuaweiLiteOS_stm32f429.out
#    Map file     =  
#        F:\LiteOS\yun\LiteOS-Tencent
#        Cloud-Hongye\targets\STM32F419IGTX_FIRE\Application\List\HuaweiLiteOS_stm32f429.map
#    Command line =  
#        -f C:\Users\ADMINI~1.SC-\AppData\Local\Temp\EW1508.tmp
#        ("F:\LiteOS\yun\LiteOS-Tencent
#        Cloud-Hongye\targets\STM32F419IGTX_FIRE\Application\Obj\api_lib.o"
#        "F:\LiteOS\yun\LiteOS-Tencent
#        Cloud-Hongye\targets\STM32F419IGTX_FIRE\Application\Obj\api_msg.o"
#        "F:\LiteOS\yun\LiteOS-Tencent
#        Cloud-Hongye\targets\STM32F419IGTX_FIRE\Application\Obj\autoip.o"
#        "F:\LiteOS\yun\LiteOS-Tencent
#        Cloud-Hongye\targets\STM32F419IGTX_FIRE\Application\Obj\def.o"
#        "F:\LiteOS\yun\LiteOS-Tencent
#        Cloud-Hongye\targets\STM32F419IGTX_FIRE\Application\Obj\dhcp.o"
#        "F:\LiteOS\yun\LiteOS-Tencent
#        Cloud-Hongye\targets\STM32F419IGTX_FIRE\Application\Obj\dns.o"
#        "F:\LiteOS\yun\LiteOS-Tencent
#        Cloud-Hongye\targets\STM32F419IGTX_FIRE\Application\Obj\err.o"
#        "F:\LiteOS\yun\LiteOS-Tencent
#        Cloud-Hongye\targets\STM32F419IGTX_FIRE\Application\Obj\etharp.o"
#        "F:\LiteOS\yun\LiteOS-Tencent
#        Cloud-Hongye\targets\STM32F419IGTX_FIRE\Application\Obj\ethernet.o"
#        "F:\LiteOS\yun\LiteOS-Tencent
#        Cloud-Hongye\targets\STM32F419IGTX_FIRE\Application\Obj\ethernetif.o"
#        "F:\LiteOS\yun\LiteOS-Tencent
#        Cloud-Hongye\targets\STM32F419IGTX_FIRE\Application\Obj\httpserver-netconn.o"
#        "F:\LiteOS\yun\LiteOS-Tencent
#        Cloud-Hongye\targets\STM32F419IGTX_FIRE\Application\Obj\icmp.o"
#        "F:\LiteOS\yun\LiteOS-Tencent
#        Cloud-Hongye\targets\STM32F419IGTX_FIRE\Application\Obj\igmp.o"
#        "F:\LiteOS\yun\LiteOS-Tencent
#        Cloud-Hongye\targets\STM32F419IGTX_FIRE\Application\Obj\inet_chksum.o"
#        "F:\LiteOS\yun\LiteOS-Tencent
#        Cloud-Hongye\targets\STM32F419IGTX_FIRE\Application\Obj\init.o"
#        "F:\LiteOS\yun\LiteOS-Tencent
#        Cloud-Hongye\targets\STM32F419IGTX_FIRE\Application\Obj\ip.o"
#        "F:\LiteOS\yun\LiteOS-Tencent
#        Cloud-Hongye\targets\STM32F419IGTX_FIRE\Application\Obj\ip4.o"
#        "F:\LiteOS\yun\LiteOS-Tencent
#        Cloud-Hongye\targets\STM32F419IGTX_FIRE\Application\Obj\ip4_addr.o"
#        "F:\LiteOS\yun\LiteOS-Tencent
#        Cloud-Hongye\targets\STM32F419IGTX_FIRE\Application\Obj\ip4_frag.o"
#        "F:\LiteOS\yun\LiteOS-Tencent
#        Cloud-Hongye\targets\STM32F419IGTX_FIRE\Application\Obj\LAN8742A.o"
#        "F:\LiteOS\yun\LiteOS-Tencent
#        Cloud-Hongye\targets\STM32F419IGTX_FIRE\Application\Obj\los_api_dynamic_mem.o"
#        "F:\LiteOS\yun\LiteOS-Tencent
#        Cloud-Hongye\targets\STM32F419IGTX_FIRE\Application\Obj\los_api_event.o"
#        "F:\LiteOS\yun\LiteOS-Tencent
#        Cloud-Hongye\targets\STM32F419IGTX_FIRE\Application\Obj\los_api_interrupt.o"
#        "F:\LiteOS\yun\LiteOS-Tencent
#        Cloud-Hongye\targets\STM32F419IGTX_FIRE\Application\Obj\los_api_list.o"
#        "F:\LiteOS\yun\LiteOS-Tencent
#        Cloud-Hongye\targets\STM32F419IGTX_FIRE\Application\Obj\los_api_msgqueue.o"
#        "F:\LiteOS\yun\LiteOS-Tencent
#        Cloud-Hongye\targets\STM32F419IGTX_FIRE\Application\Obj\los_api_mutex.o"
#        "F:\LiteOS\yun\LiteOS-Tencent
#        Cloud-Hongye\targets\STM32F419IGTX_FIRE\Application\Obj\los_api_sem.o"
#        "F:\LiteOS\yun\LiteOS-Tencent
#        Cloud-Hongye\targets\STM32F419IGTX_FIRE\Application\Obj\los_api_static_mem.o"
#        "F:\LiteOS\yun\LiteOS-Tencent
#        Cloud-Hongye\targets\STM32F419IGTX_FIRE\Application\Obj\los_api_systick.o"
#        "F:\LiteOS\yun\LiteOS-Tencent
#        Cloud-Hongye\targets\STM32F419IGTX_FIRE\Application\Obj\los_api_task.o"
#        "F:\LiteOS\yun\LiteOS-Tencent
#        Cloud-Hongye\targets\STM32F419IGTX_FIRE\Application\Obj\los_api_timer.o"
#        "F:\LiteOS\yun\LiteOS-Tencent
#        Cloud-Hongye\targets\STM32F419IGTX_FIRE\Application\Obj\los_bsp_adapter.o"
#        "F:\LiteOS\yun\LiteOS-Tencent
#        Cloud-Hongye\targets\STM32F419IGTX_FIRE\Application\Obj\los_bsp_flash.o"
#        "F:\LiteOS\yun\LiteOS-Tencent
#        Cloud-Hongye\targets\STM32F419IGTX_FIRE\Application\Obj\los_bsp_key.o"
#        "F:\LiteOS\yun\LiteOS-Tencent
#        Cloud-Hongye\targets\STM32F419IGTX_FIRE\Application\Obj\los_bsp_led.o"
#        "F:\LiteOS\yun\LiteOS-Tencent
#        Cloud-Hongye\targets\STM32F419IGTX_FIRE\Application\Obj\los_bsp_lwip.o"
#        "F:\LiteOS\yun\LiteOS-Tencent
#        Cloud-Hongye\targets\STM32F419IGTX_FIRE\Application\Obj\los_bsp_uart.o"
#        "F:\LiteOS\yun\LiteOS-Tencent
#        Cloud-Hongye\targets\STM32F419IGTX_FIRE\Application\Obj\los_cmsis_main.o"
#        "F:\LiteOS\yun\LiteOS-Tencent
#        Cloud-Hongye\targets\STM32F419IGTX_FIRE\Application\Obj\los_config.o"
#        "F:\LiteOS\yun\LiteOS-Tencent
#        Cloud-Hongye\targets\STM32F419IGTX_FIRE\Application\Obj\los_demo_entry.o"
#        "F:\LiteOS\yun\LiteOS-Tencent
#        Cloud-Hongye\targets\STM32F419IGTX_FIRE\Application\Obj\los_dispatch_iar.o"
#        "F:\LiteOS\yun\LiteOS-Tencent
#        Cloud-Hongye\targets\STM32F419IGTX_FIRE\Application\Obj\los_event.o"
#        "F:\LiteOS\yun\LiteOS-Tencent
#        Cloud-Hongye\targets\STM32F419IGTX_FIRE\Application\Obj\los_hw.o"
#        "F:\LiteOS\yun\LiteOS-Tencent
#        Cloud-Hongye\targets\STM32F419IGTX_FIRE\Application\Obj\los_hw_tick.o"
#        "F:\LiteOS\yun\LiteOS-Tencent
#        Cloud-Hongye\targets\STM32F419IGTX_FIRE\Application\Obj\los_hwi.o"
#        "F:\LiteOS\yun\LiteOS-Tencent
#        Cloud-Hongye\targets\STM32F419IGTX_FIRE\Application\Obj\los_inspect_entry.o"
#        "F:\LiteOS\yun\LiteOS-Tencent
#        Cloud-Hongye\targets\STM32F419IGTX_FIRE\Application\Obj\los_membox.o"
#        "F:\LiteOS\yun\LiteOS-Tencent
#        Cloud-Hongye\targets\STM32F419IGTX_FIRE\Application\Obj\los_memory.o"
#        "F:\LiteOS\yun\LiteOS-Tencent
#        Cloud-Hongye\targets\STM32F419IGTX_FIRE\Application\Obj\los_memstat.o"
#        "F:\LiteOS\yun\LiteOS-Tencent
#        Cloud-Hongye\targets\STM32F419IGTX_FIRE\Application\Obj\los_misc.o"
#        "F:\LiteOS\yun\LiteOS-Tencent
#        Cloud-Hongye\targets\STM32F419IGTX_FIRE\Application\Obj\los_multipledlinkhead.o"
#        "F:\LiteOS\yun\LiteOS-Tencent
#        Cloud-Hongye\targets\STM32F419IGTX_FIRE\Application\Obj\los_mux.o"
#        "F:\LiteOS\yun\LiteOS-Tencent
#        Cloud-Hongye\targets\STM32F419IGTX_FIRE\Application\Obj\los_priqueue.o"
#        "F:\LiteOS\yun\LiteOS-Tencent
#        Cloud-Hongye\targets\STM32F419IGTX_FIRE\Application\Obj\los_queue.o"
#        "F:\LiteOS\yun\LiteOS-Tencent
#        Cloud-Hongye\targets\STM32F419IGTX_FIRE\Application\Obj\los_sem.o"
#        "F:\LiteOS\yun\LiteOS-Tencent
#        Cloud-Hongye\targets\STM32F419IGTX_FIRE\Application\Obj\los_startup_iar.o"
#        "F:\LiteOS\yun\LiteOS-Tencent
#        Cloud-Hongye\targets\STM32F419IGTX_FIRE\Application\Obj\los_swtmr.o"
#        "F:\LiteOS\yun\LiteOS-Tencent
#        Cloud-Hongye\targets\STM32F419IGTX_FIRE\Application\Obj\los_sys.o"
#        "F:\LiteOS\yun\LiteOS-Tencent
#        Cloud-Hongye\targets\STM32F419IGTX_FIRE\Application\Obj\los_task.o"
#        "F:\LiteOS\yun\LiteOS-Tencent
#        Cloud-Hongye\targets\STM32F419IGTX_FIRE\Application\Obj\los_tick.o"
#        "F:\LiteOS\yun\LiteOS-Tencent
#        Cloud-Hongye\targets\STM32F419IGTX_FIRE\Application\Obj\los_timeslice.o"
#        "F:\LiteOS\yun\LiteOS-Tencent
#        Cloud-Hongye\targets\STM32F419IGTX_FIRE\Application\Obj\main.o"
#        "F:\LiteOS\yun\LiteOS-Tencent
#        Cloud-Hongye\targets\STM32F419IGTX_FIRE\Application\Obj\mem.o"
#        "F:\LiteOS\yun\LiteOS-Tencent
#        Cloud-Hongye\targets\STM32F419IGTX_FIRE\Application\Obj\memp.o"
#        "F:\LiteOS\yun\LiteOS-Tencent
#        Cloud-Hongye\targets\STM32F419IGTX_FIRE\Application\Obj\misc.o"
#        "F:\LiteOS\yun\LiteOS-Tencent
#        Cloud-Hongye\targets\STM32F419IGTX_FIRE\Application\Obj\mqtt.o"
#        "F:\LiteOS\yun\LiteOS-Tencent
#        Cloud-Hongye\targets\STM32F419IGTX_FIRE\Application\Obj\mqtt_client.o"
#        "F:\LiteOS\yun\LiteOS-Tencent
#        Cloud-Hongye\targets\STM32F419IGTX_FIRE\Application\Obj\netbuf.o"
#        "F:\LiteOS\yun\LiteOS-Tencent
#        Cloud-Hongye\targets\STM32F419IGTX_FIRE\Application\Obj\netdb.o"
#        "F:\LiteOS\yun\LiteOS-Tencent
#        Cloud-Hongye\targets\STM32F419IGTX_FIRE\Application\Obj\netif.o"
#        "F:\LiteOS\yun\LiteOS-Tencent
#        Cloud-Hongye\targets\STM32F419IGTX_FIRE\Application\Obj\netifapi.o"
#        "F:\LiteOS\yun\LiteOS-Tencent
#        Cloud-Hongye\targets\STM32F419IGTX_FIRE\Application\Obj\pbuf.o"
#        "F:\LiteOS\yun\LiteOS-Tencent
#        Cloud-Hongye\targets\STM32F419IGTX_FIRE\Application\Obj\raw.o"
#        "F:\LiteOS\yun\LiteOS-Tencent
#        Cloud-Hongye\targets\STM32F419IGTX_FIRE\Application\Obj\shell.o"
#        "F:\LiteOS\yun\LiteOS-Tencent
#        Cloud-Hongye\targets\STM32F419IGTX_FIRE\Application\Obj\sockets.o"
#        "F:\LiteOS\yun\LiteOS-Tencent
#        Cloud-Hongye\targets\STM32F419IGTX_FIRE\Application\Obj\stats.o"
#        "F:\LiteOS\yun\LiteOS-Tencent
#        Cloud-Hongye\targets\STM32F419IGTX_FIRE\Application\Obj\stm32f429_eth.o"
#        "F:\LiteOS\yun\LiteOS-Tencent
#        Cloud-Hongye\targets\STM32F419IGTX_FIRE\Application\Obj\stm32f4xx_adc.o"
#        "F:\LiteOS\yun\LiteOS-Tencent
#        Cloud-Hongye\targets\STM32F419IGTX_FIRE\Application\Obj\stm32f4xx_can.o"
#        "F:\LiteOS\yun\LiteOS-Tencent
#        Cloud-Hongye\targets\STM32F419IGTX_FIRE\Application\Obj\stm32f4xx_cec.o"
#        "F:\LiteOS\yun\LiteOS-Tencent
#        Cloud-Hongye\targets\STM32F419IGTX_FIRE\Application\Obj\stm32f4xx_crc.o"
#        "F:\LiteOS\yun\LiteOS-Tencent
#        Cloud-Hongye\targets\STM32F419IGTX_FIRE\Application\Obj\stm32f4xx_cryp.o"
#        "F:\LiteOS\yun\LiteOS-Tencent
#        Cloud-Hongye\targets\STM32F419IGTX_FIRE\Application\Obj\stm32f4xx_cryp_aes.o"
#        "F:\LiteOS\yun\LiteOS-Tencent
#        Cloud-Hongye\targets\STM32F419IGTX_FIRE\Application\Obj\stm32f4xx_cryp_des.o"
#        "F:\LiteOS\yun\LiteOS-Tencent
#        Cloud-Hongye\targets\STM32F419IGTX_FIRE\Application\Obj\stm32f4xx_cryp_tdes.o"
#        "F:\LiteOS\yun\LiteOS-Tencent
#        Cloud-Hongye\targets\STM32F419IGTX_FIRE\Application\Obj\stm32f4xx_dac.o"
#        "F:\LiteOS\yun\LiteOS-Tencent
#        Cloud-Hongye\targets\STM32F419IGTX_FIRE\Application\Obj\stm32f4xx_dbgmcu.o"
#        "F:\LiteOS\yun\LiteOS-Tencent
#        Cloud-Hongye\targets\STM32F419IGTX_FIRE\Application\Obj\stm32f4xx_dcmi.o"
#        "F:\LiteOS\yun\LiteOS-Tencent
#        Cloud-Hongye\targets\STM32F419IGTX_FIRE\Application\Obj\stm32f4xx_dma.o"
#        "F:\LiteOS\yun\LiteOS-Tencent
#        Cloud-Hongye\targets\STM32F419IGTX_FIRE\Application\Obj\stm32f4xx_dma2d.o"
#        "F:\LiteOS\yun\LiteOS-Tencent
#        Cloud-Hongye\targets\STM32F419IGTX_FIRE\Application\Obj\stm32f4xx_exti.o"
#        "F:\LiteOS\yun\LiteOS-Tencent
#        Cloud-Hongye\targets\STM32F419IGTX_FIRE\Application\Obj\stm32f4xx_flash.o"
#        "F:\LiteOS\yun\LiteOS-Tencent
#        Cloud-Hongye\targets\STM32F419IGTX_FIRE\Application\Obj\stm32f4xx_flash_ramfunc.o"
#        "F:\LiteOS\yun\LiteOS-Tencent
#        Cloud-Hongye\targets\STM32F419IGTX_FIRE\Application\Obj\stm32f4xx_fmc.o"
#        "F:\LiteOS\yun\LiteOS-Tencent
#        Cloud-Hongye\targets\STM32F419IGTX_FIRE\Application\Obj\stm32f4xx_fmpi2c.o"
#        "F:\LiteOS\yun\LiteOS-Tencent
#        Cloud-Hongye\targets\STM32F419IGTX_FIRE\Application\Obj\stm32f4xx_gpio.o"
#        "F:\LiteOS\yun\LiteOS-Tencent
#        Cloud-Hongye\targets\STM32F419IGTX_FIRE\Application\Obj\stm32f4xx_hash.o"
#        "F:\LiteOS\yun\LiteOS-Tencent
#        Cloud-Hongye\targets\STM32F419IGTX_FIRE\Application\Obj\stm32f4xx_hash_md5.o"
#        "F:\LiteOS\yun\LiteOS-Tencent
#        Cloud-Hongye\targets\STM32F419IGTX_FIRE\Application\Obj\stm32f4xx_hash_sha1.o"
#        "F:\LiteOS\yun\LiteOS-Tencent
#        Cloud-Hongye\targets\STM32F419IGTX_FIRE\Application\Obj\stm32f4xx_i2c.o"
#        "F:\LiteOS\yun\LiteOS-Tencent
#        Cloud-Hongye\targets\STM32F419IGTX_FIRE\Application\Obj\stm32f4xx_iwdg.o"
#        "F:\LiteOS\yun\LiteOS-Tencent
#        Cloud-Hongye\targets\STM32F419IGTX_FIRE\Application\Obj\stm32f4xx_ltdc.o"
#        "F:\LiteOS\yun\LiteOS-Tencent
#        Cloud-Hongye\targets\STM32F419IGTX_FIRE\Application\Obj\stm32f4xx_pwr.o"
#        "F:\LiteOS\yun\LiteOS-Tencent
#        Cloud-Hongye\targets\STM32F419IGTX_FIRE\Application\Obj\stm32f4xx_qspi.o"
#        "F:\LiteOS\yun\LiteOS-Tencent
#        Cloud-Hongye\targets\STM32F419IGTX_FIRE\Application\Obj\stm32f4xx_rcc.o"
#        "F:\LiteOS\yun\LiteOS-Tencent
#        Cloud-Hongye\targets\STM32F419IGTX_FIRE\Application\Obj\stm32f4xx_rng.o"
#        "F:\LiteOS\yun\LiteOS-Tencent
#        Cloud-Hongye\targets\STM32F419IGTX_FIRE\Application\Obj\stm32f4xx_rtc.o"
#        "F:\LiteOS\yun\LiteOS-Tencent
#        Cloud-Hongye\targets\STM32F419IGTX_FIRE\Application\Obj\stm32f4xx_sai.o"
#        "F:\LiteOS\yun\LiteOS-Tencent
#        Cloud-Hongye\targets\STM32F419IGTX_FIRE\Application\Obj\stm32f4xx_sdio.o"
#        "F:\LiteOS\yun\LiteOS-Tencent
#        Cloud-Hongye\targets\STM32F419IGTX_FIRE\Application\Obj\stm32f4xx_spdifrx.o"
#        "F:\LiteOS\yun\LiteOS-Tencent
#        Cloud-Hongye\targets\STM32F419IGTX_FIRE\Application\Obj\stm32f4xx_spi.o"
#        "F:\LiteOS\yun\LiteOS-Tencent
#        Cloud-Hongye\targets\STM32F419IGTX_FIRE\Application\Obj\stm32f4xx_syscfg.o"
#        "F:\LiteOS\yun\LiteOS-Tencent
#        Cloud-Hongye\targets\STM32F419IGTX_FIRE\Application\Obj\stm32f4xx_tim.o"
#        "F:\LiteOS\yun\LiteOS-Tencent
#        Cloud-Hongye\targets\STM32F419IGTX_FIRE\Application\Obj\stm32f4xx_usart.o"
#        "F:\LiteOS\yun\LiteOS-Tencent
#        Cloud-Hongye\targets\STM32F419IGTX_FIRE\Application\Obj\stm32f4xx_wwdg.o"
#        "F:\LiteOS\yun\LiteOS-Tencent
#        Cloud-Hongye\targets\STM32F419IGTX_FIRE\Application\Obj\sys.o"
#        "F:\LiteOS\yun\LiteOS-Tencent
#        Cloud-Hongye\targets\STM32F419IGTX_FIRE\Application\Obj\sys_arch.o"
#        "F:\LiteOS\yun\LiteOS-Tencent
#        Cloud-Hongye\targets\STM32F419IGTX_FIRE\Application\Obj\system_stm32f4xx.o"
#        "F:\LiteOS\yun\LiteOS-Tencent
#        Cloud-Hongye\targets\STM32F419IGTX_FIRE\Application\Obj\tcp.o"
#        "F:\LiteOS\yun\LiteOS-Tencent
#        Cloud-Hongye\targets\STM32F419IGTX_FIRE\Application\Obj\tcp_in.o"
#        "F:\LiteOS\yun\LiteOS-Tencent
#        Cloud-Hongye\targets\STM32F419IGTX_FIRE\Application\Obj\tcp_out.o"
#        "F:\LiteOS\yun\LiteOS-Tencent
#        Cloud-Hongye\targets\STM32F419IGTX_FIRE\Application\Obj\tcpip.o"
#        "F:\LiteOS\yun\LiteOS-Tencent
#        Cloud-Hongye\targets\STM32F419IGTX_FIRE\Application\Obj\timeouts.o"
#        "F:\LiteOS\yun\LiteOS-Tencent
#        Cloud-Hongye\targets\STM32F419IGTX_FIRE\Application\Obj\udp.o"
#        --redirect _Printf=_PrintfFullNoMb -o "F:\LiteOS\yun\LiteOS-Tencent
#        Cloud-Hongye\targets\STM32F419IGTX_FIRE\Application\Exe\HuaweiLiteOS_stm32f429.out"
#        --map "F:\LiteOS\yun\LiteOS-Tencent
#        Cloud-Hongye\targets\STM32F419IGTX_FIRE\Application\List\HuaweiLiteOS_stm32f429.map"
#        --config "F:\LiteOS\yun\LiteOS-Tencent
#        Cloud-Hongye\targets\STM32F419IGTX_FIRE\..\..\platform\STM32F429I_WildFire\STM32F429I-LiteOS.icf"
#        --warnings_are_errors --semihosting --entry __iar_program_start
#        "C:\Program Files (x86)\IAR Systems\Embedded Workbench
#        8.0\arm\CMSIS\Lib\IAR\iar_cortexM4lf_math.a" --vfe --text_out locale)
#
###############################################################################

*******************************************************************************
*** RUNTIME MODEL ATTRIBUTES
***

CppFlavor       = *
__Heap_Handler  = Basic
__SystemLibrary = DLib
__dlib_version  = 6


*******************************************************************************
*** HEAP SELECTION
***

The basic heap was selected because no calls to memory allocation
functions were found in the application outside of system library
functions, and there are calls to deallocation functions in the
application.


*******************************************************************************
*** PLACEMENT SUMMARY
***

"A0":  place at 0x08000000 { ro section .intvec };
"P1":  place in [from 0x20000000 to 0x200003ff] { section .vector };
"P2":  place in [from 0x08000000 to 0x081fffff] { ro };
define block CSTACK with size = 8K, alignment = 8 { };
define block HEAP with size = 8K, alignment = 8 { };
"P3":  place in [from 0x20000400 to 0x2002ffff] {
          rw, block CSTACK, block HEAP };
initialize by copy { rw };

No sections matched the following patterns:

  section .sram  in "P4"


  Section            Kind        Address     Size  Object
  -------            ----        -------     ----  ------
"A0":                                       0x1ac
  .intvec            ro code  0x08000000    0x1ac  los_startup_iar.o [1]
                            - 0x080001ac    0x1ac

"P2":                                      0xf3f0
  .text              ro code  0x080001ac   0x184c  tcp_in.o [1]
  .text              ro code  0x080019f8    0xf20  tcp.o [1]
  .text              ro code  0x08002918    0x6f4  pbuf.o [1]
  .text              ro code  0x0800300c     0x4c  ip4_addr.o [1]
  .text              ro code  0x08003058    0x2ae  inet_chksum.o [1]
  .rodata            const    0x08003306      0x1  los_bsp_adapter.o [1]
  .text              ro code  0x08003308     0x2c  def.o [1]
  .text              ro code  0x08003334    0xed8  tcp_out.o [1]
  .text              ro code  0x0800420c     0xf8  memp.o [1]
  .text              ro code  0x08004304    0x2a0  timeouts.o [1]
  .text              ro code  0x080045a4     0x28  printf.o [3]
  .text              ro code  0x080045cc    0x474  ip4.o [1]
  .text              ro code  0x08004a40     0xa6  ABImemcpy.o [5]
  .text              ro code  0x08004ae8     0x66  ABImemset.o [5]
  .text              ro code  0x08004b50    0x194  sys_arch.o [1]
  .text              ro code  0x08004ce4    0x184  tcpip.o [1]
  .text              ro code  0x08004e68    0x360  mem.o [1]
  .text              ro code  0x080051c8    0xe22  xprintffull_nomb.o [3]
  .text              ro code  0x08005fec    0x330  autoip.o [1]
  .text              ro code  0x0800631c    0x688  ip4_frag.o [1]
  .text              ro code  0x080069a4     0xf8  raw.o [1]
  .text              ro code  0x08006a9c    0x4f6  udp.o [1]
  .text              ro code  0x08006f94    0x278  icmp.o [1]
  .text              ro code  0x0800720c      0xc  los_sys.o [1]
  .text              ro code  0x08007218    0x348  los_mux.o [1]
  .text              ro code  0x08007560    0x508  los_queue.o [1]
  .text              ro code  0x08007a68    0x8e0  los_task.o [1]
  .text              ro code  0x08008348     0xf0  los_dispatch_iar.o [1]
  .text              ro code  0x08008438     0x20  init.o [1]
  .text              ro code  0x08008458     0x16  strchr.o [5]
  .text              ro code  0x08008470     0x44  xfail_s.o [3]
  .text              ro code  0x080084b4     0x36  strlen.o [5]
  .text              ro code  0x080084ec     0x58  memchr.o [5]
  .text              ro code  0x08008544    0x22e  I64DivMod.o [5]
  .text              ro code  0x08008774    0x1a2  DblMul.o [4]
  .text              ro code  0x08008918     0x70  frexp.o [4]
  .text              ro code  0x08008988     0x2e  DblCmpLe.o [4]
  .text              ro code  0x080089b8     0x2e  DblCmpGe.o [4]
  .text              ro code  0x080089e8    0x13a  ldexp.o [4]
  .text              ro code  0x08008b24     0x3a  DblToS32.o [4]
  .text              ro code  0x08008b60     0x22  S32ToDbl.o [4]
  .text              ro code  0x08008b84     0xe2  DblSub.o [4]
  .text              ro code  0x08008c68    0x246  DblDiv.o [4]
  .text              ro code  0x08008eb0     0x28  DblToU32.o [4]
  .text              ro code  0x08008ed8     0x1a  U32ToDbl.o [4]
  .text              ro code  0x08008ef4      0xc  xlocale_c.o [3]
  .text              ro code  0x08008f00    0xae0  etharp.o [1]
  .text              ro code  0x080099e0    0x1ae  netif.o [1]
  .text              ro code  0x08009b90     0x68  memcmp.o [5]
  .text              ro code  0x08009bf8    0x476  los_memory.o [1]
  .text              ro code  0x0800a070     0xf0  los_priqueue.o [1]
  .text              ro code  0x0800a160    0x20c  los_hw.o [1]
  .text              ro code  0x0800a36c    0x154  los_sem.o [1]
  .text              ro code  0x0800a4c0     0x18  los_misc.o [1]
  .text              ro code  0x0800a4d8      0x6  abort.o [3]
  .text              ro code  0x0800a4e0      0x2  I64DivZer.o [5]
  .text              ro code  0x0800a4e4     0x18  errno.o [3]
  .text              ro code  0x0800a4fc    0x168  DblAdd.o [4]
  .text              ro code  0x0800a664    0x11c  ethernet.o [1]
  .text              ro code  0x0800a780    0xc26  dhcp.o [1]
  .text              ro code  0x0800b3a8    0x15c  los_multipledlinkhead.o [1]
  .text              ro code  0x0800b504     0x58  los_memstat.o [1]
  .text              ro code  0x0800b55c     0x14  exit.o [6]
  .text              ro code  0x0800b570      0x4  tp_nothreads.o [3]
  .text              ro code  0x0800b574     0x2c  iarttio.o [6]
  .text              ro code  0x0800b5a0      0xc  XShttio.o [3]
  .text              ro code  0x0800b5ac    0xf60  mqtt.o [1]
  .text              ro code  0x0800c50c    0xa18  stm32f429_eth.o [1]
  .text              ro code  0x0800cf24    0x164  stm32f4xx_rcc.o [1]
  .text              ro code  0x0800d088    0x2b4  ethernetif.o [1]
  .text              ro code  0x0800d33c    0x2a4  mqtt_client.o [1]
  .text              ro code  0x0800d5e0     0x4a  strcmp.o [5]
  .text              ro code  0x0800d62c      0x6  ABImemclr4.o [5]
  .text              ro code  0x0800d634     0x32  ABImemset48.o [5]
  .text              ro code  0x0800d668    0x284  los_swtmr.o [1]
  .text              ro code  0x0800d8ec    0x12a  los_membox.o [1]
  .text              ro code  0x0800da18    0x25c  LAN8742A.o [1]
  .text              ro code  0x0800dc74      0xc  stm32f4xx_syscfg.o [1]
  .text              ro code  0x0800dc80    0x100  stm32f4xx_gpio.o [1]
  .text              ro code  0x0800dd80    0x180  system_stm32f4xx.o [1]
  .text              ro code  0x0800df00    0x114  stm32f4xx_usart.o [1]
  .text              ro code  0x0800e014     0xe0  los_bsp_adapter.o [1]
  .text              ro code  0x0800e0f4     0x3c  los_hw_tick.o [1]
  .text              ro code  0x0800e130     0x38  los_hwi.o [1]
  .text              ro code  0x0800e168     0xcc  los_bsp_uart.o [1]
  .text              ro code  0x0800e234     0x70  los_bsp_led.o [1]
  .text              ro code  0x0800e2a4     0x30  los_bsp_key.o [1]
  .text              ro code  0x0800e2d4     0x68  los_bsp_lwip.o [1]
  .text              ro code  0x0800e33c     0x28  los_tick.o [1]
  .text              ro code  0x0800e364     0x60  los_timeslice.o [1]
  .text              ro code  0x0800e3c4     0x9e  los_config.o [1]
  .rodata            const    0x0800e464     0x58  ip4_frag.o [1]
  .rodata            const    0x0800e4bc     0x54  autoip.o [1]
  .rodata            const    0x0800e510     0x54  dhcp.o [1]
  .rodata            const    0x0800e564     0x54  etharp.o [1]
  .rodata            const    0x0800e5b8     0x54  mqtt.o [1]
  .rodata            const    0x0800e60c     0x50  tcp_out.o [1]
  .rodata            const    0x0800e65c     0x4c  memp.o [1]
  .rodata            const    0x0800e6a8     0x4c  pbuf.o [1]
  .rodata            const    0x0800e6f4     0x4c  tcp.o [1]
  .rodata            const    0x0800e740     0x40  mqtt.o [1]
  .rodata            const    0x0800e780     0x40  mqtt.o [1]
  .text              ro code  0x0800e7c0     0x40  zero_init3.o [5]
  .rodata            const    0x0800e800     0x3c  memp.o [1]
  .rodata            const    0x0800e83c     0x3c  mqtt.o [1]
  .rodata            const    0x0800e878     0x3c  mqtt.o [1]
  .rodata            const    0x0800e8b4     0x38  mqtt_client.o [1]
  .rodata            const    0x0800e8ec     0x38  pbuf.o [1]
  .text              ro code  0x0800e924     0x38  packbits_init_single.o [5]
  .rodata            const    0x0800e95c     0x34  mqtt_client.o [1]
  .rodata            const    0x0800e990     0x34  mqtt_client.o [1]
  .rodata            const    0x0800e9c4     0x34  tcp_out.o [1]
  .rodata            const    0x0800e9f8     0x30  mqtt.o [1]
  .rodata            const    0x0800ea28     0x30  mqtt_client.o [1]
  .rodata            const    0x0800ea58     0x30  pbuf.o [1]
  .rodata            const    0x0800ea88     0x30  tcp.o [1]
  .rodata            const    0x0800eab8     0x30  timeouts.o [1]
  .rodata            const    0x0800eae8     0x2c  mqtt_client.o [1]
  .rodata            const    0x0800eb14     0x2c  mqtt_client.o [1]
  .rodata            const    0x0800eb40     0x2c  mqtt_client.o [1]
  .rodata            const    0x0800eb6c     0x2c  pbuf.o [1]
  .rodata            const    0x0800eb98     0x28  autoip.o [1]
  .rodata            const    0x0800ebc0     0x28  dhcp.o [1]
  .rodata            const    0x0800ebe8     0x28  etharp.o [1]
  .rodata            const    0x0800ec10     0x28  ip4_frag.o [1]
  .rodata            const    0x0800ec38     0x28  ip4_frag.o [1]
  .rodata            const    0x0800ec60     0x28  memp.o [1]
  .rodata            const    0x0800ec88     0x28  mqtt.o [1]
  .rodata            const    0x0800ecb0     0x28  mqtt.o [1]
  .rodata            const    0x0800ecd8     0x28  mqtt.o [1]
  .rodata            const    0x0800ed00     0x28  pbuf.o [1]
  .rodata            const    0x0800ed28     0x28  tcp.o [1]
  .rodata            const    0x0800ed50     0x28  tcp.o [1]
  .rodata            const    0x0800ed78     0x28  tcp_out.o [1]
  .text              ro code  0x0800eda0     0x28  main.o [1]
  .text              ro code  0x0800edc8     0x28  data_init.o [5]
  .rodata            const    0x0800edf0     0x24  autoip.o [1]
  .rodata            const    0x0800ee14     0x24  dhcp.o [1]
  .rodata            const    0x0800ee38     0x24  mqtt.o [1]
  .rodata            const    0x0800ee5c     0x24  mqtt.o [1]
  .rodata            const    0x0800ee80     0x24  pbuf.o [1]
  .text              ro code  0x0800eea4     0x22  fpinit_M.o [4]
  .iar.init_table    const    0x0800eec8     0x30  - Linker created -
  .rodata            const    0x0800eef8     0x20  dhcp.o [1]
  .rodata            const    0x0800ef18     0x20  dhcp.o [1]
  .rodata            const    0x0800ef38     0x20  dhcp.o [1]
  .rodata            const    0x0800ef58     0x20  memp.o [1]
  .rodata            const    0x0800ef78     0x20  mqtt.o [1]
  .rodata            const    0x0800ef98     0x20  pbuf.o [1]
  .rodata            const    0x0800efb8     0x20  pbuf.o [1]
  .text              ro code  0x0800efd8     0x1e  cmain.o [5]
  .text              ro code  0x0800eff6      0x4  low_level_init.o [3]
  .text              ro code  0x0800effa      0x4  exit.o [3]
  .text              ro code  0x0800f000      0xa  cexit.o [5]
  .rodata            const    0x0800f00c     0x1c  dhcp.o [1]
  .rodata            const    0x0800f028     0x1c  ip4_frag.o [1]
  .rodata            const    0x0800f044     0x1c  main.o [1]
  .rodata            const    0x0800f060     0x1c  memp.o [1]
  .rodata            const    0x0800f07c     0x1c  mqtt_client.o [1]
  .rodata            const    0x0800f098     0x1c  mqtt_client.o [1]
  .rodata            const    0x0800f0b4     0x1c  mqtt_client.o [1]
  .rodata            const    0x0800f0d0     0x1c  mqtt_client.o [1]
  .rodata            const    0x0800f0ec     0x18  dhcp.o [1]
  .rodata            const    0x0800f104     0x18  mqtt_client.o [1]
  .rodata            const    0x0800f11c     0x18  mqtt_client.o [1]
  .text              ro code  0x0800f134     0x16  xprout.o [3]
  .text              ro code  0x0800f14c      0xc  putchar.o [3]
  .rodata            const    0x0800f158     0x14  mqtt_client.o [1]
  .rodata            const    0x0800f16c     0x14  mqtt_client.o [1]
  .rodata            const    0x0800f180     0x14  mqtt_client.o [1]
  .rodata            const    0x0800f194     0x14  mqtt_client.o [1]
  .rodata            const    0x0800f1a8     0x14  mqtt_client.o [1]
  .rodata            const    0x0800f1bc     0x10  dhcp.o [1]
  .rodata            const    0x0800f1cc     0x10  etharp.o [1]
  .rodata            const    0x0800f1dc     0x10  pbuf.o [1]
  .rodata            const    0x0800f1ec     0x10  tcp.o [1]
  .rodata            const    0x0800f1fc     0x10  tcp.o [1]
  .rodata            const    0x0800f20c     0x10  tcpip.o [1]
  .text              ro code  0x0800f21c     0x10  los_startup_iar.o [1]
  .rodata            const    0x0800f22c      0xc  ethernetif.o [1]
  .rodata            const    0x0800f238      0xc  los_swtmr.o [1]
  .rodata            const    0x0800f244      0xc  los_task.o [1]
  .rodata            const    0x0800f250      0xc  memp.o [1]
  .rodata            const    0x0800f25c      0xc  memp.o [1]
  .rodata            const    0x0800f268      0xc  memp.o [1]
  .rodata            const    0x0800f274      0xc  memp.o [1]
  .rodata            const    0x0800f280      0xc  memp.o [1]
  .rodata            const    0x0800f28c      0xc  memp.o [1]
  .rodata            const    0x0800f298      0xc  memp.o [1]
  .rodata            const    0x0800f2a4      0xc  memp.o [1]
  .rodata            const    0x0800f2b0      0xc  memp.o [1]
  .rodata            const    0x0800f2bc      0xc  memp.o [1]
  .rodata            const    0x0800f2c8      0xc  memp.o [1]
  .rodata            const    0x0800f2d4      0xc  memp.o [1]
  .rodata            const    0x0800f2e0      0xc  memp.o [1]
  .rodata            const    0x0800f2ec      0xc  memp.o [1]
  .rodata            const    0x0800f2f8      0xc  memp.o [1]
  .rodata            const    0x0800f304      0xc  mqtt_client.o [1]
  .text              ro code  0x0800f310      0xc  cstartup_M.o [5]
  .rodata            const    0x0800f31c      0x8  ethernet.o [1]
  .rodata            const    0x0800f324      0x8  ethernet.o [1]
  .rodata            const    0x0800f32c      0x8  mqtt.o [1]
  .rodata            const    0x0800f334      0x8  mqtt_client.o [1]
  .rodata            const    0x0800f33c      0x8  tcp.o [1]
  .rodata            const    0x0800f344      0x4  ip4_addr.o [1]
  .rodata            const    0x0800f348      0x4  ip4_addr.o [1]
  .rodata            const    0x0800f34c      0x4  los_bsp_adapter.o [1]
  .rodata            const    0x0800f350      0x4  los_bsp_adapter.o [1]
  .rodata            const    0x0800f354      0x4  xlocale_c.o [3]
  .text              ro code  0x0800f358      0x4  los_startup_iar.o [1]
  .text              ro code  0x0800f35c      0x4  los_startup_iar.o [1]
  .text              ro code  0x0800f360      0x4  los_startup_iar.o [1]
  .text              ro code  0x0800f364      0x4  los_startup_iar.o [1]
  .text              ro code  0x0800f368      0x4  los_startup_iar.o [1]
  .text              ro code  0x0800f36c      0x4  los_startup_iar.o [1]
  .text              ro code  0x0800f370      0x4  los_startup_iar.o [1]
  .text              ro code  0x0800f374      0x4  los_startup_iar.o [1]
  .text              ro code  0x0800f378      0x4  los_startup_iar.o [1]
  .text              ro code  0x0800f37c      0x4  los_startup_iar.o [1]
  .text              ro code  0x0800f380      0x4  los_startup_iar.o [1]
  .text              ro code  0x0800f384      0x4  los_startup_iar.o [1]
  .text              ro code  0x0800f388      0x4  los_startup_iar.o [1]
  .text              ro code  0x0800f38c      0x4  los_startup_iar.o [1]
  .text              ro code  0x0800f390      0x4  los_startup_iar.o [1]
  .text              ro code  0x0800f394      0x4  los_startup_iar.o [1]
  .text              ro code  0x0800f398      0x4  los_startup_iar.o [1]
  .text              ro code  0x0800f39c      0x4  los_startup_iar.o [1]
  .text              ro code  0x0800f3a0      0x4  los_startup_iar.o [1]
  .text              ro code  0x0800f3a4      0x4  los_startup_iar.o [1]
  .text              ro code  0x0800f3a8      0x4  los_startup_iar.o [1]
  .text              ro code  0x0800f3ac      0x4  los_startup_iar.o [1]
  .text              ro code  0x0800f3b0      0x4  los_startup_iar.o [1]
  .text              ro code  0x0800f3b4      0x4  los_startup_iar.o [1]
  .text              ro code  0x0800f3b8      0x4  los_startup_iar.o [1]
  .text              ro code  0x0800f3bc      0x4  los_startup_iar.o [1]
  .text              ro code  0x0800f3c0      0x4  los_startup_iar.o [1]
  .text              ro code  0x0800f3c4      0x4  los_startup_iar.o [1]
  .text              ro code  0x0800f3c8      0x4  los_startup_iar.o [1]
  .text              ro code  0x0800f3cc      0x4  los_startup_iar.o [1]
  .text              ro code  0x0800f3d0      0x4  los_startup_iar.o [1]
  .text              ro code  0x0800f3d4      0x4  los_startup_iar.o [1]
  .text              ro code  0x0800f3d8      0x4  los_startup_iar.o [1]
  .text              ro code  0x0800f3dc      0x4  los_startup_iar.o [1]
  .text              ro code  0x0800f3e0      0x4  los_startup_iar.o [1]
  .text              ro code  0x0800f3e4      0x4  los_startup_iar.o [1]
  .text              ro code  0x0800f3e8      0x4  los_startup_iar.o [1]
  .text              ro code  0x0800f3ec      0x4  los_startup_iar.o [1]
  .text              ro code  0x0800f3f0      0x4  los_startup_iar.o [1]
  .text              ro code  0x0800f3f4      0x4  los_startup_iar.o [1]
  .text              ro code  0x0800f3f8      0x4  los_startup_iar.o [1]
  .text              ro code  0x0800f3fc      0x4  los_startup_iar.o [1]
  .text              ro code  0x0800f400      0x4  los_startup_iar.o [1]
  .text              ro code  0x0800f404      0x4  los_startup_iar.o [1]
  .text              ro code  0x0800f408      0x4  los_startup_iar.o [1]
  .text              ro code  0x0800f40c      0x4  los_startup_iar.o [1]
  .text              ro code  0x0800f410      0x4  los_startup_iar.o [1]
  .text              ro code  0x0800f414      0x4  los_startup_iar.o [1]
  .text              ro code  0x0800f418      0x4  los_startup_iar.o [1]
  .text              ro code  0x0800f41c      0x4  los_startup_iar.o [1]
  .text              ro code  0x0800f420      0x4  los_startup_iar.o [1]
  .text              ro code  0x0800f424      0x4  los_startup_iar.o [1]
  .text              ro code  0x0800f428      0x4  los_startup_iar.o [1]
  .text              ro code  0x0800f42c      0x4  los_startup_iar.o [1]
  .text              ro code  0x0800f430      0x4  los_startup_iar.o [1]
  .text              ro code  0x0800f434      0x4  los_startup_iar.o [1]
  .text              ro code  0x0800f438      0x4  los_startup_iar.o [1]
  .text              ro code  0x0800f43c      0x4  los_startup_iar.o [1]
  .text              ro code  0x0800f440      0x4  los_startup_iar.o [1]
  .text              ro code  0x0800f444      0x4  los_startup_iar.o [1]
  .text              ro code  0x0800f448      0x4  los_startup_iar.o [1]
  .text              ro code  0x0800f44c      0x4  los_startup_iar.o [1]
  .text              ro code  0x0800f450      0x4  los_startup_iar.o [1]
  .text              ro code  0x0800f454      0x4  los_startup_iar.o [1]
  .text              ro code  0x0800f458      0x4  los_startup_iar.o [1]
  .text              ro code  0x0800f45c      0x4  los_startup_iar.o [1]
  .text              ro code  0x0800f460      0x4  los_startup_iar.o [1]
  .text              ro code  0x0800f464      0x4  los_startup_iar.o [1]
  .text              ro code  0x0800f468      0x4  los_startup_iar.o [1]
  .text              ro code  0x0800f46c      0x4  los_startup_iar.o [1]
  .text              ro code  0x0800f470      0x4  los_startup_iar.o [1]
  .text              ro code  0x0800f474      0x4  los_startup_iar.o [1]
  .text              ro code  0x0800f478      0x4  los_startup_iar.o [1]
  .text              ro code  0x0800f47c      0x4  los_startup_iar.o [1]
  .text              ro code  0x0800f480      0x4  los_startup_iar.o [1]
  .text              ro code  0x0800f484      0x4  los_startup_iar.o [1]
  .text              ro code  0x0800f488      0x4  los_startup_iar.o [1]
  .text              ro code  0x0800f48c      0x4  los_startup_iar.o [1]
  .text              ro code  0x0800f490      0x4  los_startup_iar.o [1]
  .text              ro code  0x0800f494      0x4  los_startup_iar.o [1]
  .text              ro code  0x0800f498      0x4  los_startup_iar.o [1]
  .text              ro code  0x0800f49c      0x4  los_startup_iar.o [1]
  .text              ro code  0x0800f4a0      0x4  los_startup_iar.o [1]
  .text              ro code  0x0800f4a4      0x4  los_startup_iar.o [1]
  .text              ro code  0x0800f4a8      0x4  los_startup_iar.o [1]
  .text              ro code  0x0800f4ac      0x4  los_startup_iar.o [1]
  .text              ro code  0x0800f4b0      0x4  los_startup_iar.o [1]
  .text              ro code  0x0800f4b4      0x4  los_startup_iar.o [1]
  .text              ro code  0x0800f4b8      0x4  los_startup_iar.o [1]
  .text              ro code  0x0800f4bc      0x4  los_startup_iar.o [1]
  .text              ro code  0x0800f4c0      0x4  los_startup_iar.o [1]
  .text              ro code  0x0800f4c4      0x4  los_startup_iar.o [1]
  .text              ro code  0x0800f4c8      0x4  los_startup_iar.o [1]
  .text              ro code  0x0800f4cc      0x4  los_startup_iar.o [1]
  .text              ro code  0x0800f4d0      0x4  los_startup_iar.o [1]
  .text              ro code  0x0800f4d4      0x4  los_startup_iar.o [1]
  .text              ro code  0x0800f4d8      0x4  los_startup_iar.o [1]
  .text              ro code  0x0800f4dc      0x4  los_startup_iar.o [1]
  .rodata            const    0x0800f4e0      0x0  zero_init3.o [5]
  .rodata            const    0x0800f4e0      0x0  packbits_init_single.o [5]
  Initializer bytes  const    0x0800f4e0     0x7b  <for P3-1>
  Initializer bytes  const    0x0800f55b     0x41  <for P1-1>
                            - 0x0800f59c   0xf3f0

"P1":                                       0x400
  P1-1                        0x20000000    0x400  <Init block>
    .vector          inited   0x20000000    0x400  los_hwi.o [1]
                            - 0x20000400    0x400

"P3", part 1 of 3:                           0xa8
  P3-1                        0x20000400     0xa8  <Init block>
    .data            inited   0x20000400      0x4  dhcp.o [1]
    .data            inited   0x20000404      0x4  dhcp.o [1]
    .data            inited   0x20000408     0x10  stm32f4xx_rcc.o [1]
    .data            inited   0x20000418      0x4  tcp.o [1]
    .data            inited   0x2000041c     0x48  xfiles.o [3]
    .data            inited   0x20000464     0x38  xlocale_c.o [3]
    .data            inited   0x2000049c      0x8  XShttio.o [3]
    .data            inited   0x200004a4      0x2  tcp.o [1]
    .data            inited   0x200004a6      0x2  udp.o [1]
                            - 0x200004a8     0xa8

"P3", part 2 of 3:                        0x1cd64
  .bss               zero     0x200004a8   0xa014  mem.o [1]
  .bss               zero     0x2000a4bc   0x8000  los_memory.o [1]
  .bss               zero     0x200124bc   0x5a04  memp.o [1]
  .bss               zero     0x20017ec0   0x1dc4  stm32f429_eth.o [1]
  .bss               zero     0x20019c84   0x1dc4  stm32f429_eth.o [1]
  .bss               zero     0x2001ba48    0x2fc  memp.o [1]
  .bss               zero     0x2001bd44    0x1f0  mqtt_client.o [1]
  .bss               zero     0x2001bf34    0x1bc  memp.o [1]
  .bss               zero     0x2001c0f0    0x16c  memp.o [1]
  .bss               zero     0x2001c25c    0x144  memp.o [1]
  .bss               zero     0x2001c3a0    0x104  memp.o [1]
  .bss               zero     0x2001c4a4    0x104  memp.o [1]
  .bss               zero     0x2001c5a8    0x104  memp.o [1]
  .bss               zero     0x2001c6ac    0x104  memp.o [1]
  .bss               zero     0x2001c7b0    0x104  memp.o [1]
  .bss               zero     0x2001c8b4     0xf4  memp.o [1]
  .bss               zero     0x2001c9a8     0xf4  memp.o [1]
  .bss               zero     0x2001ca9c     0xf0  etharp.o [1]
  .bss               zero     0x2001cb8c     0xd0  los_swtmr.o [1]
  .bss               zero     0x2001cc5c     0xbc  LAN8742A.o [1]
  .bss               zero     0x2001cd18     0xa0  stm32f429_eth.o [1]
  .bss               zero     0x2001cdb8     0xa0  stm32f429_eth.o [1]
  .bss               zero     0x2001ce58     0x94  memp.o [1]
  .bss               zero     0x2001ceec     0x58  memp.o [1]
  .bss               zero     0x2001cf44     0x50  xfiles.o [3]
  .bss               zero     0x2001cf94     0x44  memp.o [1]
  .bss               zero     0x2001cfd8     0x40  los_bsp_lwip.o [1]
  .bss               zero     0x2001d018     0x40  los_memstat.o [1]
  .bss               zero     0x2001d058     0x18  ip.o [1]
  .bss               zero     0x2001d070     0x10  tcp_in.o [1]
  .bss               zero     0x2001d080      0xc  stm32f429_eth.o [1]
  .bss               zero     0x2001d08c      0x8  los_mux.o [1]
  .bss               zero     0x2001d094      0x8  los_sem.o [1]
  .bss               zero     0x2001d09c      0x8  los_task.o [1]
  .bss               zero     0x2001d0a4      0x8  los_task.o [1]
  .bss               zero     0x2001d0ac      0x8  los_task.o [1]
  .bss               zero     0x2001d0b4      0x8  los_task.o [1]
  .bss               zero     0x2001d0bc      0x8  los_task.o [1]
  .bss               zero     0x2001d0c4      0x4  dhcp.o [1]
  .bss               zero     0x2001d0c8      0x8  los_tick.o [1]
  .bss               zero     0x2001d0d0      0x8  los_timeslice.o [1]
  .bss               zero     0x2001d0d8      0x4  ethernetif.o [1]
  .bss               zero     0x2001d0dc      0x4  ip4_frag.o [1]
  .bss               zero     0x2001d0e0      0x4  LAN8742A.o [1]
  .bss               zero     0x2001d0e4      0x4  los_bsp_adapter.o [1]
  .bss               zero     0x2001d0e8      0x4  los_config.o [1]
  .bss               zero     0x2001d0ec      0x4  los_config.o [1]
  .bss               zero     0x2001d0f0      0x4  los_hw_tick.o [1]
  .bss               zero     0x2001d0f4      0x4  los_hwi.o [1]
  .bss               zero     0x2001d0f8      0x4  los_mux.o [1]
  .bss               zero     0x2001d0fc      0x4  los_priqueue.o [1]
  .bss               zero     0x2001d100      0x4  los_queue.o [1]
  .bss               zero     0x2001d104      0x4  los_sem.o [1]
  .bss               zero     0x2001d108      0x4  los_swtmr.o [1]
  .bss               zero     0x2001d10c      0x4  los_swtmr.o [1]
  .bss               zero     0x2001d110      0x4  los_swtmr.o [1]
  .bss               zero     0x2001d114      0x4  los_swtmr.o [1]
  .bss               zero     0x2001d118      0x4  los_task.o [1]
  .bss               zero     0x2001d11c      0x4  los_task.o [1]
  .bss               zero     0x2001d120      0x4  los_task.o [1]
  .bss               zero     0x2001d124      0x4  los_task.o [1]
  .bss               zero     0x2001d128      0x4  los_task.o [1]
  .bss               zero     0x2001d12c      0x4  los_task.o [1]
  .bss               zero     0x2001d130      0x4  mem.o [1]
  .bss               zero     0x2001d134      0x4  mem.o [1]
  .bss               zero     0x2001d138      0x4  mem.o [1]
  .bss               zero     0x2001d13c      0x4  mem.o [1]
  .bss               zero     0x2001d140      0x4  memp.o [1]
  .bss               zero     0x2001d144      0x4  memp.o [1]
  .bss               zero     0x2001d148      0x4  memp.o [1]
  .bss               zero     0x2001d14c      0x4  memp.o [1]
  .bss               zero     0x2001d150      0x4  memp.o [1]
  .bss               zero     0x2001d154      0x4  memp.o [1]
  .bss               zero     0x2001d158      0x4  memp.o [1]
  .bss               zero     0x2001d15c      0x4  memp.o [1]
  .bss               zero     0x2001d160      0x4  memp.o [1]
  .bss               zero     0x2001d164      0x4  memp.o [1]
  .bss               zero     0x2001d168      0x4  memp.o [1]
  .bss               zero     0x2001d16c      0x4  memp.o [1]
  .bss               zero     0x2001d170      0x4  memp.o [1]
  .bss               zero     0x2001d174      0x4  memp.o [1]
  .bss               zero     0x2001d178      0x4  memp.o [1]
  .bss               zero     0x2001d17c      0x4  mqtt_client.o [1]
  .bss               zero     0x2001d180      0x4  mqtt_client.o [1]
  .bss               zero     0x2001d184      0x4  mqtt_client.o [1]
  .bss               zero     0x2001d188      0x4  netif.o [1]
  .bss               zero     0x2001d18c      0x4  netif.o [1]
  .bss               zero     0x2001d190      0x4  raw.o [1]
  .bss               zero     0x2001d194      0x4  stm32f429_eth.o [1]
  .bss               zero     0x2001d198      0x4  stm32f429_eth.o [1]
  .bss               zero     0x2001d19c      0x4  stm32f429_eth.o [1]
  .bss               zero     0x2001d1a0      0x4  tcp.o [1]
  .bss               zero     0x2001d1a4      0x4  tcp.o [1]
  .bss               zero     0x2001d1a8      0x4  tcp.o [1]
  .bss               zero     0x2001d1ac      0x4  tcp.o [1]
  .bss               zero     0x2001d1b0      0x4  tcp.o [1]
  .bss               zero     0x2001d1b4      0x4  tcp_in.o [1]
  .bss               zero     0x2001d1b8      0x4  tcp_in.o [1]
  .bss               zero     0x2001d1bc      0x4  tcp_in.o [1]
  .bss               zero     0x2001d1c0      0x4  tcp_in.o [1]
  .bss               zero     0x2001d1c4      0x4  tcp_in.o [1]
  .bss               zero     0x2001d1c8      0x4  tcp_in.o [1]
  .bss               zero     0x2001d1cc      0x4  tcpip.o [1]
  .bss               zero     0x2001d1d0      0x4  tcpip.o [1]
  .bss               zero     0x2001d1d4      0x4  tcpip.o [1]
  .bss               zero     0x2001d1d8      0x4  tcpip.o [1]
  .bss               zero     0x2001d1dc      0x4  timeouts.o [1]
  .bss               zero     0x2001d1e0      0x4  timeouts.o [1]
  .bss               zero     0x2001d1e4      0x4  timeouts.o [1]
  .bss               zero     0x2001d1e8      0x4  udp.o [1]
  .bss               zero     0x2001d1ec      0x4  xfail_s.o [3]
  .tbss              zero     0x2001d1f0      0x4  errno.o [3]
  .bss               zero     0x2001d1f4      0x2  ip4.o [1]
  .bss               zero     0x2001d1f6      0x2  ip4_frag.o [1]
  .bss               zero     0x2001d1f8      0x2  los_task.o [1]
  .bss               zero     0x2001d1fa      0x2  tcp_in.o [1]
  .bss               zero     0x2001d1fc      0x2  tcp_in.o [1]
  .bss               zero     0x2001d1fe      0x2  tcp_in.o [1]
  .bss               zero     0x2001d200      0x2  tcp_in.o [1]
  .bss               zero     0x2001d202      0x2  tcp_in.o [1]
  .bss               zero     0x2001d204      0x1  etharp.o [1]
  .bss               zero     0x2001d205      0x1  netif.o [1]
  .bss               zero     0x2001d206      0x1  pbuf.o [1]
  .bss               zero     0x2001d207      0x1  tcp.o [1]
  .bss               zero     0x2001d208      0x1  tcp.o [1]
  .bss               zero     0x2001d209      0x1  tcp.o [1]
  .bss               zero     0x2001d20a      0x1  tcp_in.o [1]
  .bss               zero     0x2001d20b      0x1  tcp_in.o [1]
                            - 0x2001d20c  0x1cd64

"P3", part 3 of 3:                         0x2000
  CSTACK                      0x2001d210   0x2000  <Block>
    CSTACK           uninit   0x2001d210   0x2000  <Block tail>
                            - 0x2001f210   0x2000


*******************************************************************************
*** INIT TABLE
***

          Address     Size
          -------     ----
Zero (__iar_zero_init3)
    1 destination range, total size 0x1cd64:
          0x200004a8  0x1cd64

Copy/packbits (__iar_packbits_init_single3)
    1 source range, total size 0x41 (6% of destination):
          0x0800f55b     0x41
    1 destination range, total size 0x400:
          0x20000000    0x400

Copy/packbits (__iar_packbits_init_single3)
    1 source range, total size 0x7b (73% of destination):
          0x0800f4e0     0x7b
    1 destination range, total size 0xa8:
          0x20000400     0xa8



*******************************************************************************
*** MODULE SUMMARY
***

    Module                   ro code  ro data  rw data
    ------                   -------  -------  -------
F:\LiteOS\yun\LiteOS-Tencent Cloud-Hongye\targets\STM32F419IGTX_FIRE\Application\Obj: [1]
    LAN8742A.o                   604               192
    autoip.o                     816      160
    def.o                         44
    dhcp.o                     3 110      329       12
    etharp.o                   2 784      140      241
    ethernet.o                   284       16
    ethernetif.o                 692       12        4
    icmp.o                       632
    inet_chksum.o                686
    init.o                        32
    ip.o                                            24
    ip4.o                      1 140                 2
    ip4_addr.o                    76        8
    ip4_frag.o                 1 672      196        6
    los_bsp_adapter.o            224        9        4
    los_bsp_key.o                 48
    los_bsp_led.o                112
    los_bsp_lwip.o               104                64
    los_bsp_uart.o               204
    los_config.o                 158                 8
    los_dispatch_iar.o           240
    los_hw.o                     524
    los_hw_tick.o                 60                 4
    los_hwi.o                     56       65    1 028
    los_membox.o                 298
    los_memory.o               1 142            32 768
    los_memstat.o                 88                64
    los_misc.o                    24
    los_multipledlinkhead.o      348
    los_mux.o                    840                12
    los_priqueue.o               240                 4
    los_queue.o                1 288                 4
    los_sem.o                    340                12
    los_startup_iar.o            836
    los_swtmr.o                  644       12      224
    los_sys.o                     12
    los_task.o                 2 272       12       66
    los_tick.o                    40                 8
    los_timeslice.o               96                 8
    main.o                        40       28
    mem.o                        864            40 996
    memp.o                       248      416   27 092
    mqtt.o                     3 936      612
    mqtt_client.o                676      620      508
    netif.o                      430                 9
    pbuf.o                     1 780      380        1
    raw.o                        248                 4
    stm32f429_eth.o            2 584            15 584
    stm32f4xx_gpio.o             256
    stm32f4xx_rcc.o              356       12       16
    stm32f4xx_syscfg.o            12
    stm32f4xx_usart.o            276
    sys_arch.o                   404
    system_stm32f4xx.o           384
    tcp.o                      3 872      248       29
    tcp_in.o                   6 220                52
    tcp_out.o                  3 800      172
    tcpip.o                      388       16       16
    timeouts.o                   672       48       12
    udp.o                      1 270        1        6
    --------------------------------------------------
    Total:                    51 526    3 512  119 084

command line: [2]
    --------------------------------------------------
    Total:

dl7M_tlf.a: [3]
    XShttio.o                     12        6        8
    abort.o                        6
    errno.o                       24                 4
    exit.o                         4
    low_level_init.o               4
    printf.o                      40
    putchar.o                     12
    tp_nothreads.o                 4
    xfail_s.o                     68                 4
    xfiles.o                               53      152
    xlocale_c.o                   12       45       56
    xprintffull_nomb.o         3 618
    xprout.o                      22
    --------------------------------------------------
    Total:                     3 826      104      224

m7M_tls.a: [4]
    DblAdd.o                     360
    DblCmpGe.o                    46
    DblCmpLe.o                    46
    DblDiv.o                     582
    DblMul.o                     418
    DblSub.o                     226
    DblToS32.o                    58
    DblToU32.o                    40
    S32ToDbl.o                    34
    U32ToDbl.o                    26
    fpinit_M.o                    34
    frexp.o                      112
    ldexp.o                      314
    --------------------------------------------------
    Total:                     2 296

rt7M_tl.a: [5]
    ABImemclr4.o                   6
    ABImemcpy.o                  166
    ABImemset.o                  102
    ABImemset48.o                 50
    I64DivMod.o                  558
    I64DivZer.o                    2
    cexit.o                       10
    cmain.o                       30
    cstartup_M.o                  12
    data_init.o                   40
    memchr.o                      88
    memcmp.o                     104
    packbits_init_single.o        56
    strchr.o                      22
    strcmp.o                      74
    strlen.o                      54
    zero_init3.o                  64
    --------------------------------------------------
    Total:                     1 438

shb_l.a: [6]
    exit.o                        20
    iarttio.o                     44
    --------------------------------------------------
    Total:                        64

    Gaps                          55        6
    Linker created                         49    8 192
------------------------------------------------------
    Grand Total:              59 205    3 671  127 500


*******************************************************************************
*** ENTRY LIST
***

Entry                      Address    Size  Type      Object
-----                      -------    ----  ----      ------
.iar.init_table$$Base   0x0800eec8           --   Gb  - Linker created -
.iar.init_table$$Limit  0x0800eef8           --   Gb  - Linker created -
?main                   0x0800efd9          Code  Gb  cmain.o [5]
APBAHBPrescTable        0x20000408    0x10  Data  Lc  stm32f4xx_rcc.o [1]
CSTACK$$Base            0x2001d210           --   Gb  - Linker created -
CSTACK$$Limit           0x2001f210           --   Gb  - Linker created -
DMARxDescToGet          0x2001d198     0x4  Data  Gb  stm32f429_eth.o [1]
DMARxDscrTab            0x2001cd18    0xa0  Data  Gb  stm32f429_eth.o [1]
DMATxDescToSet          0x2001d194     0x4  Data  Gb  stm32f429_eth.o [1]
DMATxDscrTab            0x2001cdb8    0xa0  Data  Gb  stm32f429_eth.o [1]
DMA_RX_FRAME_infos      0x2001d19c     0x4  Data  Gb  stm32f429_eth.o [1]
ETH_BSP_Config          0x0800da19    0x2a  Code  Gb  LAN8742A.o [1]
ETH_CheckFrameReceived  0x0800cbf9    0xf4  Code  Gb  stm32f429_eth.o [1]
ETH_DMAReceptionCmd     0x0800cdd3    0x22  Code  Gb  stm32f429_eth.o [1]
ETH_DMARxDescChainInit  0x0800cba3    0x56  Code  Gb  stm32f429_eth.o [1]
ETH_DMATransmissionCmd  0x0800cdb1    0x22  Code  Gb  stm32f429_eth.o [1]
ETH_DMATxDescChainInit  0x0800cced    0x46  Code  Gb  stm32f429_eth.o [1]
ETH_DeInit              0x0800c52b    0x18  Code  Gb  stm32f429_eth.o [1]
ETH_Delay               0x0800c50d    0x1e  Code  Gb  stm32f429_eth.o [1]
ETH_FlushTransmitFIFO   0x0800cd81    0x28  Code  Gb  stm32f429_eth.o [1]
ETH_GPIO_Config         0x0800db11   0x146  Code  Lc  LAN8742A.o [1]
ETH_GetSoftwareResetStatus
                        0x0800cd45    0x16  Code  Gb  stm32f429_eth.o [1]
ETH_Get_Received_Frame  0x0800ca69    0x52  Code  Gb  stm32f429_eth.o [1]
ETH_Init                0x0800c631   0x35a  Code  Gb  stm32f429_eth.o [1]
ETH_InitStructure       0x2001cc5c    0xbc  Data  Gb  LAN8742A.o [1]
ETH_MACAddressConfig    0x0800ca3b    0x2e  Code  Gb  stm32f429_eth.o [1]
ETH_MACDMA_Config       0x0800da43    0xce  Code  Lc  LAN8742A.o [1]
ETH_MACReceptionCmd     0x0800c9f3    0x48  Code  Gb  stm32f429_eth.o [1]
ETH_MACTransmissionCmd  0x0800c9ab    0x48  Code  Gb  stm32f429_eth.o [1]
ETH_Prepare_Transmit_Descriptors
                        0x0800cabb    0xe8  Code  Gb  stm32f429_eth.o [1]
ETH_ReadPHYRegister     0x0800ce01    0x68  Code  Gb  stm32f429_eth.o [1]
ETH_SoftwareReset       0x0800cd33    0x12  Code  Gb  stm32f429_eth.o [1]
ETH_Start               0x0800c98b    0x20  Code  Gb  stm32f429_eth.o [1]
ETH_StructInit          0x0800c543    0xee  Code  Gb  stm32f429_eth.o [1]
ETH_WritePHYRegister    0x0800ce79    0x6a  Code  Gb  stm32f429_eth.o [1]
EthStatus               0x2001d0e0     0x4  Data  Gb  LAN8742A.o [1]
GPIO_Init               0x0800dc81    0xa4  Code  Gb  stm32f4xx_gpio.o [1]
GPIO_PinAFConfig        0x0800dd2d    0x54  Code  Gb  stm32f4xx_gpio.o [1]
GPIO_ResetBits          0x0800dd29     0x4  Code  Gb  stm32f4xx_gpio.o [1]
GPIO_SetBits            0x0800dd25     0x4  Code  Gb  stm32f4xx_gpio.o [1]
LOS_Align               0x0800a4c1    0x18  Code  Gb  los_misc.o [1]
LOS_DLnkInitMultiHead   0x0800b4cd    0x18  Code  Gb  los_multipledlinkhead.o [1]
LOS_DLnkMultiHead       0x0800b4e5    0x20  Code  Gb  los_multipledlinkhead.o [1]
LOS_DLnkNextMultiHead   0x08009c27    0x10  Code  Lc  los_memory.o [1]
LOS_EnableTick          0x0800e3d3     0xc  Code  Gb  los_config.o [1]
LOS_EvbKeyInit          0x0800e2a5    0x2a  Code  Gb  los_bsp_key.o [1]
LOS_EvbLedInit          0x0800e235    0x6c  Code  Gb  los_bsp_led.o [1]
LOS_EvbLwipInit         0x0800e2d5    0x68  Code  Gb  los_bsp_lwip.o [1]
LOS_EvbSetup            0x0800e0e1    0x14  Code  Gb  los_bsp_adapter.o [1]
LOS_EvbUartInit         0x0800e189    0xa2  Code  Gb  los_bsp_uart.o [1]
LOS_IntLock             0x080083a3          Code  Gb  los_dispatch_iar.o [1]
LOS_IntNumGet           0x08008399          Code  Gb  los_dispatch_iar.o [1]
LOS_IntRestore          0x080083b3          Code  Gb  los_dispatch_iar.o [1]
LOS_IntUnLock           0x080083ab          Code  Gb  los_dispatch_iar.o [1]
LOS_KernelInit          0x0800e451    0x12  Code  Gb  los_config.o [1]
LOS_ListAdd             0x08009bf9     0xe  Code  Lc  los_memory.o [1]
LOS_ListAdd             0x0800721f     0xe  Code  Lc  los_mux.o [1]
LOS_ListAdd             0x0800a077     0xe  Code  Lc  los_priqueue.o [1]
LOS_ListAdd             0x08007567     0xe  Code  Lc  los_queue.o [1]
LOS_ListAdd             0x0800a373     0xe  Code  Lc  los_sem.o [1]
LOS_ListAdd             0x08007a6f     0xe  Code  Lc  los_task.o [1]
LOS_ListDelete          0x08009c11    0x16  Code  Lc  los_memory.o [1]
LOS_ListDelete          0x08007237    0x16  Code  Lc  los_mux.o [1]
LOS_ListDelete          0x0800a08f    0x16  Code  Lc  los_priqueue.o [1]
LOS_ListDelete          0x0800757f    0x16  Code  Lc  los_queue.o [1]
LOS_ListDelete          0x0800a38b    0x16  Code  Lc  los_sem.o [1]
LOS_ListDelete          0x08007a87    0x16  Code  Lc  los_task.o [1]
LOS_ListEmpty           0x0800724d    0x10  Code  Lc  los_mux.o [1]
LOS_ListEmpty           0x0800a0a5    0x10  Code  Lc  los_priqueue.o [1]
LOS_ListEmpty           0x08007595    0x10  Code  Lc  los_queue.o [1]
LOS_ListEmpty           0x0800a3a1    0x10  Code  Lc  los_sem.o [1]
LOS_ListEmpty           0x08007a9d    0x10  Code  Lc  los_task.o [1]
LOS_ListInit            0x0800b3a9     0x6  Code  Lc  los_multipledlinkhead.o [1]
LOS_ListInit            0x08007219     0x6  Code  Lc  los_mux.o [1]
LOS_ListInit            0x0800a071     0x6  Code  Lc  los_priqueue.o [1]
LOS_ListInit            0x08007561     0x6  Code  Lc  los_queue.o [1]
LOS_ListInit            0x0800a36d     0x6  Code  Lc  los_sem.o [1]
LOS_ListInit            0x08007a69     0x6  Code  Lc  los_task.o [1]
LOS_ListTailInsert      0x08009c07     0xa  Code  Lc  los_memory.o [1]
LOS_ListTailInsert      0x0800722d     0xa  Code  Lc  los_mux.o [1]
LOS_ListTailInsert      0x0800a085     0xa  Code  Lc  los_priqueue.o [1]
LOS_ListTailInsert      0x08007575     0xa  Code  Lc  los_queue.o [1]
LOS_ListTailInsert      0x0800a381     0xa  Code  Lc  los_sem.o [1]
LOS_ListTailInsert      0x08007a7d     0xa  Code  Lc  los_task.o [1]
LOS_Log2                0x0800b3af   0x11a  Code  Lc  los_multipledlinkhead.o [1]
LOS_MemAlloc            0x08009f99    0x30  Code  Gb  los_memory.o [1]
LOS_MemAllocAlign       0x08009fc9    0x5a  Code  Gb  los_memory.o [1]
LOS_MemFree             0x0800a023    0x4c  Code  Gb  los_memory.o [1]
LOS_MemInit             0x08009f05    0x94  Code  Gb  los_memory.o [1]
LOS_MemboxAlloc         0x0800d9a1    0x38  Code  Gb  los_membox.o [1]
LOS_MemboxFree          0x0800d9dd    0x3a  Code  Gb  los_membox.o [1]
LOS_MemboxInit          0x0800d933    0x6e  Code  Gb  los_membox.o [1]
LOS_MuxCreate           0x080072af    0x58  Code  Gb  los_mux.o [1]
LOS_MuxPend             0x08007307   0x12e  Code  Gb  los_mux.o [1]
LOS_MuxPost             0x08007435    0xf4  Code  Gb  los_mux.o [1]
LOS_PriqueueDequeue     0x0800a0ff     0x8  Code  Gb  los_priqueue.o [1]
LOS_PriqueueEnqueue     0x0800a0eb    0x14  Code  Gb  los_priqueue.o [1]
LOS_PriqueueSize        0x0800a135    0x24  Code  Gb  los_priqueue.o [1]
LOS_PriqueueTop         0x0800a107    0x2e  Code  Gb  los_priqueue.o [1]
LOS_QueueCreate         0x08007709    0x88  Code  Gb  los_queue.o [1]
LOS_QueueRead           0x08007791   0x13c  Code  Gb  los_queue.o [1]
LOS_QueueWrite          0x080078cd   0x134  Code  Gb  los_queue.o [1]
LOS_Schedule            0x0800a169    0x3a  Code  Gb  los_hw.o [1]
LOS_SemPost             0x0800a3f9    0xae  Code  Gb  los_sem.o [1]
LOS_SetTickSycle        0x0800e121     0x6  Code  Gb  los_hw_tick.o [1]
LOS_Start               0x0800e3df     0xc  Code  Gb  los_config.o [1]
LOS_StartToRun          0x08008349          Code  Gb  los_dispatch_iar.o [1]
LOS_TaskCreate          0x08008129    0x94  Code  Gb  los_task.o [1]
LOS_TaskCreateOnly      0x08007f9b   0x18e  Code  Gb  los_task.o [1]
LOS_TaskDelay           0x080081bd    0x70  Code  Gb  los_task.o [1]
LOS_TaskLock            0x08008299    0x16  Code  Gb  los_task.o [1]
LOS_TaskUnlock          0x080082af    0x30  Code  Gb  los_task.o [1]
LOS_TaskYield           0x0800822d    0x6c  Code  Gb  los_task.o [1]
LOS_TickCountGet        0x0800720d     0x8  Code  Gb  los_sys.o [1]
LOS_TickHandler         0x0800e0f5    0x2c  Code  Gb  los_hw_tick.o [1]
LoadInt                 0x0800537b    0x7a  Code  Lc  xprintffull_nomb.o [3]
LosAdapIntInit          0x0800e097    0x1a  Code  Gb  los_bsp_adapter.o [1]
PendSV_Handler          0x080083c1          Code  Gb  los_dispatch_iar.o [1]
RCC_AHB1PeriphClockCmd  0x0800d001    0x28  Code  Gb  stm32f4xx_rcc.o [1]
RCC_AHB1PeriphResetCmd  0x0800d049    0x20  Code  Gb  stm32f4xx_rcc.o [1]
RCC_APB2PeriphClockCmd  0x0800d029    0x20  Code  Gb  stm32f4xx_rcc.o [1]
RCC_GetClocksFreq       0x0800cf25    0xdc  Code  Gb  stm32f4xx_rcc.o [1]
RX_Frame_Descriptor     0x2001d080     0xc  Data  Gb  stm32f429_eth.o [1]
Region$$Table$$Base     0x0800eec8           --   Gb  - Linker created -
Region$$Table$$Limit    0x0800eef8           --   Gb  - Linker created -
Reset_Handler           0x0800f21d          Code  Wk  los_startup_iar.o [1]
Rx_Buff                 0x20017ec0  0x1dc4  Data  Gb  stm32f429_eth.o [1]
SYSCFG_ETH_MediaInterfaceConfig
                        0x0800dc75     0x6  Code  Gb  stm32f4xx_syscfg.o [1]
SetSysClock             0x0800ddd3    0xf6  Code  Lc  system_stm32f4xx.o [1]
SysTick_Config          0x0800e039    0x2e  Code  Lc  los_bsp_adapter.o [1]
SysTick_Handler         0x0800e08f     0x8  Code  Gb  los_bsp_adapter.o [1]
SystemInit              0x0800dd81    0x52  Code  Gb  system_stm32f4xx.o [1]
Tx_Buff                 0x20019c84  0x1dc4  Data  Gb  stm32f429_eth.o [1]
USART_ClearFlag         0x0800e007     0xe  Code  Gb  stm32f4xx_usart.o [1]
USART_Cmd               0x0800dfc9    0x1c  Code  Gb  stm32f4xx_usart.o [1]
USART_GetFlagStatus     0x0800dfed    0x1a  Code  Gb  stm32f4xx_usart.o [1]
USART_Init              0x0800df01    0xb8  Code  Gb  stm32f4xx_usart.o [1]
USART_SendData          0x0800dfe5     0x8  Code  Gb  stm32f4xx_usart.o [1]
_GenldFullNoMb          0x08005ce7   0x276  Code  Lc  xprintffull_nomb.o [3]
_LdtobFullNoMb          0x080058bd   0x3fe  Code  Lc  xprintffull_nomb.o [3]
_LitobFullNoMb          0x08005765   0x112  Code  Lc  xprintffull_nomb.o [3]
_Locale_lconv           0x20000464    0x38  Data  Lc  xlocale_c.o [3]
_PrintfFullNoMb         0x080051c9   0x1a4  Code  Gb  xprintffull_nomb.o [3]
_Prout                  0x0800f135    0x16  Code  Gb  xprout.o [3]
_PutcharsFullNoMb       0x08005f5d    0x2e  Code  Lc  xprintffull_nomb.o [3]
_PutfldFullNoMb         0x080053f5   0x264  Code  Lc  xprintffull_nomb.o [3]
_PuttxtFullNoMb         0x08005659   0x10c  Code  Lc  xprintffull_nomb.o [3]
__NVIC_SetPriority      0x0800e015    0x24  Code  Lc  los_bsp_adapter.o [1]
__aeabi_cdcmple         0x08008989          Code  Gb  DblCmpLe.o [4]
__aeabi_cdrcmple        0x080089b9          Code  Gb  DblCmpGe.o [4]
__aeabi_d2iz            0x08008b25          Code  Gb  DblToS32.o [4]
__aeabi_d2uiz           0x08008eb1          Code  Gb  DblToU32.o [4]
__aeabi_ddiv            0x08008c69          Code  Gb  DblDiv.o [4]
__aeabi_dmul            0x08008775          Code  Gb  DblMul.o [4]
__aeabi_dsub            0x08008b85          Code  Gb  DblSub.o [4]
__aeabi_i2d             0x08008b61          Code  Gb  S32ToDbl.o [4]
__aeabi_ldiv0           0x0800a4e1          Code  Gb  I64DivZer.o [5]
__aeabi_memclr4         0x0800d62d          Code  Gb  ABImemclr4.o [5]
__aeabi_memcpy          0x08004a41          Code  Gb  ABImemcpy.o [5]
__aeabi_memcpy4         0x08004a61          Code  Gb  ABImemcpy.o [5]
__aeabi_memcpy8         0x08004a61          Code  Gb  ABImemcpy.o [5]
__aeabi_memset          0x08004ae9          Code  Gb  ABImemset.o [5]
__aeabi_ui2d            0x08008ed9          Code  Gb  U32ToDbl.o [4]
__aeabi_uldivmod        0x08008545          Code  Gb  I64DivMod.o [5]
__cmain                 0x0800efd9          Code  Gb  cmain.o [5]
__exit                  0x0800b55d    0x14  Code  Gb  exit.o [6]
__iar_Errno             0x2001d1f0     0x4  Tls   Gb  errno.o [3]
__iar_Fail_s            0x08008471    0x1e  Code  Gb  xfail_s.o [3]
__iar_Memchr            0x080084ed          Code  Gb  memchr.o [5]
__iar_Memset            0x08004ae9          Code  Gb  ABImemset.o [5]
__iar_Memset4_word      0x0800d635          Code  Gb  ABImemset48.o [5]
__iar_Memset8_word      0x0800d635          Code  Gb  ABImemset48.o [5]
__iar_Memset_word       0x08004af1          Code  Gb  ABImemset.o [5]
__iar_Stdout            0x2000041c    0x48  Data  Gb  xfiles.o [3]
__iar_Strchr            0x08008459          Code  Gb  strchr.o [5]
__iar_close_ttio        0x0800b575    0x2c  Code  Gb  iarttio.o [6]
__iar_dadd              0x08008b95          Code  Gb  DblSub.o [4]
__iar_data_init3        0x0800edc9    0x28  Code  Gb  data_init.o [5]
__iar_dsub              0x0800a4fd          Code  Gb  DblAdd.o [4]
__iar_dsubStart         0x0800a50f          Code  Gb  DblAdd.o [4]
__iar_errno_set_ERANGE  0x0800a4e5     0xc  Code  Gb  errno.o [3]
__iar_frexp             0x08008925          Code  Gb  frexp.o [4]
__iar_frexpl            0x08008925          Code  Gb  frexp.o [4]
__iar_init_vfp          0x0800eea5          Code  Gb  fpinit_M.o [4]
__iar_ldexp64           0x080089e9          Code  Gb  ldexp.o [4]
__iar_lookup_ttioh      0x0800b5a1     0x4  Code  Gb  XShttio.o [3]
__iar_nothread_read_tp  0x0800b571     0x4  Code  Gb  tp_nothreads.o [3]
__iar_packbits_init_single3
                        0x0800e925    0x38  Code  Gb  packbits_init_single.o [5]
__iar_program_start     0x0800f311          Code  Gb  cstartup_M.o [5]
__iar_scalbln64         0x080089e9          Code  Gb  ldexp.o [4]
__iar_scalbn64          0x080089e9          Code  Gb  ldexp.o [4]
__iar_softfp___iar_frexp64
                        0x08008919          Code  Gb  frexp.o [4]
__iar_softfp_frexp      0x08008919          Code  Gb  frexp.o [4]
__iar_softfp_frexpl     0x08008919          Code  Gb  frexp.o [4]
__iar_systems$$module {Abs}
                        0x00000001          Data  Gb  command line/config [2]
__iar_ttio_handles      0x2000049c     0x8  Data  Lc  XShttio.o [3]
__iar_zero_init3        0x0800e7c1    0x40  Code  Gb  zero_init3.o [5]
__low_level_init        0x0800eff7     0x4  Code  Gb  low_level_init.o [3]
__vector_table          0x08000000          Data  Gb  los_startup_iar.o [1]
_call_main              0x0800efe5          Code  Gb  cmain.o [5]
_exit                   0x0800f001          Code  Gb  cexit.o [5]
_main                   0x0800eff3          Code  Gb  cmain.o [5]
abort                   0x0800a4d9     0x6  Code  Gb  abort.o [3]
ackno                   0x2001d1c0     0x4  Data  Lc  tcp_in.o [1]
arp_table               0x2001ca9c    0xf0  Data  Lc  etharp.o [1]
autoip_accept_packet    0x08006305    0x18  Code  Gb  autoip.o [1]
autoip_arp_announce     0x08006069     0xa  Code  Lc  autoip.o [1]
autoip_arp_probe        0x0800605f     0xa  Code  Lc  autoip.o [1]
autoip_arp_reply        0x08006271    0x94  Code  Gb  autoip.o [1]
autoip_bind             0x08006073    0x1a  Code  Lc  autoip.o [1]
autoip_create_addr      0x08006017    0x48  Code  Lc  autoip.o [1]
autoip_handle_arp_conflict
                        0x08005ffd    0x1a  Code  Lc  autoip.o [1]
autoip_restart          0x08005fed    0x10  Code  Lc  autoip.o [1]
autoip_start            0x0800608d    0x76  Code  Gb  autoip.o [1]
autoip_start_probing    0x08006103    0x54  Code  Lc  autoip.o [1]
autoip_stop             0x08006157    0x26  Code  Gb  autoip.o [1]
autoip_tmr              0x0800617d    0xd8  Code  Gb  autoip.o [1]
cyclic_timer            0x0800435b    0x14  Code  Lc  timeouts.o [1]
dhcp_arp_reply          0x0800aa51    0x3a  Code  Gb  dhcp.o [1]
dhcp_bind               0x0800ac07   0x140  Code  Lc  dhcp.o [1]
dhcp_check              0x0800a781    0x3c  Code  Lc  dhcp.o [1]
dhcp_coarse_tmr         0x0800a8b9    0x72  Code  Gb  dhcp.o [1]
dhcp_create_msg         0x0800b13d   0x196  Code  Lc  dhcp.o [1]
dhcp_create_msg::xid    0x20000404     0x4  Data  Lc  dhcp.o [1]
dhcp_decline            0x0800aa8b    0x94  Code  Lc  dhcp.o [1]
dhcp_delete_msg         0x0800b2dd    0x2c  Code  Lc  dhcp.o [1]
dhcp_discover           0x0800ab1f    0xe8  Code  Lc  dhcp.o [1]
dhcp_discover_request_options
                        0x20000400     0x4  Data  Lc  dhcp.o [1]
dhcp_fine_tmr           0x0800a92b    0x38  Code  Gb  dhcp.o [1]
dhcp_option             0x0800b07f    0x26  Code  Lc  dhcp.o [1]
dhcp_option_byte        0x0800b0a5    0x12  Code  Lc  dhcp.o [1]
dhcp_option_long        0x0800b0e3    0x52  Code  Lc  dhcp.o [1]
dhcp_option_short       0x0800b0b7    0x2c  Code  Lc  dhcp.o [1]
dhcp_option_trailer     0x0800b309    0x52  Code  Lc  dhcp.o [1]
dhcp_pcb                0x2001d0c4     0x4  Data  Lc  dhcp.o [1]
dhcp_rebind             0x0800ae05    0xbc  Code  Lc  dhcp.o [1]
dhcp_reboot             0x0800aec1    0xd6  Code  Lc  dhcp.o [1]
dhcp_release            0x0800af9d    0xb8  Code  Gb  dhcp.o [1]
dhcp_renew              0x0800ad47    0xbe  Code  Gb  dhcp.o [1]
dhcp_select             0x0800a7bd    0xfc  Code  Lc  dhcp.o [1]
dhcp_set_state          0x0800b069    0x16  Code  Lc  dhcp.o [1]
dhcp_supplied_address   0x0800b381    0x26  Code  Gb  dhcp.o [1]
dhcp_t1_timeout         0x0800a9d7    0x3a  Code  Lc  dhcp.o [1]
dhcp_t2_timeout         0x0800aa11    0x40  Code  Lc  dhcp.o [1]
dhcp_timeout            0x0800a963    0x74  Code  Lc  dhcp.o [1]
do_memp_free_pool       0x080042a5    0x1a  Code  Lc  memp.o [1]
do_memp_malloc_pool     0x08004257    0x26  Code  Lc  memp.o [1]
etharp_cached_entry     0x2001d204     0x1  Data  Lc  etharp.o [1]
etharp_find_entry       0x08009097   0x226  Code  Lc  etharp.o [1]
etharp_free_entry       0x08008f1f    0x44  Code  Lc  etharp.o [1]
etharp_input            0x080093bf    0xee  Code  Gb  etharp.o [1]
etharp_output           0x08009599   0x136  Code  Gb  etharp.o [1]
etharp_output_to_arp_index
                        0x080094ad    0xec  Code  Lc  etharp.o [1]
etharp_query            0x080096cf   0x1f2  Code  Gb  etharp.o [1]
etharp_raw              0x080098c1    0xd6  Code  Lc  etharp.o [1]
etharp_request          0x080099b7     0xa  Code  Gb  etharp.o [1]
etharp_request_dst      0x08009997    0x20  Code  Lc  etharp.o [1]
etharp_tmr              0x08008f63   0x134  Code  Gb  etharp.o [1]
etharp_update_arp_entry
                        0x080092bd   0x102  Code  Lc  etharp.o [1]
ethbroadcast            0x0800f31c     0x8  Data  Gb  ethernet.o [1]
ethernet_input          0x0800a665    0xc6  Code  Gb  ethernet.o [1]
ethernet_output         0x0800a731    0x50  Code  Gb  ethernet.o [1]
ethernetif_init         0x0800d2e7    0x1e  Code  Gb  ethernetif.o [1]
ethernetif_input        0x0800d2b1    0x36  Code  Lc  ethernetif.o [1]
ethzero                 0x0800f324     0x8  Data  Gb  ethernet.o [1]
example_do_connect      0x0800d33d    0x58  Code  Gb  mqtt_client.o [1]
example_publish         0x0800d4b5    0x56  Code  Gb  mqtt_client.o [1]
exit                    0x0800effb     0x4  Code  Gb  exit.o [3]
flags                   0x2001d20a     0x1  Data  Lc  tcp_in.o [1]
fputc                   0x0800e169    0x20  Code  Gb  los_bsp_uart.o [1]
free_etharp_q           0x08008f01    0x1e  Code  Lc  etharp.o [1]
g_TskMemUsedInfo        0x2001d018    0x40  Data  Gb  los_memstat.o [1]
g_bTaskScheduled        0x2001d128     0x4  Data  Gb  los_task.o [1]
g_pfnTskSwitchHook      0x2001d12c     0x4  Data  Gb  los_task.o [1]
g_pstAllMux             0x2001d0f8     0x4  Data  Gb  los_mux.o [1]
g_pstAllQueue           0x2001d100     0x4  Data  Gb  los_queue.o [1]
g_pstAllSem             0x2001d104     0x4  Data  Gb  los_sem.o [1]
g_pstLosPriorityQueueList
                        0x2001d0fc     0x4  Data  Gb  los_priqueue.o [1]
g_pstTaskCBArray        0x2001d118     0x4  Data  Gb  los_task.o [1]
g_stLosFreeTask         0x2001d0ac     0x8  Data  Gb  los_task.o [1]
g_stLosTask             0x2001d09c     0x8  Data  Gb  los_task.o [1]
g_stTaskTimeSlice       0x2001d0d0     0x8  Data  Gb  los_timeslice.o [1]
g_stTaskTimerList       0x2001d0a4     0x8  Data  Gb  los_task.o [1]
g_stTskRecyleList       0x2001d0b4     0x8  Data  Gb  los_task.o [1]
g_stTskSortLink         0x2001d0bc     0x8  Data  Gb  los_task.o [1]
g_stUnusedMuxList       0x2001d08c     0x8  Data  Gb  los_mux.o [1]
g_stUnusedSemList       0x2001d094     0x8  Data  Gb  los_sem.o [1]
g_sys_mem_addr_end      0x2001d0ec     0x4  Data  Gb  los_config.o [1]
g_ucMemStart            0x2000a4bc  0x8000  Data  Gb  los_memory.o [1]
g_ucycle_per_tick       0x2001d0e4     0x4  Data  Lc  los_bsp_adapter.o [1]
g_ullTickCount          0x2001d0c8     0x8  Data  Gb  los_tick.o [1]
g_usLosTaskLock         0x2001d1f8     0x2  Data  Gb  los_task.o [1]
g_use_ram_vect          0x08003306     0x1  Data  Gb  los_bsp_adapter.o [1]
g_uwCyclesPerTick       0x2001d0f0     0x4  Data  Gb  los_hw_tick.o [1]
g_uwEthnetifInputTaskID
                        0x2001d0d8     0x4  Data  Lc  ethernetif.o [1]
g_uwIdleTaskID          0x2001d120     0x4  Data  Gb  los_task.o [1]
g_uwSwtmrTaskID         0x2001d124     0x4  Data  Gb  los_task.o [1]
g_uwTskMaxNum           0x2001d11c     0x4  Data  Gb  los_task.o [1]
g_uwmqttClientTaskID    0x2001d184     0x4  Data  Lc  mqtt_client.o [1]
g_vuwIntCount           0x2001d0f4     0x4  Data  Gb  los_hwi.o [1]
gnetif                  0x2001cfd8    0x40  Data  Gb  los_bsp_lwip.o [1]
icmp_dest_unreach       0x08007171     0xe  Code  Gb  icmp.o [1]
icmp_input              0x08006f95   0x1d2  Code  Gb  icmp.o [1]
icmp_send_response      0x0800718d    0x80  Code  Lc  icmp.o [1]
icmp_time_exceeded      0x0800717f     0xe  Code  Gb  icmp.o [1]
inet_chksum             0x08003297     0xe  Code  Gb  inet_chksum.o [1]
inet_chksum_pbuf        0x080032a5    0x62  Code  Gb  inet_chksum.o [1]
inet_chksum_pseudo      0x08003157    0x2c  Code  Gb  inet_chksum.o [1]
inet_chksum_pseudo_partial
                        0x0800324f    0x32  Code  Gb  inet_chksum.o [1]
inet_cksum_pseudo_base  0x080030bf    0x98  Code  Lc  inet_chksum.o [1]
inet_cksum_pseudo_partial_base
                        0x08003193    0xbc  Code  Lc  inet_chksum.o [1]
inpub_id                0x2001d180     0x4  Data  Lc  mqtt_client.o [1]
inseg                   0x2001d070    0x10  Data  Lc  tcp_in.o [1]
ip4_addr_isbroadcast_u32
                        0x0800300d    0x4c  Code  Gb  ip4_addr.o [1]
ip4_debug_print         0x08004a3d     0x4  Code  Gb  ip4.o [1]
ip4_frag                0x080067a7   0x1e0  Code  Gb  ip4_frag.o [1]
ip4_input               0x0800464b   0x284  Code  Gb  ip4.o [1]
ip4_output_if           0x080048cf    0x30  Code  Gb  ip4.o [1]
ip4_output_if_src       0x080048ff   0x124  Code  Gb  ip4.o [1]
ip4_reass               0x080065dd   0x19c  Code  Gb  ip4_frag.o [1]
ip4_route               0x080045cd    0x7e  Code  Gb  ip4.o [1]
ip_addr_any             0x0800f344     0x4  Data  Gb  ip4_addr.o [1]
ip_addr_broadcast       0x0800f348     0x4  Data  Gb  ip4_addr.o [1]
ip_chksum_pseudo        0x08003183    0x10  Code  Gb  inet_chksum.o [1]
ip_chksum_pseudo_partial
                        0x08003281    0x16  Code  Gb  inet_chksum.o [1]
ip_data                 0x2001d058    0x18  Data  Gb  ip.o [1]
ip_frag_alloc_pbuf_custom_ref
                        0x08006779     0xa  Code  Lc  ip4_frag.o [1]
ip_frag_free_pbuf_custom_ref
                        0x08006783     0xc  Code  Lc  ip4_frag.o [1]
ip_id                   0x2001d1f4     0x2  Data  Lc  ip4.o [1]
ip_reass_chain_frag_into_datagram_and_validate
                        0x080064c7   0x116  Code  Lc  ip4_frag.o [1]
ip_reass_dequeue_datagram
                        0x080064a3    0x24  Code  Lc  ip4_frag.o [1]
ip_reass_enqueue_new_datagram
                        0x08006447    0x5c  Code  Lc  ip4_frag.o [1]
ip_reass_free_complete_datagram
                        0x0800634b    0x7a  Code  Lc  ip4_frag.o [1]
ip_reass_pbufcount      0x2001d1f6     0x2  Data  Lc  ip4_frag.o [1]
ip_reass_remove_oldest_datagram
                        0x080063c5    0x82  Code  Lc  ip4_frag.o [1]
ip_reass_tmr            0x0800631d    0x2e  Code  Gb  ip4_frag.o [1]
ipfrag_free_pbuf_custom
                        0x0800678f    0x18  Code  Lc  ip4_frag.o [1]
ldexp                   0x080089e9          Code  Gb  ldexp.o [4]
ldexpl                  0x080089e9          Code  Gb  ldexp.o [4]
lfree                   0x2001d138     0x4  Data  Lc  mem.o [1]
localeconv              0x08008ef5     0x4  Code  Gb  xlocale_c.o [3]
lock_tcpip_core         0x2001d1d8     0x4  Data  Gb  tcpip.o [1]
low_level_init          0x0800d089    0x90  Code  Lc  ethernetif.o [1]
low_level_input         0x0800d1e1    0xd0  Code  Lc  ethernetif.o [1]
low_level_output        0x0800d119    0xc8  Code  Lc  ethernetif.o [1]
lwip_cyclic_timers      0x0800eab8    0x30  Data  Gb  timeouts.o [1]
lwip_htonl              0x08003319    0x1c  Code  Gb  def.o [1]
lwip_htons              0x08003309    0x10  Code  Gb  def.o [1]
[...]
memp_tab_TCPIP_MSG_API  0x2001d164     0x4  Data  Lc  memp.o [1]
memp_tab_TCPIP_MSG_INPKT
                        0x2001d168     0x4  Data  Lc  memp.o [1]
memp_tab_TCP_PCB        0x2001d148     0x4  Data  Lc  memp.o [1]
memp_tab_TCP_PCB_LISTEN
                        0x2001d14c     0x4  Data  Lc  memp.o [1]
memp_tab_TCP_SEG        0x2001d150     0x4  Data  Lc  memp.o [1]
memp_tab_UDP_PCB        0x2001d144     0x4  Data  Lc  memp.o [1]
mqttServerIpAddr        0x2001d17c     0x4  Data  Gb  mqtt_client.o [1]
mqtt_append_request     0x0800b72d    0x2c  Code  Lc  mqtt.o [1]
mqtt_clear_requests     0x0800b7fb    0x1a  Code  Lc  mqtt.o [1]
mqtt_client_connect     0x0800c239   0x284  Code  Gb  mqtt.o [1]
mqtt_client_create      0x0800d521    0x20  Code  Gb  mqtt_client.o [1]
mqtt_client_init        0x0800d541    0x34  Code  Gb  mqtt_client.o [1]
mqtt_close              0x0800b971    0x6a  Code  Lc  mqtt.o [1]
mqtt_connection_cb      0x0800d395    0x5e  Code  Lc  mqtt_client.o [1]
mqtt_create_request     0x0800b6f1    0x3c  Code  Lc  mqtt.o [1]
mqtt_cyclic_timer       0x0800b9dd    0xc0  Code  Lc  mqtt.o [1]
mqtt_delete_request     0x0800b759     0x8  Code  Lc  mqtt.o [1]
mqtt_incoming_data_cb   0x0800d439    0x7c  Code  Lc  mqtt_client.o [1]
mqtt_incoming_publish_cb
                        0x0800d401    0x36  Code  Lc  mqtt_client.o [1]
mqtt_incomming_suback   0x0800baf9    0x22  Code  Lc  mqtt.o [1]
mqtt_init_requests      0x0800b815    0x20  Code  Lc  mqtt.o [1]
mqtt_message_received   0x0800bb1b   0x216  Code  Lc  mqtt.o [1]
mqtt_output_append_buf  0x0800b86f    0x2e  Code  Lc  mqtt.o [1]
mqtt_output_append_fixed_header
                        0x0800b8f1    0x54  Code  Lc  mqtt.o [1]
mqtt_output_append_string
                        0x0800b89d    0x54  Code  Lc  mqtt.o [1]
mqtt_output_append_u16  0x0800b847    0x28  Code  Lc  mqtt.o [1]
mqtt_output_append_u8   0x0800b835    0x12  Code  Lc  mqtt.o [1]
mqtt_output_check_space
                        0x0800b945    0x2c  Code  Lc  mqtt.o [1]
mqtt_output_send        0x0800b5c3   0x12e  Code  Lc  mqtt.o [1]
mqtt_parse_incoming     0x0800bd31   0x170  Code  Lc  mqtt.o [1]
mqtt_pub_request_cb     0x0800d50d    0x14  Code  Gb  mqtt_client.o [1]
mqtt_publish            0x0800bfcb   0x138  Code  Gb  mqtt.o [1]
mqtt_request_time_elapsed
                        0x0800b7ab    0x50  Code  Lc  mqtt.o [1]
mqtt_set_inpub_callback
                        0x0800c231     0x8  Code  Gb  mqtt.o [1]
mqtt_sub_request_cb     0x0800d3f5     0xc  Code  Gb  mqtt_client.o [1]
mqtt_sub_unsub          0x0800c103   0x12e  Code  Gb  mqtt.o [1]
mqtt_take_request       0x0800b761    0x4a  Code  Lc  mqtt.o [1]
mqtt_tcp_connect_cb     0x0800bf6f    0x5c  Code  Lc  mqtt.o [1]
mqtt_tcp_err_cb         0x0800bf4d    0x10  Code  Lc  mqtt.o [1]
mqtt_tcp_poll_cb        0x0800bf5d    0x12  Code  Lc  mqtt.o [1]
mqtt_tcp_recv_cb        0x0800bea1    0x66  Code  Lc  mqtt.o [1]
mqtt_tcp_sent_cb        0x0800bf07    0x46  Code  Lc  mqtt.o [1]
msg_generate_packet_id  0x0800b5ad    0x16  Code  Lc  mqtt.o [1]
netif_add               0x080099e3    0x88  Code  Gb  netif.o [1]
netif_default           0x2001d18c     0x4  Data  Gb  netif.o [1]
netif_init              0x080099e1     0x2  Code  Gb  netif.o [1]
netif_issue_reports     0x08009b73    0x1c  Code  Lc  netif.o [1]
netif_list              0x2001d188     0x4  Data  Gb  netif.o [1]
netif_num               0x2001d205     0x1  Data  Lc  netif.o [1]
netif_set_addr          0x08009a6b    0x48  Code  Gb  netif.o [1]
netif_set_default       0x08009b27     0x6  Code  Gb  netif.o [1]
netif_set_gw            0x08009b0b     0xe  Code  Gb  netif.o [1]
netif_set_ipaddr        0x08009ab3    0x58  Code  Gb  netif.o [1]
netif_set_netmask       0x08009b19     0xe  Code  Gb  netif.o [1]
netif_set_up            0x08009b3d    0x36  Code  Gb  netif.o [1]
next_timeout            0x2001d1dc     0x4  Data  Lc  timeouts.o [1]
obuf                    0x2001cf44    0x50  Data  Lc  xfiles.o [3]
osCheckBoxMem           0x0800d8ed    0x46  Code  Lc  los_membox.o [1]
osDisableIRQ            0x0800839f          Code  Gb  los_dispatch_iar.o [1]
osGetVectorAddr         0x0800e141     0x4  Code  Gb  los_hwi.o [1]
osHwiDefaultHandler     0x0800e139     0x8  Code  Gb  los_hwi.o [1]
osHwiInit               0x0800e145    0x1c  Code  Gb  los_hwi.o [1]
osIdleTask              0x08007aad     0x2  Code  Gb  los_task.o [1]
osIdleTaskCreate        0x08007dd3    0x3c  Code  Gb  los_task.o [1]
osIntNumGet             0x0800e131     0x8  Code  Gb  los_hwi.o [1]
osMain                  0x0800e3eb    0x52  Code  Gb  los_config.o [1]
osMemAllocWithCheck     0x08009ead    0x58  Code  Lc  los_memory.o [1]
osMemCheckUsedNode      0x08009dd7    0xa6  Code  Lc  los_memory.o [1]
osMemClearNode          0x08009c89     0xe  Code  Lc  los_memory.o [1]
osMemFindSuitableFreeBlock
                        0x08009c4d    0x3c  Code  Lc  los_memory.o [1]
osMemFreeNode           0x08009d01    0x9c  Code  Lc  los_memory.o [1]
osMemIsNodeValid        0x08009d9d    0x3a  Code  Lc  los_memory.o [1]
osMemMergeNode          0x08009c97    0x1e  Code  Lc  los_memory.o [1]
osMemSetMagicNumAndTaskid
                        0x08009e7d    0x22  Code  Lc  los_memory.o [1]
osMemSpitNode           0x08009cb5    0x4c  Code  Lc  los_memory.o [1]
osMemSystemInit         0x08009c37    0x16  Code  Gb  los_memory.o [1]
osMuxInit               0x0800725d    0x52  Code  Gb  los_mux.o [1]
osPriqueueInit          0x0800a0b5    0x36  Code  Gb  los_priqueue.o [1]
osQueueCreate           0x080075e1    0x68  Code  Gb  los_queue.o [1]
osQueueInit             0x080075a5    0x3c  Code  Gb  los_queue.o [1]
osQueuePend             0x08007649    0x78  Code  Lc  los_queue.o [1]
osQueueWakeUp           0x080076c1    0x48  Code  Lc  los_queue.o [1]
osRegister              0x0800e3c5     0xe  Code  Gb  los_config.o [1]
osSchedule              0x0800a161     0x8  Code  Gb  los_hw.o [1]
osSemInit               0x0800a3b1    0x48  Code  Gb  los_sem.o [1]
osSwTmrInit             0x0800d6e9    0x9e  Code  Gb  los_swtmr.o [1]
osSwTmrStart            0x0800d787    0x66  Code  Gb  los_swtmr.o [1]
osSwTmrTask             0x0800d669    0x46  Code  Gb  los_swtmr.o [1]
osSwTmrTaskCreate       0x0800d6af    0x3a  Code  Gb  los_swtmr.o [1]
osSwTmrTimeoutHandle    0x0800d801    0x8e  Code  Lc  los_swtmr.o [1]
osSwtmrDelete           0x0800d7ed    0x14  Code  Lc  los_swtmr.o [1]
osSwtmrScan             0x0800d88f    0x2a  Code  Gb  los_swtmr.o [1]
osTaskAdd2TimerList     0x08007ae7    0xb0  Code  Gb  los_task.o [1]
osTaskEntry             0x08007f05    0x96  Code  Gb  los_task.o [1]
osTaskExit              0x0800a1a3     0x8  Code  Gb  los_hw.o [1]
osTaskInit              0x08007ca3   0x130  Code  Gb  los_task.o [1]
osTaskMemUsedDec        0x0800b52f    0x22  Code  Gb  los_memstat.o [1]
osTaskMemUsedInc        0x0800b505    0x2a  Code  Gb  los_memstat.o [1]
osTaskPriModify         0x08007aaf    0x38  Code  Gb  los_task.o [1]
osTaskScan              0x08007bd1    0xd2  Code  Gb  los_task.o [1]
osTaskSchedule          0x080083b9          Code  Gb  los_dispatch_iar.o [1]
osTaskSelfDelete        0x08007e0f    0xf6  Code  Gb  los_task.o [1]
osTickHandler           0x0800e33d    0x28  Code  Gb  los_tick.o [1]
osTickStart             0x0800e067    0x28  Code  Gb  los_bsp_adapter.o [1]
osTimerListDelete       0x08007b97    0x3a  Code  Gb  los_task.o [1]
osTimesliceCheck        0x0800e373    0x44  Code  Gb  los_timeslice.o [1]
osTimesliceInit         0x0800e365     0xe  Code  Gb  los_timeslice.o [1]
osTskStackInit          0x0800a1ab   0x134  Code  Gb  los_hw.o [1]
pbuf_alloc              0x08002995   0x184  Code  Gb  pbuf.o [1]
pbuf_alloced_custom     0x08002b19    0x7a  Code  Gb  pbuf.o [1]
pbuf_cat                0x08002d95    0x3a  Code  Gb  pbuf.o [1]
pbuf_chain              0x08002dcf    0x12  Code  Gb  pbuf.o [1]
pbuf_clen               0x08002d6b    0x12  Code  Gb  pbuf.o [1]
pbuf_copy               0x08002de1    0xf0  Code  Gb  pbuf.o [1]
pbuf_copy_partial       0x08002ed1    0xae  Code  Gb  pbuf.o [1]
pbuf_free               0x08002cf1    0x7a  Code  Gb  pbuf.o [1]
pbuf_free_ooseq         0x08002919    0x34  Code  Lc  pbuf.o [1]
pbuf_free_ooseq_callback
                        0x0800294d     0x8  Code  Lc  pbuf.o [1]
pbuf_free_ooseq_pending
                        0x2001d206     0x1  Data  Gb  pbuf.o [1]
pbuf_get_at             0x08002fd1    0x14  Code  Gb  pbuf.o [1]
pbuf_header             0x08002cd9     0xc  Code  Gb  pbuf.o [1]
pbuf_header_force       0x08002ce5     0xc  Code  Gb  pbuf.o [1]
pbuf_header_impl        0x08002c01    0xd8  Code  Lc  pbuf.o [1]
pbuf_pool_is_empty      0x08002955    0x40  Code  Lc  pbuf.o [1]
pbuf_realloc            0x08002b93    0x6e  Code  Gb  pbuf.o [1]
pbuf_ref                0x08002d7d    0x18  Code  Gb  pbuf.o [1]
pbuf_skip_const         0x08002f7f    0x22  Code  Lc  pbuf.o [1]
pbuf_try_get_at         0x08002fe5    0x28  Code  Gb  pbuf.o [1]
plug_holes              0x08004e69    0x7c  Code  Lc  mem.o [1]
printf                  0x080045a5    0x28  Code  Gb  printf.o [3]
pub_ack_rec_rel_response
                        0x0800ba9d    0x5c  Code  Lc  mqtt.o [1]
putchar                 0x0800f14d     0xc  Code  Gb  putchar.o [3]
ram                     0x2001d130     0x4  Data  Lc  mem.o [1]
ram_end                 0x2001d134     0x4  Data  Lc  mem.o [1]
ram_heap                0x200004a8  0xa014  Data  Gb  mem.o [1]
raw_input               0x080069d5    0x88  Code  Gb  raw.o [1]
raw_input_match         0x080069a5    0x30  Code  Lc  raw.o [1]
raw_netif_ip_addr_changed
                        0x08006a5d    0x32  Code  Gb  raw.o [1]
raw_pcbs                0x2001d190     0x4  Data  Lc  raw.o [1]
reassdatagrams          0x2001d0dc     0x4  Data  Lc  ip4_frag.o [1]
recv_acked              0x2001d200     0x2  Data  Lc  tcp_in.o [1]
recv_data               0x2001d1c4     0x4  Data  Lc  tcp_in.o [1]
recv_flags              0x2001d20b     0x1  Data  Lc  tcp_in.o [1]
scalbln                 0x080089e9          Code  Gb  ldexp.o [4]
scalblnl                0x080089e9          Code  Gb  ldexp.o [4]
scalbn                  0x080089e9          Code  Gb  ldexp.o [4]
scalbnl                 0x080089e9          Code  Gb  ldexp.o [4]
scale                   0x08005877    0x46  Code  Lc  xprintffull_nomb.o [3]
sec_hand                0x2001d1ec     0x4  Data  Lc  xfail_s.o [3]
seqno                   0x2001d1bc     0x4  Data  Lc  tcp_in.o [1]
static_client           0x2001bd44   0x1f0  Data  Lc  mqtt_client.o [1]
strchr                  0x08008459          Code  Gb  strchr.o [5]
strcmp                  0x0800d5e1          Code  Gb  strcmp.o [5]
strlen                  0x080084b5          Code  Gb  strlen.o [5]
sys_arch_mbox_fetch     0x08004c55    0x50  Code  Gb  sys_arch.o [1]
sys_arch_protect        0x08004cd5     0x8  Code  Gb  sys_arch.o [1]
sys_arch_sem_wait       0x08004ba1    0x42  Code  Gb  sys_arch.o [1]
sys_arch_unprotect      0x08004cdd     0x8  Code  Gb  sys_arch.o [1]
sys_check_timeouts      0x080044ad    0x64  Code  Lc  timeouts.o [1]
sys_clk_freq            0x0800f34c     0x4  Data  Gb  los_bsp_adapter.o [1]
sys_init                0x08004b51     0x2  Code  Gb  sys_arch.o [1]
sys_mbox_new            0x08004bff    0x22  Code  Gb  sys_arch.o [1]
sys_mbox_post           0x08004c29    0x10  Code  Gb  sys_arch.o [1]
sys_mbox_trypost        0x08004c39    0x1c  Code  Gb  sys_arch.o [1]
sys_mutex_lock          0x08004bed     0xa  Code  Gb  sys_arch.o [1]
sys_mutex_new           0x08004be3     0xa  Code  Gb  sys_arch.o [1]
sys_mutex_unlock        0x08004bf7     0x8  Code  Gb  sys_arch.o [1]
sys_now                 0x08004b53     0x8  Code  Gb  sys_arch.o [1]
sys_sem_new             0x08004b5b    0x3c  Code  Gb  sys_arch.o [1]
sys_sem_signal          0x08004b97     0xa  Code  Gb  sys_arch.o [1]
sys_thread_new          0x08004ca5    0x30  Code  Gb  sys_arch.o [1]
sys_timeout             0x08004397    0xc0  Code  Gb  timeouts.o [1]
sys_timeouts_init       0x0800436f    0x28  Code  Gb  timeouts.o [1]
sys_timeouts_mbox_fetch
                        0x08004545    0x3a  Code  Gb  timeouts.o [1]
sys_timeouts_sleeptime  0x08004511    0x34  Code  Lc  timeouts.o [1]
sys_untimeout           0x08004457    0x56  Code  Gb  timeouts.o [1]
tcp_abandon             0x08001c69    0xea  Code  Gb  tcp.o [1]
tcp_abort               0x08001d53     0xa  Code  Gb  tcp.o [1]
tcp_active_pcbs         0x2001d1ac     0x4  Data  Gb  tcp.o [1]
tcp_active_pcbs_changed
                        0x2001d207     0x1  Data  Gb  tcp.o [1]
tcp_alloc               0x0800264b    0xba  Code  Gb  tcp.o [1]
tcp_arg                 0x0800271f     0x8  Code  Gb  tcp.o [1]
tcp_backlog_accepted    0x08001a53    0x22  Code  Gb  tcp.o [1]
tcp_backoff             0x0800f1ec    0x10  Data  Lc  tcp.o [1]
tcp_bind                0x08001d5d    0xcc  Code  Gb  tcp.o [1]
tcp_bound_pcbs          0x2001d1a4     0x4  Data  Gb  tcp.o [1]
tcp_close               0x08001c47    0x22  Code  Gb  tcp.o [1]
tcp_close_shutdown      0x08001a75   0x14c  Code  Lc  tcp.o [1]
tcp_close_shutdown_fin  0x08001bc1    0x86  Code  Lc  tcp.o [1]
tcp_connect             0x08001f37   0x146  Code  Gb  tcp.o [1]
tcp_create_segment      0x080033f3    0xcc  Code  Lc  tcp_out.o [1]
tcp_debug_print         0x080028c1    0x12  Code  Gb  tcp.o [1]
tcp_debug_print_flags   0x080028d5     0x2  Code  Gb  tcp.o [1]
tcp_debug_print_state   0x080028d3     0x2  Code  Gb  tcp.o [1]
tcp_eff_send_mss_impl   0x08002811    0x38  Code  Gb  tcp.o [1]
tcp_enqueue_flags       0x08003a33    0xe6  Code  Gb  tcp_out.o [1]
tcp_err                 0x08002739     0xa  Code  Gb  tcp.o [1]
tcp_fasttmr             0x080023bf    0x88  Code  Gb  tcp.o [1]
tcp_getoptbyte          0x080018d5    0x48  Code  Lc  tcp_in.o [1]
tcp_init                0x080019f9     0x2  Code  Gb  tcp.o [1]
tcp_input               0x080001ad   0x570  Code  Gb  tcp_in.o [1]
tcp_input_pcb           0x2001d1c8     0x4  Data  Gb  tcp_in.o [1]
tcp_keepalive           0x080040ad    0x6e  Code  Gb  tcp_out.o [1]
tcp_kill_prio           0x0800257b    0x52  Code  Lc  tcp.o [1]
tcp_kill_state          0x080025cd    0x46  Code  Lc  tcp.o [1]
tcp_kill_timewait       0x08002613    0x38  Code  Lc  tcp.o [1]
tcp_listen_closed       0x08001a33    0x20  Code  Lc  tcp.o [1]
tcp_listen_input        0x0800071d   0x13e  Code  Lc  tcp_in.o [1]
tcp_listen_pcbs         0x2001d1a8     0x4  Data  Gb  tcp.o [1]
tcp_netif_ip_addr_changed
                        0x08002877    0x4a  Code  Gb  tcp.o [1]
tcp_netif_ip_addr_changed_pcblist
                        0x08002849    0x2e  Code  Lc  tcp.o [1]
tcp_new                 0x08002715     0xa  Code  Gb  tcp.o [1]
tcp_new_port            0x08001ec5    0x72  Code  Lc  tcp.o [1]
tcp_next_iss            0x080027fd    0x14  Code  Gb  tcp.o [1]
tcp_next_iss::iss       0x20000418     0x4  Data  Lc  tcp.o [1]
tcp_oos_insert_segment  0x08000e55    0x88  Code  Lc  tcp_in.o [1]
tcp_optidx              0x2001d1fe     0x2  Data  Lc  tcp_in.o [1]
tcp_output              0x08003baf   0x268  Code  Gb  tcp_out.o [1]
tcp_output_alloc_header
                        0x08003335    0x74  Code  Lc  tcp_out.o [1]
tcp_output_segment      0x08003e17    0xce  Code  Lc  tcp_out.o [1]
tcp_parseopt            0x0800191d    0x96  Code  Lc  tcp_in.o [1]
tcp_pbuf_prealloc       0x080034bf    0x7e  Code  Lc  tcp_out.o [1]
tcp_pcb_lists           0x0800f1fc    0x10  Data  Gb  tcp.o [1]
tcp_pcb_purge           0x0800274b    0x58  Code  Gb  tcp.o [1]
tcp_pcb_remove          0x080027a3    0x5a  Code  Gb  tcp.o [1]
tcp_persist_backoff     0x0800f33c     0x8  Data  Lc  tcp.o [1]
tcp_poll                0x08002743     0x8  Code  Gb  tcp.o [1]
tcp_port                0x200004a4     0x2  Data  Lc  tcp.o [1]
tcp_process             0x080008f9   0x54a  Code  Lc  tcp_in.o [1]
tcp_process_refused_data
                        0x08002469    0x90  Code  Gb  tcp.o [1]
tcp_receive             0x08000f15   0x9c0  Code  Lc  tcp_in.o [1]
tcp_recv                0x08002727     0xa  Code  Gb  tcp.o [1]
tcp_recv_null           0x08002555    0x26  Code  Gb  tcp.o [1]
tcp_recved              0x08001e73    0x52  Code  Gb  tcp.o [1]
tcp_remove_listener     0x08001a1f    0x14  Code  Lc  tcp.o [1]
tcp_rexmit              0x08003fe1    0x62  Code  Gb  tcp_out.o [1]
tcp_rexmit_fast         0x08004043    0x6a  Code  Gb  tcp_out.o [1]
tcp_rexmit_rto          0x08003fa5    0x3c  Code  Gb  tcp_out.o [1]
tcp_rst                 0x08003ef9    0xac  Code  Gb  tcp_out.o [1]
tcp_seg_copy            0x0800252d    0x28  Code  Gb  tcp.o [1]
tcp_seg_free            0x0800250b    0x22  Code  Gb  tcp.o [1]
tcp_segs_free           0x080024f9    0x12  Code  Gb  tcp.o [1]
tcp_send_empty_ack      0x08003b19    0x96  Code  Gb  tcp_out.o [1]
tcp_send_fin            0x080033a9    0x4a  Code  Gb  tcp_out.o [1]
tcp_sent                0x08002731     0x8  Code  Gb  tcp.o [1]
tcp_slowtmr             0x0800207d   0x342  Code  Gb  tcp.o [1]
tcp_ticks               0x2001d1a0     0x4  Data  Gb  tcp.o [1]
tcp_timer               0x2001d208     0x1  Data  Lc  tcp.o [1]
tcp_timer_ctr           0x2001d209     0x1  Data  Lc  tcp.o [1]
tcp_timer_needed        0x0800432f    0x2c  Code  Gb  timeouts.o [1]
tcp_timewait_input      0x0800085b    0x92  Code  Lc  tcp_in.o [1]
tcp_tmr                 0x080019fb    0x24  Code  Gb  tcp.o [1]
tcp_trigger_input_pcb_close
                        0x080019b3     0xe  Code  Gb  tcp_in.o [1]
tcp_tw_pcbs             0x2001d1b0     0x4  Data  Gb  tcp.o [1]
tcp_update_rcv_ann_wnd  0x08001e29    0x4a  Code  Gb  tcp.o [1]
tcp_write               0x080035a5   0x48e  Code  Gb  tcp_out.o [1]
tcp_write_checks        0x0800353d    0x68  Code  Lc  tcp_out.o [1]
tcp_zero_window_probe   0x0800411b    0xf2  Code  Gb  tcp_out.o [1]
tcphdr                  0x2001d1b4     0x4  Data  Lc  tcp_in.o [1]
tcphdr_opt1len          0x2001d1fc     0x2  Data  Lc  tcp_in.o [1]
tcphdr_opt2             0x2001d1b8     0x4  Data  Lc  tcp_in.o [1]
tcphdr_optlen           0x2001d1fa     0x2  Data  Lc  tcp_in.o [1]
tcpip_callback_with_block
                        0x08004dc5    0x4e  Code  Gb  tcpip.o [1]
tcpip_init              0x08004e13    0x34  Code  Gb  tcpip.o [1]
tcpip_init_done         0x2001d1cc     0x4  Data  Lc  tcpip.o [1]
tcpip_init_done_arg     0x2001d1d0     0x4  Data  Lc  tcpip.o [1]
tcpip_inpkt             0x08004d67    0x42  Code  Gb  tcpip.o [1]
tcpip_input             0x08004da9    0x1c  Code  Gb  tcpip.o [1]
tcpip_tcp_timer         0x08004305    0x2a  Code  Lc  timeouts.o [1]
tcpip_tcp_timer_active  0x2001d1e4     0x4  Data  Lc  timeouts.o [1]
tcpip_thread            0x08004ce5    0x82  Code  Lc  tcpip.o [1]
tcplen                  0x2001d202     0x2  Data  Lc  tcp_in.o [1]
tick_per_second         0x0800f350     0x4  Data  Gb  los_bsp_adapter.o [1]
timeouts_last_time      0x2001d1e0     0x4  Data  Lc  timeouts.o [1]
udp_bind                0x08006eaf    0x94  Code  Gb  udp.o [1]
udp_debug_print         0x08006f91     0x2  Code  Gb  udp.o [1]
udp_init                0x08006a9d     0x2  Code  Gb  udp.o [1]
udp_input               0x08006b49   0x1d4  Code  Gb  udp.o [1]
udp_input_local_match   0x08006af7    0x52  Code  Lc  udp.o [1]
udp_netif_ip_addr_changed
                        0x08006f43    0x32  Code  Gb  udp.o [1]
udp_new_port            0x08006a9f    0x58  Code  Lc  udp.o [1]
udp_pcbs                0x2001d1e8     0x4  Data  Gb  udp.o [1]
udp_port                0x200004a6     0x2  Data  Lc  udp.o [1]
udp_sendto_if           0x08006d1d    0x46  Code  Gb  udp.o [1]
udp_sendto_if_src       0x08006d63   0x14c  Code  Gb  udp.o [1]


[1] = F:\LiteOS\yun\LiteOS-Tencent Cloud-Hongye\targets\STM32F419IGTX_FIRE\Application\Obj
[2] = command line
[3] = dl7M_tlf.a
[4] = m7M_tls.a
[5] = rt7M_tl.a
[6] = shb_l.a

   59 205 bytes of readonly  code memory
    3 671 bytes of readonly  data memory
  127 500 bytes of readwrite data memory

Errors: none
Warnings: none
