<html>
<body>
<pre>
<h1>礦ision Build Log</h1>
<h2>Tool Versions:</h2>
IDE-Version: μVision V5.15
Copyright (C) 2015 ARM Ltd and ARM Germany GmbH. All rights reserved.
License Information: Bo You, CASIA, LIC=W9612-929K9-WIS5K-Z1K3T-PE1B6-6NHQX
 
Tool Versions:
Toolchain:       MDK-ARM Professional  Version: 5.15.0
Toolchain Path:  C:\Keil_v5\ARM\ARMCC\Bin
C Compiler:      Armcc.exe V5.05 update 2 (build 169)
Assembler:       Armasm.exe V5.05 update 2 (build 169)
Linker/Locator:  ArmLink.exe V5.05 update 2 (build 169)
Library Manager: ArmAr.exe V5.05 update 2 (build 169)
Hex Converter:   FromElf.exe V5.05 update 2 (build 169)
CPU DLL:         SARMCM3.DLL V5.15.0
Dialog DLL:      DCM.DLL V1.13.2.0
Target DLL:      Segger\JL2CM3.dll V2.99.15.0
Dialog DLL:      TCM.DLL V1.14.5.0
 
<h2>Project:</h2>
C:\Users\casia\Documents\GitHub\LiteOS_Connect_to_3rd_Cloud\liteos_to_awscloud\liteos_awscloud_环卫小管家\Huawei_LiteOS_AWS _KEIL\targets\STM32F429IGTX_FIRE\MDK-ARM\Huawei_LiteOS.uvprojx
Project File Date:  05/12/2018

<h2>Output:</h2>
*** Using Compiler 'V5.06 update 5 (build 528)', folder: 'C:\Keil_v5\ARM\ARMCC\Bin'
Build target 'HuaweiLiteOS'
compiling main.c...
..\..\..\drivers\boards\STM32F429IGTX_FIRE\rng\bsp_rng.h(12): warning:  #1-D: last line of file ends without a newline
  #endif /* __RNG_H */
..\Src\main.c(193): warning:  #550-D: variable "uwRet" was set but never used
        UINT32 uwRet;
..\Src\main.c: 2 warnings, 0 errors
linking...
Program Size: Code=222282 RO-data=36942 RW-data=1648 ZI-data=130580  
".\Objects\Huawei_LiteOS.axf" - 0 Error(s), 2 Warning(s).

<h2>Software Packages used:</h2>

Package Vendor: ARM
                http://www.keil.com/pack/ARM.CMSIS.4.3.0.pack
                ARM::CMSIS:CORE:4.1.0
                CMSIS (Cortex Microcontroller Software Interface Standard)
   * Component: CORE Version: 4.1.0

<h2>Collection of Component include folders:</h2>
  C:\Users\casia\Documents\GitHub\LiteOS_Connect_to_3rd_Cloud\liteos_to_awscloud\liteos_awscloud_环卫小管家\Huawei_LiteOS_AWS _KEIL\targets\STM32F429IGTX_FIRE\MDK-ARM\RTE
  C:\Keil_v5\ARM\PACK\ARM\CMSIS\4.3.0\CMSIS\Include
  C:\Keil_v5\ARM\PACK\Keil\STM32F4xx_DFP\2.13.0\Drivers\CMSIS\Device\ST\STM32F4xx\Include

<h2>Collection of Component Files used:</h2>

   * Component: ARM::CMSIS:CORE:4.1.0
</pre>
</body>
</html>
