<!doctype html public "-//w3c//dtd html 4.0 transitional//en">
<html><head>
<title>Static Call Graph - [.\Objects\Huawei_LiteOS.axf]</title></head>
<body><HR>
<H1>Static Call Graph for image .\Objects\Huawei_LiteOS.axf</H1><HR>
<BR><P>#&#060CALLGRAPH&#062# ARM Linker, 5050169: Last Updated: Sun May 13 23:02:45 2018
<BR><P>
<H3>Maximum Stack Usage =       5428 bytes + Unknown(Functions without stacksize, Cycles, Untraceable Function Pointers)</H3><H3>
Call chain for Maximum Stack Depth:</H3>
cloud_test &rArr; subscribe_publish_sensor_values &rArr; aws_iot_mqtt_yield &rArr; _aws_iot_mqtt_internal_yield &rArr; _aws_iot_mqtt_handle_reconnect &rArr; aws_iot_mqtt_attempt_reconnect &rArr; aws_iot_mqtt_resubscribe &rArr; _aws_iot_mqtt_internal_resubscribe &rArr; aws_iot_mqtt_internal_wait_for_read &rArr; aws_iot_mqtt_internal_cycle_read &rArr; _aws_iot_mqtt_internal_handle_publish &rArr; aws_iot_mqtt_internal_deserialize_publish &rArr; _aws_iot_mqtt_read_string_with_len &rArr; aws_iot_mqtt_internal_read_uint16_t
<P>
<H3>
Functions with no stack information
</H3><UL>
 <LI><a href="#[1]">Reset_Handler</a>
 <LI><a href="#[125]">LOS_StartToRun</a>
 <LI><a href="#[41c]">LOS_IntNumGet</a>
 <LI><a href="#[dc]">LOS_IntLock</a>
 <LI><a href="#[4b8]">LOS_IntUnLock</a>
 <LI><a href="#[dd]">LOS_IntRestore</a>
 <LI><a href="#[11b]">osTaskSchedule</a>
 <LI><a href="#[3]">osPendSV</a>
</UL>
</UL>
<P>
<H3>
Mutually Recursive functions
</H3> <LI><a href="#[1ae]">mbedtls_cipher_update</a>&nbsp;&nbsp;&nbsp;&rArr;&nbsp;&nbsp;&nbsp;<a href="#[2d9]">mbedtls_gcm_update</a><BR>
 <LI><a href="#[402]">x509_crt_verify_child</a>&nbsp;&nbsp;&nbsp;&rArr;&nbsp;&nbsp;&nbsp;<a href="#[402]">x509_crt_verify_child</a><BR>
</UL>
<P>
<H3>
Function Pointers
</H3><UL>
 <LI><a href="#[11]">ETH_link_callback</a> from lan8742a.o(i.ETH_link_callback) referenced from netconf.o(i.LwIP_Init)
 <LI><a href="#[20]">GetPinStateOfKey1</a> from bsp_key.o(i.GetPinStateOfKey1) referenced from main.o(i.hardware_init)
 <LI><a href="#[21]">GetPinStateOfKey2</a> from bsp_key.o(i.GetPinStateOfKey2) referenced from main.o(i.hardware_init)
 <LI><a href="#[17]">LwIP_DHCP_task</a> from netconf.o(i.LwIP_DHCP_task) referenced from main.o(i.creat_task3)
 <LI><a href="#[53]">MQTTcallbackHandler</a> from aws_subscribe_publish_sensor_values.o(i.MQTTcallbackHandler) referenced from aws_subscribe_publish_sensor_values.o(i.subscribe_publish_sensor_values)
 <LI><a href="#[1]">Reset_Handler</a> from los_startup_keil.o(RESET) referenced 2 times from los_hwi.o(.vector.bss)
 <LI><a href="#[1]">Reset_Handler</a> from los_startup_keil.o(RESET) referenced from los_startup_keil.o(RESET)
 <LI><a href="#[6]">SystemInit</a> from system_stm32f4xx.o(i.SystemInit) referenced from los_startup_keil.o(RESET)
 <LI><a href="#[22]">TIM3_IRQHandler</a> from main.o(i.TIM3_IRQHandler) referenced from main.o(i.hardware_init)
 <LI><a href="#[7]">__main</a> from entry.o(.ARM.Collect$$$$00000000) referenced from los_startup_keil.o(RESET)
 <LI><a href="#[28]">_iot_tls_verify_cert</a> from aws_network_st_wrapper.o(i._iot_tls_verify_cert) referenced from aws_network_st_wrapper.o(i.iot_tls_connect)
 <LI><a href="#[a]">_sbackspace</a> from _sgetc.o(.text) referenced from __0sscanf.o(.text)
 <LI><a href="#[b]">_scanf_char_input</a> from scanf_char.o(.text) referenced from scanf_char.o(.text)
 <LI><a href="#[9]">_sgetc</a> from _sgetc.o(.text) referenced from __0sscanf.o(.text)
 <LI><a href="#[13]">_snputc</a> from printfa.o(i._snputc) referenced from printfa.o(i.__0snprintf)
 <LI><a href="#[13]">_snputc</a> from printfa.o(i._snputc) referenced from printfa.o(i.__0vsnprintf)
 <LI><a href="#[14]">_sputc</a> from printfa.o(i._sputc) referenced from printfa.o(i.__0sprintf)
 <LI><a href="#[57]">aes_crypt_ecb_wrap</a> from cipher_wrap.o(i.aes_crypt_ecb_wrap) referenced from cipher_wrap.o(.constdata)
 <LI><a href="#[5a]">aes_ctx_alloc</a> from cipher_wrap.o(i.aes_ctx_alloc) referenced from cipher_wrap.o(.constdata)
 <LI><a href="#[5b]">aes_ctx_free</a> from cipher_wrap.o(i.aes_ctx_free) referenced from cipher_wrap.o(.constdata)
 <LI><a href="#[59]">aes_setkey_dec_wrap</a> from cipher_wrap.o(i.aes_setkey_dec_wrap) referenced from cipher_wrap.o(.constdata)
 <LI><a href="#[58]">aes_setkey_enc_wrap</a> from cipher_wrap.o(i.aes_setkey_enc_wrap) referenced from cipher_wrap.o(.constdata)
 <LI><a href="#[15]">arp_timer</a> from timers.o(i.arp_timer) referenced 2 times from timers.o(i.arp_timer)
 <LI><a href="#[16]">arp_timer</a> from ethernetif.o(i.arp_timer) referenced from ethernetif.o(i.ethernetif_init)
 <LI><a href="#[15]">arp_timer</a> from timers.o(i.arp_timer) referenced from timers.o(i.sys_timeouts_init)
 <LI><a href="#[4]">calloc</a> from calloc.o(.text) referenced 2 times from platform.o(.data)
 <LI><a href="#[5f]">ccm_aes_setkey_wrap</a> from cipher_wrap.o(i.ccm_aes_setkey_wrap) referenced 2 times from cipher_wrap.o(.constdata)
 <LI><a href="#[60]">ccm_ctx_alloc</a> from cipher_wrap.o(i.ccm_ctx_alloc) referenced from cipher_wrap.o(.constdata)
 <LI><a href="#[61]">ccm_ctx_free</a> from cipher_wrap.o(i.ccm_ctx_free) referenced from cipher_wrap.o(.constdata)
 <LI><a href="#[18]">cloud_test</a> from main.o(i.cloud_test) referenced from main.o(i.creat_task4)
 <LI><a href="#[67]">des3_crypt_ecb_wrap</a> from cipher_wrap.o(i.des3_crypt_ecb_wrap) referenced 2 times from cipher_wrap.o(.constdata)
 <LI><a href="#[6a]">des3_ctx_alloc</a> from cipher_wrap.o(i.des3_ctx_alloc) referenced 2 times from cipher_wrap.o(.constdata)
 <LI><a href="#[6b]">des3_ctx_free</a> from cipher_wrap.o(i.des3_ctx_free) referenced 2 times from cipher_wrap.o(.constdata)
 <LI><a href="#[69]">des3_set2key_dec_wrap</a> from cipher_wrap.o(i.des3_set2key_dec_wrap) referenced from cipher_wrap.o(.constdata)
 <LI><a href="#[68]">des3_set2key_enc_wrap</a> from cipher_wrap.o(i.des3_set2key_enc_wrap) referenced from cipher_wrap.o(.constdata)
 <LI><a href="#[6d]">des3_set3key_dec_wrap</a> from cipher_wrap.o(i.des3_set3key_dec_wrap) referenced from cipher_wrap.o(.constdata)
 <LI><a href="#[6c]">des3_set3key_enc_wrap</a> from cipher_wrap.o(i.des3_set3key_enc_wrap) referenced from cipher_wrap.o(.constdata)
 <LI><a href="#[62]">des_crypt_ecb_wrap</a> from cipher_wrap.o(i.des_crypt_ecb_wrap) referenced from cipher_wrap.o(.constdata)
 <LI><a href="#[65]">des_ctx_alloc</a> from cipher_wrap.o(i.des_ctx_alloc) referenced from cipher_wrap.o(.constdata)
 <LI><a href="#[66]">des_ctx_free</a> from cipher_wrap.o(i.des_ctx_free) referenced from cipher_wrap.o(.constdata)
 <LI><a href="#[64]">des_setkey_dec_wrap</a> from cipher_wrap.o(i.des_setkey_dec_wrap) referenced from cipher_wrap.o(.constdata)
 <LI><a href="#[63]">des_setkey_enc_wrap</a> from cipher_wrap.o(i.des_setkey_enc_wrap) referenced from cipher_wrap.o(.constdata)
 <LI><a href="#[19]">dhcp_recv</a> from dhcp.o(i.dhcp_recv) referenced from dhcp.o(i.dhcp_start)
 <LI><a href="#[1a]">dhcp_timer_coarse</a> from timers.o(i.dhcp_timer_coarse) referenced from timers.o(i.dhcp_timer_coarse)
 <LI><a href="#[1a]">dhcp_timer_coarse</a> from timers.o(i.dhcp_timer_coarse) referenced from timers.o(i.sys_timeouts_init)
 <LI><a href="#[1b]">dhcp_timer_fine</a> from timers.o(i.dhcp_timer_fine) referenced from timers.o(i.dhcp_timer_fine)
 <LI><a href="#[1b]">dhcp_timer_fine</a> from timers.o(i.dhcp_timer_fine) referenced from timers.o(i.sys_timeouts_init)
 <LI><a href="#[52]">disconnectCallbackHandler</a> from aws_subscribe_publish_sensor_values.o(i.disconnectCallbackHandler) referenced from aws_subscribe_publish_sensor_values.o(i.subscribe_publish_sensor_values)
 <LI><a href="#[1c]">dns_recv</a> from dns.o(i.dns_recv) referenced from dns.o(i.dns_init)
 <LI><a href="#[1d]">dns_timer</a> from timers.o(i.dns_timer) referenced from timers.o(i.dns_timer)
 <LI><a href="#[1d]">dns_timer</a> from timers.o(i.dns_timer) referenced from timers.o(i.sys_timeouts_init)
 <LI><a href="#[b0]">ecdsa_alloc_wrap</a> from pk_wrap.o(i.ecdsa_alloc_wrap) referenced from pk_wrap.o(.constdata)
 <LI><a href="#[ad]">ecdsa_can_do</a> from pk_wrap.o(i.ecdsa_can_do) referenced from pk_wrap.o(.constdata)
 <LI><a href="#[b1]">ecdsa_free_wrap</a> from pk_wrap.o(i.ecdsa_free_wrap) referenced from pk_wrap.o(.constdata)
 <LI><a href="#[af]">ecdsa_sign_wrap</a> from pk_wrap.o(i.ecdsa_sign_wrap) referenced from pk_wrap.o(.constdata)
 <LI><a href="#[ae]">ecdsa_verify_wrap</a> from pk_wrap.o(i.ecdsa_verify_wrap) referenced from pk_wrap.o(.constdata)
 <LI><a href="#[a9]">eckey_alloc_wrap</a> from pk_wrap.o(i.eckey_alloc_wrap) referenced 2 times from pk_wrap.o(.constdata)
 <LI><a href="#[a5]">eckey_can_do</a> from pk_wrap.o(i.eckey_can_do) referenced from pk_wrap.o(.constdata)
 <LI><a href="#[a8]">eckey_check_pair</a> from pk_wrap.o(i.eckey_check_pair) referenced 3 times from pk_wrap.o(.constdata)
 <LI><a href="#[ab]">eckey_debug</a> from pk_wrap.o(i.eckey_debug) referenced 3 times from pk_wrap.o(.constdata)
 <LI><a href="#[aa]">eckey_free_wrap</a> from pk_wrap.o(i.eckey_free_wrap) referenced 2 times from pk_wrap.o(.constdata)
 <LI><a href="#[a4]">eckey_get_bitlen</a> from pk_wrap.o(i.eckey_get_bitlen) referenced 3 times from pk_wrap.o(.constdata)
 <LI><a href="#[a7]">eckey_sign_wrap</a> from pk_wrap.o(i.eckey_sign_wrap) referenced from pk_wrap.o(.constdata)
 <LI><a href="#[a6]">eckey_verify_wrap</a> from pk_wrap.o(i.eckey_verify_wrap) referenced from pk_wrap.o(.constdata)
 <LI><a href="#[ac]">eckeydh_can_do</a> from pk_wrap.o(i.eckeydh_can_do) referenced from pk_wrap.o(.constdata)
 <LI><a href="#[34]">ecp_mod_p192</a> from ecp_curves.o(i.ecp_mod_p192) referenced from ecp_curves.o(i.mbedtls_ecp_group_load)
 <LI><a href="#[39]">ecp_mod_p192k1</a> from ecp_curves.o(i.ecp_mod_p192k1) referenced from ecp_curves.o(i.mbedtls_ecp_group_load)
 <LI><a href="#[35]">ecp_mod_p224</a> from ecp_curves.o(i.ecp_mod_p224) referenced from ecp_curves.o(i.mbedtls_ecp_group_load)
 <LI><a href="#[3a]">ecp_mod_p224k1</a> from ecp_curves.o(i.ecp_mod_p224k1) referenced from ecp_curves.o(i.mbedtls_ecp_group_load)
 <LI><a href="#[3c]">ecp_mod_p255</a> from ecp_curves.o(i.ecp_mod_p255) referenced from ecp_curves.o(i.mbedtls_ecp_group_load)
 <LI><a href="#[36]">ecp_mod_p256</a> from ecp_curves.o(i.ecp_mod_p256) referenced from ecp_curves.o(i.mbedtls_ecp_group_load)
 <LI><a href="#[3b]">ecp_mod_p256k1</a> from ecp_curves.o(i.ecp_mod_p256k1) referenced from ecp_curves.o(i.mbedtls_ecp_group_load)
 <LI><a href="#[37]">ecp_mod_p384</a> from ecp_curves.o(i.ecp_mod_p384) referenced from ecp_curves.o(i.mbedtls_ecp_group_load)
 <LI><a href="#[38]">ecp_mod_p521</a> from ecp_curves.o(i.ecp_mod_p521) referenced from ecp_curves.o(i.mbedtls_ecp_group_load)
 <LI><a href="#[1e]">etharp_output</a> from etharp.o(i.etharp_output) referenced from ethernetif.o(i.ethernetif_init)
 <LI><a href="#[10]">ethernetif_init</a> from ethernetif.o(i.ethernetif_init) referenced from netconf.o(i.LwIP_Init)
 <LI><a href="#[32]">ethernetif_input</a> from ethernetif.o(i.ethernetif_input) referenced from ethernetif.o(i.low_level_init)
 <LI><a href="#[12]">fputc</a> from bsp_debug_usart.o(i.fputc) referenced from printfa.o(i.__0fprintf)
 <LI><a href="#[12]">fputc</a> from bsp_debug_usart.o(i.fputc) referenced from printfa.o(i.__0printf)
 <LI><a href="#[5]">free</a> from malloc1.o(i.__free$1region) referenced 2 times from platform.o(.data)
 <LI><a href="#[5c]">gcm_aes_setkey_wrap</a> from cipher_wrap.o(i.gcm_aes_setkey_wrap) referenced 2 times from cipher_wrap.o(.constdata)
 <LI><a href="#[5d]">gcm_ctx_alloc</a> from cipher_wrap.o(i.gcm_ctx_alloc) referenced from cipher_wrap.o(.constdata)
 <LI><a href="#[5e]">gcm_ctx_free</a> from cipher_wrap.o(i.gcm_ctx_free) referenced from cipher_wrap.o(.constdata)
 <LI><a href="#[2c]">iot_tls_connect</a> from aws_network_st_wrapper.o(i.iot_tls_connect) referenced from aws_network_st_wrapper.o(i.iot_tls_init)
 <LI><a href="#[31]">iot_tls_destroy</a> from aws_network_st_wrapper.o(i.iot_tls_destroy) referenced from aws_network_st_wrapper.o(i.iot_tls_init)
 <LI><a href="#[2f]">iot_tls_disconnect</a> from aws_network_st_wrapper.o(i.iot_tls_disconnect) referenced from aws_network_st_wrapper.o(i.iot_tls_init)
 <LI><a href="#[30]">iot_tls_is_connected</a> from aws_network_st_wrapper.o(i.iot_tls_is_connected) referenced from aws_network_st_wrapper.o(i.iot_tls_init)
 <LI><a href="#[2d]">iot_tls_read</a> from aws_network_st_wrapper.o(i.iot_tls_read) referenced from aws_network_st_wrapper.o(i.iot_tls_init)
 <LI><a href="#[2e]">iot_tls_write</a> from aws_network_st_wrapper.o(i.iot_tls_write) referenced from aws_network_st_wrapper.o(i.iot_tls_init)
 <LI><a href="#[c]">isspace</a> from isspace_o.o(.text) referenced from scanf_char.o(.text)
 <LI><a href="#[24]">liteoscalloc</a> from mem_manage.o(i.liteoscalloc) referenced from aws_network_st_wrapper.o(i.iot_tls_connect)
 <LI><a href="#[24]">liteoscalloc</a> from mem_manage.o(i.liteoscalloc) referenced from net_tls_mbedtls.o(i.net_sock_open_mbedtls)
 <LI><a href="#[23]">liteosfree</a> from mem_manage.o(i.liteosfree) referenced from aws_network_st_wrapper.o(i.iot_tls_connect)
 <LI><a href="#[23]">liteosfree</a> from mem_manage.o(i.liteosfree) referenced from net_tls_mbedtls.o(i.net_sock_open_mbedtls)
 <LI><a href="#[1f]">low_level_output</a> from ethernetif.o(i.low_level_output) referenced from ethernetif.o(i.ethernetif_init)
 <LI><a href="#[8]">main</a> from main.o(i.main) referenced from entry9a.o(.ARM.Collect$$$$0000000B)
 <LI><a href="#[29]">mbedtls_ctr_drbg_random</a> from ctr_drbg.o(i.mbedtls_ctr_drbg_random) referenced from aws_network_st_wrapper.o(i.iot_tls_connect)
 <LI><a href="#[29]">mbedtls_ctr_drbg_random</a> from ctr_drbg.o(i.mbedtls_ctr_drbg_random) referenced from net_tls_mbedtls.o(i.net_sock_open_mbedtls)
 <LI><a href="#[27]">mbedtls_entropy_func</a> from entropy.o(i.mbedtls_entropy_func) referenced from aws_network_st_wrapper.o(i.iot_tls_connect)
 <LI><a href="#[27]">mbedtls_entropy_func</a> from entropy.o(i.mbedtls_entropy_func) referenced from net_tls_mbedtls.o(i.net_sock_open_mbedtls)
 <LI><a href="#[26]">mbedtls_hardware_poll</a> from entropy_hardware_poll.o(i.mbedtls_hardware_poll) referenced from aws_network_st_wrapper.o(i.iot_tls_connect)
 <LI><a href="#[26]">mbedtls_hardware_poll</a> from entropy_hardware_poll.o(i.mbedtls_hardware_poll) referenced from entropy.o(i.mbedtls_entropy_init)
 <LI><a href="#[26]">mbedtls_hardware_poll</a> from entropy_hardware_poll.o(i.mbedtls_hardware_poll) referenced from net_tls_mbedtls.o(i.net_sock_open_mbedtls)
 <LI><a href="#[33]">mbedtls_hmac_drbg_random</a> from hmac_drbg.o(i.mbedtls_hmac_drbg_random) referenced from ecdsa.o(i.mbedtls_ecdsa_sign_det)
 <LI><a href="#[71]">mbedtls_md5</a> from md5.o(i.mbedtls_md5) referenced from md_wrap.o(.constdata)
 <LI><a href="#[2a]">mbedtls_net_recv</a> from mbedtls_net.o(i.mbedtls_net_recv) referenced from aws_network_st_wrapper.o(i.iot_tls_connect)
 <LI><a href="#[2a]">mbedtls_net_recv</a> from mbedtls_net.o(i.mbedtls_net_recv) referenced from net_tls_mbedtls.o(i.net_sock_open_mbedtls)
 <LI><a href="#[4b]">mbedtls_net_recv_blocking</a> from mbedtls_net.o(i.mbedtls_net_recv_blocking) referenced from net_tls_mbedtls.o(i.net_sock_open_mbedtls)
 <LI><a href="#[2b]">mbedtls_net_send</a> from mbedtls_net.o(i.mbedtls_net_send) referenced from aws_network_st_wrapper.o(i.iot_tls_connect)
 <LI><a href="#[2b]">mbedtls_net_send</a> from mbedtls_net.o(i.mbedtls_net_send) referenced from net_tls_mbedtls.o(i.net_sock_open_mbedtls)
 <LI><a href="#[79]">mbedtls_ripemd160</a> from ripemd160.o(i.mbedtls_ripemd160) referenced from md_wrap.o(.constdata)
 <LI><a href="#[81]">mbedtls_sha1</a> from sha1.o(i.mbedtls_sha1) referenced from md_wrap.o(.constdata)
 <LI><a href="#[74]">md5_clone_wrap</a> from md_wrap.o(i.md5_clone_wrap) referenced from md_wrap.o(.constdata)
 <LI><a href="#[72]">md5_ctx_alloc</a> from md_wrap.o(i.md5_ctx_alloc) referenced from md_wrap.o(.constdata)
 <LI><a href="#[73]">md5_ctx_free</a> from md_wrap.o(i.md5_ctx_free) referenced from md_wrap.o(.constdata)
 <LI><a href="#[70]">md5_finish_wrap</a> from md_wrap.o(i.md5_finish_wrap) referenced from md_wrap.o(.constdata)
 <LI><a href="#[75]">md5_process_wrap</a> from md_wrap.o(i.md5_process_wrap) referenced from md_wrap.o(.constdata)
 <LI><a href="#[6e]">md5_starts_wrap</a> from md_wrap.o(i.md5_starts_wrap) referenced from md_wrap.o(.constdata)
 <LI><a href="#[6f]">md5_update_wrap</a> from md_wrap.o(i.md5_update_wrap) referenced from md_wrap.o(.constdata)
 <LI><a href="#[25]">my_debug</a> from aws_network_st_wrapper.o(i.my_debug) referenced from aws_network_st_wrapper.o(i.iot_tls_connect)
 <LI><a href="#[4a]">my_debug</a> from net_tls_mbedtls.o(i.my_debug) referenced from net_tls_mbedtls.o(i.net_sock_open_mbedtls)
 <LI><a href="#[48]">net_sock_close_mbedtls</a> from net_tls_mbedtls.o(i.net_sock_close_mbedtls) referenced from net_tls_mbedtls.o(i.net_sock_create_mbedtls)
 <LI><a href="#[49]">net_sock_destroy_mbedtls</a> from net_tls_mbedtls.o(i.net_sock_destroy_mbedtls) referenced from net_tls_mbedtls.o(i.net_sock_create_mbedtls)
 <LI><a href="#[45]">net_sock_open_mbedtls</a> from net_tls_mbedtls.o(i.net_sock_open_mbedtls) referenced from net_tls_mbedtls.o(i.net_sock_create_mbedtls)
 <LI><a href="#[46]">net_sock_recv_mbedtls</a> from net_tls_mbedtls.o(i.net_sock_recv_mbedtls) referenced from net_tls_mbedtls.o(i.net_sock_create_mbedtls)
 <LI><a href="#[47]">net_sock_send_mbedtls</a> from net_tls_mbedtls.o(i.net_sock_send_mbedtls) referenced from net_tls_mbedtls.o(i.net_sock_create_mbedtls)
 <LI><a href="#[2]">osHwiDefaultHandler</a> from los_hwi.o(i.osHwiDefaultHandler) referenced 16 times from los_hwi.o(.vector.bss)
 <LI><a href="#[2]">osHwiDefaultHandler</a> from los_hwi.o(i.osHwiDefaultHandler) referenced from los_hwi.o(i.LOS_HwiCreate)
 <LI><a href="#[2]">osHwiDefaultHandler</a> from los_hwi.o(i.osHwiDefaultHandler) referenced from los_hwi.o(i.osHwiInit)
 <LI><a href="#[e]">osIdleTask</a> from los_init.o(i.osIdleTask) referenced from los_task.o(i.LOS_TaskCreateOnly)
 <LI><a href="#[e]">osIdleTask</a> from los_init.o(i.osIdleTask) referenced from los_task.o(i.osIdleTaskCreate)
 <LI><a href="#[d]">osInterrupt</a> from los_hwi.o(i.osInterrupt) referenced from los_hwi.o(i.LOS_HwiCreate)
 <LI><a href="#[d]">osInterrupt</a> from los_hwi.o(i.osInterrupt) referenced from los_hw_tick.o(i.osTickStart)
 <LI><a href="#[3]">osPendSV</a> from los_dispatch_keil.o(.text) referenced 2 times from los_hwi.o(.vector.bss)
 <LI><a href="#[4c]">osSwTmrTask</a> from los_swtmr.o(i.osSwTmrTask) referenced from los_swtmr.o(i.osSwTmrTaskCreate)
 <LI><a href="#[50]">osTaskEntry</a> from los_task.o(i.osTaskEntry) referenced from los_hw.o(i.osTskStackInit)
 <LI><a href="#[4f]">osTaskExit</a> from los_hw.o(i.osTaskExit) referenced from los_hw.o(i.osTskStackInit)
 <LI><a href="#[4d]">osTaskSwitchCheck</a> from los_task.o(i.osTaskSwitchCheck) referenced from los_task.o(i.osTaskMonInit)
 <LI><a href="#[4e]">osTickHandler</a> from los_tick.o(i.osTickHandler) referenced from los_hw_tick.o(i.osTickStart)
 <LI><a href="#[7c]">ripemd160_clone_wrap</a> from md_wrap.o(i.ripemd160_clone_wrap) referenced from md_wrap.o(.constdata)
 <LI><a href="#[7a]">ripemd160_ctx_alloc</a> from md_wrap.o(i.ripemd160_ctx_alloc) referenced from md_wrap.o(.constdata)
 <LI><a href="#[7b]">ripemd160_ctx_free</a> from md_wrap.o(i.ripemd160_ctx_free) referenced from md_wrap.o(.constdata)
 <LI><a href="#[78]">ripemd160_finish_wrap</a> from md_wrap.o(i.ripemd160_finish_wrap) referenced from md_wrap.o(.constdata)
 <LI><a href="#[7d]">ripemd160_process_wrap</a> from md_wrap.o(i.ripemd160_process_wrap) referenced from md_wrap.o(.constdata)
 <LI><a href="#[76]">ripemd160_starts_wrap</a> from md_wrap.o(i.ripemd160_starts_wrap) referenced from md_wrap.o(.constdata)
 <LI><a href="#[77]">ripemd160_update_wrap</a> from md_wrap.o(i.ripemd160_update_wrap) referenced from md_wrap.o(.constdata)
 <LI><a href="#[a1]">rsa_alloc_wrap</a> from pk_wrap.o(i.rsa_alloc_wrap) referenced from pk_wrap.o(.constdata)
 <LI><a href="#[9b]">rsa_can_do</a> from pk_wrap.o(i.rsa_can_do) referenced from pk_wrap.o(.constdata)
 <LI><a href="#[a0]">rsa_check_pair_wrap</a> from pk_wrap.o(i.rsa_check_pair_wrap) referenced from pk_wrap.o(.constdata)
 <LI><a href="#[a3]">rsa_debug</a> from pk_wrap.o(i.rsa_debug) referenced from pk_wrap.o(.constdata)
 <LI><a href="#[9e]">rsa_decrypt_wrap</a> from pk_wrap.o(i.rsa_decrypt_wrap) referenced from pk_wrap.o(.constdata)
 <LI><a href="#[9f]">rsa_encrypt_wrap</a> from pk_wrap.o(i.rsa_encrypt_wrap) referenced from pk_wrap.o(.constdata)
 <LI><a href="#[a2]">rsa_free_wrap</a> from pk_wrap.o(i.rsa_free_wrap) referenced from pk_wrap.o(.constdata)
 <LI><a href="#[9a]">rsa_get_bitlen</a> from pk_wrap.o(i.rsa_get_bitlen) referenced from pk_wrap.o(.constdata)
 <LI><a href="#[9d]">rsa_sign_wrap</a> from pk_wrap.o(i.rsa_sign_wrap) referenced from pk_wrap.o(.constdata)
 <LI><a href="#[9c]">rsa_verify_wrap</a> from pk_wrap.o(i.rsa_verify_wrap) referenced from pk_wrap.o(.constdata)
 <LI><a href="#[84]">sha1_clone_wrap</a> from md_wrap.o(i.sha1_clone_wrap) referenced from md_wrap.o(.constdata)
 <LI><a href="#[82]">sha1_ctx_alloc</a> from md_wrap.o(i.sha1_ctx_alloc) referenced from md_wrap.o(.constdata)
 <LI><a href="#[83]">sha1_ctx_free</a> from md_wrap.o(i.sha1_ctx_free) referenced from md_wrap.o(.constdata)
 <LI><a href="#[80]">sha1_finish_wrap</a> from md_wrap.o(i.sha1_finish_wrap) referenced from md_wrap.o(.constdata)
 <LI><a href="#[85]">sha1_process_wrap</a> from md_wrap.o(i.sha1_process_wrap) referenced from md_wrap.o(.constdata)
 <LI><a href="#[7e]">sha1_starts_wrap</a> from md_wrap.o(i.sha1_starts_wrap) referenced from md_wrap.o(.constdata)
 <LI><a href="#[7f]">sha1_update_wrap</a> from md_wrap.o(i.sha1_update_wrap) referenced from md_wrap.o(.constdata)
 <LI><a href="#[8c]">sha224_clone_wrap</a> from md_wrap.o(i.sha224_clone_wrap) referenced 2 times from md_wrap.o(.constdata)
 <LI><a href="#[8a]">sha224_ctx_alloc</a> from md_wrap.o(i.sha224_ctx_alloc) referenced 2 times from md_wrap.o(.constdata)
 <LI><a href="#[8b]">sha224_ctx_free</a> from md_wrap.o(i.sha224_ctx_free) referenced 2 times from md_wrap.o(.constdata)
 <LI><a href="#[88]">sha224_finish_wrap</a> from md_wrap.o(i.sha224_finish_wrap) referenced 2 times from md_wrap.o(.constdata)
 <LI><a href="#[8d]">sha224_process_wrap</a> from md_wrap.o(i.sha224_process_wrap) referenced 2 times from md_wrap.o(.constdata)
 <LI><a href="#[86]">sha224_starts_wrap</a> from md_wrap.o(i.sha224_starts_wrap) referenced from md_wrap.o(.constdata)
 <LI><a href="#[87]">sha224_update_wrap</a> from md_wrap.o(i.sha224_update_wrap) referenced 2 times from md_wrap.o(.constdata)
 <LI><a href="#[89]">sha224_wrap</a> from md_wrap.o(i.sha224_wrap) referenced from md_wrap.o(.constdata)
 <LI><a href="#[8e]">sha256_starts_wrap</a> from md_wrap.o(i.sha256_starts_wrap) referenced from md_wrap.o(.constdata)
 <LI><a href="#[8f]">sha256_wrap</a> from md_wrap.o(i.sha256_wrap) referenced from md_wrap.o(.constdata)
 <LI><a href="#[96]">sha384_clone_wrap</a> from md_wrap.o(i.sha384_clone_wrap) referenced 2 times from md_wrap.o(.constdata)
 <LI><a href="#[94]">sha384_ctx_alloc</a> from md_wrap.o(i.sha384_ctx_alloc) referenced 2 times from md_wrap.o(.constdata)
 <LI><a href="#[95]">sha384_ctx_free</a> from md_wrap.o(i.sha384_ctx_free) referenced 2 times from md_wrap.o(.constdata)
 <LI><a href="#[92]">sha384_finish_wrap</a> from md_wrap.o(i.sha384_finish_wrap) referenced 2 times from md_wrap.o(.constdata)
 <LI><a href="#[97]">sha384_process_wrap</a> from md_wrap.o(i.sha384_process_wrap) referenced 2 times from md_wrap.o(.constdata)
 <LI><a href="#[90]">sha384_starts_wrap</a> from md_wrap.o(i.sha384_starts_wrap) referenced from md_wrap.o(.constdata)
 <LI><a href="#[91]">sha384_update_wrap</a> from md_wrap.o(i.sha384_update_wrap) referenced 2 times from md_wrap.o(.constdata)
 <LI><a href="#[93]">sha384_wrap</a> from md_wrap.o(i.sha384_wrap) referenced from md_wrap.o(.constdata)
 <LI><a href="#[98]">sha512_starts_wrap</a> from md_wrap.o(i.sha512_starts_wrap) referenced from md_wrap.o(.constdata)
 <LI><a href="#[99]">sha512_wrap</a> from md_wrap.o(i.sha512_wrap) referenced from md_wrap.o(.constdata)
 <LI><a href="#[42]">ssl_calc_finished_tls_sha256</a> from ssl_tls.o(i.ssl_calc_finished_tls_sha256) referenced from ssl_tls.o(i.mbedtls_ssl_derive_keys)
 <LI><a href="#[3f]">ssl_calc_finished_tls_sha384</a> from ssl_tls.o(i.ssl_calc_finished_tls_sha384) referenced from ssl_tls.o(i.mbedtls_ssl_derive_keys)
 <LI><a href="#[41]">ssl_calc_verify_tls_sha256</a> from ssl_tls.o(i.ssl_calc_verify_tls_sha256) referenced from ssl_tls.o(i.mbedtls_ssl_derive_keys)
 <LI><a href="#[3e]">ssl_calc_verify_tls_sha384</a> from ssl_tls.o(i.ssl_calc_verify_tls_sha384) referenced from ssl_tls.o(i.mbedtls_ssl_derive_keys)
 <LI><a href="#[44]">ssl_update_checksum_sha256</a> from ssl_tls.o(i.ssl_update_checksum_sha256) referenced from ssl_tls.o(i.mbedtls_ssl_optimize_checksum)
 <LI><a href="#[43]">ssl_update_checksum_sha384</a> from ssl_tls.o(i.ssl_update_checksum_sha384) referenced from ssl_tls.o(i.mbedtls_ssl_optimize_checksum)
 <LI><a href="#[51]">ssl_update_checksum_start</a> from ssl_tls.o(i.ssl_update_checksum_start) referenced from ssl_tls.o(i.ssl_handshake_params_init)
 <LI><a href="#[54]">tcp_recv_null</a> from tcp.o(i.tcp_recv_null) referenced from tcp.o(i.tcp_alloc)
 <LI><a href="#[f]">tcpip_input</a> from tcpip.o(i.tcpip_input) referenced from netconf.o(i.LwIP_Init)
 <LI><a href="#[55]">tcpip_tcp_timer</a> from timers.o(i.tcpip_tcp_timer) referenced from timers.o(i.tcp_timer_needed)
 <LI><a href="#[55]">tcpip_tcp_timer</a> from timers.o(i.tcpip_tcp_timer) referenced from timers.o(i.tcpip_tcp_timer)
 <LI><a href="#[56]">tcpip_thread</a> from tcpip.o(i.tcpip_thread) referenced from tcpip.o(i.tcpip_init)
 <LI><a href="#[40]">tls_prf_sha256</a> from ssl_tls.o(i.tls_prf_sha256) referenced from ssl_tls.o(i.mbedtls_ssl_derive_keys)
 <LI><a href="#[3d]">tls_prf_sha384</a> from ssl_tls.o(i.tls_prf_sha384) referenced from ssl_tls.o(i.mbedtls_ssl_derive_keys)
</UL>
<P>
<H3>
Global Symbols
</H3>
<P><STRONG><a name="[1]"></a>Reset_Handler</STRONG> (Thumb, 0 bytes, Stack size unknown bytes, los_startup_keil.o(RESET))
<BR>[Address Reference Count : 2]<UL><LI> los_startup_keil.o(RESET)
<LI> los_hwi.o(.vector.bss)
</UL>
<P><STRONG><a name="[7]"></a>__main</STRONG> (Thumb, 0 bytes, Stack size unknown bytes, entry.o(.ARM.Collect$$$$00000000))
<BR>[Address Reference Count : 1]<UL><LI> los_startup_keil.o(RESET)
</UL>
<P><STRONG><a name="[4b2]"></a>_main_stk</STRONG> (Thumb, 0 bytes, Stack size unknown bytes, entry3.o(.ARM.Collect$$$$00000002))

<P><STRONG><a name="[b2]"></a>_main_scatterload</STRONG> (Thumb, 0 bytes, Stack size unknown bytes, entry5.o(.ARM.Collect$$$$00000004))
<BR><BR>[Calls]<UL><LI><a href="#[b3]">&gt;&gt;</a>&nbsp;&nbsp;&nbsp;__scatterload
</UL>

<P><STRONG><a name="[ce]"></a>__main_after_scatterload</STRONG> (Thumb, 0 bytes, Stack size unknown bytes, entry5.o(.ARM.Collect$$$$00000004))
<BR><BR>[Called By]<UL><LI><a href="#[b3]">&gt;&gt;</a>&nbsp;&nbsp;&nbsp;__scatterload
</UL>

<P><STRONG><a name="[4b3]"></a>_main_clock</STRONG> (Thumb, 0 bytes, Stack size unknown bytes, entry7b.o(.ARM.Collect$$$$00000008))

<P><STRONG><a name="[4b4]"></a>_main_cpp_init</STRONG> (Thumb, 0 bytes, Stack size unknown bytes, entry8b.o(.ARM.Collect$$$$0000000A))

<P><STRONG><a name="[4b5]"></a>_main_init</STRONG> (Thumb, 0 bytes, Stack size unknown bytes, entry9a.o(.ARM.Collect$$$$0000000B))

<P><STRONG><a name="[4b6]"></a>__rt_final_cpp</STRONG> (Thumb, 0 bytes, Stack size unknown bytes, entry10a.o(.ARM.Collect$$$$0000000D))

<P><STRONG><a name="[4b7]"></a>__rt_final_exit</STRONG> (Thumb, 0 bytes, Stack size unknown bytes, entry11a.o(.ARM.Collect$$$$0000000F))

<P><STRONG><a name="[125]"></a>LOS_StartToRun</STRONG> (Thumb, 0 bytes, Stack size unknown bytes, los_dispatch_keil.o(.text))
<BR><BR>[Called By]<UL><LI><a href="#[124]">&gt;&gt;</a>&nbsp;&nbsp;&nbsp;LOS_Start
</UL>

<P><STRONG><a name="[41c]"></a>LOS_IntNumGet</STRONG> (Thumb, 0 bytes, Stack size unknown bytes, los_dispatch_keil.o(.text))
<BR><BR>[Called By]<UL><LI><a href="#[41a]">&gt;&gt;</a>&nbsp;&nbsp;&nbsp;osIntNumGet
</UL>

<P><STRONG><a name="[dc]"></a>LOS_IntLock</STRONG> (Thumb, 0 bytes, Stack size unknown bytes, los_dispatch_keil.o(.text))
<BR><BR>[Called By]<UL><LI><a href="#[121]">&gt;&gt;</a>&nbsp;&nbsp;&nbsp;LOS_SemPost
<LI><a href="#[12e]">&gt;&gt;</a>&nbsp;&nbsp;&nbsp;LOS_TaskDelay
<LI><a href="#[126]">&gt;&gt;</a>&nbsp;&nbsp;&nbsp;LOS_TaskCreate
<LI><a href="#[11e]">&gt;&gt;</a>&nbsp;&nbsp;&nbsp;LOS_SemPend
<LI><a href="#[103]">&gt;&gt;</a>&nbsp;&nbsp;&nbsp;LOS_HwiCreate
<LI><a href="#[db]">&gt;&gt;</a>&nbsp;&nbsp;&nbsp;Delayus
<LI><a href="#[12f]">&gt;&gt;</a>&nbsp;&nbsp;&nbsp;LOS_TaskYield
<LI><a href="#[10f]">&gt;&gt;</a>&nbsp;&nbsp;&nbsp;LOS_QueueCreate
<LI><a href="#[101]">&gt;&gt;</a>&nbsp;&nbsp;&nbsp;LOS_HeapFree
<LI><a href="#[fe]">&gt;&gt;</a>&nbsp;&nbsp;&nbsp;LOS_HeapAlloc
<LI><a href="#[11d]">&gt;&gt;</a>&nbsp;&nbsp;&nbsp;osSemCreate
<LI><a href="#[115]">&gt;&gt;</a>&nbsp;&nbsp;&nbsp;osQueueOperate
<LI><a href="#[119]">&gt;&gt;</a>&nbsp;&nbsp;&nbsp;LOS_Schedule
<LI><a href="#[50]">&gt;&gt;</a>&nbsp;&nbsp;&nbsp;osTaskEntry
<LI><a href="#[127]">&gt;&gt;</a>&nbsp;&nbsp;&nbsp;LOS_TaskCreateOnly
<LI><a href="#[d]">&gt;&gt;</a>&nbsp;&nbsp;&nbsp;osInterrupt
<LI><a href="#[4f]">&gt;&gt;</a>&nbsp;&nbsp;&nbsp;osTaskExit
<LI><a href="#[10c]">&gt;&gt;</a>&nbsp;&nbsp;&nbsp;osSlabMemFree
<LI><a href="#[109]">&gt;&gt;</a>&nbsp;&nbsp;&nbsp;osSlabMemAlloc
<LI><a href="#[10d]">&gt;&gt;</a>&nbsp;&nbsp;&nbsp;LOS_MemInit
</UL>

<P><STRONG><a name="[4b8]"></a>LOS_IntUnLock</STRONG> (Thumb, 0 bytes, Stack size unknown bytes, los_dispatch_keil.o(.text), UNUSED)

<P><STRONG><a name="[dd]"></a>LOS_IntRestore</STRONG> (Thumb, 0 bytes, Stack size unknown bytes, los_dispatch_keil.o(.text))
<BR><BR>[Called By]<UL><LI><a href="#[121]">&gt;&gt;</a>&nbsp;&nbsp;&nbsp;LOS_SemPost
<LI><a href="#[12e]">&gt;&gt;</a>&nbsp;&nbsp;&nbsp;LOS_TaskDelay
<LI><a href="#[126]">&gt;&gt;</a>&nbsp;&nbsp;&nbsp;LOS_TaskCreate
<LI><a href="#[11e]">&gt;&gt;</a>&nbsp;&nbsp;&nbsp;LOS_SemPend
<LI><a href="#[103]">&gt;&gt;</a>&nbsp;&nbsp;&nbsp;LOS_HwiCreate
<LI><a href="#[db]">&gt;&gt;</a>&nbsp;&nbsp;&nbsp;Delayus
<LI><a href="#[12f]">&gt;&gt;</a>&nbsp;&nbsp;&nbsp;LOS_TaskYield
<LI><a href="#[10f]">&gt;&gt;</a>&nbsp;&nbsp;&nbsp;LOS_QueueCreate
<LI><a href="#[101]">&gt;&gt;</a>&nbsp;&nbsp;&nbsp;LOS_HeapFree
<LI><a href="#[fe]">&gt;&gt;</a>&nbsp;&nbsp;&nbsp;LOS_HeapAlloc
<LI><a href="#[11d]">&gt;&gt;</a>&nbsp;&nbsp;&nbsp;osSemCreate
<LI><a href="#[115]">&gt;&gt;</a>&nbsp;&nbsp;&nbsp;osQueueOperate
<LI><a href="#[119]">&gt;&gt;</a>&nbsp;&nbsp;&nbsp;LOS_Schedule
<LI><a href="#[43d]">&gt;&gt;</a>&nbsp;&nbsp;&nbsp;osTaskSelfDelete
<LI><a href="#[127]">&gt;&gt;</a>&nbsp;&nbsp;&nbsp;LOS_TaskCreateOnly
<LI><a href="#[d]">&gt;&gt;</a>&nbsp;&nbsp;&nbsp;osInterrupt
<LI><a href="#[10c]">&gt;&gt;</a>&nbsp;&nbsp;&nbsp;osSlabMemFree
<LI><a href="#[109]">&gt;&gt;</a>&nbsp;&nbsp;&nbsp;osSlabMemAlloc
<LI><a href="#[10d]">&gt;&gt;</a>&nbsp;&nbsp;&nbsp;LOS_MemInit
</UL>

<P><STRONG><a name="[11b]"></a>osTaskSchedule</STRONG> (Thumb, 0 bytes, Stack size unknown bytes, los_dispatch_keil.o(.text))
<BR><BR>[Called By]<UL><LI><a href="#[129]">&gt;&gt;</a>&nbsp;&nbsp;&nbsp;osSchedule
<LI><a href="#[119]">&gt;&gt;</a>&nbsp;&nbsp;&nbsp;LOS_Schedule
</UL>

<P><STRONG><a name="[3]"></a>osPendSV</STRONG> (Thumb, 0 bytes, Stack size unknown bytes, los_dispatch_keil.o(.text))
<BR>[Address Reference Count : 1]<UL><LI> los_hwi.o(.vector.bss)
</UL>
<P><STRONG><a name="[b4]"></a>__aeabi_uldivmod</STRONG> (Thumb, 98 bytes, Stack size 40 bytes, uldiv.o(.text))
<BR><BR>[Stack]<UL><LI>Max Depth = 40<LI>Call Chain = __aeabi_uldivmod
</UL>
<BR>[Calls]<UL><LI><a href="#[b5]">&gt;&gt;</a>&nbsp;&nbsp;&nbsp;__aeabi_llsr
<LI><a href="#[b6]">&gt;&gt;</a>&nbsp;&nbsp;&nbsp;__aeabi_llsl
</UL>
<BR>[Called By]<UL><LI><a href="#[31a]">&gt;&gt;</a>&nbsp;&nbsp;&nbsp;mbedtls_int_div_int
<LI><a href="#[15c]">&gt;&gt;</a>&nbsp;&nbsp;&nbsp;_printf_core
<LI><a href="#[194]">&gt;&gt;</a>&nbsp;&nbsp;&nbsp;_fp_digits
</UL>

<P><STRONG><a name="[4b9]"></a>rand</STRONG> (Thumb, 20 bytes, Stack size 0 bytes, rand.o(.text), UNUSED)

<P><STRONG><a name="[44a]"></a>srand</STRONG> (Thumb, 6 bytes, Stack size 0 bytes, rand.o(.text))
<BR><BR>[Called By]<UL><LI><a href="#[1b1]">&gt;&gt;</a>&nbsp;&nbsp;&nbsp;platform_init
</UL>

<P><STRONG><a name="[4ba]"></a>___aeabi_memcpy8$move</STRONG> (Thumb, 0 bytes, Stack size 8 bytes, memmovea.o(.text), UNUSED)

<P><STRONG><a name="[18d]"></a>__aeabi_memcpy</STRONG> (Thumb, 64 bytes, Stack size 8 bytes, memmovea.o(.text))
<BR><BR>[Stack]<UL><LI>Max Depth = 8<LI>Call Chain = __aeabi_memcpy
</UL>
<BR>[Called By]<UL><LI><a href="#[42b]">&gt;&gt;</a>&nbsp;&nbsp;&nbsp;osQueueBufferOperate
<LI><a href="#[1f4]">&gt;&gt;</a>&nbsp;&nbsp;&nbsp;pbuf_copy_partial
<LI><a href="#[25c]">&gt;&gt;</a>&nbsp;&nbsp;&nbsp;pbuf_copy
<LI><a href="#[26e]">&gt;&gt;</a>&nbsp;&nbsp;&nbsp;icmp_send_response
<LI><a href="#[180]">&gt;&gt;</a>&nbsp;&nbsp;&nbsp;_aws_iot_mqtt_internal_serialize_publish
<LI><a href="#[18b]">&gt;&gt;</a>&nbsp;&nbsp;&nbsp;aws_iot_mqtt_internal_write_utf8_string
<LI><a href="#[1f]">&gt;&gt;</a>&nbsp;&nbsp;&nbsp;low_level_output
<LI><a href="#[263]">&gt;&gt;</a>&nbsp;&nbsp;&nbsp;low_level_input
<LI><a href="#[296]">&gt;&gt;</a>&nbsp;&nbsp;&nbsp;mbedtls_ssl_set_hostname
<LI><a href="#[2a0]">&gt;&gt;</a>&nbsp;&nbsp;&nbsp;mbedtls_ssl_read
<LI><a href="#[27]">&gt;&gt;</a>&nbsp;&nbsp;&nbsp;mbedtls_entropy_func
<LI><a href="#[1b8]">&gt;&gt;</a>&nbsp;&nbsp;&nbsp;debug_print_line_by_line
<LI><a href="#[2dc]">&gt;&gt;</a>&nbsp;&nbsp;&nbsp;mbedtls_ctr_drbg_reseed
<LI><a href="#[2db]">&gt;&gt;</a>&nbsp;&nbsp;&nbsp;mbedtls_ctr_drbg_random_with_add
<LI><a href="#[1aa]">&gt;&gt;</a>&nbsp;&nbsp;&nbsp;block_cipher_df
<LI><a href="#[30c]">&gt;&gt;</a>&nbsp;&nbsp;&nbsp;mbedtls_gcm_starts
<LI><a href="#[30d]">&gt;&gt;</a>&nbsp;&nbsp;&nbsp;mbedtls_gcm_finish
<LI><a href="#[2d4]">&gt;&gt;</a>&nbsp;&nbsp;&nbsp;mbedtls_cipher_set_iv
<LI><a href="#[1ad]">&gt;&gt;</a>&nbsp;&nbsp;&nbsp;ccm_auth_crypt
<LI><a href="#[251]">&gt;&gt;</a>&nbsp;&nbsp;&nbsp;mbedtls_sha512_update
<LI><a href="#[20d]">&gt;&gt;</a>&nbsp;&nbsp;&nbsp;ecdsa_signature_to_asn1
<LI><a href="#[399]">&gt;&gt;</a>&nbsp;&nbsp;&nbsp;mbedtls_sha256_update
<LI><a href="#[390]">&gt;&gt;</a>&nbsp;&nbsp;&nbsp;mbedtls_sha1_update
<LI><a href="#[370]">&gt;&gt;</a>&nbsp;&nbsp;&nbsp;mbedtls_ripemd160_update
<LI><a href="#[31d]">&gt;&gt;</a>&nbsp;&nbsp;&nbsp;mbedtls_md5_update
<LI><a href="#[313]">&gt;&gt;</a>&nbsp;&nbsp;&nbsp;mbedtls_hmac_drbg_reseed
<LI><a href="#[311]">&gt;&gt;</a>&nbsp;&nbsp;&nbsp;mbedtls_hmac_drbg_random_with_add
<LI><a href="#[384]">&gt;&gt;</a>&nbsp;&nbsp;&nbsp;mbedtls_rsa_rsassa_pss_sign
<LI><a href="#[383]">&gt;&gt;</a>&nbsp;&nbsp;&nbsp;mbedtls_rsa_rsassa_pkcs1_v15_sign
<LI><a href="#[380]">&gt;&gt;</a>&nbsp;&nbsp;&nbsp;mbedtls_rsa_rsaes_pkcs1_v15_encrypt
<LI><a href="#[37d]">&gt;&gt;</a>&nbsp;&nbsp;&nbsp;mbedtls_rsa_rsaes_pkcs1_v15_decrypt
<LI><a href="#[381]">&gt;&gt;</a>&nbsp;&nbsp;&nbsp;mbedtls_rsa_rsaes_oaep_encrypt
<LI><a href="#[37e]">&gt;&gt;</a>&nbsp;&nbsp;&nbsp;mbedtls_rsa_rsaes_oaep_decrypt
<LI><a href="#[360]">&gt;&gt;</a>&nbsp;&nbsp;&nbsp;mbedtls_pkcs12_derivation
<LI><a href="#[362]">&gt;&gt;</a>&nbsp;&nbsp;&nbsp;pkcs12_fill_buffer
<LI><a href="#[36d]">&gt;&gt;</a>&nbsp;&nbsp;&nbsp;mbedtls_pkcs5_pbkdf2_hmac
<LI><a href="#[36b]">&gt;&gt;</a>&nbsp;&nbsp;&nbsp;mbedtls_pkcs5_pbes2
<LI><a href="#[3c6]">&gt;&gt;</a>&nbsp;&nbsp;&nbsp;mbedtls_ssl_write_finished
<LI><a href="#[3c2]">&gt;&gt;</a>&nbsp;&nbsp;&nbsp;mbedtls_ssl_write_certificate
<LI><a href="#[3af]">&gt;&gt;</a>&nbsp;&nbsp;&nbsp;mbedtls_ssl_derive_keys
<LI><a href="#[46c]">&gt;&gt;</a>&nbsp;&nbsp;&nbsp;ssl_write_session_ticket_ext
<LI><a href="#[465]">&gt;&gt;</a>&nbsp;&nbsp;&nbsp;ssl_write_renegotiation_ext
<LI><a href="#[464]">&gt;&gt;</a>&nbsp;&nbsp;&nbsp;ssl_write_hostname_ext
<LI><a href="#[3bc]">&gt;&gt;</a>&nbsp;&nbsp;&nbsp;ssl_write_client_hello
<LI><a href="#[461]">&gt;&gt;</a>&nbsp;&nbsp;&nbsp;ssl_write_alpn_ext
<LI><a href="#[3bd]">&gt;&gt;</a>&nbsp;&nbsp;&nbsp;ssl_parse_server_hello
<LI><a href="#[3c7]">&gt;&gt;</a>&nbsp;&nbsp;&nbsp;ssl_parse_new_session_ticket
<LI><a href="#[3fa]">&gt;&gt;</a>&nbsp;&nbsp;&nbsp;x509_crt_parse_der_core
<LI><a href="#[3e5]">&gt;&gt;</a>&nbsp;&nbsp;&nbsp;mbedtls_x509_crl_parse_der
<LI><a href="#[49f]">&gt;&gt;</a>&nbsp;&nbsp;&nbsp;tls_prf_generic
<LI><a href="#[3de]">&gt;&gt;</a>&nbsp;&nbsp;&nbsp;ssl_write_real
<LI><a href="#[44d]">&gt;&gt;</a>&nbsp;&nbsp;&nbsp;ssl_decrypt_buf
</UL>

<P><STRONG><a name="[139]"></a>__aeabi_memcpy4</STRONG> (Thumb, 0 bytes, Stack size 8 bytes, memmovea.o(.text))
<BR><BR>[Stack]<UL><LI>Max Depth = 8<LI>Call Chain = __aeabi_memcpy4
</UL>
<BR>[Called By]<UL><LI><a href="#[1b2]">&gt;&gt;</a>&nbsp;&nbsp;&nbsp;subscribe_publish_sensor_values
<LI><a href="#[1a5]">&gt;&gt;</a>&nbsp;&nbsp;&nbsp;aws_iot_mqtt_init
<LI><a href="#[230]">&gt;&gt;</a>&nbsp;&nbsp;&nbsp;mbedtls_mpi_grow
<LI><a href="#[221]">&gt;&gt;</a>&nbsp;&nbsp;&nbsp;mbedtls_mpi_copy
<LI><a href="#[32a]">&gt;&gt;</a>&nbsp;&nbsp;&nbsp;mpi_montmul
<LI><a href="#[53]">&gt;&gt;</a>&nbsp;&nbsp;&nbsp;MQTTcallbackHandler
<LI><a href="#[249]">&gt;&gt;</a>&nbsp;&nbsp;&nbsp;mbedtls_mpi_shrink
<LI><a href="#[38]">&gt;&gt;</a>&nbsp;&nbsp;&nbsp;ecp_mod_p521
<LI><a href="#[3c]">&gt;&gt;</a>&nbsp;&nbsp;&nbsp;ecp_mod_p255
<LI><a href="#[22e]">&gt;&gt;</a>&nbsp;&nbsp;&nbsp;ecp_mod_koblitz
<LI><a href="#[3a1]">&gt;&gt;</a>&nbsp;&nbsp;&nbsp;mbedtls_sha512_clone
<LI><a href="#[39c]">&gt;&gt;</a>&nbsp;&nbsp;&nbsp;mbedtls_sha256_clone
<LI><a href="#[393]">&gt;&gt;</a>&nbsp;&nbsp;&nbsp;mbedtls_sha1_clone
<LI><a href="#[373]">&gt;&gt;</a>&nbsp;&nbsp;&nbsp;mbedtls_ripemd160_clone
<LI><a href="#[320]">&gt;&gt;</a>&nbsp;&nbsp;&nbsp;mbedtls_md5_clone
<LI><a href="#[36d]">&gt;&gt;</a>&nbsp;&nbsp;&nbsp;mbedtls_pkcs5_pbkdf2_hmac
<LI><a href="#[3c9]">&gt;&gt;</a>&nbsp;&nbsp;&nbsp;mbedtls_ssl_parse_finished
<LI><a href="#[3af]">&gt;&gt;</a>&nbsp;&nbsp;&nbsp;mbedtls_ssl_derive_keys
</UL>

<P><STRONG><a name="[3d6]"></a>__aeabi_memmove</STRONG> (Thumb, 0 bytes, Stack size 8 bytes, memmovea.o(.text))
<BR><BR>[Stack]<UL><LI>Max Depth = 8<LI>Call Chain = __aeabi_memmove
</UL>
<BR>[Called By]<UL><LI><a href="#[3d4]">&gt;&gt;</a>&nbsp;&nbsp;&nbsp;mbedtls_ssl_read_record_layer
</UL>

<P><STRONG><a name="[4bb]"></a>__aeabi_memmove4</STRONG> (Thumb, 0 bytes, Stack size 8 bytes, memmovea.o(.text), UNUSED)

<P><STRONG><a name="[4bc]"></a>__aeabi_memmove8</STRONG> (Thumb, 0 bytes, Stack size 8 bytes, memmovea.o(.text), UNUSED)

<P><STRONG><a name="[b8]"></a>__aeabi_memset</STRONG> (Thumb, 14 bytes, Stack size 0 bytes, memseta.o(.text))
<BR><BR>[Called By]<UL><LI><a href="#[12d]">&gt;&gt;</a>&nbsp;&nbsp;&nbsp;osTskStackInit
<LI><a href="#[28d]">&gt;&gt;</a>&nbsp;&nbsp;&nbsp;mbedtls_ssl_config_defaults
<LI><a href="#[2f8]">&gt;&gt;</a>&nbsp;&nbsp;&nbsp;mbedtls_hmac_drbg_seed_buf
<LI><a href="#[319]">&gt;&gt;</a>&nbsp;&nbsp;&nbsp;mbedtls_md_hmac_starts
<LI><a href="#[383]">&gt;&gt;</a>&nbsp;&nbsp;&nbsp;mbedtls_rsa_rsassa_pkcs1_v15_sign
<LI><a href="#[360]">&gt;&gt;</a>&nbsp;&nbsp;&nbsp;mbedtls_pkcs12_derivation
<LI><a href="#[b9]">&gt;&gt;</a>&nbsp;&nbsp;&nbsp;_memset$wrapper
<LI><a href="#[b7]">&gt;&gt;</a>&nbsp;&nbsp;&nbsp;__aeabi_memclr
</UL>

<P><STRONG><a name="[4bd]"></a>__aeabi_memset4</STRONG> (Thumb, 0 bytes, Stack size 0 bytes, memseta.o(.text), UNUSED)

<P><STRONG><a name="[4be]"></a>__aeabi_memset8</STRONG> (Thumb, 0 bytes, Stack size 0 bytes, memseta.o(.text), UNUSED)

<P><STRONG><a name="[b7]"></a>__aeabi_memclr</STRONG> (Thumb, 4 bytes, Stack size 0 bytes, memseta.o(.text))
<BR><BR>[Calls]<UL><LI><a href="#[b8]">&gt;&gt;</a>&nbsp;&nbsp;&nbsp;__aeabi_memset
</UL>
<BR>[Called By]<UL><LI><a href="#[102]">&gt;&gt;</a>&nbsp;&nbsp;&nbsp;LOS_HeapInit
<LI><a href="#[2c7]">&gt;&gt;</a>&nbsp;&nbsp;&nbsp;mbedtls_mpi_write_binary
<LI><a href="#[1ad]">&gt;&gt;</a>&nbsp;&nbsp;&nbsp;ccm_auth_crypt
<LI><a href="#[227]">&gt;&gt;</a>&nbsp;&nbsp;&nbsp;ecp_comb_fixed
<LI><a href="#[384]">&gt;&gt;</a>&nbsp;&nbsp;&nbsp;mbedtls_rsa_rsassa_pss_sign
<LI><a href="#[381]">&gt;&gt;</a>&nbsp;&nbsp;&nbsp;mbedtls_rsa_rsaes_oaep_encrypt
</UL>

<P><STRONG><a name="[1ab]"></a>__aeabi_memclr4</STRONG> (Thumb, 0 bytes, Stack size 0 bytes, memseta.o(.text))
<BR><BR>[Called By]<UL><LI><a href="#[133]">&gt;&gt;</a>&nbsp;&nbsp;&nbsp;dhcp_start
<LI><a href="#[1b2]">&gt;&gt;</a>&nbsp;&nbsp;&nbsp;subscribe_publish_sensor_values
<LI><a href="#[438]">&gt;&gt;</a>&nbsp;&nbsp;&nbsp;osSwTmrTaskCreate
<LI><a href="#[425]">&gt;&gt;</a>&nbsp;&nbsp;&nbsp;osSwTmrInit
<LI><a href="#[100]">&gt;&gt;</a>&nbsp;&nbsp;&nbsp;osAlarmHeapInfo
<LI><a href="#[424]">&gt;&gt;</a>&nbsp;&nbsp;&nbsp;osQueueInit
<LI><a href="#[420]">&gt;&gt;</a>&nbsp;&nbsp;&nbsp;osTaskInit
<LI><a href="#[41b]">&gt;&gt;</a>&nbsp;&nbsp;&nbsp;osIdleTaskCreate
<LI><a href="#[419]">&gt;&gt;</a>&nbsp;&nbsp;&nbsp;osAtomicBitsetInit
<LI><a href="#[1fb]">&gt;&gt;</a>&nbsp;&nbsp;&nbsp;udp_new
<LI><a href="#[1f3]">&gt;&gt;</a>&nbsp;&nbsp;&nbsp;dhcp_parse_reply
<LI><a href="#[47c]">&gt;&gt;</a>&nbsp;&nbsp;&nbsp;tcp_alloc
<LI><a href="#[328]">&gt;&gt;</a>&nbsp;&nbsp;&nbsp;mbedtls_mpi_exp_mod
<LI><a href="#[221]">&gt;&gt;</a>&nbsp;&nbsp;&nbsp;mbedtls_mpi_copy
<LI><a href="#[32a]">&gt;&gt;</a>&nbsp;&nbsp;&nbsp;mpi_montmul
<LI><a href="#[19b]">&gt;&gt;</a>&nbsp;&nbsp;&nbsp;mbedtls_aes_init
<LI><a href="#[281]">&gt;&gt;</a>&nbsp;&nbsp;&nbsp;mbedtls_x509_crt_init
<LI><a href="#[27f]">&gt;&gt;</a>&nbsp;&nbsp;&nbsp;mbedtls_ssl_config_init
<LI><a href="#[285]">&gt;&gt;</a>&nbsp;&nbsp;&nbsp;mbedtls_entropy_init
<LI><a href="#[27]">&gt;&gt;</a>&nbsp;&nbsp;&nbsp;mbedtls_entropy_func
<LI><a href="#[280]">&gt;&gt;</a>&nbsp;&nbsp;&nbsp;mbedtls_ctr_drbg_init
<LI><a href="#[2de]">&gt;&gt;</a>&nbsp;&nbsp;&nbsp;mbedtls_debug_print_buf
<LI><a href="#[1ba]">&gt;&gt;</a>&nbsp;&nbsp;&nbsp;debug_print_pk
<LI><a href="#[2dd]">&gt;&gt;</a>&nbsp;&nbsp;&nbsp;mbedtls_ctr_drbg_seed_entropy_len
<LI><a href="#[2dc]">&gt;&gt;</a>&nbsp;&nbsp;&nbsp;mbedtls_ctr_drbg_reseed
<LI><a href="#[2db]">&gt;&gt;</a>&nbsp;&nbsp;&nbsp;mbedtls_ctr_drbg_random_with_add
<LI><a href="#[1b7]">&gt;&gt;</a>&nbsp;&nbsp;&nbsp;ctr_drbg_update_internal
<LI><a href="#[1aa]">&gt;&gt;</a>&nbsp;&nbsp;&nbsp;block_cipher_df
<LI><a href="#[267]">&gt;&gt;</a>&nbsp;&nbsp;&nbsp;mbedtls_gcm_init
<LI><a href="#[1ce]">&gt;&gt;</a>&nbsp;&nbsp;&nbsp;mbedtls_des_init
<LI><a href="#[1c4]">&gt;&gt;</a>&nbsp;&nbsp;&nbsp;mbedtls_des3_init
<LI><a href="#[2d8]">&gt;&gt;</a>&nbsp;&nbsp;&nbsp;mbedtls_cipher_init
<LI><a href="#[2cd]">&gt;&gt;</a>&nbsp;&nbsp;&nbsp;mbedtls_cipher_setup
<LI><a href="#[1af]">&gt;&gt;</a>&nbsp;&nbsp;&nbsp;mbedtls_ccm_init
<LI><a href="#[241]">&gt;&gt;</a>&nbsp;&nbsp;&nbsp;mbedtls_mpi_lset
<LI><a href="#[37]">&gt;&gt;</a>&nbsp;&nbsp;&nbsp;ecp_mod_p384
<LI><a href="#[36]">&gt;&gt;</a>&nbsp;&nbsp;&nbsp;ecp_mod_p256
<LI><a href="#[3c]">&gt;&gt;</a>&nbsp;&nbsp;&nbsp;ecp_mod_p255
<LI><a href="#[35]">&gt;&gt;</a>&nbsp;&nbsp;&nbsp;ecp_mod_p224
<LI><a href="#[22e]">&gt;&gt;</a>&nbsp;&nbsp;&nbsp;ecp_mod_koblitz
<LI><a href="#[2fd]">&gt;&gt;</a>&nbsp;&nbsp;&nbsp;mbedtls_ecp_group_init
<LI><a href="#[2f7]">&gt;&gt;</a>&nbsp;&nbsp;&nbsp;mbedtls_hmac_drbg_init
<LI><a href="#[2ec]">&gt;&gt;</a>&nbsp;&nbsp;&nbsp;mbedtls_ecdh_init
<LI><a href="#[39f]">&gt;&gt;</a>&nbsp;&nbsp;&nbsp;mbedtls_sha512_init
<LI><a href="#[397]">&gt;&gt;</a>&nbsp;&nbsp;&nbsp;mbedtls_sha256_init
<LI><a href="#[38e]">&gt;&gt;</a>&nbsp;&nbsp;&nbsp;mbedtls_sha1_init
<LI><a href="#[36e]">&gt;&gt;</a>&nbsp;&nbsp;&nbsp;mbedtls_ripemd160_init
<LI><a href="#[31b]">&gt;&gt;</a>&nbsp;&nbsp;&nbsp;mbedtls_md5_init
<LI><a href="#[313]">&gt;&gt;</a>&nbsp;&nbsp;&nbsp;mbedtls_hmac_drbg_reseed
<LI><a href="#[38b]">&gt;&gt;</a>&nbsp;&nbsp;&nbsp;mgf_mask
<LI><a href="#[354]">&gt;&gt;</a>&nbsp;&nbsp;&nbsp;pk_parse_key_pkcs8_encrypted_der
<LI><a href="#[36a]">&gt;&gt;</a>&nbsp;&nbsp;&nbsp;pkcs12_pbe_derive_key_iv
<LI><a href="#[37a]">&gt;&gt;</a>&nbsp;&nbsp;&nbsp;mbedtls_rsa_init
<LI><a href="#[414]">&gt;&gt;</a>&nbsp;&nbsp;&nbsp;net_sock_create_mbedtls
<LI><a href="#[3e3]">&gt;&gt;</a>&nbsp;&nbsp;&nbsp;mbedtls_x509_crl_init
<LI><a href="#[3f0]">&gt;&gt;</a>&nbsp;&nbsp;&nbsp;mbedtls_x509_dn_gets
<LI><a href="#[3db]">&gt;&gt;</a>&nbsp;&nbsp;&nbsp;mbedtls_ssl_session_init
<LI><a href="#[44e]">&gt;&gt;</a>&nbsp;&nbsp;&nbsp;ssl_transform_init
<LI><a href="#[44f]">&gt;&gt;</a>&nbsp;&nbsp;&nbsp;ssl_handshake_params_init
</UL>

<P><STRONG><a name="[4bf]"></a>__aeabi_memclr8</STRONG> (Thumb, 0 bytes, Stack size 0 bytes, memseta.o(.text), UNUSED)

<P><STRONG><a name="[b9]"></a>_memset$wrapper</STRONG> (Thumb, 18 bytes, Stack size 8 bytes, memseta.o(.text), UNUSED)
<BR><BR>[Calls]<UL><LI><a href="#[b8]">&gt;&gt;</a>&nbsp;&nbsp;&nbsp;__aeabi_memset
</UL>

<P><STRONG><a name="[13a]"></a>strstr</STRONG> (Thumb, 36 bytes, Stack size 12 bytes, strstr.o(.text))
<BR><BR>[Stack]<UL><LI>Max Depth = 12<LI>Call Chain = strstr
</UL>
<BR>[Called By]<UL><LI><a href="#[53]">&gt;&gt;</a>&nbsp;&nbsp;&nbsp;MQTTcallbackHandler
<LI><a href="#[288]">&gt;&gt;</a>&nbsp;&nbsp;&nbsp;mbedtls_x509_crt_parse
<LI><a href="#[349]">&gt;&gt;</a>&nbsp;&nbsp;&nbsp;mbedtls_pem_read_buffer
<LI><a href="#[44b]">&gt;&gt;</a>&nbsp;&nbsp;&nbsp;setRTCTimeDateFromNetwork
</UL>

<P><STRONG><a name="[13c]"></a>strlen</STRONG> (Thumb, 14 bytes, Stack size 0 bytes, strlen.o(.text))
<BR><BR>[Called By]<UL><LI><a href="#[1b2]">&gt;&gt;</a>&nbsp;&nbsp;&nbsp;subscribe_publish_sensor_values
<LI><a href="#[2c]">&gt;&gt;</a>&nbsp;&nbsp;&nbsp;iot_tls_connect
<LI><a href="#[16f]">&gt;&gt;</a>&nbsp;&nbsp;&nbsp;aws_iot_mqtt_set_connect_params
<LI><a href="#[53]">&gt;&gt;</a>&nbsp;&nbsp;&nbsp;MQTTcallbackHandler
<LI><a href="#[296]">&gt;&gt;</a>&nbsp;&nbsp;&nbsp;mbedtls_ssl_set_hostname
<LI><a href="#[279]">&gt;&gt;</a>&nbsp;&nbsp;&nbsp;mbedtls_ssl_free
<LI><a href="#[24c]">&gt;&gt;</a>&nbsp;&nbsp;&nbsp;mbedtls_mpi_read_string
<LI><a href="#[349]">&gt;&gt;</a>&nbsp;&nbsp;&nbsp;mbedtls_pem_read_buffer
<LI><a href="#[464]">&gt;&gt;</a>&nbsp;&nbsp;&nbsp;ssl_write_hostname_ext
<LI><a href="#[461]">&gt;&gt;</a>&nbsp;&nbsp;&nbsp;ssl_write_alpn_ext
<LI><a href="#[451]">&gt;&gt;</a>&nbsp;&nbsp;&nbsp;ssl_parse_alpn_ext
<LI><a href="#[44b]">&gt;&gt;</a>&nbsp;&nbsp;&nbsp;setRTCTimeDateFromNetwork
<LI><a href="#[45]">&gt;&gt;</a>&nbsp;&nbsp;&nbsp;net_sock_open_mbedtls
<LI><a href="#[4b]">&gt;&gt;</a>&nbsp;&nbsp;&nbsp;mbedtls_net_recv_blocking
<LI><a href="#[3fc]">&gt;&gt;</a>&nbsp;&nbsp;&nbsp;x509_check_wildcard
<LI><a href="#[3cf]">&gt;&gt;</a>&nbsp;&nbsp;&nbsp;mbedtls_x509_crt_verify_with_profile
<LI><a href="#[49f]">&gt;&gt;</a>&nbsp;&nbsp;&nbsp;tls_prf_generic
</UL>

<P><STRONG><a name="[416]"></a>strcmp</STRONG> (Thumb, 28 bytes, Stack size 8 bytes, strcmp.o(.text))
<BR><BR>[Stack]<UL><LI>Max Depth = 8<LI>Call Chain = strcmp
</UL>
<BR>[Called By]<UL><LI><a href="#[28b]">&gt;&gt;</a>&nbsp;&nbsp;&nbsp;net_sock_setopt
<LI><a href="#[44b]">&gt;&gt;</a>&nbsp;&nbsp;&nbsp;setRTCTimeDateFromNetwork
</UL>

<P><STRONG><a name="[260]"></a>memcmp</STRONG> (Thumb, 26 bytes, Stack size 12 bytes, memcmp.o(.text))
<BR><BR>[Stack]<UL><LI>Max Depth = 12<LI>Call Chain = memcmp
</UL>
<BR>[Called By]<UL><LI><a href="#[25f]">&gt;&gt;</a>&nbsp;&nbsp;&nbsp;ethernet_input
<LI><a href="#[335]">&gt;&gt;</a>&nbsp;&nbsp;&nbsp;oid_x520_attr_from_asn1
<LI><a href="#[346]">&gt;&gt;</a>&nbsp;&nbsp;&nbsp;oid_x509_ext_from_asn1
<LI><a href="#[343]">&gt;&gt;</a>&nbsp;&nbsp;&nbsp;oid_sig_alg_from_asn1
<LI><a href="#[341]">&gt;&gt;</a>&nbsp;&nbsp;&nbsp;oid_pkcs12_pbe_alg_from_asn1
<LI><a href="#[33f]">&gt;&gt;</a>&nbsp;&nbsp;&nbsp;oid_pk_alg_from_asn1
<LI><a href="#[33d]">&gt;&gt;</a>&nbsp;&nbsp;&nbsp;oid_md_alg_from_asn1
<LI><a href="#[339]">&gt;&gt;</a>&nbsp;&nbsp;&nbsp;oid_grp_id_from_asn1
<LI><a href="#[33b]">&gt;&gt;</a>&nbsp;&nbsp;&nbsp;oid_ext_key_usage_from_asn1
<LI><a href="#[337]">&gt;&gt;</a>&nbsp;&nbsp;&nbsp;oid_cipher_alg_from_asn1
<LI><a href="#[386]">&gt;&gt;</a>&nbsp;&nbsp;&nbsp;mbedtls_rsa_rsassa_pkcs1_v15_verify
<LI><a href="#[354]">&gt;&gt;</a>&nbsp;&nbsp;&nbsp;pk_parse_key_pkcs8_encrypted_der
<LI><a href="#[445]">&gt;&gt;</a>&nbsp;&nbsp;&nbsp;pk_group_from_specified
<LI><a href="#[36b]">&gt;&gt;</a>&nbsp;&nbsp;&nbsp;mbedtls_pkcs5_pbes2
<LI><a href="#[36c]">&gt;&gt;</a>&nbsp;&nbsp;&nbsp;pkcs5_parse_pbkdf2_params
<LI><a href="#[35f]">&gt;&gt;</a>&nbsp;&nbsp;&nbsp;mbedtls_rsa_rsassa_pss_verify_ext
<LI><a href="#[349]">&gt;&gt;</a>&nbsp;&nbsp;&nbsp;mbedtls_pem_read_buffer
<LI><a href="#[3be]">&gt;&gt;</a>&nbsp;&nbsp;&nbsp;mbedtls_ssl_parse_certificate
<LI><a href="#[3bd]">&gt;&gt;</a>&nbsp;&nbsp;&nbsp;ssl_parse_server_hello
<LI><a href="#[451]">&gt;&gt;</a>&nbsp;&nbsp;&nbsp;ssl_parse_alpn_ext
<LI><a href="#[3f8]">&gt;&gt;</a>&nbsp;&nbsp;&nbsp;mbedtls_x509_crt_is_revoked
<LI><a href="#[4af]">&gt;&gt;</a>&nbsp;&nbsp;&nbsp;x509_string_cmp
<LI><a href="#[4a1]">&gt;&gt;</a>&nbsp;&nbsp;&nbsp;x509_name_cmp
<LI><a href="#[4a8]">&gt;&gt;</a>&nbsp;&nbsp;&nbsp;x509_crt_verifycrl
<LI><a href="#[401]">&gt;&gt;</a>&nbsp;&nbsp;&nbsp;x509_crt_verify_top
<LI><a href="#[3fa]">&gt;&gt;</a>&nbsp;&nbsp;&nbsp;x509_crt_parse_der_core
<LI><a href="#[400]">&gt;&gt;</a>&nbsp;&nbsp;&nbsp;x509_crt_check_parent
<LI><a href="#[3e5]">&gt;&gt;</a>&nbsp;&nbsp;&nbsp;mbedtls_x509_crl_parse_der
<LI><a href="#[406]">&gt;&gt;</a>&nbsp;&nbsp;&nbsp;mbedtls_x509_get_rsassa_pss_params
<LI><a href="#[3cf]">&gt;&gt;</a>&nbsp;&nbsp;&nbsp;mbedtls_x509_crt_verify_with_profile
<LI><a href="#[3a6]">&gt;&gt;</a>&nbsp;&nbsp;&nbsp;mbedtls_x509_crt_check_extended_key_usage
<LI><a href="#[3d1]">&gt;&gt;</a>&nbsp;&nbsp;&nbsp;ssl_check_ctr_renegotiate
</UL>

<P><STRONG><a name="[13b]"></a>strcpy</STRONG> (Thumb, 18 bytes, Stack size 0 bytes, strcpy.o(.text))
<BR><BR>[Called By]<UL><LI><a href="#[53]">&gt;&gt;</a>&nbsp;&nbsp;&nbsp;MQTTcallbackHandler
</UL>

<P><STRONG><a name="[177]"></a>strncmp</STRONG> (Thumb, 30 bytes, Stack size 12 bytes, strncmp.o(.text))
<BR><BR>[Stack]<UL><LI>Max Depth = 12<LI>Call Chain = strncmp
</UL>
<BR>[Called By]<UL><LI><a href="#[175]">&gt;&gt;</a>&nbsp;&nbsp;&nbsp;_aws_iot_mqtt_internal_deliver_message
</UL>

<P><STRONG><a name="[4]"></a>calloc</STRONG> (Thumb, 28 bytes, Stack size 8 bytes, calloc.o(.text))
<BR><BR>[Stack]<UL><LI>Max Depth = 28<LI>Call Chain = calloc &rArr; malloc
</UL>
<BR>[Calls]<UL><LI><a href="#[ba]">&gt;&gt;</a>&nbsp;&nbsp;&nbsp;malloc
</UL>
<BR>[Address Reference Count : 1]<UL><LI> platform.o(.data)
</UL>
<P><STRONG><a name="[bb]"></a>__0sscanf</STRONG> (Thumb, 48 bytes, Stack size 72 bytes, __0sscanf.o(.text))
<BR><BR>[Stack]<UL><LI>Max Depth = 216<LI>Call Chain = __0sscanf &rArr; __vfscanf_char &rArr; __vfscanf &rArr; _scanf_string
</UL>
<BR>[Calls]<UL><LI><a href="#[bc]">&gt;&gt;</a>&nbsp;&nbsp;&nbsp;__vfscanf_char
</UL>
<BR>[Called By]<UL><LI><a href="#[44b]">&gt;&gt;</a>&nbsp;&nbsp;&nbsp;setRTCTimeDateFromNetwork
</UL>

<P><STRONG><a name="[bd]"></a>_scanf_int</STRONG> (Thumb, 332 bytes, Stack size 56 bytes, _scanf_int.o(.text))
<BR><BR>[Stack]<UL><LI>Max Depth = 56<LI>Call Chain = _scanf_int
</UL>
<BR>[Calls]<UL><LI><a href="#[be]">&gt;&gt;</a>&nbsp;&nbsp;&nbsp;_chval
</UL>
<BR>[Called By]<UL><LI><a href="#[c5]">&gt;&gt;</a>&nbsp;&nbsp;&nbsp;__vfscanf
</UL>

<P><STRONG><a name="[cf]"></a>_scanf_string</STRONG> (Thumb, 224 bytes, Stack size 56 bytes, _scanf_str.o(.text))
<BR><BR>[Stack]<UL><LI>Max Depth = 56<LI>Call Chain = _scanf_string
</UL>
<BR>[Called By]<UL><LI><a href="#[c5]">&gt;&gt;</a>&nbsp;&nbsp;&nbsp;__vfscanf
</UL>

<P><STRONG><a name="[bf]"></a>atoi</STRONG> (Thumb, 26 bytes, Stack size 16 bytes, atoi.o(.text))
<BR><BR>[Stack]<UL><LI>Max Depth = 88<LI>Call Chain = atoi &rArr; strtol &rArr; _strtoul
</UL>
<BR>[Calls]<UL><LI><a href="#[c1]">&gt;&gt;</a>&nbsp;&nbsp;&nbsp;strtol
<LI><a href="#[c0]">&gt;&gt;</a>&nbsp;&nbsp;&nbsp;__aeabi_errno_addr
</UL>
<BR>[Called By]<UL><LI><a href="#[28b]">&gt;&gt;</a>&nbsp;&nbsp;&nbsp;net_sock_setopt
</UL>

<P><STRONG><a name="[c2]"></a>__aeabi_ddiv</STRONG> (Thumb, 222 bytes, Stack size 32 bytes, ddiv.o(.text), UNUSED)
<BR><BR>[Calls]<UL><LI><a href="#[c3]">&gt;&gt;</a>&nbsp;&nbsp;&nbsp;_double_round
</UL>
<BR>[Called By]<UL><LI><a href="#[194]">&gt;&gt;</a>&nbsp;&nbsp;&nbsp;_fp_digits
</UL>

<P><STRONG><a name="[c4]"></a>__aeabi_d2ulz</STRONG> (Thumb, 48 bytes, Stack size 0 bytes, dfixul.o(.text), UNUSED)
<BR><BR>[Calls]<UL><LI><a href="#[b5]">&gt;&gt;</a>&nbsp;&nbsp;&nbsp;__aeabi_llsr
<LI><a href="#[b6]">&gt;&gt;</a>&nbsp;&nbsp;&nbsp;__aeabi_llsl
</UL>
<BR>[Called By]<UL><LI><a href="#[194]">&gt;&gt;</a>&nbsp;&nbsp;&nbsp;_fp_digits
</UL>

<P><STRONG><a name="[4c0]"></a>__aeabi_uidiv</STRONG> (Thumb, 0 bytes, Stack size 12 bytes, uidiv.o(.text), UNUSED)

<P><STRONG><a name="[199]"></a>__aeabi_uidivmod</STRONG> (Thumb, 44 bytes, Stack size 12 bytes, uidiv.o(.text), UNUSED)
<BR><BR>[Called By]<UL><LI><a href="#[15c]">&gt;&gt;</a>&nbsp;&nbsp;&nbsp;_printf_core
</UL>

<P><STRONG><a name="[b6]"></a>__aeabi_llsl</STRONG> (Thumb, 30 bytes, Stack size 0 bytes, llshl.o(.text))
<BR><BR>[Called By]<UL><LI><a href="#[c4]">&gt;&gt;</a>&nbsp;&nbsp;&nbsp;__aeabi_d2ulz
<LI><a href="#[b4]">&gt;&gt;</a>&nbsp;&nbsp;&nbsp;__aeabi_uldivmod
<LI><a href="#[c8]">&gt;&gt;</a>&nbsp;&nbsp;&nbsp;_double_epilogue
<LI><a href="#[c9]">&gt;&gt;</a>&nbsp;&nbsp;&nbsp;__aeabi_dadd
</UL>

<P><STRONG><a name="[4c1]"></a>_ll_shift_l</STRONG> (Thumb, 0 bytes, Stack size 0 bytes, llshl.o(.text), UNUSED)

<P><STRONG><a name="[b5]"></a>__aeabi_llsr</STRONG> (Thumb, 32 bytes, Stack size 0 bytes, llushr.o(.text))
<BR><BR>[Called By]<UL><LI><a href="#[c4]">&gt;&gt;</a>&nbsp;&nbsp;&nbsp;__aeabi_d2ulz
<LI><a href="#[b4]">&gt;&gt;</a>&nbsp;&nbsp;&nbsp;__aeabi_uldivmod
<LI><a href="#[c8]">&gt;&gt;</a>&nbsp;&nbsp;&nbsp;_double_epilogue
</UL>

<P><STRONG><a name="[4c2]"></a>_ll_ushift_r</STRONG> (Thumb, 0 bytes, Stack size 0 bytes, llushr.o(.text), UNUSED)

<P><STRONG><a name="[be]"></a>_chval</STRONG> (Thumb, 28 bytes, Stack size 0 bytes, _chval.o(.text))
<BR><BR>[Called By]<UL><LI><a href="#[c7]">&gt;&gt;</a>&nbsp;&nbsp;&nbsp;_strtoul
<LI><a href="#[bd]">&gt;&gt;</a>&nbsp;&nbsp;&nbsp;_scanf_int
</UL>

<P><STRONG><a name="[bc]"></a>__vfscanf_char</STRONG> (Thumb, 20 bytes, Stack size 0 bytes, scanf_char.o(.text))
<BR><BR>[Stack]<UL><LI>Max Depth = 144<LI>Call Chain = __vfscanf_char &rArr; __vfscanf &rArr; _scanf_string
</UL>
<BR>[Calls]<UL><LI><a href="#[c5]">&gt;&gt;</a>&nbsp;&nbsp;&nbsp;__vfscanf
</UL>
<BR>[Called By]<UL><LI><a href="#[bb]">&gt;&gt;</a>&nbsp;&nbsp;&nbsp;__0sscanf
</UL>

<P><STRONG><a name="[9]"></a>_sgetc</STRONG> (Thumb, 30 bytes, Stack size 0 bytes, _sgetc.o(.text))
<BR>[Address Reference Count : 1]<UL><LI> __0sscanf.o(.text)
</UL>
<P><STRONG><a name="[a]"></a>_sbackspace</STRONG> (Thumb, 34 bytes, Stack size 0 bytes, _sgetc.o(.text))
<BR>[Address Reference Count : 1]<UL><LI> __0sscanf.o(.text)
</UL>
<P><STRONG><a name="[c1]"></a>strtol</STRONG> (Thumb, 112 bytes, Stack size 32 bytes, strtol.o(.text))
<BR><BR>[Stack]<UL><LI>Max Depth = 72<LI>Call Chain = strtol &rArr; _strtoul
</UL>
<BR>[Calls]<UL><LI><a href="#[c7]">&gt;&gt;</a>&nbsp;&nbsp;&nbsp;_strtoul
<LI><a href="#[c6]">&gt;&gt;</a>&nbsp;&nbsp;&nbsp;__rt_ctype_table
<LI><a href="#[c0]">&gt;&gt;</a>&nbsp;&nbsp;&nbsp;__aeabi_errno_addr
</UL>
<BR>[Called By]<UL><LI><a href="#[bf]">&gt;&gt;</a>&nbsp;&nbsp;&nbsp;atoi
</UL>

<P><STRONG><a name="[4c3]"></a>__I$use$fp</STRONG> (Thumb, 0 bytes, Stack size 8 bytes, iusefp.o(.text), UNUSED)

<P><STRONG><a name="[c3]"></a>_double_round</STRONG> (Thumb, 30 bytes, Stack size 8 bytes, depilogue.o(.text), UNUSED)
<BR><BR>[Called By]<UL><LI><a href="#[c2]">&gt;&gt;</a>&nbsp;&nbsp;&nbsp;__aeabi_ddiv
<LI><a href="#[c8]">&gt;&gt;</a>&nbsp;&nbsp;&nbsp;_double_epilogue
<LI><a href="#[c9]">&gt;&gt;</a>&nbsp;&nbsp;&nbsp;__aeabi_dadd
</UL>

<P><STRONG><a name="[c8]"></a>_double_epilogue</STRONG> (Thumb, 156 bytes, Stack size 32 bytes, depilogue.o(.text), UNUSED)
<BR><BR>[Calls]<UL><LI><a href="#[b5]">&gt;&gt;</a>&nbsp;&nbsp;&nbsp;__aeabi_llsr
<LI><a href="#[b6]">&gt;&gt;</a>&nbsp;&nbsp;&nbsp;__aeabi_llsl
<LI><a href="#[c3]">&gt;&gt;</a>&nbsp;&nbsp;&nbsp;_double_round
</UL>
<BR>[Called By]<UL><LI><a href="#[cd]">&gt;&gt;</a>&nbsp;&nbsp;&nbsp;__aeabi_dmul
<LI><a href="#[c9]">&gt;&gt;</a>&nbsp;&nbsp;&nbsp;__aeabi_dadd
</UL>

<P><STRONG><a name="[c9]"></a>__aeabi_dadd</STRONG> (Thumb, 322 bytes, Stack size 48 bytes, dadd.o(.text), UNUSED)
<BR><BR>[Calls]<UL><LI><a href="#[ca]">&gt;&gt;</a>&nbsp;&nbsp;&nbsp;__aeabi_lasr
<LI><a href="#[b6]">&gt;&gt;</a>&nbsp;&nbsp;&nbsp;__aeabi_llsl
<LI><a href="#[c8]">&gt;&gt;</a>&nbsp;&nbsp;&nbsp;_double_epilogue
<LI><a href="#[c3]">&gt;&gt;</a>&nbsp;&nbsp;&nbsp;_double_round
</UL>
<BR>[Called By]<UL><LI><a href="#[cc]">&gt;&gt;</a>&nbsp;&nbsp;&nbsp;__aeabi_drsub
<LI><a href="#[cb]">&gt;&gt;</a>&nbsp;&nbsp;&nbsp;__aeabi_dsub
<LI><a href="#[194]">&gt;&gt;</a>&nbsp;&nbsp;&nbsp;_fp_digits
</UL>

<P><STRONG><a name="[cb]"></a>__aeabi_dsub</STRONG> (Thumb, 6 bytes, Stack size 0 bytes, dadd.o(.text), UNUSED)
<BR><BR>[Calls]<UL><LI><a href="#[c9]">&gt;&gt;</a>&nbsp;&nbsp;&nbsp;__aeabi_dadd
</UL>

<P><STRONG><a name="[cc]"></a>__aeabi_drsub</STRONG> (Thumb, 6 bytes, Stack size 0 bytes, dadd.o(.text), UNUSED)
<BR><BR>[Calls]<UL><LI><a href="#[c9]">&gt;&gt;</a>&nbsp;&nbsp;&nbsp;__aeabi_dadd
</UL>

<P><STRONG><a name="[cd]"></a>__aeabi_dmul</STRONG> (Thumb, 228 bytes, Stack size 48 bytes, dmul.o(.text), UNUSED)
<BR><BR>[Calls]<UL><LI><a href="#[c8]">&gt;&gt;</a>&nbsp;&nbsp;&nbsp;_double_epilogue
</UL>
<BR>[Called By]<UL><LI><a href="#[194]">&gt;&gt;</a>&nbsp;&nbsp;&nbsp;_fp_digits
</UL>

<P><STRONG><a name="[195]"></a>__aeabi_cdrcmple</STRONG> (Thumb, 48 bytes, Stack size 0 bytes, cdrcmple.o(.text), UNUSED)
<BR><BR>[Called By]<UL><LI><a href="#[194]">&gt;&gt;</a>&nbsp;&nbsp;&nbsp;_fp_digits
</UL>

<P><STRONG><a name="[b3]"></a>__scatterload</STRONG> (Thumb, 28 bytes, Stack size 0 bytes, init.o(.text))
<BR><BR>[Calls]<UL><LI><a href="#[ce]">&gt;&gt;</a>&nbsp;&nbsp;&nbsp;__main_after_scatterload
</UL>
<BR>[Called By]<UL><LI><a href="#[b2]">&gt;&gt;</a>&nbsp;&nbsp;&nbsp;_main_scatterload
</UL>

<P><STRONG><a name="[4c4]"></a>__scatterload_rt2</STRONG> (Thumb, 0 bytes, Stack size 0 bytes, init.o(.text), UNUSED)

<P><STRONG><a name="[ca]"></a>__aeabi_lasr</STRONG> (Thumb, 36 bytes, Stack size 0 bytes, llsshr.o(.text), UNUSED)
<BR><BR>[Called By]<UL><LI><a href="#[c9]">&gt;&gt;</a>&nbsp;&nbsp;&nbsp;__aeabi_dadd
</UL>

<P><STRONG><a name="[4c5]"></a>_ll_sshift_r</STRONG> (Thumb, 0 bytes, Stack size 0 bytes, llsshr.o(.text), UNUSED)

<P><STRONG><a name="[c6]"></a>__rt_ctype_table</STRONG> (Thumb, 4 bytes, Stack size 0 bytes, ctype_o.o(.text))
<BR><BR>[Called By]<UL><LI><a href="#[c]">&gt;&gt;</a>&nbsp;&nbsp;&nbsp;isspace
<LI><a href="#[c1]">&gt;&gt;</a>&nbsp;&nbsp;&nbsp;strtol
</UL>

<P><STRONG><a name="[c]"></a>isspace</STRONG> (Thumb, 18 bytes, Stack size 8 bytes, isspace_o.o(.text))
<BR><BR>[Stack]<UL><LI>Max Depth = 8<LI>Call Chain = isspace
</UL>
<BR>[Calls]<UL><LI><a href="#[c6]">&gt;&gt;</a>&nbsp;&nbsp;&nbsp;__rt_ctype_table
</UL>
<BR>[Address Reference Count : 1]<UL><LI> scanf_char.o(.text)
</UL>
<P><STRONG><a name="[c5]"></a>__vfscanf</STRONG> (Thumb, 808 bytes, Stack size 88 bytes, _scanf.o(.text))
<BR><BR>[Stack]<UL><LI>Max Depth = 144<LI>Call Chain = __vfscanf &rArr; _scanf_string
</UL>
<BR>[Calls]<UL><LI><a href="#[cf]">&gt;&gt;</a>&nbsp;&nbsp;&nbsp;_scanf_string
<LI><a href="#[bd]">&gt;&gt;</a>&nbsp;&nbsp;&nbsp;_scanf_int
</UL>
<BR>[Called By]<UL><LI><a href="#[bc]">&gt;&gt;</a>&nbsp;&nbsp;&nbsp;__vfscanf_char
</UL>

<P><STRONG><a name="[c7]"></a>_strtoul</STRONG> (Thumb, 158 bytes, Stack size 40 bytes, _strtoul.o(.text))
<BR><BR>[Stack]<UL><LI>Max Depth = 40<LI>Call Chain = _strtoul
</UL>
<BR>[Calls]<UL><LI><a href="#[be]">&gt;&gt;</a>&nbsp;&nbsp;&nbsp;_chval
<LI><a href="#[c0]">&gt;&gt;</a>&nbsp;&nbsp;&nbsp;__aeabi_errno_addr
</UL>
<BR>[Called By]<UL><LI><a href="#[c1]">&gt;&gt;</a>&nbsp;&nbsp;&nbsp;strtol
</UL>

<P><STRONG><a name="[4c6]"></a>__decompress</STRONG> (Thumb, 0 bytes, Stack size unknown bytes, __dczerorl2.o(.text), UNUSED)

<P><STRONG><a name="[4c7]"></a>__decompress1</STRONG> (Thumb, 86 bytes, Stack size unknown bytes, __dczerorl2.o(.text), UNUSED)

<P><STRONG><a name="[d0]"></a>CLOUD_Error_Handler</STRONG> (Thumb, 80 bytes, Stack size 0 bytes, cloud.o(i.CLOUD_Error_Handler))
<BR><BR>[Stack]<UL><LI>Max Depth = 24<LI>Call Chain = CLOUD_Error_Handler &rArr; __2printf
</UL>
<BR>[Calls]<UL><LI><a href="#[d1]">&gt;&gt;</a>&nbsp;&nbsp;&nbsp;__2printf
</UL>
<BR>[Called By]<UL><LI><a href="#[1b1]">&gt;&gt;</a>&nbsp;&nbsp;&nbsp;platform_init
</UL>

<P><STRONG><a name="[d2]"></a>Debug_USART_Config</STRONG> (Thumb, 152 bytes, Stack size 32 bytes, bsp_debug_usart.o(i.Debug_USART_Config))
<BR><BR>[Stack]<UL><LI>Max Depth = 100<LI>Call Chain = Debug_USART_Config &rArr; USART_Init &rArr; RCC_GetClocksFreq
</UL>
<BR>[Calls]<UL><LI><a href="#[d7]">&gt;&gt;</a>&nbsp;&nbsp;&nbsp;USART_Init
<LI><a href="#[d8]">&gt;&gt;</a>&nbsp;&nbsp;&nbsp;USART_Cmd
<LI><a href="#[d9]">&gt;&gt;</a>&nbsp;&nbsp;&nbsp;USART_ClearFlag
<LI><a href="#[d4]">&gt;&gt;</a>&nbsp;&nbsp;&nbsp;RCC_APB2PeriphClockCmd
<LI><a href="#[d5]">&gt;&gt;</a>&nbsp;&nbsp;&nbsp;GPIO_PinAFConfig
<LI><a href="#[d3]">&gt;&gt;</a>&nbsp;&nbsp;&nbsp;RCC_AHB1PeriphClockCmd
<LI><a href="#[d6]">&gt;&gt;</a>&nbsp;&nbsp;&nbsp;GPIO_Init
</UL>
<BR>[Called By]<UL><LI><a href="#[26a]">&gt;&gt;</a>&nbsp;&nbsp;&nbsp;hardware_init
</UL>

<P><STRONG><a name="[da]"></a>Delay10ms</STRONG> (Thumb, 18 bytes, Stack size 8 bytes, dwt.o(i.Delay10ms))
<BR><BR>[Stack]<UL><LI>Max Depth = 32 + Unknown Stack Size
<LI>Call Chain = Delay10ms &rArr; Delayus
</UL>
<BR>[Calls]<UL><LI><a href="#[db]">&gt;&gt;</a>&nbsp;&nbsp;&nbsp;Delayus
</UL>
<BR>[Called By]<UL><LI><a href="#[8]">&gt;&gt;</a>&nbsp;&nbsp;&nbsp;main
</UL>

<P><STRONG><a name="[26c]"></a>DelayInit</STRONG> (Thumb, 34 bytes, Stack size 0 bytes, dwt.o(i.DelayInit))
<BR><BR>[Called By]<UL><LI><a href="#[26a]">&gt;&gt;</a>&nbsp;&nbsp;&nbsp;hardware_init
</UL>

<P><STRONG><a name="[db]"></a>Delayus</STRONG> (Thumb, 78 bytes, Stack size 24 bytes, dwt.o(i.Delayus))
<BR><BR>[Stack]<UL><LI>Max Depth = 24 + Unknown Stack Size
<LI>Call Chain = Delayus
</UL>
<BR>[Calls]<UL><LI><a href="#[dd]">&gt;&gt;</a>&nbsp;&nbsp;&nbsp;LOS_IntRestore
<LI><a href="#[dc]">&gt;&gt;</a>&nbsp;&nbsp;&nbsp;LOS_IntLock
</UL>
<BR>[Called By]<UL><LI><a href="#[13e]">&gt;&gt;</a>&nbsp;&nbsp;&nbsp;RNG_Config
<LI><a href="#[da]">&gt;&gt;</a>&nbsp;&nbsp;&nbsp;Delay10ms
</UL>

<P><STRONG><a name="[de]"></a>ETH_BSP_Config</STRONG> (Thumb, 38 bytes, Stack size 8 bytes, lan8742a.o(i.ETH_BSP_Config))
<BR><BR>[Stack]<UL><LI>Max Depth = 92<LI>Call Chain = ETH_BSP_Config &rArr; ETH_MACDMA_Config &rArr; ETH_Init &rArr; RCC_GetClocksFreq
</UL>
<BR>[Calls]<UL><LI><a href="#[e0]">&gt;&gt;</a>&nbsp;&nbsp;&nbsp;ETH_MACDMA_Config
<LI><a href="#[df]">&gt;&gt;</a>&nbsp;&nbsp;&nbsp;ETH_GPIO_Config
<LI><a href="#[e1]">&gt;&gt;</a>&nbsp;&nbsp;&nbsp;ETH_ReadPHYRegister
</UL>
<BR>[Called By]<UL><LI><a href="#[26a]">&gt;&gt;</a>&nbsp;&nbsp;&nbsp;hardware_init
</UL>

<P><STRONG><a name="[ef]"></a>ETH_DMAITConfig</STRONG> (Thumb, 26 bytes, Stack size 0 bytes, stm32f429_eth.o(i.ETH_DMAITConfig))
<BR><BR>[Called By]<UL><LI><a href="#[e0]">&gt;&gt;</a>&nbsp;&nbsp;&nbsp;ETH_MACDMA_Config
</UL>

<P><STRONG><a name="[f4]"></a>ETH_DMAReceptionCmd</STRONG> (Thumb, 30 bytes, Stack size 0 bytes, stm32f429_eth.o(i.ETH_DMAReceptionCmd))
<BR><BR>[Called By]<UL><LI><a href="#[f5]">&gt;&gt;</a>&nbsp;&nbsp;&nbsp;ETH_Stop
<LI><a href="#[f2]">&gt;&gt;</a>&nbsp;&nbsp;&nbsp;ETH_Start
</UL>

<P><STRONG><a name="[2aa]"></a>ETH_DMARxDescChainInit</STRONG> (Thumb, 82 bytes, Stack size 16 bytes, stm32f429_eth.o(i.ETH_DMARxDescChainInit))
<BR><BR>[Stack]<UL><LI>Max Depth = 16<LI>Call Chain = ETH_DMARxDescChainInit
</UL>
<BR>[Called By]<UL><LI><a href="#[262]">&gt;&gt;</a>&nbsp;&nbsp;&nbsp;low_level_init
</UL>

<P><STRONG><a name="[2ab]"></a>ETH_DMARxDescReceiveITConfig</STRONG> (Thumb, 22 bytes, Stack size 0 bytes, stm32f429_eth.o(i.ETH_DMARxDescReceiveITConfig))
<BR><BR>[Called By]<UL><LI><a href="#[262]">&gt;&gt;</a>&nbsp;&nbsp;&nbsp;low_level_init
</UL>

<P><STRONG><a name="[f3]"></a>ETH_DMATransmissionCmd</STRONG> (Thumb, 30 bytes, Stack size 0 bytes, stm32f429_eth.o(i.ETH_DMATransmissionCmd))
<BR><BR>[Called By]<UL><LI><a href="#[f5]">&gt;&gt;</a>&nbsp;&nbsp;&nbsp;ETH_Stop
<LI><a href="#[f2]">&gt;&gt;</a>&nbsp;&nbsp;&nbsp;ETH_Start
</UL>

<P><STRONG><a name="[2a9]"></a>ETH_DMATxDescChainInit</STRONG> (Thumb, 70 bytes, Stack size 12 bytes, stm32f429_eth.o(i.ETH_DMATxDescChainInit))
<BR><BR>[Stack]<UL><LI>Max Depth = 12<LI>Call Chain = ETH_DMATxDescChainInit
</UL>
<BR>[Called By]<UL><LI><a href="#[262]">&gt;&gt;</a>&nbsp;&nbsp;&nbsp;low_level_init
</UL>

<P><STRONG><a name="[2ac]"></a>ETH_DMATxDescChecksumInsertionConfig</STRONG> (Thumb, 8 bytes, Stack size 0 bytes, stm32f429_eth.o(i.ETH_DMATxDescChecksumInsertionConfig))
<BR><BR>[Called By]<UL><LI><a href="#[262]">&gt;&gt;</a>&nbsp;&nbsp;&nbsp;low_level_init
</UL>

<P><STRONG><a name="[e2]"></a>ETH_DeInit</STRONG> (Thumb, 22 bytes, Stack size 8 bytes, stm32f429_eth.o(i.ETH_DeInit))
<BR><BR>[Stack]<UL><LI>Max Depth = 8<LI>Call Chain = ETH_DeInit
</UL>
<BR>[Calls]<UL><LI><a href="#[e3]">&gt;&gt;</a>&nbsp;&nbsp;&nbsp;RCC_AHB1PeriphResetCmd
</UL>
<BR>[Called By]<UL><LI><a href="#[e0]">&gt;&gt;</a>&nbsp;&nbsp;&nbsp;ETH_MACDMA_Config
</UL>

<P><STRONG><a name="[e5]"></a>ETH_Delay</STRONG> (Thumb, 28 bytes, Stack size 12 bytes, stm32f429_eth.o(i.ETH_Delay))
<BR><BR>[Stack]<UL><LI>Max Depth = 12<LI>Call Chain = ETH_Delay
</UL>
<BR>[Called By]<UL><LI><a href="#[11]">&gt;&gt;</a>&nbsp;&nbsp;&nbsp;ETH_link_callback
<LI><a href="#[df]">&gt;&gt;</a>&nbsp;&nbsp;&nbsp;ETH_GPIO_Config
<LI><a href="#[f1]">&gt;&gt;</a>&nbsp;&nbsp;&nbsp;ETH_MACTransmissionCmd
<LI><a href="#[f0]">&gt;&gt;</a>&nbsp;&nbsp;&nbsp;ETH_MACReceptionCmd
<LI><a href="#[e9]">&gt;&gt;</a>&nbsp;&nbsp;&nbsp;ETH_Init
<LI><a href="#[e4]">&gt;&gt;</a>&nbsp;&nbsp;&nbsp;ETH_FlushTransmitFIFO
</UL>

<P><STRONG><a name="[e4]"></a>ETH_FlushTransmitFIFO</STRONG> (Thumb, 40 bytes, Stack size 8 bytes, stm32f429_eth.o(i.ETH_FlushTransmitFIFO))
<BR><BR>[Stack]<UL><LI>Max Depth = 20<LI>Call Chain = ETH_FlushTransmitFIFO &rArr; ETH_Delay
</UL>
<BR>[Calls]<UL><LI><a href="#[e5]">&gt;&gt;</a>&nbsp;&nbsp;&nbsp;ETH_Delay
</UL>
<BR>[Called By]<UL><LI><a href="#[f5]">&gt;&gt;</a>&nbsp;&nbsp;&nbsp;ETH_Stop
<LI><a href="#[f2]">&gt;&gt;</a>&nbsp;&nbsp;&nbsp;ETH_Start
</UL>

<P><STRONG><a name="[ed]"></a>ETH_GetSoftwareResetStatus</STRONG> (Thumb, 20 bytes, Stack size 0 bytes, stm32f429_eth.o(i.ETH_GetSoftwareResetStatus))
<BR><BR>[Called By]<UL><LI><a href="#[e0]">&gt;&gt;</a>&nbsp;&nbsp;&nbsp;ETH_MACDMA_Config
</UL>

<P><STRONG><a name="[2ae]"></a>ETH_Get_Received_Frame_interrupt</STRONG> (Thumb, 270 bytes, Stack size 20 bytes, stm32f429_eth.o(i.ETH_Get_Received_Frame_interrupt))
<BR><BR>[Stack]<UL><LI>Max Depth = 20<LI>Call Chain = ETH_Get_Received_Frame_interrupt
</UL>
<BR>[Called By]<UL><LI><a href="#[263]">&gt;&gt;</a>&nbsp;&nbsp;&nbsp;low_level_input
</UL>

<P><STRONG><a name="[e9]"></a>ETH_Init</STRONG> (Thumb, 762 bytes, Stack size 56 bytes, stm32f429_eth.o(i.ETH_Init))
<BR><BR>[Stack]<UL><LI>Max Depth = 76<LI>Call Chain = ETH_Init &rArr; RCC_GetClocksFreq
</UL>
<BR>[Calls]<UL><LI><a href="#[ea]">&gt;&gt;</a>&nbsp;&nbsp;&nbsp;RCC_GetClocksFreq
<LI><a href="#[eb]">&gt;&gt;</a>&nbsp;&nbsp;&nbsp;ETH_WritePHYRegister
<LI><a href="#[e1]">&gt;&gt;</a>&nbsp;&nbsp;&nbsp;ETH_ReadPHYRegister
<LI><a href="#[e5]">&gt;&gt;</a>&nbsp;&nbsp;&nbsp;ETH_Delay
</UL>
<BR>[Called By]<UL><LI><a href="#[e0]">&gt;&gt;</a>&nbsp;&nbsp;&nbsp;ETH_MACDMA_Config
</UL>

<P><STRONG><a name="[2a8]"></a>ETH_MACAddressConfig</STRONG> (Thumb, 46 bytes, Stack size 8 bytes, stm32f429_eth.o(i.ETH_MACAddressConfig))
<BR><BR>[Stack]<UL><LI>Max Depth = 8<LI>Call Chain = ETH_MACAddressConfig
</UL>
<BR>[Called By]<UL><LI><a href="#[262]">&gt;&gt;</a>&nbsp;&nbsp;&nbsp;low_level_init
</UL>

<P><STRONG><a name="[f0]"></a>ETH_MACReceptionCmd</STRONG> (Thumb, 58 bytes, Stack size 8 bytes, stm32f429_eth.o(i.ETH_MACReceptionCmd))
<BR><BR>[Stack]<UL><LI>Max Depth = 20<LI>Call Chain = ETH_MACReceptionCmd &rArr; ETH_Delay
</UL>
<BR>[Calls]<UL><LI><a href="#[e5]">&gt;&gt;</a>&nbsp;&nbsp;&nbsp;ETH_Delay
</UL>
<BR>[Called By]<UL><LI><a href="#[f5]">&gt;&gt;</a>&nbsp;&nbsp;&nbsp;ETH_Stop
<LI><a href="#[f2]">&gt;&gt;</a>&nbsp;&nbsp;&nbsp;ETH_Start
</UL>

<P><STRONG><a name="[f1]"></a>ETH_MACTransmissionCmd</STRONG> (Thumb, 58 bytes, Stack size 8 bytes, stm32f429_eth.o(i.ETH_MACTransmissionCmd))
<BR><BR>[Stack]<UL><LI>Max Depth = 20<LI>Call Chain = ETH_MACTransmissionCmd &rArr; ETH_Delay
</UL>
<BR>[Calls]<UL><LI><a href="#[e5]">&gt;&gt;</a>&nbsp;&nbsp;&nbsp;ETH_Delay
</UL>
<BR>[Called By]<UL><LI><a href="#[f5]">&gt;&gt;</a>&nbsp;&nbsp;&nbsp;ETH_Stop
<LI><a href="#[f2]">&gt;&gt;</a>&nbsp;&nbsp;&nbsp;ETH_Start
</UL>

<P><STRONG><a name="[2af]"></a>ETH_Prepare_Transmit_Descriptors</STRONG> (Thumb, 194 bytes, Stack size 16 bytes, stm32f429_eth.o(i.ETH_Prepare_Transmit_Descriptors))
<BR><BR>[Stack]<UL><LI>Max Depth = 16<LI>Call Chain = ETH_Prepare_Transmit_Descriptors
</UL>
<BR>[Called By]<UL><LI><a href="#[1f]">&gt;&gt;</a>&nbsp;&nbsp;&nbsp;low_level_output
</UL>

<P><STRONG><a name="[e1]"></a>ETH_ReadPHYRegister</STRONG> (Thumb, 98 bytes, Stack size 12 bytes, stm32f429_eth.o(i.ETH_ReadPHYRegister))
<BR><BR>[Stack]<UL><LI>Max Depth = 12<LI>Call Chain = ETH_ReadPHYRegister
</UL>
<BR>[Called By]<UL><LI><a href="#[11]">&gt;&gt;</a>&nbsp;&nbsp;&nbsp;ETH_link_callback
<LI><a href="#[de]">&gt;&gt;</a>&nbsp;&nbsp;&nbsp;ETH_BSP_Config
<LI><a href="#[e9]">&gt;&gt;</a>&nbsp;&nbsp;&nbsp;ETH_Init
</UL>

<P><STRONG><a name="[ec]"></a>ETH_SoftwareReset</STRONG> (Thumb, 14 bytes, Stack size 0 bytes, stm32f429_eth.o(i.ETH_SoftwareReset))
<BR><BR>[Called By]<UL><LI><a href="#[e0]">&gt;&gt;</a>&nbsp;&nbsp;&nbsp;ETH_MACDMA_Config
</UL>

<P><STRONG><a name="[f2]"></a>ETH_Start</STRONG> (Thumb, 32 bytes, Stack size 4 bytes, stm32f429_eth.o(i.ETH_Start))
<BR><BR>[Stack]<UL><LI>Max Depth = 24<LI>Call Chain = ETH_Start &rArr; ETH_MACTransmissionCmd &rArr; ETH_Delay
</UL>
<BR>[Calls]<UL><LI><a href="#[f1]">&gt;&gt;</a>&nbsp;&nbsp;&nbsp;ETH_MACTransmissionCmd
<LI><a href="#[f0]">&gt;&gt;</a>&nbsp;&nbsp;&nbsp;ETH_MACReceptionCmd
<LI><a href="#[e4]">&gt;&gt;</a>&nbsp;&nbsp;&nbsp;ETH_FlushTransmitFIFO
<LI><a href="#[f3]">&gt;&gt;</a>&nbsp;&nbsp;&nbsp;ETH_DMATransmissionCmd
<LI><a href="#[f4]">&gt;&gt;</a>&nbsp;&nbsp;&nbsp;ETH_DMAReceptionCmd
</UL>
<BR>[Called By]<UL><LI><a href="#[11]">&gt;&gt;</a>&nbsp;&nbsp;&nbsp;ETH_link_callback
<LI><a href="#[262]">&gt;&gt;</a>&nbsp;&nbsp;&nbsp;low_level_init
</UL>

<P><STRONG><a name="[f5]"></a>ETH_Stop</STRONG> (Thumb, 32 bytes, Stack size 4 bytes, stm32f429_eth.o(i.ETH_Stop))
<BR><BR>[Stack]<UL><LI>Max Depth = 24<LI>Call Chain = ETH_Stop &rArr; ETH_MACTransmissionCmd &rArr; ETH_Delay
</UL>
<BR>[Calls]<UL><LI><a href="#[f1]">&gt;&gt;</a>&nbsp;&nbsp;&nbsp;ETH_MACTransmissionCmd
<LI><a href="#[f0]">&gt;&gt;</a>&nbsp;&nbsp;&nbsp;ETH_MACReceptionCmd
<LI><a href="#[e4]">&gt;&gt;</a>&nbsp;&nbsp;&nbsp;ETH_FlushTransmitFIFO
<LI><a href="#[f3]">&gt;&gt;</a>&nbsp;&nbsp;&nbsp;ETH_DMATransmissionCmd
<LI><a href="#[f4]">&gt;&gt;</a>&nbsp;&nbsp;&nbsp;ETH_DMAReceptionCmd
</UL>
<BR>[Called By]<UL><LI><a href="#[11]">&gt;&gt;</a>&nbsp;&nbsp;&nbsp;ETH_link_callback
</UL>

<P><STRONG><a name="[ee]"></a>ETH_StructInit</STRONG> (Thumb, 178 bytes, Stack size 0 bytes, stm32f429_eth.o(i.ETH_StructInit))
<BR><BR>[Called By]<UL><LI><a href="#[e0]">&gt;&gt;</a>&nbsp;&nbsp;&nbsp;ETH_MACDMA_Config
</UL>

<P><STRONG><a name="[eb]"></a>ETH_WritePHYRegister</STRONG> (Thumb, 96 bytes, Stack size 16 bytes, stm32f429_eth.o(i.ETH_WritePHYRegister))
<BR><BR>[Stack]<UL><LI>Max Depth = 16<LI>Call Chain = ETH_WritePHYRegister
</UL>
<BR>[Called By]<UL><LI><a href="#[11]">&gt;&gt;</a>&nbsp;&nbsp;&nbsp;ETH_link_callback
<LI><a href="#[e9]">&gt;&gt;</a>&nbsp;&nbsp;&nbsp;ETH_Init
</UL>

<P><STRONG><a name="[11]"></a>ETH_link_callback</STRONG> (Thumb, 232 bytes, Stack size 32 bytes, lan8742a.o(i.ETH_link_callback))
<BR><BR>[Stack]<UL><LI>Max Depth = 456 + Unknown Stack Size
<LI>Call Chain = ETH_link_callback &rArr; netif_set_addr &rArr; netif_set_ipaddr &rArr; tcp_abort &rArr; tcp_abandon &rArr; tcp_pcb_remove &rArr; tcp_output &rArr; tcp_send_empty_ack &rArr; tcp_output_alloc_header &rArr; pbuf_alloc &rArr; pbuf_free &rArr; mem_free &rArr; sys_arch_sem_wait &rArr; LOS_SemPend &rArr; osTaskWait &rArr; osTaskAdd2TimerList &rArr; LOS_ListTailInsert
</UL>
<BR>[Calls]<UL><LI><a href="#[f7]">&gt;&gt;</a>&nbsp;&nbsp;&nbsp;netif_set_up
<LI><a href="#[f9]">&gt;&gt;</a>&nbsp;&nbsp;&nbsp;netif_set_down
<LI><a href="#[f6]">&gt;&gt;</a>&nbsp;&nbsp;&nbsp;netif_set_addr
<LI><a href="#[f8]">&gt;&gt;</a>&nbsp;&nbsp;&nbsp;dhcp_stop
<LI><a href="#[eb]">&gt;&gt;</a>&nbsp;&nbsp;&nbsp;ETH_WritePHYRegister
<LI><a href="#[f5]">&gt;&gt;</a>&nbsp;&nbsp;&nbsp;ETH_Stop
<LI><a href="#[f2]">&gt;&gt;</a>&nbsp;&nbsp;&nbsp;ETH_Start
<LI><a href="#[e1]">&gt;&gt;</a>&nbsp;&nbsp;&nbsp;ETH_ReadPHYRegister
<LI><a href="#[e5]">&gt;&gt;</a>&nbsp;&nbsp;&nbsp;ETH_Delay
</UL>
<BR>[Address Reference Count : 1]<UL><LI> netconf.o(i.LwIP_Init)
</UL>
<P><STRONG><a name="[d6]"></a>GPIO_Init</STRONG> (Thumb, 144 bytes, Stack size 20 bytes, stm32f4xx_gpio.o(i.GPIO_Init))
<BR><BR>[Stack]<UL><LI>Max Depth = 20<LI>Call Chain = GPIO_Init
</UL>
<BR>[Called By]<UL><LI><a href="#[fd]">&gt;&gt;</a>&nbsp;&nbsp;&nbsp;LED_GPIO_Config
<LI><a href="#[fc]">&gt;&gt;</a>&nbsp;&nbsp;&nbsp;Key2_GPIO_Config
<LI><a href="#[fb]">&gt;&gt;</a>&nbsp;&nbsp;&nbsp;Key1_GPIO_Config
<LI><a href="#[d2]">&gt;&gt;</a>&nbsp;&nbsp;&nbsp;Debug_USART_Config
<LI><a href="#[df]">&gt;&gt;</a>&nbsp;&nbsp;&nbsp;ETH_GPIO_Config
</UL>

<P><STRONG><a name="[d5]"></a>GPIO_PinAFConfig</STRONG> (Thumb, 70 bytes, Stack size 20 bytes, stm32f4xx_gpio.o(i.GPIO_PinAFConfig))
<BR><BR>[Stack]<UL><LI>Max Depth = 20<LI>Call Chain = GPIO_PinAFConfig
</UL>
<BR>[Called By]<UL><LI><a href="#[d2]">&gt;&gt;</a>&nbsp;&nbsp;&nbsp;Debug_USART_Config
<LI><a href="#[df]">&gt;&gt;</a>&nbsp;&nbsp;&nbsp;ETH_GPIO_Config
</UL>

<P><STRONG><a name="[fa]"></a>GPIO_ReadInputDataBit</STRONG> (Thumb, 18 bytes, Stack size 0 bytes, stm32f4xx_gpio.o(i.GPIO_ReadInputDataBit))
<BR><BR>[Called By]<UL><LI><a href="#[21]">&gt;&gt;</a>&nbsp;&nbsp;&nbsp;GetPinStateOfKey2
<LI><a href="#[20]">&gt;&gt;</a>&nbsp;&nbsp;&nbsp;GetPinStateOfKey1
</UL>

<P><STRONG><a name="[e7]"></a>GPIO_ResetBits</STRONG> (Thumb, 4 bytes, Stack size 0 bytes, stm32f4xx_gpio.o(i.GPIO_ResetBits))
<BR><BR>[Called By]<UL><LI><a href="#[fd]">&gt;&gt;</a>&nbsp;&nbsp;&nbsp;LED_GPIO_Config
<LI><a href="#[df]">&gt;&gt;</a>&nbsp;&nbsp;&nbsp;ETH_GPIO_Config
</UL>

<P><STRONG><a name="[e8]"></a>GPIO_SetBits</STRONG> (Thumb, 4 bytes, Stack size 0 bytes, stm32f4xx_gpio.o(i.GPIO_SetBits))
<BR><BR>[Called By]<UL><LI><a href="#[df]">&gt;&gt;</a>&nbsp;&nbsp;&nbsp;ETH_GPIO_Config
</UL>

<P><STRONG><a name="[20]"></a>GetPinStateOfKey1</STRONG> (Thumb, 20 bytes, Stack size 8 bytes, bsp_key.o(i.GetPinStateOfKey1))
<BR><BR>[Stack]<UL><LI>Max Depth = 8<LI>Call Chain = GetPinStateOfKey1
</UL>
<BR>[Calls]<UL><LI><a href="#[fa]">&gt;&gt;</a>&nbsp;&nbsp;&nbsp;GPIO_ReadInputDataBit
</UL>
<BR>[Address Reference Count : 1]<UL><LI> main.o(i.hardware_init)
</UL>
<P><STRONG><a name="[21]"></a>GetPinStateOfKey2</STRONG> (Thumb, 22 bytes, Stack size 8 bytes, bsp_key.o(i.GetPinStateOfKey2))
<BR><BR>[Stack]<UL><LI>Max Depth = 8<LI>Call Chain = GetPinStateOfKey2
</UL>
<BR>[Calls]<UL><LI><a href="#[fa]">&gt;&gt;</a>&nbsp;&nbsp;&nbsp;GPIO_ReadInputDataBit
</UL>
<BR>[Address Reference Count : 1]<UL><LI> main.o(i.hardware_init)
</UL>
<P><STRONG><a name="[fb]"></a>Key1_GPIO_Config</STRONG> (Thumb, 38 bytes, Stack size 16 bytes, bsp_key.o(i.Key1_GPIO_Config))
<BR><BR>[Stack]<UL><LI>Max Depth = 36<LI>Call Chain = Key1_GPIO_Config &rArr; GPIO_Init
</UL>
<BR>[Calls]<UL><LI><a href="#[d3]">&gt;&gt;</a>&nbsp;&nbsp;&nbsp;RCC_AHB1PeriphClockCmd
<LI><a href="#[d6]">&gt;&gt;</a>&nbsp;&nbsp;&nbsp;GPIO_Init
</UL>
<BR>[Called By]<UL><LI><a href="#[26a]">&gt;&gt;</a>&nbsp;&nbsp;&nbsp;hardware_init
</UL>

<P><STRONG><a name="[fc]"></a>Key2_GPIO_Config</STRONG> (Thumb, 40 bytes, Stack size 16 bytes, bsp_key.o(i.Key2_GPIO_Config))
<BR><BR>[Stack]<UL><LI>Max Depth = 36<LI>Call Chain = Key2_GPIO_Config &rArr; GPIO_Init
</UL>
<BR>[Calls]<UL><LI><a href="#[d3]">&gt;&gt;</a>&nbsp;&nbsp;&nbsp;RCC_AHB1PeriphClockCmd
<LI><a href="#[d6]">&gt;&gt;</a>&nbsp;&nbsp;&nbsp;GPIO_Init
</UL>
<BR>[Called By]<UL><LI><a href="#[26a]">&gt;&gt;</a>&nbsp;&nbsp;&nbsp;hardware_init
</UL>

<P><STRONG><a name="[26b]"></a>KeyCreate</STRONG> (Thumb, 18 bytes, Stack size 0 bytes, bsp_key.o(i.KeyCreate))
<BR><BR>[Called By]<UL><LI><a href="#[26a]">&gt;&gt;</a>&nbsp;&nbsp;&nbsp;hardware_init
</UL>

<P><STRONG><a name="[fd]"></a>LED_GPIO_Config</STRONG> (Thumb, 118 bytes, Stack size 16 bytes, bsp_led.o(i.LED_GPIO_Config))
<BR><BR>[Stack]<UL><LI>Max Depth = 36<LI>Call Chain = LED_GPIO_Config &rArr; GPIO_Init
</UL>
<BR>[Calls]<UL><LI><a href="#[e7]">&gt;&gt;</a>&nbsp;&nbsp;&nbsp;GPIO_ResetBits
<LI><a href="#[d3]">&gt;&gt;</a>&nbsp;&nbsp;&nbsp;RCC_AHB1PeriphClockCmd
<LI><a href="#[d6]">&gt;&gt;</a>&nbsp;&nbsp;&nbsp;GPIO_Init
</UL>
<BR>[Called By]<UL><LI><a href="#[26a]">&gt;&gt;</a>&nbsp;&nbsp;&nbsp;hardware_init
</UL>

<P><STRONG><a name="[12a]"></a>LOS_Align</STRONG> (Thumb, 28 bytes, Stack size 0 bytes, los_misc.o(i.LOS_Align))
<BR><BR>[Called By]<UL><LI><a href="#[127]">&gt;&gt;</a>&nbsp;&nbsp;&nbsp;LOS_TaskCreateOnly
</UL>

<P><STRONG><a name="[11f]"></a>LOS_ErrHandle</STRONG> (Thumb, 58 bytes, Stack size 32 bytes, los_err.o(i.LOS_ErrHandle))
<BR><BR>[Stack]<UL><LI>Max Depth = 32<LI>Call Chain = LOS_ErrHandle
</UL>
<BR>[Called By]<UL><LI><a href="#[121]">&gt;&gt;</a>&nbsp;&nbsp;&nbsp;LOS_SemPost
<LI><a href="#[11e]">&gt;&gt;</a>&nbsp;&nbsp;&nbsp;LOS_SemPend
<LI><a href="#[11d]">&gt;&gt;</a>&nbsp;&nbsp;&nbsp;osSemCreate
</UL>

<P><STRONG><a name="[fe]"></a>LOS_HeapAlloc</STRONG> (Thumb, 258 bytes, Stack size 40 bytes, los_heap.o(i.LOS_HeapAlloc))
<BR><BR>[Stack]<UL><LI>Max Depth = 88 + Unknown Stack Size
<LI>Call Chain = LOS_HeapAlloc &rArr; osAlarmHeapInfo &rArr; osHeapStatisticsGet
</UL>
<BR>[Calls]<UL><LI><a href="#[dd]">&gt;&gt;</a>&nbsp;&nbsp;&nbsp;LOS_IntRestore
<LI><a href="#[dc]">&gt;&gt;</a>&nbsp;&nbsp;&nbsp;LOS_IntLock
<LI><a href="#[ff]">&gt;&gt;</a>&nbsp;&nbsp;&nbsp;osHeapPrvGetNext
<LI><a href="#[100]">&gt;&gt;</a>&nbsp;&nbsp;&nbsp;osAlarmHeapInfo
[...]
<LI><a href="#[4a4]">&gt;&gt;</a>&nbsp;&nbsp;&nbsp;x509_get_uid
<LI><a href="#[4a3]">&gt;&gt;</a>&nbsp;&nbsp;&nbsp;x509_get_dates
<LI><a href="#[4a5]">&gt;&gt;</a>&nbsp;&nbsp;&nbsp;x509_get_crt_ext
<LI><a href="#[3e8]">&gt;&gt;</a>&nbsp;&nbsp;&nbsp;mbedtls_x509_get_sig_alg
<LI><a href="#[3ed]">&gt;&gt;</a>&nbsp;&nbsp;&nbsp;mbedtls_x509_get_sig
<LI><a href="#[408]">&gt;&gt;</a>&nbsp;&nbsp;&nbsp;mbedtls_x509_get_serial
<LI><a href="#[3e9]">&gt;&gt;</a>&nbsp;&nbsp;&nbsp;mbedtls_x509_get_name
<LI><a href="#[3e7]">&gt;&gt;</a>&nbsp;&nbsp;&nbsp;mbedtls_x509_get_alg
</UL>
<BR>[Called By]<UL><LI><a href="#[3ce]">&gt;&gt;</a>&nbsp;&nbsp;&nbsp;mbedtls_x509_crt_parse_der
</UL>

<P><STRONG><a name="[402]"></a>x509_crt_verify_child</STRONG> (Thumb, 548 bytes, Stack size 152 bytes, x509_crt.o(i.x509_crt_verify_child))
<BR><BR>[Stack]<UL><LI>Max Depth = 2944 + In Cycle
<LI>Call Chain = x509_crt_verify_child &rArr;  x509_crt_verify_child (Cycle)
</UL>
<BR>[Calls]<UL><LI><a href="#[2f6]">&gt;&gt;</a>&nbsp;&nbsp;&nbsp;mbedtls_md_info_from_type
<LI><a href="#[366]">&gt;&gt;</a>&nbsp;&nbsp;&nbsp;mbedtls_md
<LI><a href="#[312]">&gt;&gt;</a>&nbsp;&nbsp;&nbsp;mbedtls_md_get_size
<LI><a href="#[35d]">&gt;&gt;</a>&nbsp;&nbsp;&nbsp;mbedtls_pk_verify_ext
<LI><a href="#[3fe]">&gt;&gt;</a>&nbsp;&nbsp;&nbsp;x509_profile_check_pk_alg
<LI><a href="#[4a7]">&gt;&gt;</a>&nbsp;&nbsp;&nbsp;x509_profile_check_md_alg
<LI><a href="#[3ff]">&gt;&gt;</a>&nbsp;&nbsp;&nbsp;x509_profile_check_key
<LI><a href="#[4a1]">&gt;&gt;</a>&nbsp;&nbsp;&nbsp;x509_name_cmp
<LI><a href="#[4a8]">&gt;&gt;</a>&nbsp;&nbsp;&nbsp;x509_crt_verifycrl
<LI><a href="#[401]">&gt;&gt;</a>&nbsp;&nbsp;&nbsp;x509_crt_verify_top
<LI><a href="#[402]">&gt;&gt;</a>&nbsp;&nbsp;&nbsp;x509_crt_verify_child
<LI><a href="#[400]">&gt;&gt;</a>&nbsp;&nbsp;&nbsp;x509_crt_check_parent
<LI><a href="#[3f9]">&gt;&gt;</a>&nbsp;&nbsp;&nbsp;mbedtls_x509_time_is_past
<LI><a href="#[4a6]">&gt;&gt;</a>&nbsp;&nbsp;&nbsp;mbedtls_x509_time_is_future
</UL>
<BR>[Called By]<UL><LI><a href="#[402]">&gt;&gt;</a>&nbsp;&nbsp;&nbsp;x509_crt_verify_child
<LI><a href="#[3cf]">&gt;&gt;</a>&nbsp;&nbsp;&nbsp;mbedtls_x509_crt_verify_with_profile
</UL>

<P><STRONG><a name="[401]"></a>x509_crt_verify_top</STRONG> (Thumb, 496 bytes, Stack size 152 bytes, x509_crt.o(i.x509_crt_verify_top))
<BR><BR>[Stack]<UL><LI>Max Depth = 2792<LI>Call Chain = x509_crt_verify_top &rArr; x509_crt_verifycrl &rArr; mbedtls_pk_verify_ext &rArr; mbedtls_rsa_rsassa_pss_verify_ext &rArr; mbedtls_rsa_private &rArr; rsa_prepare_blinding &rArr; mbedtls_mpi_fill_random &rArr; mbedtls_mpi_read_binary &rArr; mbedtls_mpi_lset &rArr; mbedtls_mpi_grow &rArr; mbedtls_mpi_zeroize
</UL>
<BR>[Calls]<UL><LI><a href="#[2f6]">&gt;&gt;</a>&nbsp;&nbsp;&nbsp;mbedtls_md_info_from_type
<LI><a href="#[366]">&gt;&gt;</a>&nbsp;&nbsp;&nbsp;mbedtls_md
<LI><a href="#[312]">&gt;&gt;</a>&nbsp;&nbsp;&nbsp;mbedtls_md_get_size
<LI><a href="#[35d]">&gt;&gt;</a>&nbsp;&nbsp;&nbsp;mbedtls_pk_verify_ext
<LI><a href="#[260]">&gt;&gt;</a>&nbsp;&nbsp;&nbsp;memcmp
<LI><a href="#[3fe]">&gt;&gt;</a>&nbsp;&nbsp;&nbsp;x509_profile_check_pk_alg
<LI><a href="#[4a7]">&gt;&gt;</a>&nbsp;&nbsp;&nbsp;x509_profile_check_md_alg
<LI><a href="#[3ff]">&gt;&gt;</a>&nbsp;&nbsp;&nbsp;x509_profile_check_key
<LI><a href="#[4a8]">&gt;&gt;</a>&nbsp;&nbsp;&nbsp;x509_crt_verifycrl
<LI><a href="#[400]">&gt;&gt;</a>&nbsp;&nbsp;&nbsp;x509_crt_check_parent
<LI><a href="#[3f9]">&gt;&gt;</a>&nbsp;&nbsp;&nbsp;mbedtls_x509_time_is_past
<LI><a href="#[4a6]">&gt;&gt;</a>&nbsp;&nbsp;&nbsp;mbedtls_x509_time_is_future
</UL>
<BR>[Called By]<UL><LI><a href="#[402]">&gt;&gt;</a>&nbsp;&nbsp;&nbsp;x509_crt_verify_child
<LI><a href="#[3cf]">&gt;&gt;</a>&nbsp;&nbsp;&nbsp;mbedtls_x509_crt_verify_with_profile
</UL>

<P><STRONG><a name="[4a8]"></a>x509_crt_verifycrl</STRONG> (Thumb, 268 bytes, Stack size 112 bytes, x509_crt.o(i.x509_crt_verifycrl))
<BR><BR>[Stack]<UL><LI>Max Depth = 2640<LI>Call Chain = x509_crt_verifycrl &rArr; mbedtls_pk_verify_ext &rArr; mbedtls_rsa_rsassa_pss_verify_ext &rArr; mbedtls_rsa_private &rArr; rsa_prepare_blinding &rArr; mbedtls_mpi_fill_random &rArr; mbedtls_mpi_read_binary &rArr; mbedtls_mpi_lset &rArr; mbedtls_mpi_grow &rArr; mbedtls_mpi_zeroize
</UL>
<BR>[Calls]<UL><LI><a href="#[2f6]">&gt;&gt;</a>&nbsp;&nbsp;&nbsp;mbedtls_md_info_from_type
<LI><a href="#[366]">&gt;&gt;</a>&nbsp;&nbsp;&nbsp;mbedtls_md
<LI><a href="#[312]">&gt;&gt;</a>&nbsp;&nbsp;&nbsp;mbedtls_md_get_size
<LI><a href="#[35d]">&gt;&gt;</a>&nbsp;&nbsp;&nbsp;mbedtls_pk_verify_ext
<LI><a href="#[260]">&gt;&gt;</a>&nbsp;&nbsp;&nbsp;memcmp
<LI><a href="#[3f8]">&gt;&gt;</a>&nbsp;&nbsp;&nbsp;mbedtls_x509_crt_is_revoked
<LI><a href="#[3fe]">&gt;&gt;</a>&nbsp;&nbsp;&nbsp;x509_profile_check_pk_alg
<LI><a href="#[4a7]">&gt;&gt;</a>&nbsp;&nbsp;&nbsp;x509_profile_check_md_alg
<LI><a href="#[3ff]">&gt;&gt;</a>&nbsp;&nbsp;&nbsp;x509_profile_check_key
<LI><a href="#[3f9]">&gt;&gt;</a>&nbsp;&nbsp;&nbsp;mbedtls_x509_time_is_past
<LI><a href="#[4a6]">&gt;&gt;</a>&nbsp;&nbsp;&nbsp;mbedtls_x509_time_is_future
<LI><a href="#[3a5]">&gt;&gt;</a>&nbsp;&nbsp;&nbsp;mbedtls_x509_crt_check_key_usage
</UL>
<BR>[Called By]<UL><LI><a href="#[401]">&gt;&gt;</a>&nbsp;&nbsp;&nbsp;x509_crt_verify_top
<LI><a href="#[402]">&gt;&gt;</a>&nbsp;&nbsp;&nbsp;x509_crt_verify_child
</UL>

<P><STRONG><a name="[4a9]"></a>x509_get_basic_constraints</STRONG> (Thumb, 156 bytes, Stack size 32 bytes, x509_crt.o(i.x509_get_basic_constraints))
<BR><BR>[Stack]<UL><LI>Max Depth = 84<LI>Call Chain = x509_get_basic_constraints &rArr; mbedtls_asn1_get_int &rArr; mbedtls_asn1_get_tag &rArr; mbedtls_asn1_get_len
</UL>
<BR>[Calls]<UL><LI><a href="#[2bd]">&gt;&gt;</a>&nbsp;&nbsp;&nbsp;mbedtls_asn1_get_tag
<LI><a href="#[2c4]">&gt;&gt;</a>&nbsp;&nbsp;&nbsp;mbedtls_asn1_get_int
<LI><a href="#[2c3]">&gt;&gt;</a>&nbsp;&nbsp;&nbsp;mbedtls_asn1_get_bool
</UL>
<BR>[Called By]<UL><LI><a href="#[4a5]">&gt;&gt;</a>&nbsp;&nbsp;&nbsp;x509_get_crt_ext
</UL>

<P><STRONG><a name="[4a5]"></a>x509_get_crt_ext</STRONG> (Thumb, 444 bytes, Stack size 56 bytes, x509_crt.o(i.x509_get_crt_ext))
<BR><BR>[Stack]<UL><LI>Max Depth = 144<LI>Call Chain = x509_get_crt_ext &rArr; x509_get_key_usage &rArr; mbedtls_asn1_get_bitstring &rArr; mbedtls_asn1_get_tag &rArr; mbedtls_asn1_get_len
</UL>
<BR>[Calls]<UL><LI><a href="#[2bd]">&gt;&gt;</a>&nbsp;&nbsp;&nbsp;mbedtls_asn1_get_tag
<LI><a href="#[2c3]">&gt;&gt;</a>&nbsp;&nbsp;&nbsp;mbedtls_asn1_get_bool
<LI><a href="#[345]">&gt;&gt;</a>&nbsp;&nbsp;&nbsp;mbedtls_oid_get_x509_ext_type
<LI><a href="#[4ad]">&gt;&gt;</a>&nbsp;&nbsp;&nbsp;x509_get_subject_alt_name
<LI><a href="#[4ae]">&gt;&gt;</a>&nbsp;&nbsp;&nbsp;x509_get_ns_cert_type
<LI><a href="#[4ab]">&gt;&gt;</a>&nbsp;&nbsp;&nbsp;x509_get_key_usage
<LI><a href="#[4ac]">&gt;&gt;</a>&nbsp;&nbsp;&nbsp;x509_get_ext_key_usage
<LI><a href="#[4a9]">&gt;&gt;</a>&nbsp;&nbsp;&nbsp;x509_get_basic_constraints
<LI><a href="#[404]">&gt;&gt;</a>&nbsp;&nbsp;&nbsp;mbedtls_x509_get_ext
</UL>
<BR>[Called By]<UL><LI><a href="#[3fa]">&gt;&gt;</a>&nbsp;&nbsp;&nbsp;x509_crt_parse_der_core
</UL>

<P><STRONG><a name="[4a3]"></a>x509_get_dates</STRONG> (Thumb, 92 bytes, Stack size 32 bytes, x509_crt.o(i.x509_get_dates))
<BR><BR>[Stack]<UL><LI>Max Depth = 96<LI>Call Chain = x509_get_dates &rArr; mbedtls_x509_get_time &rArr; x509_parse_time &rArr; x509_parse_int
</UL>
<BR>[Calls]<UL><LI><a href="#[2bd]">&gt;&gt;</a>&nbsp;&nbsp;&nbsp;mbedtls_asn1_get_tag
<LI><a href="#[3ea]">&gt;&gt;</a>&nbsp;&nbsp;&nbsp;mbedtls_x509_get_time
</UL>
<BR>[Called By]<UL><LI><a href="#[3fa]">&gt;&gt;</a>&nbsp;&nbsp;&nbsp;x509_crt_parse_der_core
</UL>

<P><STRONG><a name="[4ac]"></a>x509_get_ext_key_usage</STRONG> (Thumb, 46 bytes, Stack size 24 bytes, x509_crt.o(i.x509_get_ext_key_usage))
<BR><BR>[Stack]<UL><LI>Max Depth = 84<LI>Call Chain = x509_get_ext_key_usage &rArr; mbedtls_asn1_get_sequence_of &rArr; mbedtls_asn1_get_tag &rArr; mbedtls_asn1_get_len
</UL>
<BR>[Calls]<UL><LI><a href="#[2c6]">&gt;&gt;</a>&nbsp;&nbsp;&nbsp;mbedtls_asn1_get_sequence_of
</UL>
<BR>[Called By]<UL><LI><a href="#[4a5]">&gt;&gt;</a>&nbsp;&nbsp;&nbsp;x509_get_crt_ext
</UL>

<P><STRONG><a name="[4ab]"></a>x509_get_key_usage</STRONG> (Thumb, 88 bytes, Stack size 40 bytes, x509_crt.o(i.x509_get_key_usage))
<BR><BR>[Stack]<UL><LI>Max Depth = 88<LI>Call Chain = x509_get_key_usage &rArr; mbedtls_asn1_get_bitstring &rArr; mbedtls_asn1_get_tag &rArr; mbedtls_asn1_get_len
</UL>
<BR>[Calls]<UL><LI><a href="#[2c1]">&gt;&gt;</a>&nbsp;&nbsp;&nbsp;mbedtls_asn1_get_bitstring
</UL>
<BR>[Called By]<UL><LI><a href="#[4a5]">&gt;&gt;</a>&nbsp;&nbsp;&nbsp;x509_get_crt_ext
</UL>

<P><STRONG><a name="[4ae]"></a>x509_get_ns_cert_type</STRONG> (Thumb, 56 bytes, Stack size 32 bytes, x509_crt.o(i.x509_get_ns_cert_type))
<BR><BR>[Stack]<UL><LI>Max Depth = 80<LI>Call Chain = x509_get_ns_cert_type &rArr; mbedtls_asn1_get_bitstring &rArr; mbedtls_asn1_get_tag &rArr; mbedtls_asn1_get_len
</UL>
<BR>[Calls]<UL><LI><a href="#[2c1]">&gt;&gt;</a>&nbsp;&nbsp;&nbsp;mbedtls_asn1_get_bitstring
</UL>
<BR>[Called By]<UL><LI><a href="#[4a5]">&gt;&gt;</a>&nbsp;&nbsp;&nbsp;x509_get_crt_ext
</UL>

<P><STRONG><a name="[4ad]"></a>x509_get_subject_alt_name</STRONG> (Thumb, 218 bytes, Stack size 40 bytes, x509_crt.o(i.x509_get_subject_alt_name))
<BR><BR>[Stack]<UL><LI>Max Depth = 68<LI>Call Chain = x509_get_subject_alt_name &rArr; mbedtls_asn1_get_tag &rArr; mbedtls_asn1_get_len
</UL>
<BR>[Calls]<UL><LI><a href="#[2bd]">&gt;&gt;</a>&nbsp;&nbsp;&nbsp;mbedtls_asn1_get_tag
<LI><a href="#[2bf]">&gt;&gt;</a>&nbsp;&nbsp;&nbsp;mbedtls_asn1_get_len
</UL>
<BR>[Called By]<UL><LI><a href="#[4a5]">&gt;&gt;</a>&nbsp;&nbsp;&nbsp;x509_get_crt_ext
</UL>

<P><STRONG><a name="[4a4]"></a>x509_get_uid</STRONG> (Thumb, 78 bytes, Stack size 24 bytes, x509_crt.o(i.x509_get_uid))
<BR><BR>[Stack]<UL><LI>Max Depth = 52<LI>Call Chain = x509_get_uid &rArr; mbedtls_asn1_get_tag &rArr; mbedtls_asn1_get_len
</UL>
<BR>[Calls]<UL><LI><a href="#[2bd]">&gt;&gt;</a>&nbsp;&nbsp;&nbsp;mbedtls_asn1_get_tag
</UL>
<BR>[Called By]<UL><LI><a href="#[3fa]">&gt;&gt;</a>&nbsp;&nbsp;&nbsp;x509_crt_parse_der_core
</UL>

<P><STRONG><a name="[4a2]"></a>x509_get_version</STRONG> (Thumb, 80 bytes, Stack size 24 bytes, x509_crt.o(i.x509_get_version))
<BR><BR>[Stack]<UL><LI>Max Depth = 76<LI>Call Chain = x509_get_version &rArr; mbedtls_asn1_get_int &rArr; mbedtls_asn1_get_tag &rArr; mbedtls_asn1_get_len
</UL>
<BR>[Calls]<UL><LI><a href="#[2bd]">&gt;&gt;</a>&nbsp;&nbsp;&nbsp;mbedtls_asn1_get_tag
<LI><a href="#[2c4]">&gt;&gt;</a>&nbsp;&nbsp;&nbsp;mbedtls_asn1_get_int
</UL>
<BR>[Called By]<UL><LI><a href="#[3fa]">&gt;&gt;</a>&nbsp;&nbsp;&nbsp;x509_crt_parse_der_core
</UL>

<P><STRONG><a name="[3f5]"></a>x509_info_cert_type</STRONG> (Thumb, 388 bytes, Stack size 32 bytes, x509_crt.o(i.x509_info_cert_type))
<BR><BR>[Stack]<UL><LI>Max Depth = 64<LI>Call Chain = x509_info_cert_type &rArr; __2snprintf
</UL>
<BR>[Calls]<UL><LI><a href="#[1a7]">&gt;&gt;</a>&nbsp;&nbsp;&nbsp;__2snprintf
</UL>
<BR>[Called By]<UL><LI><a href="#[196]">&gt;&gt;</a>&nbsp;&nbsp;&nbsp;mbedtls_x509_crt_info
</UL>

<P><STRONG><a name="[3f7]"></a>x509_info_ext_key_usage</STRONG> (Thumb, 102 bytes, Stack size 48 bytes, x509_crt.o(i.x509_info_ext_key_usage))
<BR><BR>[Stack]<UL><LI>Max Depth = 92<LI>Call Chain = x509_info_ext_key_usage &rArr; mbedtls_oid_get_extended_key_usage &rArr; oid_ext_key_usage_from_asn1 &rArr; memcmp
</UL>
<BR>[Calls]<UL><LI><a href="#[33a]">&gt;&gt;</a>&nbsp;&nbsp;&nbsp;mbedtls_oid_get_extended_key_usage
<LI><a href="#[1a7]">&gt;&gt;</a>&nbsp;&nbsp;&nbsp;__2snprintf
</UL>
<BR>[Called By]<UL><LI><a href="#[196]">&gt;&gt;</a>&nbsp;&nbsp;&nbsp;mbedtls_x509_crt_info
</UL>

<P><STRONG><a name="[3f6]"></a>x509_info_key_usage</STRONG> (Thumb, 432 bytes, Stack size 32 bytes, x509_crt.o(i.x509_info_key_usage))
<BR><BR>[Stack]<UL><LI>Max Depth = 64<LI>Call Chain = x509_info_key_usage &rArr; __2snprintf
</UL>
<BR>[Calls]<UL><LI><a href="#[1a7]">&gt;&gt;</a>&nbsp;&nbsp;&nbsp;__2snprintf
</UL>
<BR>[Called By]<UL><LI><a href="#[196]">&gt;&gt;</a>&nbsp;&nbsp;&nbsp;mbedtls_x509_crt_info
</UL>

<P><STRONG><a name="[3f4]"></a>x509_info_subject_alt_name</STRONG> (Thumb, 110 bytes, Stack size 24 bytes, x509_crt.o(i.x509_info_subject_alt_name))
<BR><BR>[Stack]<UL><LI>Max Depth = 24<LI>Call Chain = x509_info_subject_alt_name
</UL>
<BR>[Called By]<UL><LI><a href="#[196]">&gt;&gt;</a>&nbsp;&nbsp;&nbsp;mbedtls_x509_crt_info
</UL>

<P><STRONG><a name="[3fb]"></a>x509_memcasecmp</STRONG> (Thumb, 76 bytes, Stack size 20 bytes, x509_crt.o(i.x509_memcasecmp))
<BR><BR>[Stack]<UL><LI>Max Depth = 20<LI>Call Chain = x509_memcasecmp
</UL>
<BR>[Called By]<UL><LI><a href="#[4af]">&gt;&gt;</a>&nbsp;&nbsp;&nbsp;x509_string_cmp
<LI><a href="#[3fc]">&gt;&gt;</a>&nbsp;&nbsp;&nbsp;x509_check_wildcard
<LI><a href="#[3cf]">&gt;&gt;</a>&nbsp;&nbsp;&nbsp;mbedtls_x509_crt_verify_with_profile
</UL>

<P><STRONG><a name="[4a1]"></a>x509_name_cmp</STRONG> (Thumb, 102 bytes, Stack size 16 bytes, x509_crt.o(i.x509_name_cmp))
<BR><BR>[Stack]<UL><LI>Max Depth = 52<LI>Call Chain = x509_name_cmp &rArr; x509_string_cmp &rArr; x509_memcasecmp
</UL>
<BR>[Calls]<UL><LI><a href="#[260]">&gt;&gt;</a>&nbsp;&nbsp;&nbsp;memcmp
<LI><a href="#[4af]">&gt;&gt;</a>&nbsp;&nbsp;&nbsp;x509_string_cmp
</UL>
<BR>[Called By]<UL><LI><a href="#[402]">&gt;&gt;</a>&nbsp;&nbsp;&nbsp;x509_crt_verify_child
<LI><a href="#[400]">&gt;&gt;</a>&nbsp;&nbsp;&nbsp;x509_crt_check_parent
</UL>

<P><STRONG><a name="[3ff]"></a>x509_profile_check_key</STRONG> (Thumb, 90 bytes, Stack size 24 bytes, x509_crt.o(i.x509_profile_check_key))
<BR><BR>[Stack]<UL><LI>Max Depth = 32<LI>Call Chain = x509_profile_check_key &rArr; mbedtls_pk_get_bitlen
</UL>
<BR>[Calls]<UL><LI><a href="#[34d]">&gt;&gt;</a>&nbsp;&nbsp;&nbsp;mbedtls_pk_get_bitlen
</UL>
<BR>[Called By]<UL><LI><a href="#[4a8]">&gt;&gt;</a>&nbsp;&nbsp;&nbsp;x509_crt_verifycrl
<LI><a href="#[401]">&gt;&gt;</a>&nbsp;&nbsp;&nbsp;x509_crt_verify_top
<LI><a href="#[402]">&gt;&gt;</a>&nbsp;&nbsp;&nbsp;x509_crt_verify_child
<LI><a href="#[3cf]">&gt;&gt;</a>&nbsp;&nbsp;&nbsp;mbedtls_x509_crt_verify_with_profile
</UL>

<P><STRONG><a name="[4a7]"></a>x509_profile_check_md_alg</STRONG> (Thumb, 26 bytes, Stack size 8 bytes, x509_crt.o(i.x509_profile_check_md_alg))
<BR><BR>[Stack]<UL><LI>Max Depth = 8<LI>Call Chain = x509_profile_check_md_alg
</UL>
<BR>[Called By]<UL><LI><a href="#[4a8]">&gt;&gt;</a>&nbsp;&nbsp;&nbsp;x509_crt_verifycrl
<LI><a href="#[401]">&gt;&gt;</a>&nbsp;&nbsp;&nbsp;x509_crt_verify_top
<LI><a href="#[402]">&gt;&gt;</a>&nbsp;&nbsp;&nbsp;x509_crt_verify_child
</UL>

<P><STRONG><a name="[3fe]"></a>x509_profile_check_pk_alg</STRONG> (Thumb, 26 bytes, Stack size 8 bytes, x509_crt.o(i.x509_profile_check_pk_alg))
<BR><BR>[Stack]<UL><LI>Max Depth = 8<LI>Call Chain = x509_profile_check_pk_alg
</UL>
<BR>[Called By]<UL><LI><a href="#[4a8]">&gt;&gt;</a>&nbsp;&nbsp;&nbsp;x509_crt_verifycrl
<LI><a href="#[401]">&gt;&gt;</a>&nbsp;&nbsp;&nbsp;x509_crt_verify_top
<LI><a href="#[402]">&gt;&gt;</a>&nbsp;&nbsp;&nbsp;x509_crt_verify_child
<LI><a href="#[3cf]">&gt;&gt;</a>&nbsp;&nbsp;&nbsp;mbedtls_x509_crt_verify_with_profile
</UL>

<P><STRONG><a name="[4af]"></a>x509_string_cmp</STRONG> (Thumb, 92 bytes, Stack size 16 bytes, x509_crt.o(i.x509_string_cmp))
<BR><BR>[Stack]<UL><LI>Max Depth = 36<LI>Call Chain = x509_string_cmp &rArr; x509_memcasecmp
</UL>
<BR>[Calls]<UL><LI><a href="#[260]">&gt;&gt;</a>&nbsp;&nbsp;&nbsp;memcmp
<LI><a href="#[3fb]">&gt;&gt;</a>&nbsp;&nbsp;&nbsp;x509_memcasecmp
</UL>
<BR>[Called By]<UL><LI><a href="#[4a1]">&gt;&gt;</a>&nbsp;&nbsp;&nbsp;x509_name_cmp
</UL>

<P><STRONG><a name="[275]"></a>internal_close</STRONG> (Thumb, 78 bytes, Stack size 16 bytes, net_tls_mbedtls.o(i.internal_close))
<BR><BR>[Stack]<UL><LI>Max Depth = 608<LI>Call Chain = internal_close &rArr; mbedtls_ssl_free &rArr; mbedtls_debug_print_msg &rArr; debug_send_line
</UL>
<BR>[Calls]<UL><LI><a href="#[276]">&gt;&gt;</a>&nbsp;&nbsp;&nbsp;mbedtls_x509_crt_free
<LI><a href="#[279]">&gt;&gt;</a>&nbsp;&nbsp;&nbsp;mbedtls_ssl_free
<LI><a href="#[27a]">&gt;&gt;</a>&nbsp;&nbsp;&nbsp;mbedtls_ssl_config_free
<LI><a href="#[277]">&gt;&gt;</a>&nbsp;&nbsp;&nbsp;mbedtls_pk_free
<LI><a href="#[27c]">&gt;&gt;</a>&nbsp;&nbsp;&nbsp;mbedtls_entropy_free
<LI><a href="#[27b]">&gt;&gt;</a>&nbsp;&nbsp;&nbsp;mbedtls_ctr_drbg_free
<LI><a href="#[278]">&gt;&gt;</a>&nbsp;&nbsp;&nbsp;mbedtls_x509_crl_free
</UL>
<BR>[Called By]<UL><LI><a href="#[45]">&gt;&gt;</a>&nbsp;&nbsp;&nbsp;net_sock_open_mbedtls
<LI><a href="#[48]">&gt;&gt;</a>&nbsp;&nbsp;&nbsp;net_sock_close_mbedtls
</UL>

<P><STRONG><a name="[4a]"></a>my_debug</STRONG> (Thumb, 32 bytes, Stack size 32 bytes, net_tls_mbedtls.o(i.my_debug))
<BR><BR>[Stack]<UL><LI>Max Depth = 56<LI>Call Chain = my_debug &rArr; __2fprintf
</UL>
<BR>[Calls]<UL><LI><a href="#[413]">&gt;&gt;</a>&nbsp;&nbsp;&nbsp;__2fprintf
</UL>
<BR>[Address Reference Count : 1]<UL><LI> net_tls_mbedtls.o(i.net_sock_open_mbedtls)
</UL>
<P><STRONG><a name="[194]"></a>_fp_digits</STRONG> (Thumb, 334 bytes, Stack size 56 bytes, printfa.o(i._fp_digits), UNUSED)
<BR><BR>[Calls]<UL><LI><a href="#[c2]">&gt;&gt;</a>&nbsp;&nbsp;&nbsp;__aeabi_ddiv
<LI><a href="#[c4]">&gt;&gt;</a>&nbsp;&nbsp;&nbsp;__aeabi_d2ulz
<LI><a href="#[b4]">&gt;&gt;</a>&nbsp;&nbsp;&nbsp;__aeabi_uldivmod
<LI><a href="#[cd]">&gt;&gt;</a>&nbsp;&nbsp;&nbsp;__aeabi_dmul
<LI><a href="#[c9]">&gt;&gt;</a>&nbsp;&nbsp;&nbsp;__aeabi_dadd
<LI><a href="#[195]">&gt;&gt;</a>&nbsp;&nbsp;&nbsp;__aeabi_cdrcmple
</UL>
<BR>[Called By]<UL><LI><a href="#[15c]">&gt;&gt;</a>&nbsp;&nbsp;&nbsp;_printf_core
</UL>

<P><STRONG><a name="[15c]"></a>_printf_core</STRONG> (Thumb, 1744 bytes, Stack size 136 bytes, printfa.o(i._printf_core), UNUSED)
<BR><BR>[Calls]<UL><LI><a href="#[b4]">&gt;&gt;</a>&nbsp;&nbsp;&nbsp;__aeabi_uldivmod
<LI><a href="#[199]">&gt;&gt;</a>&nbsp;&nbsp;&nbsp;__aeabi_uidivmod
<LI><a href="#[197]">&gt;&gt;</a>&nbsp;&nbsp;&nbsp;_printf_pre_padding
<LI><a href="#[198]">&gt;&gt;</a>&nbsp;&nbsp;&nbsp;_printf_post_padding
<LI><a href="#[194]">&gt;&gt;</a>&nbsp;&nbsp;&nbsp;_fp_digits
</UL>
<BR>[Called By]<UL><LI><a href="#[160]">&gt;&gt;</a>&nbsp;&nbsp;&nbsp;__0vsnprintf
<LI><a href="#[15f]">&gt;&gt;</a>&nbsp;&nbsp;&nbsp;__0sprintf
<LI><a href="#[15e]">&gt;&gt;</a>&nbsp;&nbsp;&nbsp;__0snprintf
<LI><a href="#[15d]">&gt;&gt;</a>&nbsp;&nbsp;&nbsp;__0printf
<LI><a href="#[15b]">&gt;&gt;</a>&nbsp;&nbsp;&nbsp;__0fprintf
</UL>

<P><STRONG><a name="[198]"></a>_printf_post_padding</STRONG> (Thumb, 36 bytes, Stack size 24 bytes, printfa.o(i._printf_post_padding), UNUSED)
<BR><BR>[Called By]<UL><LI><a href="#[15c]">&gt;&gt;</a>&nbsp;&nbsp;&nbsp;_printf_core
</UL>

<P><STRONG><a name="[197]"></a>_printf_pre_padding</STRONG> (Thumb, 46 bytes, Stack size 24 bytes, printfa.o(i._printf_pre_padding), UNUSED)
<BR><BR>[Called By]<UL><LI><a href="#[15c]">&gt;&gt;</a>&nbsp;&nbsp;&nbsp;_printf_core
</UL>

<P><STRONG><a name="[13]"></a>_snputc</STRONG> (Thumb, 22 bytes, Stack size 0 bytes, printfa.o(i._snputc))
<BR>[Address Reference Count : 2]<UL><LI> printfa.o(i.__0snprintf)
<LI> printfa.o(i.__0vsnprintf)
</UL>
<P><STRONG><a name="[14]"></a>_sputc</STRONG> (Thumb, 10 bytes, Stack size 0 bytes, printfa.o(i._sputc))
<BR><BR>[Called By]<UL><LI><a href="#[15f]">&gt;&gt;</a>&nbsp;&nbsp;&nbsp;__0sprintf
</UL>
<BR>[Address Reference Count : 1]<UL><LI> printfa.o(i.__0sprintf)
</UL>
<P><STRONG><a name="[b]"></a>_scanf_char_input</STRONG> (Thumb, 12 bytes, Stack size 0 bytes, scanf_char.o(.text))
<BR>[Address Reference Count : 1]<UL><LI> scanf_char.o(.text)
</UL><P>
<H3>
Undefined Global Symbols
</H3><HR></body></html>
